[2026-08-31T08:02:07.409+0000] {local_task_job_runner.py:123} INFO - ::group::Pre task execution logs
[2026-08-31T08:02:07.427+0000] {taskinstance.py:2613} INFO - Dependencies all met for dep_context=non-requeueable deps ti=<TaskInstance: iris_pipeline_dag.log_result manual__2026-08-31T08:01:50.093059+00:00 [queued]>
[2026-08-31T08:02:07.435+0000] {taskinstance.py:2613} INFO - Dependencies all met for dep_context=requeueable deps ti=<TaskInstance: iris_pipeline_dag.log_result manual__2026-08-31T08:01:50.093059+00:00 [queued]>
[2026-08-31T08:02:07.437+0000] {taskinstance.py:2866} INFO - Starting attempt 1 of 2
[2026-08-31T08:02:07.451+0000] {taskinstance.py:2889} INFO - Executing <Task(PythonOperator): log_result> on 2026-08-31 08:01:50.093059+00:00
[2026-08-31T08:02:07.458+0000] {warnings.py:112} WARNING - /home/***/.local/lib/python3.12/site-packages/***/task/task_runner/standard_task_runner.py:70: DeprecationWarning: This process (pid=268) is multi-threaded, use of fork() may lead to deadlocks in the child.
  pid = os.fork()

[2026-08-31T08:02:07.460+0000] {standard_task_runner.py:104} INFO - Running: ['***', 'tasks', 'run', 'iris_pipeline_dag', 'log_result', 'manual__2026-08-31T08:01:50.093059+00:00', '--job-id', '43', '--raw', '--subdir', 'DAGS_FOLDER/ml_01_iris_pipeline-3.py', '--cfg-path', '/tmp/tmprz42q7wn']
[2026-08-31T08:02:07.461+0000] {standard_task_runner.py:72} INFO - Started process 269 to run task
[2026-08-31T08:02:07.461+0000] {standard_task_runner.py:105} INFO - Job 43: Subtask log_result
[2026-08-31T08:02:07.528+0000] {task_command.py:467} INFO - Running <TaskInstance: iris_pipeline_dag.log_result manual__2026-08-31T08:01:50.093059+00:00 [running]> on host bf6d2807926d
[2026-08-31T08:02:07.605+0000] {taskinstance.py:3132} INFO - Exporting env vars: AIRFLOW_CTX_DAG_OWNER='workshop2' AIRFLOW_CTX_DAG_ID='iris_pipeline_dag' AIRFLOW_CTX_TASK_ID='log_result' AIRFLOW_CTX_EXECUTION_DATE='2026-08-31T08:01:50.093059+00:00' AIRFLOW_CTX_TRY_NUMBER='1' AIRFLOW_CTX_DAG_RUN_ID='manual__2026-08-31T08:01:50.093059+00:00'
[2026-08-31T08:02:07.609+0000] {taskinstance.py:731} INFO - ::endgroup::
[2026-08-31T08:02:07.638+0000] {logging_mixin.py:190} INFO - ===== สรุปผล Stage 1 (iris pipeline) =====
[2026-08-31T08:02:07.639+0000] {logging_mixin.py:190} INFO - Accuracy: 1.0000
[2026-08-31T08:02:07.639+0000] {logging_mixin.py:190} INFO - ผลลัพธ์: deployed + smoke tested
[2026-08-31T08:02:07.640+0000] {python.py:240} INFO - Done. Returned value was: None
[2026-08-31T08:02:07.649+0000] {taskinstance.py:340} INFO - ::group::Post task execution logs
[2026-08-31T08:02:07.650+0000] {taskinstance.py:352} INFO - Marking task as SUCCESS. dag_id=iris_pipeline_dag, task_id=log_result, run_id=manual__2026-08-31T08:01:50.093059+00:00, execution_date=20260831T080150, start_date=20260831T080207, end_date=20260831T080207
[2026-08-31T08:02:07.677+0000] {local_task_job_runner.py:266} INFO - Task exited with return code 0
[2026-08-31T08:02:07.688+0000] {local_task_job_runner.py:245} INFO - ::endgroup::
