[2026-08-31T08:14:35.148+0000] {local_task_job_runner.py:123} INFO - ::group::Pre task execution logs
[2026-08-31T08:14:35.168+0000] {taskinstance.py:2613} INFO - Dependencies all met for dep_context=non-requeueable deps ti=<TaskInstance: weather_pipeline_dag.decide_deploy manual__2026-08-31T08:14:14.648450+00:00 [queued]>
[2026-08-31T08:14:35.176+0000] {taskinstance.py:2613} INFO - Dependencies all met for dep_context=requeueable deps ti=<TaskInstance: weather_pipeline_dag.decide_deploy manual__2026-08-31T08:14:14.648450+00:00 [queued]>
[2026-08-31T08:14:35.178+0000] {taskinstance.py:2866} INFO - Starting attempt 1 of 2
[2026-08-31T08:14:35.200+0000] {taskinstance.py:2889} INFO - Executing <Task(BranchPythonOperator): decide_deploy> on 2026-08-31 08:14:14.648450+00:00
[2026-08-31T08:14:35.209+0000] {warnings.py:112} WARNING - /home/***/.local/lib/python3.12/site-packages/***/task/task_runner/standard_task_runner.py:70: DeprecationWarning: This process (pid=485) is multi-threaded, use of fork() may lead to deadlocks in the child.
  pid = os.fork()

[2026-08-31T08:14:35.213+0000] {standard_task_runner.py:72} INFO - Started process 487 to run task
[2026-08-31T08:14:35.213+0000] {standard_task_runner.py:104} INFO - Running: ['***', 'tasks', 'run', 'weather_pipeline_dag', 'decide_deploy', 'manual__2026-08-31T08:14:14.648450+00:00', '--job-id', '51', '--raw', '--subdir', 'DAGS_FOLDER/ml_02_weather_pipeline.py', '--cfg-path', '/tmp/tmpsbz2qcpw']
[2026-08-31T08:14:35.215+0000] {standard_task_runner.py:105} INFO - Job 51: Subtask decide_deploy
[2026-08-31T08:14:35.312+0000] {task_command.py:467} INFO - Running <TaskInstance: weather_pipeline_dag.decide_deploy manual__2026-08-31T08:14:14.648450+00:00 [running]> on host bf6d2807926d
[2026-08-31T08:14:35.630+0000] {taskinstance.py:3132} INFO - Exporting env vars: AIRFLOW_CTX_DAG_OWNER='workshop2' AIRFLOW_CTX_DAG_ID='weather_pipeline_dag' AIRFLOW_CTX_TASK_ID='decide_deploy' AIRFLOW_CTX_EXECUTION_DATE='2026-08-31T08:14:14.648450+00:00' AIRFLOW_CTX_TRY_NUMBER='1' AIRFLOW_CTX_DAG_RUN_ID='manual__2026-08-31T08:14:14.648450+00:00'
[2026-08-31T08:14:35.631+0000] {taskinstance.py:731} INFO - ::endgroup::
[2026-08-31T08:14:35.639+0000] {baseoperator.py:421} WARNING - BranchPythonOperator.execute cannot be called outside TaskInstance!
[2026-08-31T08:14:35.654+0000] {logging_mixin.py:190} INFO - RMSE ใหม่ 0.5856 ดีกว่า (หรือไม่มี) champion เดิม -> deploy_model
[2026-08-31T08:14:35.655+0000] {python.py:240} INFO - Done. Returned value was: deploy_model
[2026-08-31T08:14:35.655+0000] {branch.py:38} INFO - Branch into deploy_model
[2026-08-31T08:14:35.656+0000] {skipmixin.py:230} INFO - Following branch ('deploy_model',)
[2026-08-31T08:14:35.669+0000] {skipmixin.py:278} INFO - Skipping tasks [('skip_deploy', -1)]
[2026-08-31T08:14:35.703+0000] {taskinstance.py:340} INFO - ::group::Post task execution logs
[2026-08-31T08:14:35.704+0000] {taskinstance.py:352} INFO - Marking task as SUCCESS. dag_id=weather_pipeline_dag, task_id=decide_deploy, run_id=manual__2026-08-31T08:14:14.648450+00:00, execution_date=20260831T081414, start_date=20260831T081435, end_date=20260831T081435
[2026-08-31T08:14:35.752+0000] {local_task_job_runner.py:266} INFO - Task exited with return code 0
[2026-08-31T08:14:35.938+0000] {taskinstance.py:3895} INFO - 1 downstream tasks scheduled from follow-on schedule check
[2026-08-31T08:14:35.943+0000] {local_task_job_runner.py:245} INFO - ::endgroup::
