[2026-08-31T08:14:18.619+0000] {local_task_job_runner.py:123} INFO - ::group::Pre task execution logs
[2026-08-31T08:14:18.642+0000] {taskinstance.py:2613} INFO - Dependencies all met for dep_context=non-requeueable deps ti=<TaskInstance: weather_pipeline_dag.bootstrap_historical_data manual__2026-08-31T08:14:14.648450+00:00 [queued]>
[2026-08-31T08:14:18.651+0000] {taskinstance.py:2613} INFO - Dependencies all met for dep_context=requeueable deps ti=<TaskInstance: weather_pipeline_dag.bootstrap_historical_data manual__2026-08-31T08:14:14.648450+00:00 [queued]>
[2026-08-31T08:14:18.651+0000] {taskinstance.py:2866} INFO - Starting attempt 1 of 2
[2026-08-31T08:14:18.670+0000] {taskinstance.py:2889} INFO - Executing <Task(PythonOperator): bootstrap_historical_data> on 2026-08-31 08:14:14.648450+00:00
[2026-08-31T08:14:18.676+0000] {warnings.py:112} WARNING - /home/***/.local/lib/python3.12/site-packages/***/task/task_runner/standard_task_runner.py:70: DeprecationWarning: This process (pid=437) is multi-threaded, use of fork() may lead to deadlocks in the child.
  pid = os.fork()

[2026-08-31T08:14:18.678+0000] {standard_task_runner.py:72} INFO - Started process 439 to run task
[2026-08-31T08:14:18.678+0000] {standard_task_runner.py:104} INFO - Running: ['***', 'tasks', 'run', 'weather_pipeline_dag', 'bootstrap_historical_data', 'manual__2026-08-31T08:14:14.648450+00:00', '--job-id', '45', '--raw', '--subdir', 'DAGS_FOLDER/ml_02_weather_pipeline.py', '--cfg-path', '/tmp/tmpg5dymq3h']
[2026-08-31T08:14:18.681+0000] {standard_task_runner.py:105} INFO - Job 45: Subtask bootstrap_historical_data
[2026-08-31T08:14:18.753+0000] {task_command.py:467} INFO - Running <TaskInstance: weather_pipeline_dag.bootstrap_historical_data manual__2026-08-31T08:14:14.648450+00:00 [running]> on host bf6d2807926d
[2026-08-31T08:14:19.034+0000] {taskinstance.py:3132} INFO - Exporting env vars: AIRFLOW_CTX_DAG_OWNER='workshop2' AIRFLOW_CTX_DAG_ID='weather_pipeline_dag' AIRFLOW_CTX_TASK_ID='bootstrap_historical_data' AIRFLOW_CTX_EXECUTION_DATE='2026-08-31T08:14:14.648450+00:00' AIRFLOW_CTX_TRY_NUMBER='1' AIRFLOW_CTX_DAG_RUN_ID='manual__2026-08-31T08:14:14.648450+00:00'
[2026-08-31T08:14:19.035+0000] {taskinstance.py:731} INFO - ::endgroup::
[2026-08-31T08:14:19.056+0000] {base.py:84} INFO - Retrieving connection 'postgres_target'
[2026-08-31T08:14:19.062+0000] {sql.py:553} INFO - Running statement: SELECT COUNT(*) FROM weather_history WHERE province = %s;, parameters: ('กรุงเทพฯ',)
[2026-08-31T08:14:19.076+0000] {sql.py:562} INFO - Rows affected: 1
[2026-08-31T08:14:19.077+0000] {logging_mixin.py:190} INFO - มีข้อมูลย้อนหลังอยู่แล้ว 0 วัน (ต้องการอย่างน้อย 14 วัน)
[2026-08-31T08:14:20.670+0000] {sql.py:553} INFO - Running statement: 
            INSERT INTO weather_history (date, province, temperature)
            VALUES (%s, %s, %s)
            ON CONFLICT (date, province) DO NOTHING;
            , parameters: ('2026-08-17', 'กรุงเทพฯ', 28.3)
[2026-08-31T08:14:20.684+0000] {sql.py:562} INFO - Rows affected: 1
[2026-08-31T08:14:20.731+0000] {sql.py:553} INFO - Running statement: 
            INSERT INTO weather_history (date, province, temperature)
            VALUES (%s, %s, %s)
            ON CONFLICT (date, province) DO NOTHING;
            , parameters: ('2026-08-18', 'กรุงเทพฯ', 28.1)
[2026-08-31T08:14:20.738+0000] {sql.py:562} INFO - Rows affected: 1
[2026-08-31T08:14:20.772+0000] {sql.py:553} INFO - Running statement: 
            INSERT INTO weather_history (date, province, temperature)
            VALUES (%s, %s, %s)
            ON CONFLICT (date, province) DO NOTHING;
            , parameters: ('2026-08-19', 'กรุงเทพฯ', 27.9)
[2026-08-31T08:14:20.777+0000] {sql.py:562} INFO - Rows affected: 1
[2026-08-31T08:14:20.790+0000] {sql.py:553} INFO - Running statement: 
            INSERT INTO weather_history (date, province, temperature)
            VALUES (%s, %s, %s)
            ON CONFLICT (date, province) DO NOTHING;
            , parameters: ('2026-08-20', 'กรุงเทพฯ', 26.9)
[2026-08-31T08:14:20.793+0000] {sql.py:562} INFO - Rows affected: 1
[2026-08-31T08:14:20.802+0000] {sql.py:553} INFO - Running statement: 
            INSERT INTO weather_history (date, province, temperature)
            VALUES (%s, %s, %s)
            ON CONFLICT (date, province) DO NOTHING;
            , parameters: ('2026-08-21', 'กรุงเทพฯ', 27.7)
[2026-08-31T08:14:20.805+0000] {sql.py:562} INFO - Rows affected: 1
[2026-08-31T08:14:20.817+0000] {sql.py:553} INFO - Running statement: 
            INSERT INTO weather_history (date, province, temperature)
            VALUES (%s, %s, %s)
            ON CONFLICT (date, province) DO NOTHING;
            , parameters: ('2026-08-22', 'กรุงเทพฯ', 27.6)
[2026-08-31T08:14:20.819+0000] {sql.py:562} INFO - Rows affected: 1
[2026-08-31T08:14:20.829+0000] {sql.py:553} INFO - Running statement: 
            INSERT INTO weather_history (date, province, temperature)
            VALUES (%s, %s, %s)
            ON CONFLICT (date, province) DO NOTHING;
            , parameters: ('2026-08-23', 'กรุงเทพฯ', 27.0)
[2026-08-31T08:14:20.831+0000] {sql.py:562} INFO - Rows affected: 1
[2026-08-31T08:14:20.838+0000] {sql.py:553} INFO - Running statement: 
            INSERT INTO weather_history (date, province, temperature)
            VALUES (%s, %s, %s)
            ON CONFLICT (date, province) DO NOTHING;
            , parameters: ('2026-08-24', 'กรุงเทพฯ', 29.0)
[2026-08-31T08:14:20.840+0000] {sql.py:562} INFO - Rows affected: 1
[2026-08-31T08:14:20.845+0000] {sql.py:553} INFO - Running statement: 
            INSERT INTO weather_history (date, province, temperature)
            VALUES (%s, %s, %s)
            ON CONFLICT (date, province) DO NOTHING;
            , parameters: ('2026-08-25', 'กรุงเทพฯ', 28.7)
[2026-08-31T08:14:20.847+0000] {sql.py:562} INFO - Rows affected: 1
[2026-08-31T08:14:20.854+0000] {sql.py:553} INFO - Running statement: 
            INSERT INTO weather_history (date, province, temperature)
            VALUES (%s, %s, %s)
            ON CONFLICT (date, province) DO NOTHING;
            , parameters: ('2026-08-26', 'กรุงเทพฯ', 28.2)
[2026-08-31T08:14:20.856+0000] {sql.py:562} INFO - Rows affected: 1
[2026-08-31T08:14:20.862+0000] {sql.py:553} INFO - Running statement: 
            INSERT INTO weather_history (date, province, temperature)
            VALUES (%s, %s, %s)
            ON CONFLICT (date, province) DO NOTHING;
            , parameters: ('2026-08-27', 'กรุงเทพฯ', 28.6)
[2026-08-31T08:14:20.863+0000] {sql.py:562} INFO - Rows affected: 1
[2026-08-31T08:14:20.871+0000] {sql.py:553} INFO - Running statement: 
            INSERT INTO weather_history (date, province, temperature)
            VALUES (%s, %s, %s)
            ON CONFLICT (date, province) DO NOTHING;
            , parameters: ('2026-08-28', 'กรุงเทพฯ', 27.8)
[2026-08-31T08:14:20.872+0000] {sql.py:562} INFO - Rows affected: 1
[2026-08-31T08:14:20.878+0000] {sql.py:553} INFO - Running statement: 
            INSERT INTO weather_history (date, province, temperature)
            VALUES (%s, %s, %s)
            ON CONFLICT (date, province) DO NOTHING;
            , parameters: ('2026-08-29', 'กรุงเทพฯ', 27.6)
[2026-08-31T08:14:20.879+0000] {sql.py:562} INFO - Rows affected: 1
[2026-08-31T08:14:20.885+0000] {sql.py:553} INFO - Running statement: 
            INSERT INTO weather_history (date, province, temperature)
            VALUES (%s, %s, %s)
            ON CONFLICT (date, province) DO NOTHING;
            , parameters: ('2026-08-30', 'กรุงเทพฯ', 28.4)
[2026-08-31T08:14:20.886+0000] {sql.py:562} INFO - Rows affected: 1
[2026-08-31T08:14:20.888+0000] {logging_mixin.py:190} INFO - Bootstrap เสร็จ: ดึงข้อมูลย้อนหลังมาเพิ่ม 14 วัน
[2026-08-31T08:14:20.889+0000] {python.py:240} INFO - Done. Returned value was: None
[2026-08-31T08:14:20.899+0000] {taskinstance.py:340} INFO - ::group::Post task execution logs
[2026-08-31T08:14:20.900+0000] {taskinstance.py:352} INFO - Marking task as SUCCESS. dag_id=weather_pipeline_dag, task_id=bootstrap_historical_data, run_id=manual__2026-08-31T08:14:14.648450+00:00, execution_date=20260831T081414, start_date=20260831T081418, end_date=20260831T081420
[2026-08-31T08:14:20.945+0000] {local_task_job_runner.py:266} INFO - Task exited with return code 0
[2026-08-31T08:14:21.155+0000] {taskinstance.py:3895} INFO - 1 downstream tasks scheduled from follow-on schedule check
[2026-08-31T08:14:21.161+0000] {local_task_job_runner.py:245} INFO - ::endgroup::
