[2026-08-24T07:40:12.383+0000] {local_task_job_runner.py:123} INFO - ::group::Pre task execution logs
[2026-08-24T07:40:12.402+0000] {taskinstance.py:2613} INFO - Dependencies all met for dep_context=non-requeueable deps ti=<TaskInstance: parallel_weather_dag.fetch_bangkok manual__2026-08-24T07:40:09.981539+00:00 [queued]>
[2026-08-24T07:40:12.409+0000] {taskinstance.py:2613} INFO - Dependencies all met for dep_context=requeueable deps ti=<TaskInstance: parallel_weather_dag.fetch_bangkok manual__2026-08-24T07:40:09.981539+00:00 [queued]>
[2026-08-24T07:40:12.410+0000] {taskinstance.py:2866} INFO - Starting attempt 1 of 2
[2026-08-24T07:40:12.420+0000] {taskinstance.py:2889} INFO - Executing <Task(PythonOperator): fetch_bangkok> on 2026-08-24 07:40:09.981539+00:00
[2026-08-24T07:40:12.425+0000] {warnings.py:112} WARNING - /home/***/.local/lib/python3.12/site-packages/***/task/task_runner/standard_task_runner.py:70: DeprecationWarning: This process (pid=633) is multi-threaded, use of fork() may lead to deadlocks in the child.
  pid = os.fork()

[2026-08-24T07:40:12.428+0000] {standard_task_runner.py:104} INFO - Running: ['***', 'tasks', 'run', 'parallel_weather_dag', 'fetch_bangkok', 'manual__2026-08-24T07:40:09.981539+00:00', '--job-id', '14', '--raw', '--subdir', 'DAGS_FOLDER/04_parallel_weather.py', '--cfg-path', '/tmp/tmp_f3qc869']
[2026-08-24T07:40:12.429+0000] {standard_task_runner.py:72} INFO - Started process 638 to run task
[2026-08-24T07:40:12.429+0000] {standard_task_runner.py:105} INFO - Job 14: Subtask fetch_bangkok
[2026-08-24T07:40:12.515+0000] {task_command.py:467} INFO - Running <TaskInstance: parallel_weather_dag.fetch_bangkok manual__2026-08-24T07:40:09.981539+00:00 [running]> on host 68db78767e9c
[2026-08-24T07:40:12.605+0000] {taskinstance.py:3132} INFO - Exporting env vars: AIRFLOW_CTX_DAG_OWNER='workshop' AIRFLOW_CTX_DAG_ID='parallel_weather_dag' AIRFLOW_CTX_TASK_ID='fetch_bangkok' AIRFLOW_CTX_EXECUTION_DATE='2026-08-24T07:40:09.981539+00:00' AIRFLOW_CTX_TRY_NUMBER='1' AIRFLOW_CTX_DAG_RUN_ID='manual__2026-08-24T07:40:09.981539+00:00'
[2026-08-24T07:40:12.607+0000] {taskinstance.py:731} INFO - ::endgroup::
[2026-08-24T07:40:13.635+0000] {logging_mixin.py:190} INFO - กรุงเทพฯ: อุณหภูมิปัจจุบัน 32.6 °C
[2026-08-24T07:40:13.648+0000] {python.py:240} INFO - Done. Returned value was: None
[2026-08-24T07:40:13.659+0000] {taskinstance.py:340} INFO - ::group::Post task execution logs
[2026-08-24T07:40:13.660+0000] {taskinstance.py:352} INFO - Marking task as SUCCESS. dag_id=parallel_weather_dag, task_id=fetch_bangkok, run_id=manual__2026-08-24T07:40:09.981539+00:00, execution_date=20260824T074009, start_date=20260824T074012, end_date=20260824T074013
[2026-08-24T07:40:13.691+0000] {local_task_job_runner.py:266} INFO - Task exited with return code 0
[2026-08-24T07:40:13.721+0000] {taskinstance.py:3895} INFO - 0 downstream tasks scheduled from follow-on schedule check
[2026-08-24T07:40:13.724+0000] {local_task_job_runner.py:245} INFO - ::endgroup::
