[2026-09-02T12:37:25.744+0000] {processor.py:186} INFO - Started process (PID=112) to work on /opt/airflow/dags/02_xcom_dag.py
[2026-09-02T12:37:25.747+0000] {processor.py:914} INFO - Processing file /opt/airflow/dags/02_xcom_dag.py for tasks to queue
[2026-09-02T12:37:25.752+0000] {logging_mixin.py:190} INFO - [2026-09-02T12:37:25.751+0000] {dagbag.py:588} INFO - Filling up the DagBag from /opt/airflow/dags/02_xcom_dag.py
[2026-09-02T12:37:25.803+0000] {processor.py:925} INFO - DAG(s) 'xcom_dag' retrieved from /opt/airflow/dags/02_xcom_dag.py
[2026-09-02T12:37:25.853+0000] {logging_mixin.py:190} INFO - [2026-09-02T12:37:25.852+0000] {dag.py:3239} INFO - Sync 1 DAGs
[2026-09-02T12:37:25.874+0000] {logging_mixin.py:190} INFO - [2026-09-02T12:37:25.874+0000] {dag.py:4180} INFO - Setting next_dagrun for xcom_dag to None, run_after=None
[2026-09-02T12:37:25.903+0000] {processor.py:208} INFO - Processing /opt/airflow/dags/02_xcom_dag.py took 0.169 seconds
[2026-09-02T12:37:56.784+0000] {processor.py:186} INFO - Started process (PID=124) to work on /opt/airflow/dags/02_xcom_dag.py
[2026-09-02T12:37:56.786+0000] {processor.py:914} INFO - Processing file /opt/airflow/dags/02_xcom_dag.py for tasks to queue
[2026-09-02T12:37:56.789+0000] {logging_mixin.py:190} INFO - [2026-09-02T12:37:56.788+0000] {dagbag.py:588} INFO - Filling up the DagBag from /opt/airflow/dags/02_xcom_dag.py
[2026-09-02T12:37:56.820+0000] {processor.py:925} INFO - DAG(s) 'xcom_dag' retrieved from /opt/airflow/dags/02_xcom_dag.py
[2026-09-02T12:37:56.852+0000] {logging_mixin.py:190} INFO - [2026-09-02T12:37:56.851+0000] {dag.py:3239} INFO - Sync 1 DAGs
[2026-09-02T12:37:56.867+0000] {logging_mixin.py:190} INFO - [2026-09-02T12:37:56.867+0000] {dag.py:4180} INFO - Setting next_dagrun for xcom_dag to None, run_after=None
[2026-09-02T12:37:56.891+0000] {processor.py:208} INFO - Processing /opt/airflow/dags/02_xcom_dag.py took 0.113 seconds
[2026-09-02T12:38:28.468+0000] {processor.py:186} INFO - Started process (PID=140) to work on /opt/airflow/dags/02_xcom_dag.py
[2026-09-02T12:38:28.474+0000] {processor.py:914} INFO - Processing file /opt/airflow/dags/02_xcom_dag.py for tasks to queue
[2026-09-02T12:38:28.485+0000] {logging_mixin.py:190} INFO - [2026-09-02T12:38:28.483+0000] {dagbag.py:588} INFO - Filling up the DagBag from /opt/airflow/dags/02_xcom_dag.py
[2026-09-02T12:38:28.555+0000] {processor.py:925} INFO - DAG(s) 'xcom_dag' retrieved from /opt/airflow/dags/02_xcom_dag.py
[2026-09-02T12:38:28.629+0000] {logging_mixin.py:190} INFO - [2026-09-02T12:38:28.629+0000] {dag.py:3239} INFO - Sync 1 DAGs
[2026-09-02T12:38:28.666+0000] {logging_mixin.py:190} INFO - [2026-09-02T12:38:28.665+0000] {dag.py:4180} INFO - Setting next_dagrun for xcom_dag to None, run_after=None
[2026-09-02T12:38:28.703+0000] {processor.py:208} INFO - Processing /opt/airflow/dags/02_xcom_dag.py took 0.273 seconds
[2026-09-02T12:38:59.458+0000] {processor.py:186} INFO - Started process (PID=153) to work on /opt/airflow/dags/02_xcom_dag.py
[2026-09-02T12:38:59.459+0000] {processor.py:914} INFO - Processing file /opt/airflow/dags/02_xcom_dag.py for tasks to queue
[2026-09-02T12:38:59.463+0000] {logging_mixin.py:190} INFO - [2026-09-02T12:38:59.462+0000] {dagbag.py:588} INFO - Filling up the DagBag from /opt/airflow/dags/02_xcom_dag.py
[2026-09-02T12:38:59.498+0000] {processor.py:925} INFO - DAG(s) 'xcom_dag' retrieved from /opt/airflow/dags/02_xcom_dag.py
[2026-09-02T12:38:59.529+0000] {logging_mixin.py:190} INFO - [2026-09-02T12:38:59.529+0000] {dag.py:3239} INFO - Sync 1 DAGs
[2026-09-02T12:38:59.546+0000] {logging_mixin.py:190} INFO - [2026-09-02T12:38:59.545+0000] {dag.py:4180} INFO - Setting next_dagrun for xcom_dag to None, run_after=None
[2026-09-02T12:38:59.573+0000] {processor.py:208} INFO - Processing /opt/airflow/dags/02_xcom_dag.py took 0.122 seconds
[2026-09-02T12:39:29.883+0000] {processor.py:186} INFO - Started process (PID=166) to work on /opt/airflow/dags/02_xcom_dag.py
[2026-09-02T12:39:29.884+0000] {processor.py:914} INFO - Processing file /opt/airflow/dags/02_xcom_dag.py for tasks to queue
[2026-09-02T12:39:29.888+0000] {logging_mixin.py:190} INFO - [2026-09-02T12:39:29.887+0000] {dagbag.py:588} INFO - Filling up the DagBag from /opt/airflow/dags/02_xcom_dag.py
[2026-09-02T12:39:29.928+0000] {processor.py:925} INFO - DAG(s) 'xcom_dag' retrieved from /opt/airflow/dags/02_xcom_dag.py
[2026-09-02T12:39:29.966+0000] {logging_mixin.py:190} INFO - [2026-09-02T12:39:29.966+0000] {dag.py:3239} INFO - Sync 1 DAGs
[2026-09-02T12:39:29.981+0000] {logging_mixin.py:190} INFO - [2026-09-02T12:39:29.981+0000] {dag.py:4180} INFO - Setting next_dagrun for xcom_dag to None, run_after=None
[2026-09-02T12:39:30.189+0000] {processor.py:208} INFO - Processing /opt/airflow/dags/02_xcom_dag.py took 0.312 seconds
[2026-09-02T12:40:00.526+0000] {processor.py:186} INFO - Started process (PID=180) to work on /opt/airflow/dags/02_xcom_dag.py
[2026-09-02T12:40:00.532+0000] {processor.py:914} INFO - Processing file /opt/airflow/dags/02_xcom_dag.py for tasks to queue
[2026-09-02T12:40:00.536+0000] {logging_mixin.py:190} INFO - [2026-09-02T12:40:00.536+0000] {dagbag.py:588} INFO - Filling up the DagBag from /opt/airflow/dags/02_xcom_dag.py
[2026-09-02T12:40:00.570+0000] {processor.py:925} INFO - DAG(s) 'xcom_dag' retrieved from /opt/airflow/dags/02_xcom_dag.py
[2026-09-02T12:40:00.779+0000] {logging_mixin.py:190} INFO - [2026-09-02T12:40:00.778+0000] {dag.py:3239} INFO - Sync 1 DAGs
[2026-09-02T12:40:00.797+0000] {logging_mixin.py:190} INFO - [2026-09-02T12:40:00.797+0000] {dag.py:4180} INFO - Setting next_dagrun for xcom_dag to None, run_after=None
[2026-09-02T12:40:00.825+0000] {processor.py:208} INFO - Processing /opt/airflow/dags/02_xcom_dag.py took 0.309 seconds
[2026-09-02T12:40:30.934+0000] {processor.py:186} INFO - Started process (PID=194) to work on /opt/airflow/dags/02_xcom_dag.py
[2026-09-02T12:40:30.935+0000] {processor.py:914} INFO - Processing file /opt/airflow/dags/02_xcom_dag.py for tasks to queue
[2026-09-02T12:40:30.940+0000] {logging_mixin.py:190} INFO - [2026-09-02T12:40:30.939+0000] {dagbag.py:588} INFO - Filling up the DagBag from /opt/airflow/dags/02_xcom_dag.py
[2026-09-02T12:40:30.972+0000] {processor.py:925} INFO - DAG(s) 'xcom_dag' retrieved from /opt/airflow/dags/02_xcom_dag.py
[2026-09-02T12:40:31.011+0000] {logging_mixin.py:190} INFO - [2026-09-02T12:40:31.010+0000] {dag.py:3239} INFO - Sync 1 DAGs
[2026-09-02T12:40:31.027+0000] {logging_mixin.py:190} INFO - [2026-09-02T12:40:31.027+0000] {dag.py:4180} INFO - Setting next_dagrun for xcom_dag to None, run_after=None
[2026-09-02T12:40:31.080+0000] {processor.py:208} INFO - Processing /opt/airflow/dags/02_xcom_dag.py took 0.155 seconds
[2026-09-02T12:41:01.214+0000] {processor.py:186} INFO - Started process (PID=208) to work on /opt/airflow/dags/02_xcom_dag.py
[2026-09-02T12:41:01.216+0000] {processor.py:914} INFO - Processing file /opt/airflow/dags/02_xcom_dag.py for tasks to queue
[2026-09-02T12:41:01.220+0000] {logging_mixin.py:190} INFO - [2026-09-02T12:41:01.219+0000] {dagbag.py:588} INFO - Filling up the DagBag from /opt/airflow/dags/02_xcom_dag.py
[2026-09-02T12:41:01.260+0000] {processor.py:925} INFO - DAG(s) 'xcom_dag' retrieved from /opt/airflow/dags/02_xcom_dag.py
[2026-09-02T12:41:01.298+0000] {logging_mixin.py:190} INFO - [2026-09-02T12:41:01.298+0000] {dag.py:3239} INFO - Sync 1 DAGs
[2026-09-02T12:41:01.316+0000] {logging_mixin.py:190} INFO - [2026-09-02T12:41:01.316+0000] {dag.py:4180} INFO - Setting next_dagrun for xcom_dag to None, run_after=None
[2026-09-02T12:41:01.336+0000] {processor.py:208} INFO - Processing /opt/airflow/dags/02_xcom_dag.py took 0.132 seconds
[2026-09-02T12:41:31.722+0000] {processor.py:186} INFO - Started process (PID=222) to work on /opt/airflow/dags/02_xcom_dag.py
[2026-09-02T12:41:31.724+0000] {processor.py:914} INFO - Processing file /opt/airflow/dags/02_xcom_dag.py for tasks to queue
[2026-09-02T12:41:31.729+0000] {logging_mixin.py:190} INFO - [2026-09-02T12:41:31.728+0000] {dagbag.py:588} INFO - Filling up the DagBag from /opt/airflow/dags/02_xcom_dag.py
[2026-09-02T12:41:31.765+0000] {processor.py:925} INFO - DAG(s) 'xcom_dag' retrieved from /opt/airflow/dags/02_xcom_dag.py
[2026-09-02T12:41:31.805+0000] {logging_mixin.py:190} INFO - [2026-09-02T12:41:31.804+0000] {dag.py:3239} INFO - Sync 1 DAGs
[2026-09-02T12:41:31.820+0000] {logging_mixin.py:190} INFO - [2026-09-02T12:41:31.820+0000] {dag.py:4180} INFO - Setting next_dagrun for xcom_dag to None, run_after=None
[2026-09-02T12:41:31.868+0000] {processor.py:208} INFO - Processing /opt/airflow/dags/02_xcom_dag.py took 0.156 seconds
[2026-09-02T12:42:02.052+0000] {processor.py:186} INFO - Started process (PID=236) to work on /opt/airflow/dags/02_xcom_dag.py
[2026-09-02T12:42:02.053+0000] {processor.py:914} INFO - Processing file /opt/airflow/dags/02_xcom_dag.py for tasks to queue
[2026-09-02T12:42:02.057+0000] {logging_mixin.py:190} INFO - [2026-09-02T12:42:02.057+0000] {dagbag.py:588} INFO - Filling up the DagBag from /opt/airflow/dags/02_xcom_dag.py
[2026-09-02T12:42:02.087+0000] {processor.py:925} INFO - DAG(s) 'xcom_dag' retrieved from /opt/airflow/dags/02_xcom_dag.py
[2026-09-02T12:42:02.124+0000] {logging_mixin.py:190} INFO - [2026-09-02T12:42:02.123+0000] {dag.py:3239} INFO - Sync 1 DAGs
[2026-09-02T12:42:02.143+0000] {logging_mixin.py:190} INFO - [2026-09-02T12:42:02.142+0000] {dag.py:4180} INFO - Setting next_dagrun for xcom_dag to None, run_after=None
[2026-09-02T12:42:02.174+0000] {processor.py:208} INFO - Processing /opt/airflow/dags/02_xcom_dag.py took 0.130 seconds
[2026-09-02T12:42:33.085+0000] {processor.py:186} INFO - Started process (PID=251) to work on /opt/airflow/dags/02_xcom_dag.py
[2026-09-02T12:42:33.086+0000] {processor.py:914} INFO - Processing file /opt/airflow/dags/02_xcom_dag.py for tasks to queue
[2026-09-02T12:42:33.090+0000] {logging_mixin.py:190} INFO - [2026-09-02T12:42:33.089+0000] {dagbag.py:588} INFO - Filling up the DagBag from /opt/airflow/dags/02_xcom_dag.py
[2026-09-02T12:42:33.125+0000] {processor.py:925} INFO - DAG(s) 'xcom_dag' retrieved from /opt/airflow/dags/02_xcom_dag.py
[2026-09-02T12:42:33.152+0000] {logging_mixin.py:190} INFO - [2026-09-02T12:42:33.151+0000] {dag.py:3239} INFO - Sync 1 DAGs
[2026-09-02T12:42:33.167+0000] {logging_mixin.py:190} INFO - [2026-09-02T12:42:33.167+0000] {dag.py:4180} INFO - Setting next_dagrun for xcom_dag to None, run_after=None
[2026-09-02T12:42:33.186+0000] {processor.py:208} INFO - Processing /opt/airflow/dags/02_xcom_dag.py took 0.107 seconds
