[2026-09-02T12:37:25.539+0000] {processor.py:186} INFO - Started process (PID=111) to work on /opt/airflow/dags/03_branching_dag.py
[2026-09-02T12:37:25.542+0000] {processor.py:914} INFO - Processing file /opt/airflow/dags/03_branching_dag.py for tasks to queue
[2026-09-02T12:37:25.546+0000] {logging_mixin.py:190} INFO - [2026-09-02T12:37:25.546+0000] {dagbag.py:588} INFO - Filling up the DagBag from /opt/airflow/dags/03_branching_dag.py
[2026-09-02T12:37:25.580+0000] {processor.py:925} INFO - DAG(s) 'branching_dag' retrieved from /opt/airflow/dags/03_branching_dag.py
[2026-09-02T12:37:25.620+0000] {logging_mixin.py:190} INFO - [2026-09-02T12:37:25.620+0000] {dag.py:3239} INFO - Sync 1 DAGs
[2026-09-02T12:37:25.645+0000] {logging_mixin.py:190} INFO - [2026-09-02T12:37:25.645+0000] {dag.py:4180} INFO - Setting next_dagrun for branching_dag to None, run_after=None
[2026-09-02T12:37:25.673+0000] {processor.py:208} INFO - Processing /opt/airflow/dags/03_branching_dag.py took 0.141 seconds
[2026-09-02T12:37:55.734+0000] {processor.py:186} INFO - Started process (PID=123) to work on /opt/airflow/dags/03_branching_dag.py
[2026-09-02T12:37:55.737+0000] {processor.py:914} INFO - Processing file /opt/airflow/dags/03_branching_dag.py for tasks to queue
[2026-09-02T12:37:55.740+0000] {logging_mixin.py:190} INFO - [2026-09-02T12:37:55.739+0000] {dagbag.py:588} INFO - Filling up the DagBag from /opt/airflow/dags/03_branching_dag.py
[2026-09-02T12:37:55.763+0000] {processor.py:925} INFO - DAG(s) 'branching_dag' retrieved from /opt/airflow/dags/03_branching_dag.py
[2026-09-02T12:37:55.802+0000] {logging_mixin.py:190} INFO - [2026-09-02T12:37:55.802+0000] {dag.py:3239} INFO - Sync 1 DAGs
[2026-09-02T12:37:55.821+0000] {logging_mixin.py:190} INFO - [2026-09-02T12:37:55.820+0000] {dag.py:4180} INFO - Setting next_dagrun for branching_dag to None, run_after=None
[2026-09-02T12:37:55.842+0000] {processor.py:208} INFO - Processing /opt/airflow/dags/03_branching_dag.py took 0.115 seconds
[2026-09-02T12:38:27.387+0000] {processor.py:186} INFO - Started process (PID=137) to work on /opt/airflow/dags/03_branching_dag.py
[2026-09-02T12:38:27.390+0000] {processor.py:914} INFO - Processing file /opt/airflow/dags/03_branching_dag.py for tasks to queue
[2026-09-02T12:38:27.395+0000] {logging_mixin.py:190} INFO - [2026-09-02T12:38:27.394+0000] {dagbag.py:588} INFO - Filling up the DagBag from /opt/airflow/dags/03_branching_dag.py
[2026-09-02T12:38:27.456+0000] {processor.py:925} INFO - DAG(s) 'branching_dag' retrieved from /opt/airflow/dags/03_branching_dag.py
[2026-09-02T12:38:27.503+0000] {logging_mixin.py:190} INFO - [2026-09-02T12:38:27.503+0000] {dag.py:3239} INFO - Sync 1 DAGs
[2026-09-02T12:38:27.525+0000] {logging_mixin.py:190} INFO - [2026-09-02T12:38:27.524+0000] {dag.py:4180} INFO - Setting next_dagrun for branching_dag to None, run_after=None
[2026-09-02T12:38:27.554+0000] {processor.py:208} INFO - Processing /opt/airflow/dags/03_branching_dag.py took 0.189 seconds
[2026-09-02T12:38:58.265+0000] {processor.py:186} INFO - Started process (PID=151) to work on /opt/airflow/dags/03_branching_dag.py
[2026-09-02T12:38:58.267+0000] {processor.py:914} INFO - Processing file /opt/airflow/dags/03_branching_dag.py for tasks to queue
[2026-09-02T12:38:58.270+0000] {logging_mixin.py:190} INFO - [2026-09-02T12:38:58.269+0000] {dagbag.py:588} INFO - Filling up the DagBag from /opt/airflow/dags/03_branching_dag.py
[2026-09-02T12:38:58.303+0000] {processor.py:925} INFO - DAG(s) 'branching_dag' retrieved from /opt/airflow/dags/03_branching_dag.py
[2026-09-02T12:38:58.335+0000] {logging_mixin.py:190} INFO - [2026-09-02T12:38:58.335+0000] {dag.py:3239} INFO - Sync 1 DAGs
[2026-09-02T12:38:58.349+0000] {logging_mixin.py:190} INFO - [2026-09-02T12:38:58.349+0000] {dag.py:4180} INFO - Setting next_dagrun for branching_dag to None, run_after=None
[2026-09-02T12:38:58.374+0000] {processor.py:208} INFO - Processing /opt/airflow/dags/03_branching_dag.py took 0.116 seconds
[2026-09-02T12:39:28.458+0000] {processor.py:186} INFO - Started process (PID=164) to work on /opt/airflow/dags/03_branching_dag.py
[2026-09-02T12:39:28.459+0000] {processor.py:914} INFO - Processing file /opt/airflow/dags/03_branching_dag.py for tasks to queue
[2026-09-02T12:39:28.462+0000] {logging_mixin.py:190} INFO - [2026-09-02T12:39:28.462+0000] {dagbag.py:588} INFO - Filling up the DagBag from /opt/airflow/dags/03_branching_dag.py
[2026-09-02T12:39:28.495+0000] {processor.py:925} INFO - DAG(s) 'branching_dag' retrieved from /opt/airflow/dags/03_branching_dag.py
[2026-09-02T12:39:28.536+0000] {logging_mixin.py:190} INFO - [2026-09-02T12:39:28.536+0000] {dag.py:3239} INFO - Sync 1 DAGs
[2026-09-02T12:39:28.554+0000] {logging_mixin.py:190} INFO - [2026-09-02T12:39:28.554+0000] {dag.py:4180} INFO - Setting next_dagrun for branching_dag to None, run_after=None
[2026-09-02T12:39:28.752+0000] {processor.py:208} INFO - Processing /opt/airflow/dags/03_branching_dag.py took 0.301 seconds
[2026-09-02T12:39:59.448+0000] {processor.py:186} INFO - Started process (PID=179) to work on /opt/airflow/dags/03_branching_dag.py
[2026-09-02T12:39:59.449+0000] {processor.py:914} INFO - Processing file /opt/airflow/dags/03_branching_dag.py for tasks to queue
[2026-09-02T12:39:59.452+0000] {logging_mixin.py:190} INFO - [2026-09-02T12:39:59.452+0000] {dagbag.py:588} INFO - Filling up the DagBag from /opt/airflow/dags/03_branching_dag.py
[2026-09-02T12:39:59.472+0000] {processor.py:925} INFO - DAG(s) 'branching_dag' retrieved from /opt/airflow/dags/03_branching_dag.py
[2026-09-02T12:39:59.678+0000] {logging_mixin.py:190} INFO - [2026-09-02T12:39:59.678+0000] {dag.py:3239} INFO - Sync 1 DAGs
[2026-09-02T12:39:59.694+0000] {logging_mixin.py:190} INFO - [2026-09-02T12:39:59.694+0000] {dag.py:4180} INFO - Setting next_dagrun for branching_dag to None, run_after=None
[2026-09-02T12:39:59.715+0000] {processor.py:208} INFO - Processing /opt/airflow/dags/03_branching_dag.py took 0.274 seconds
[2026-09-02T12:40:29.863+0000] {processor.py:186} INFO - Started process (PID=193) to work on /opt/airflow/dags/03_branching_dag.py
[2026-09-02T12:40:29.864+0000] {processor.py:914} INFO - Processing file /opt/airflow/dags/03_branching_dag.py for tasks to queue
[2026-09-02T12:40:29.868+0000] {logging_mixin.py:190} INFO - [2026-09-02T12:40:29.867+0000] {dagbag.py:588} INFO - Filling up the DagBag from /opt/airflow/dags/03_branching_dag.py
[2026-09-02T12:40:29.900+0000] {processor.py:925} INFO - DAG(s) 'branching_dag' retrieved from /opt/airflow/dags/03_branching_dag.py
[2026-09-02T12:40:29.936+0000] {logging_mixin.py:190} INFO - [2026-09-02T12:40:29.936+0000] {dag.py:3239} INFO - Sync 1 DAGs
[2026-09-02T12:40:29.954+0000] {logging_mixin.py:190} INFO - [2026-09-02T12:40:29.954+0000] {dag.py:4180} INFO - Setting next_dagrun for branching_dag to None, run_after=None
[2026-09-02T12:40:29.981+0000] {processor.py:208} INFO - Processing /opt/airflow/dags/03_branching_dag.py took 0.125 seconds
[2026-09-02T12:41:00.158+0000] {processor.py:186} INFO - Started process (PID=207) to work on /opt/airflow/dags/03_branching_dag.py
[2026-09-02T12:41:00.159+0000] {processor.py:914} INFO - Processing file /opt/airflow/dags/03_branching_dag.py for tasks to queue
[2026-09-02T12:41:00.162+0000] {logging_mixin.py:190} INFO - [2026-09-02T12:41:00.161+0000] {dagbag.py:588} INFO - Filling up the DagBag from /opt/airflow/dags/03_branching_dag.py
[2026-09-02T12:41:00.181+0000] {processor.py:925} INFO - DAG(s) 'branching_dag' retrieved from /opt/airflow/dags/03_branching_dag.py
[2026-09-02T12:41:00.217+0000] {logging_mixin.py:190} INFO - [2026-09-02T12:41:00.217+0000] {dag.py:3239} INFO - Sync 1 DAGs
[2026-09-02T12:41:00.237+0000] {logging_mixin.py:190} INFO - [2026-09-02T12:41:00.236+0000] {dag.py:4180} INFO - Setting next_dagrun for branching_dag to None, run_after=None
[2026-09-02T12:41:00.273+0000] {processor.py:208} INFO - Processing /opt/airflow/dags/03_branching_dag.py took 0.122 seconds
[2026-09-02T12:41:30.658+0000] {processor.py:186} INFO - Started process (PID=221) to work on /opt/airflow/dags/03_branching_dag.py
[2026-09-02T12:41:30.659+0000] {processor.py:914} INFO - Processing file /opt/airflow/dags/03_branching_dag.py for tasks to queue
[2026-09-02T12:41:30.662+0000] {logging_mixin.py:190} INFO - [2026-09-02T12:41:30.662+0000] {dagbag.py:588} INFO - Filling up the DagBag from /opt/airflow/dags/03_branching_dag.py
[2026-09-02T12:41:30.681+0000] {processor.py:925} INFO - DAG(s) 'branching_dag' retrieved from /opt/airflow/dags/03_branching_dag.py
[2026-09-02T12:41:30.710+0000] {logging_mixin.py:190} INFO - [2026-09-02T12:41:30.710+0000] {dag.py:3239} INFO - Sync 1 DAGs
[2026-09-02T12:41:30.725+0000] {logging_mixin.py:190} INFO - [2026-09-02T12:41:30.725+0000] {dag.py:4180} INFO - Setting next_dagrun for branching_dag to None, run_after=None
[2026-09-02T12:41:30.750+0000] {processor.py:208} INFO - Processing /opt/airflow/dags/03_branching_dag.py took 0.099 seconds
[2026-09-02T12:42:01.004+0000] {processor.py:186} INFO - Started process (PID=235) to work on /opt/airflow/dags/03_branching_dag.py
[2026-09-02T12:42:01.005+0000] {processor.py:914} INFO - Processing file /opt/airflow/dags/03_branching_dag.py for tasks to queue
[2026-09-02T12:42:01.008+0000] {logging_mixin.py:190} INFO - [2026-09-02T12:42:01.007+0000] {dagbag.py:588} INFO - Filling up the DagBag from /opt/airflow/dags/03_branching_dag.py
[2026-09-02T12:42:01.032+0000] {processor.py:925} INFO - DAG(s) 'branching_dag' retrieved from /opt/airflow/dags/03_branching_dag.py
[2026-09-02T12:42:01.066+0000] {logging_mixin.py:190} INFO - [2026-09-02T12:42:01.066+0000] {dag.py:3239} INFO - Sync 1 DAGs
[2026-09-02T12:42:01.084+0000] {logging_mixin.py:190} INFO - [2026-09-02T12:42:01.084+0000] {dag.py:4180} INFO - Setting next_dagrun for branching_dag to None, run_after=None
[2026-09-02T12:42:01.160+0000] {processor.py:208} INFO - Processing /opt/airflow/dags/03_branching_dag.py took 0.163 seconds
[2026-09-02T12:42:32.017+0000] {processor.py:186} INFO - Started process (PID=250) to work on /opt/airflow/dags/03_branching_dag.py
[2026-09-02T12:42:32.018+0000] {processor.py:914} INFO - Processing file /opt/airflow/dags/03_branching_dag.py for tasks to queue
[2026-09-02T12:42:32.022+0000] {logging_mixin.py:190} INFO - [2026-09-02T12:42:32.021+0000] {dagbag.py:588} INFO - Filling up the DagBag from /opt/airflow/dags/03_branching_dag.py
[2026-09-02T12:42:32.043+0000] {processor.py:925} INFO - DAG(s) 'branching_dag' retrieved from /opt/airflow/dags/03_branching_dag.py
[2026-09-02T12:42:32.073+0000] {logging_mixin.py:190} INFO - [2026-09-02T12:42:32.073+0000] {dag.py:3239} INFO - Sync 1 DAGs
[2026-09-02T12:42:32.089+0000] {logging_mixin.py:190} INFO - [2026-09-02T12:42:32.089+0000] {dag.py:4180} INFO - Setting next_dagrun for branching_dag to None, run_after=None
[2026-09-02T12:42:32.108+0000] {processor.py:208} INFO - Processing /opt/airflow/dags/03_branching_dag.py took 0.097 seconds
