[2026-09-02T12:37:25.302+0000] {processor.py:186} INFO - Started process (PID=110) to work on /opt/airflow/dags/04_parallel_weather.py
[2026-09-02T12:37:25.304+0000] {processor.py:914} INFO - Processing file /opt/airflow/dags/04_parallel_weather.py for tasks to queue
[2026-09-02T12:37:25.308+0000] {logging_mixin.py:190} INFO - [2026-09-02T12:37:25.307+0000] {dagbag.py:588} INFO - Filling up the DagBag from /opt/airflow/dags/04_parallel_weather.py
[2026-09-02T12:37:25.348+0000] {processor.py:925} INFO - DAG(s) 'parallel_weather_dag' retrieved from /opt/airflow/dags/04_parallel_weather.py
[2026-09-02T12:37:25.402+0000] {logging_mixin.py:190} INFO - [2026-09-02T12:37:25.402+0000] {dag.py:3239} INFO - Sync 1 DAGs
[2026-09-02T12:37:25.432+0000] {logging_mixin.py:190} INFO - [2026-09-02T12:37:25.432+0000] {dag.py:4180} INFO - Setting next_dagrun for parallel_weather_dag to None, run_after=None
[2026-09-02T12:37:25.469+0000] {processor.py:208} INFO - Processing /opt/airflow/dags/04_parallel_weather.py took 0.176 seconds
[2026-09-02T12:37:55.725+0000] {processor.py:186} INFO - Started process (PID=122) to work on /opt/airflow/dags/04_parallel_weather.py
[2026-09-02T12:37:55.728+0000] {processor.py:914} INFO - Processing file /opt/airflow/dags/04_parallel_weather.py for tasks to queue
[2026-09-02T12:37:55.731+0000] {logging_mixin.py:190} INFO - [2026-09-02T12:37:55.730+0000] {dagbag.py:588} INFO - Filling up the DagBag from /opt/airflow/dags/04_parallel_weather.py
[2026-09-02T12:37:55.757+0000] {processor.py:925} INFO - DAG(s) 'parallel_weather_dag' retrieved from /opt/airflow/dags/04_parallel_weather.py
[2026-09-02T12:37:55.799+0000] {logging_mixin.py:190} INFO - [2026-09-02T12:37:55.798+0000] {dag.py:3239} INFO - Sync 1 DAGs
[2026-09-02T12:37:55.816+0000] {logging_mixin.py:190} INFO - [2026-09-02T12:37:55.815+0000] {dag.py:4180} INFO - Setting next_dagrun for parallel_weather_dag to None, run_after=None
[2026-09-02T12:37:55.839+0000] {processor.py:208} INFO - Processing /opt/airflow/dags/04_parallel_weather.py took 0.121 seconds
[2026-09-02T12:38:27.338+0000] {processor.py:186} INFO - Started process (PID=136) to work on /opt/airflow/dags/04_parallel_weather.py
[2026-09-02T12:38:27.343+0000] {processor.py:914} INFO - Processing file /opt/airflow/dags/04_parallel_weather.py for tasks to queue
[2026-09-02T12:38:27.355+0000] {logging_mixin.py:190} INFO - [2026-09-02T12:38:27.353+0000] {dagbag.py:588} INFO - Filling up the DagBag from /opt/airflow/dags/04_parallel_weather.py
[2026-09-02T12:38:27.433+0000] {processor.py:925} INFO - DAG(s) 'parallel_weather_dag' retrieved from /opt/airflow/dags/04_parallel_weather.py
[2026-09-02T12:38:27.499+0000] {logging_mixin.py:190} INFO - [2026-09-02T12:38:27.498+0000] {dag.py:3239} INFO - Sync 1 DAGs
[2026-09-02T12:38:27.523+0000] {logging_mixin.py:190} INFO - [2026-09-02T12:38:27.523+0000] {dag.py:4180} INFO - Setting next_dagrun for parallel_weather_dag to None, run_after=None
[2026-09-02T12:38:27.552+0000] {processor.py:208} INFO - Processing /opt/airflow/dags/04_parallel_weather.py took 0.237 seconds
[2026-09-02T12:38:58.254+0000] {processor.py:186} INFO - Started process (PID=150) to work on /opt/airflow/dags/04_parallel_weather.py
[2026-09-02T12:38:58.256+0000] {processor.py:914} INFO - Processing file /opt/airflow/dags/04_parallel_weather.py for tasks to queue
[2026-09-02T12:38:58.259+0000] {logging_mixin.py:190} INFO - [2026-09-02T12:38:58.259+0000] {dagbag.py:588} INFO - Filling up the DagBag from /opt/airflow/dags/04_parallel_weather.py
[2026-09-02T12:38:58.297+0000] {processor.py:925} INFO - DAG(s) 'parallel_weather_dag' retrieved from /opt/airflow/dags/04_parallel_weather.py
[2026-09-02T12:38:58.335+0000] {logging_mixin.py:190} INFO - [2026-09-02T12:38:58.335+0000] {dag.py:3239} INFO - Sync 1 DAGs
[2026-09-02T12:38:58.350+0000] {logging_mixin.py:190} INFO - [2026-09-02T12:38:58.349+0000] {dag.py:4180} INFO - Setting next_dagrun for parallel_weather_dag to None, run_after=None
[2026-09-02T12:38:58.374+0000] {processor.py:208} INFO - Processing /opt/airflow/dags/04_parallel_weather.py took 0.127 seconds
[2026-09-02T12:39:28.848+0000] {processor.py:186} INFO - Started process (PID=165) to work on /opt/airflow/dags/04_parallel_weather.py
[2026-09-02T12:39:28.849+0000] {processor.py:914} INFO - Processing file /opt/airflow/dags/04_parallel_weather.py for tasks to queue
[2026-09-02T12:39:28.853+0000] {logging_mixin.py:190} INFO - [2026-09-02T12:39:28.852+0000] {dagbag.py:588} INFO - Filling up the DagBag from /opt/airflow/dags/04_parallel_weather.py
[2026-09-02T12:39:28.895+0000] {processor.py:925} INFO - DAG(s) 'parallel_weather_dag' retrieved from /opt/airflow/dags/04_parallel_weather.py
[2026-09-02T12:39:28.928+0000] {logging_mixin.py:190} INFO - [2026-09-02T12:39:28.927+0000] {dag.py:3239} INFO - Sync 1 DAGs
[2026-09-02T12:39:28.951+0000] {logging_mixin.py:190} INFO - [2026-09-02T12:39:28.951+0000] {dag.py:4180} INFO - Setting next_dagrun for parallel_weather_dag to None, run_after=None
[2026-09-02T12:39:29.159+0000] {processor.py:208} INFO - Processing /opt/airflow/dags/04_parallel_weather.py took 0.319 seconds
[2026-09-02T12:39:59.439+0000] {processor.py:186} INFO - Started process (PID=178) to work on /opt/airflow/dags/04_parallel_weather.py
[2026-09-02T12:39:59.440+0000] {processor.py:914} INFO - Processing file /opt/airflow/dags/04_parallel_weather.py for tasks to queue
[2026-09-02T12:39:59.443+0000] {logging_mixin.py:190} INFO - [2026-09-02T12:39:59.443+0000] {dagbag.py:588} INFO - Filling up the DagBag from /opt/airflow/dags/04_parallel_weather.py
[2026-09-02T12:39:59.465+0000] {processor.py:925} INFO - DAG(s) 'parallel_weather_dag' retrieved from /opt/airflow/dags/04_parallel_weather.py
[2026-09-02T12:39:59.665+0000] {logging_mixin.py:190} INFO - [2026-09-02T12:39:59.664+0000] {dag.py:3239} INFO - Sync 1 DAGs
[2026-09-02T12:39:59.687+0000] {logging_mixin.py:190} INFO - [2026-09-02T12:39:59.687+0000] {dag.py:4180} INFO - Setting next_dagrun for parallel_weather_dag to None, run_after=None
[2026-09-02T12:39:59.711+0000] {processor.py:208} INFO - Processing /opt/airflow/dags/04_parallel_weather.py took 0.279 seconds
[2026-09-02T12:40:29.857+0000] {processor.py:186} INFO - Started process (PID=192) to work on /opt/airflow/dags/04_parallel_weather.py
[2026-09-02T12:40:29.859+0000] {processor.py:914} INFO - Processing file /opt/airflow/dags/04_parallel_weather.py for tasks to queue
[2026-09-02T12:40:29.861+0000] {logging_mixin.py:190} INFO - [2026-09-02T12:40:29.861+0000] {dagbag.py:588} INFO - Filling up the DagBag from /opt/airflow/dags/04_parallel_weather.py
[2026-09-02T12:40:29.898+0000] {processor.py:925} INFO - DAG(s) 'parallel_weather_dag' retrieved from /opt/airflow/dags/04_parallel_weather.py
[2026-09-02T12:40:29.946+0000] {logging_mixin.py:190} INFO - [2026-09-02T12:40:29.946+0000] {dag.py:3239} INFO - Sync 1 DAGs
[2026-09-02T12:40:29.965+0000] {logging_mixin.py:190} INFO - [2026-09-02T12:40:29.965+0000] {dag.py:4180} INFO - Setting next_dagrun for parallel_weather_dag to None, run_after=None
[2026-09-02T12:40:29.989+0000] {processor.py:208} INFO - Processing /opt/airflow/dags/04_parallel_weather.py took 0.140 seconds
[2026-09-02T12:41:00.150+0000] {processor.py:186} INFO - Started process (PID=206) to work on /opt/airflow/dags/04_parallel_weather.py
[2026-09-02T12:41:00.151+0000] {processor.py:914} INFO - Processing file /opt/airflow/dags/04_parallel_weather.py for tasks to queue
[2026-09-02T12:41:00.154+0000] {logging_mixin.py:190} INFO - [2026-09-02T12:41:00.153+0000] {dagbag.py:588} INFO - Filling up the DagBag from /opt/airflow/dags/04_parallel_weather.py
[2026-09-02T12:41:00.177+0000] {processor.py:925} INFO - DAG(s) 'parallel_weather_dag' retrieved from /opt/airflow/dags/04_parallel_weather.py
[2026-09-02T12:41:00.211+0000] {logging_mixin.py:190} INFO - [2026-09-02T12:41:00.211+0000] {dag.py:3239} INFO - Sync 1 DAGs
[2026-09-02T12:41:00.231+0000] {logging_mixin.py:190} INFO - [2026-09-02T12:41:00.230+0000] {dag.py:4180} INFO - Setting next_dagrun for parallel_weather_dag to None, run_after=None
[2026-09-02T12:41:00.279+0000] {processor.py:208} INFO - Processing /opt/airflow/dags/04_parallel_weather.py took 0.136 seconds
[2026-09-02T12:41:30.649+0000] {processor.py:186} INFO - Started process (PID=220) to work on /opt/airflow/dags/04_parallel_weather.py
[2026-09-02T12:41:30.650+0000] {processor.py:914} INFO - Processing file /opt/airflow/dags/04_parallel_weather.py for tasks to queue
[2026-09-02T12:41:30.653+0000] {logging_mixin.py:190} INFO - [2026-09-02T12:41:30.653+0000] {dagbag.py:588} INFO - Filling up the DagBag from /opt/airflow/dags/04_parallel_weather.py
[2026-09-02T12:41:30.673+0000] {processor.py:925} INFO - DAG(s) 'parallel_weather_dag' retrieved from /opt/airflow/dags/04_parallel_weather.py
[2026-09-02T12:41:30.704+0000] {logging_mixin.py:190} INFO - [2026-09-02T12:41:30.704+0000] {dag.py:3239} INFO - Sync 1 DAGs
[2026-09-02T12:41:30.720+0000] {logging_mixin.py:190} INFO - [2026-09-02T12:41:30.720+0000] {dag.py:4180} INFO - Setting next_dagrun for parallel_weather_dag to None, run_after=None
[2026-09-02T12:41:30.751+0000] {processor.py:208} INFO - Processing /opt/airflow/dags/04_parallel_weather.py took 0.109 seconds
[2026-09-02T12:42:00.994+0000] {processor.py:186} INFO - Started process (PID=234) to work on /opt/airflow/dags/04_parallel_weather.py
[2026-09-02T12:42:00.995+0000] {processor.py:914} INFO - Processing file /opt/airflow/dags/04_parallel_weather.py for tasks to queue
[2026-09-02T12:42:00.998+0000] {logging_mixin.py:190} INFO - [2026-09-02T12:42:00.998+0000] {dagbag.py:588} INFO - Filling up the DagBag from /opt/airflow/dags/04_parallel_weather.py
[2026-09-02T12:42:01.021+0000] {processor.py:925} INFO - DAG(s) 'parallel_weather_dag' retrieved from /opt/airflow/dags/04_parallel_weather.py
[2026-09-02T12:42:01.058+0000] {logging_mixin.py:190} INFO - [2026-09-02T12:42:01.058+0000] {dag.py:3239} INFO - Sync 1 DAGs
[2026-09-02T12:42:01.076+0000] {logging_mixin.py:190} INFO - [2026-09-02T12:42:01.075+0000] {dag.py:4180} INFO - Setting next_dagrun for parallel_weather_dag to None, run_after=None
[2026-09-02T12:42:01.160+0000] {processor.py:208} INFO - Processing /opt/airflow/dags/04_parallel_weather.py took 0.173 seconds
[2026-09-02T12:42:32.010+0000] {processor.py:186} INFO - Started process (PID=249) to work on /opt/airflow/dags/04_parallel_weather.py
[2026-09-02T12:42:32.011+0000] {processor.py:914} INFO - Processing file /opt/airflow/dags/04_parallel_weather.py for tasks to queue
[2026-09-02T12:42:32.016+0000] {logging_mixin.py:190} INFO - [2026-09-02T12:42:32.016+0000] {dagbag.py:588} INFO - Filling up the DagBag from /opt/airflow/dags/04_parallel_weather.py
[2026-09-02T12:42:32.039+0000] {processor.py:925} INFO - DAG(s) 'parallel_weather_dag' retrieved from /opt/airflow/dags/04_parallel_weather.py
[2026-09-02T12:42:32.067+0000] {logging_mixin.py:190} INFO - [2026-09-02T12:42:32.066+0000] {dag.py:3239} INFO - Sync 1 DAGs
[2026-09-02T12:42:32.079+0000] {logging_mixin.py:190} INFO - [2026-09-02T12:42:32.079+0000] {dag.py:4180} INFO - Setting next_dagrun for parallel_weather_dag to None, run_after=None
[2026-09-02T12:42:32.097+0000] {processor.py:208} INFO - Processing /opt/airflow/dags/04_parallel_weather.py took 0.093 seconds
