[2026-09-02T12:37:24.905+0000] {processor.py:186} INFO - Started process (PID=109) to work on /opt/airflow/dags/05_etl_weather_postgres.py
[2026-09-02T12:37:24.907+0000] {processor.py:914} INFO - Processing file /opt/airflow/dags/05_etl_weather_postgres.py for tasks to queue
[2026-09-02T12:37:24.911+0000] {logging_mixin.py:190} INFO - [2026-09-02T12:37:24.910+0000] {dagbag.py:588} INFO - Filling up the DagBag from /opt/airflow/dags/05_etl_weather_postgres.py
[2026-09-02T12:37:25.131+0000] {processor.py:925} INFO - DAG(s) 'etl_weather_postgres_dag' retrieved from /opt/airflow/dags/05_etl_weather_postgres.py
[2026-09-02T12:37:25.191+0000] {logging_mixin.py:190} INFO - [2026-09-02T12:37:25.191+0000] {dag.py:3239} INFO - Sync 1 DAGs
[2026-09-02T12:37:25.212+0000] {logging_mixin.py:190} INFO - [2026-09-02T12:37:25.212+0000] {dag.py:4180} INFO - Setting next_dagrun for etl_weather_postgres_dag to None, run_after=None
[2026-09-02T12:37:25.245+0000] {processor.py:208} INFO - Processing /opt/airflow/dags/05_etl_weather_postgres.py took 0.347 seconds
[2026-09-02T12:37:55.558+0000] {processor.py:186} INFO - Started process (PID=121) to work on /opt/airflow/dags/05_etl_weather_postgres.py
[2026-09-02T12:37:55.561+0000] {processor.py:914} INFO - Processing file /opt/airflow/dags/05_etl_weather_postgres.py for tasks to queue
[2026-09-02T12:37:55.564+0000] {logging_mixin.py:190} INFO - [2026-09-02T12:37:55.564+0000] {dagbag.py:588} INFO - Filling up the DagBag from /opt/airflow/dags/05_etl_weather_postgres.py
[2026-09-02T12:37:55.588+0000] {processor.py:925} INFO - DAG(s) 'etl_weather_postgres_dag' retrieved from /opt/airflow/dags/05_etl_weather_postgres.py
[2026-09-02T12:37:55.620+0000] {logging_mixin.py:190} INFO - [2026-09-02T12:37:55.620+0000] {dag.py:3239} INFO - Sync 1 DAGs
[2026-09-02T12:37:55.637+0000] {logging_mixin.py:190} INFO - [2026-09-02T12:37:55.636+0000] {dag.py:4180} INFO - Setting next_dagrun for etl_weather_postgres_dag to None, run_after=None
[2026-09-02T12:37:55.673+0000] {processor.py:208} INFO - Processing /opt/airflow/dags/05_etl_weather_postgres.py took 0.122 seconds
[2026-09-02T12:38:26.909+0000] {processor.py:186} INFO - Started process (PID=135) to work on /opt/airflow/dags/05_etl_weather_postgres.py
[2026-09-02T12:38:26.919+0000] {processor.py:914} INFO - Processing file /opt/airflow/dags/05_etl_weather_postgres.py for tasks to queue
[2026-09-02T12:38:26.929+0000] {logging_mixin.py:190} INFO - [2026-09-02T12:38:26.928+0000] {dagbag.py:588} INFO - Filling up the DagBag from /opt/airflow/dags/05_etl_weather_postgres.py
[2026-09-02T12:38:27.001+0000] {processor.py:925} INFO - DAG(s) 'etl_weather_postgres_dag' retrieved from /opt/airflow/dags/05_etl_weather_postgres.py
[2026-09-02T12:38:27.046+0000] {logging_mixin.py:190} INFO - [2026-09-02T12:38:27.046+0000] {dag.py:3239} INFO - Sync 1 DAGs
[2026-09-02T12:38:27.069+0000] {logging_mixin.py:190} INFO - [2026-09-02T12:38:27.068+0000] {dag.py:4180} INFO - Setting next_dagrun for etl_weather_postgres_dag to None, run_after=None
[2026-09-02T12:38:27.131+0000] {processor.py:208} INFO - Processing /opt/airflow/dags/05_etl_weather_postgres.py took 0.254 seconds
[2026-09-02T12:38:57.196+0000] {processor.py:186} INFO - Started process (PID=149) to work on /opt/airflow/dags/05_etl_weather_postgres.py
[2026-09-02T12:38:57.198+0000] {processor.py:914} INFO - Processing file /opt/airflow/dags/05_etl_weather_postgres.py for tasks to queue
[2026-09-02T12:38:57.204+0000] {logging_mixin.py:190} INFO - [2026-09-02T12:38:57.203+0000] {dagbag.py:588} INFO - Filling up the DagBag from /opt/airflow/dags/05_etl_weather_postgres.py
[2026-09-02T12:38:57.237+0000] {processor.py:925} INFO - DAG(s) 'etl_weather_postgres_dag' retrieved from /opt/airflow/dags/05_etl_weather_postgres.py
[2026-09-02T12:38:57.272+0000] {logging_mixin.py:190} INFO - [2026-09-02T12:38:57.272+0000] {dag.py:3239} INFO - Sync 1 DAGs
[2026-09-02T12:38:57.291+0000] {logging_mixin.py:190} INFO - [2026-09-02T12:38:57.291+0000] {dag.py:4180} INFO - Setting next_dagrun for etl_weather_postgres_dag to None, run_after=None
[2026-09-02T12:38:57.317+0000] {processor.py:208} INFO - Processing /opt/airflow/dags/05_etl_weather_postgres.py took 0.130 seconds
[2026-09-02T12:39:28.052+0000] {processor.py:186} INFO - Started process (PID=163) to work on /opt/airflow/dags/05_etl_weather_postgres.py
[2026-09-02T12:39:28.054+0000] {processor.py:914} INFO - Processing file /opt/airflow/dags/05_etl_weather_postgres.py for tasks to queue
[2026-09-02T12:39:28.056+0000] {logging_mixin.py:190} INFO - [2026-09-02T12:39:28.056+0000] {dagbag.py:588} INFO - Filling up the DagBag from /opt/airflow/dags/05_etl_weather_postgres.py
[2026-09-02T12:39:28.093+0000] {processor.py:925} INFO - DAG(s) 'etl_weather_postgres_dag' retrieved from /opt/airflow/dags/05_etl_weather_postgres.py
[2026-09-02T12:39:28.137+0000] {logging_mixin.py:190} INFO - [2026-09-02T12:39:28.136+0000] {dag.py:3239} INFO - Sync 1 DAGs
[2026-09-02T12:39:28.155+0000] {logging_mixin.py:190} INFO - [2026-09-02T12:39:28.155+0000] {dag.py:4180} INFO - Setting next_dagrun for etl_weather_postgres_dag to None, run_after=None
[2026-09-02T12:39:28.376+0000] {processor.py:208} INFO - Processing /opt/airflow/dags/05_etl_weather_postgres.py took 0.330 seconds
[2026-09-02T12:39:59.117+0000] {processor.py:186} INFO - Started process (PID=177) to work on /opt/airflow/dags/05_etl_weather_postgres.py
[2026-09-02T12:39:59.118+0000] {processor.py:914} INFO - Processing file /opt/airflow/dags/05_etl_weather_postgres.py for tasks to queue
[2026-09-02T12:39:59.121+0000] {logging_mixin.py:190} INFO - [2026-09-02T12:39:59.121+0000] {dagbag.py:588} INFO - Filling up the DagBag from /opt/airflow/dags/05_etl_weather_postgres.py
[2026-09-02T12:39:59.144+0000] {processor.py:925} INFO - DAG(s) 'etl_weather_postgres_dag' retrieved from /opt/airflow/dags/05_etl_weather_postgres.py
[2026-09-02T12:39:59.340+0000] {logging_mixin.py:190} INFO - [2026-09-02T12:39:59.339+0000] {dag.py:3239} INFO - Sync 1 DAGs
[2026-09-02T12:39:59.354+0000] {logging_mixin.py:190} INFO - [2026-09-02T12:39:59.353+0000] {dag.py:4180} INFO - Setting next_dagrun for etl_weather_postgres_dag to None, run_after=None
[2026-09-02T12:39:59.375+0000] {processor.py:208} INFO - Processing /opt/airflow/dags/05_etl_weather_postgres.py took 0.265 seconds
[2026-09-02T12:40:29.634+0000] {processor.py:186} INFO - Started process (PID=191) to work on /opt/airflow/dags/05_etl_weather_postgres.py
[2026-09-02T12:40:29.636+0000] {processor.py:914} INFO - Processing file /opt/airflow/dags/05_etl_weather_postgres.py for tasks to queue
[2026-09-02T12:40:29.639+0000] {logging_mixin.py:190} INFO - [2026-09-02T12:40:29.639+0000] {dagbag.py:588} INFO - Filling up the DagBag from /opt/airflow/dags/05_etl_weather_postgres.py
[2026-09-02T12:40:29.664+0000] {processor.py:925} INFO - DAG(s) 'etl_weather_postgres_dag' retrieved from /opt/airflow/dags/05_etl_weather_postgres.py
[2026-09-02T12:40:29.698+0000] {logging_mixin.py:190} INFO - [2026-09-02T12:40:29.698+0000] {dag.py:3239} INFO - Sync 1 DAGs
[2026-09-02T12:40:29.713+0000] {logging_mixin.py:190} INFO - [2026-09-02T12:40:29.713+0000] {dag.py:4180} INFO - Setting next_dagrun for etl_weather_postgres_dag to None, run_after=None
[2026-09-02T12:40:29.781+0000] {processor.py:208} INFO - Processing /opt/airflow/dags/05_etl_weather_postgres.py took 0.153 seconds
[2026-09-02T12:40:59.934+0000] {processor.py:186} INFO - Started process (PID=205) to work on /opt/airflow/dags/05_etl_weather_postgres.py
[2026-09-02T12:40:59.935+0000] {processor.py:914} INFO - Processing file /opt/airflow/dags/05_etl_weather_postgres.py for tasks to queue
[2026-09-02T12:40:59.938+0000] {logging_mixin.py:190} INFO - [2026-09-02T12:40:59.938+0000] {dagbag.py:588} INFO - Filling up the DagBag from /opt/airflow/dags/05_etl_weather_postgres.py
[2026-09-02T12:40:59.962+0000] {processor.py:925} INFO - DAG(s) 'etl_weather_postgres_dag' retrieved from /opt/airflow/dags/05_etl_weather_postgres.py
[2026-09-02T12:41:00.048+0000] {logging_mixin.py:190} INFO - [2026-09-02T12:41:00.048+0000] {dag.py:3239} INFO - Sync 1 DAGs
[2026-09-02T12:41:00.071+0000] {logging_mixin.py:190} INFO - [2026-09-02T12:41:00.071+0000] {dag.py:4180} INFO - Setting next_dagrun for etl_weather_postgres_dag to None, run_after=None
[2026-09-02T12:41:00.097+0000] {processor.py:208} INFO - Processing /opt/airflow/dags/05_etl_weather_postgres.py took 0.169 seconds
[2026-09-02T12:41:30.370+0000] {processor.py:186} INFO - Started process (PID=219) to work on /opt/airflow/dags/05_etl_weather_postgres.py
[2026-09-02T12:41:30.372+0000] {processor.py:914} INFO - Processing file /opt/airflow/dags/05_etl_weather_postgres.py for tasks to queue
[2026-09-02T12:41:30.378+0000] {logging_mixin.py:190} INFO - [2026-09-02T12:41:30.377+0000] {dagbag.py:588} INFO - Filling up the DagBag from /opt/airflow/dags/05_etl_weather_postgres.py
[2026-09-02T12:41:30.419+0000] {processor.py:925} INFO - DAG(s) 'etl_weather_postgres_dag' retrieved from /opt/airflow/dags/05_etl_weather_postgres.py
[2026-09-02T12:41:30.498+0000] {logging_mixin.py:190} INFO - [2026-09-02T12:41:30.497+0000] {dag.py:3239} INFO - Sync 1 DAGs
[2026-09-02T12:41:30.547+0000] {logging_mixin.py:190} INFO - [2026-09-02T12:41:30.547+0000] {dag.py:4180} INFO - Setting next_dagrun for etl_weather_postgres_dag to None, run_after=None
[2026-09-02T12:41:30.587+0000] {processor.py:208} INFO - Processing /opt/airflow/dags/05_etl_weather_postgres.py took 0.227 seconds
[2026-09-02T12:42:00.824+0000] {processor.py:186} INFO - Started process (PID=233) to work on /opt/airflow/dags/05_etl_weather_postgres.py
[2026-09-02T12:42:00.827+0000] {processor.py:914} INFO - Processing file /opt/airflow/dags/05_etl_weather_postgres.py for tasks to queue
[2026-09-02T12:42:00.831+0000] {logging_mixin.py:190} INFO - [2026-09-02T12:42:00.830+0000] {dagbag.py:588} INFO - Filling up the DagBag from /opt/airflow/dags/05_etl_weather_postgres.py
[2026-09-02T12:42:00.856+0000] {processor.py:925} INFO - DAG(s) 'etl_weather_postgres_dag' retrieved from /opt/airflow/dags/05_etl_weather_postgres.py
[2026-09-02T12:42:00.898+0000] {logging_mixin.py:190} INFO - [2026-09-02T12:42:00.898+0000] {dag.py:3239} INFO - Sync 1 DAGs
[2026-09-02T12:42:00.921+0000] {logging_mixin.py:190} INFO - [2026-09-02T12:42:00.921+0000] {dag.py:4180} INFO - Setting next_dagrun for etl_weather_postgres_dag to None, run_after=None
[2026-09-02T12:42:00.949+0000] {processor.py:208} INFO - Processing /opt/airflow/dags/05_etl_weather_postgres.py took 0.133 seconds
[2026-09-02T12:42:31.871+0000] {processor.py:186} INFO - Started process (PID=248) to work on /opt/airflow/dags/05_etl_weather_postgres.py
[2026-09-02T12:42:31.872+0000] {processor.py:914} INFO - Processing file /opt/airflow/dags/05_etl_weather_postgres.py for tasks to queue
[2026-09-02T12:42:31.875+0000] {logging_mixin.py:190} INFO - [2026-09-02T12:42:31.874+0000] {dagbag.py:588} INFO - Filling up the DagBag from /opt/airflow/dags/05_etl_weather_postgres.py
[2026-09-02T12:42:31.893+0000] {processor.py:925} INFO - DAG(s) 'etl_weather_postgres_dag' retrieved from /opt/airflow/dags/05_etl_weather_postgres.py
[2026-09-02T12:42:31.923+0000] {logging_mixin.py:190} INFO - [2026-09-02T12:42:31.922+0000] {dag.py:3239} INFO - Sync 1 DAGs
[2026-09-02T12:42:31.937+0000] {logging_mixin.py:190} INFO - [2026-09-02T12:42:31.937+0000] {dag.py:4180} INFO - Setting next_dagrun for etl_weather_postgres_dag to None, run_after=None
[2026-09-02T12:42:31.960+0000] {processor.py:208} INFO - Processing /opt/airflow/dags/05_etl_weather_postgres.py took 0.095 seconds
