[2026-09-02T12:37:24.373+0000] {processor.py:186} INFO - Started process (PID=105) to work on /opt/airflow/dags/ml_02_weather_pipeline.py
[2026-09-02T12:37:24.377+0000] {processor.py:914} INFO - Processing file /opt/airflow/dags/ml_02_weather_pipeline.py for tasks to queue
[2026-09-02T12:37:24.383+0000] {logging_mixin.py:190} INFO - [2026-09-02T12:37:24.382+0000] {dagbag.py:588} INFO - Filling up the DagBag from /opt/airflow/dags/ml_02_weather_pipeline.py
[2026-09-02T12:37:26.654+0000] {processor.py:925} INFO - DAG(s) 'weather_pipeline_dag' retrieved from /opt/airflow/dags/ml_02_weather_pipeline.py
[2026-09-02T12:37:26.693+0000] {logging_mixin.py:190} INFO - [2026-09-02T12:37:26.693+0000] {dag.py:3239} INFO - Sync 1 DAGs
[2026-09-02T12:37:26.710+0000] {logging_mixin.py:190} INFO - [2026-09-02T12:37:26.710+0000] {dag.py:4180} INFO - Setting next_dagrun for weather_pipeline_dag to None, run_after=None
[2026-09-02T12:37:26.751+0000] {processor.py:208} INFO - Processing /opt/airflow/dags/ml_02_weather_pipeline.py took 2.393 seconds
[2026-09-02T12:37:56.904+0000] {processor.py:186} INFO - Started process (PID=125) to work on /opt/airflow/dags/ml_02_weather_pipeline.py
[2026-09-02T12:37:56.905+0000] {processor.py:914} INFO - Processing file /opt/airflow/dags/ml_02_weather_pipeline.py for tasks to queue
[2026-09-02T12:37:56.908+0000] {logging_mixin.py:190} INFO - [2026-09-02T12:37:56.908+0000] {dagbag.py:588} INFO - Filling up the DagBag from /opt/airflow/dags/ml_02_weather_pipeline.py
[2026-09-02T12:37:57.455+0000] {processor.py:925} INFO - DAG(s) 'weather_pipeline_dag' retrieved from /opt/airflow/dags/ml_02_weather_pipeline.py
[2026-09-02T12:37:57.488+0000] {logging_mixin.py:190} INFO - [2026-09-02T12:37:57.488+0000] {dag.py:3239} INFO - Sync 1 DAGs
[2026-09-02T12:37:57.505+0000] {logging_mixin.py:190} INFO - [2026-09-02T12:37:57.504+0000] {dag.py:4180} INFO - Setting next_dagrun for weather_pipeline_dag to None, run_after=None
[2026-09-02T12:37:57.529+0000] {processor.py:208} INFO - Processing /opt/airflow/dags/ml_02_weather_pipeline.py took 0.634 seconds
[2026-09-02T12:38:27.709+0000] {processor.py:186} INFO - Started process (PID=138) to work on /opt/airflow/dags/ml_02_weather_pipeline.py
[2026-09-02T12:38:27.712+0000] {processor.py:914} INFO - Processing file /opt/airflow/dags/ml_02_weather_pipeline.py for tasks to queue
[2026-09-02T12:38:27.721+0000] {logging_mixin.py:190} INFO - [2026-09-02T12:38:27.720+0000] {dagbag.py:588} INFO - Filling up the DagBag from /opt/airflow/dags/ml_02_weather_pipeline.py
[2026-09-02T12:38:28.847+0000] {processor.py:925} INFO - DAG(s) 'weather_pipeline_dag' retrieved from /opt/airflow/dags/ml_02_weather_pipeline.py
[2026-09-02T12:38:28.955+0000] {logging_mixin.py:190} INFO - [2026-09-02T12:38:28.953+0000] {dag.py:3239} INFO - Sync 1 DAGs
[2026-09-02T12:38:28.989+0000] {logging_mixin.py:190} INFO - [2026-09-02T12:38:28.988+0000] {dag.py:4180} INFO - Setting next_dagrun for weather_pipeline_dag to None, run_after=None
[2026-09-02T12:38:29.043+0000] {processor.py:208} INFO - Processing /opt/airflow/dags/ml_02_weather_pipeline.py took 1.352 seconds
[2026-09-02T12:38:59.449+0000] {processor.py:186} INFO - Started process (PID=152) to work on /opt/airflow/dags/ml_02_weather_pipeline.py
[2026-09-02T12:38:59.451+0000] {processor.py:914} INFO - Processing file /opt/airflow/dags/ml_02_weather_pipeline.py for tasks to queue
[2026-09-02T12:38:59.454+0000] {logging_mixin.py:190} INFO - [2026-09-02T12:38:59.454+0000] {dagbag.py:588} INFO - Filling up the DagBag from /opt/airflow/dags/ml_02_weather_pipeline.py
[2026-09-02T12:39:00.127+0000] {processor.py:925} INFO - DAG(s) 'weather_pipeline_dag' retrieved from /opt/airflow/dags/ml_02_weather_pipeline.py
[2026-09-02T12:39:00.172+0000] {logging_mixin.py:190} INFO - [2026-09-02T12:39:00.171+0000] {dag.py:3239} INFO - Sync 1 DAGs
[2026-09-02T12:39:00.202+0000] {logging_mixin.py:190} INFO - [2026-09-02T12:39:00.201+0000] {dag.py:4180} INFO - Setting next_dagrun for weather_pipeline_dag to None, run_after=None
[2026-09-02T12:39:00.250+0000] {processor.py:208} INFO - Processing /opt/airflow/dags/ml_02_weather_pipeline.py took 0.809 seconds
[2026-09-02T12:39:31.265+0000] {processor.py:186} INFO - Started process (PID=167) to work on /opt/airflow/dags/ml_02_weather_pipeline.py
[2026-09-02T12:39:31.267+0000] {processor.py:914} INFO - Processing file /opt/airflow/dags/ml_02_weather_pipeline.py for tasks to queue
[2026-09-02T12:39:31.270+0000] {logging_mixin.py:190} INFO - [2026-09-02T12:39:31.269+0000] {dagbag.py:588} INFO - Filling up the DagBag from /opt/airflow/dags/ml_02_weather_pipeline.py
[2026-09-02T12:39:31.865+0000] {processor.py:925} INFO - DAG(s) 'weather_pipeline_dag' retrieved from /opt/airflow/dags/ml_02_weather_pipeline.py
[2026-09-02T12:39:31.900+0000] {logging_mixin.py:190} INFO - [2026-09-02T12:39:31.899+0000] {dag.py:3239} INFO - Sync 1 DAGs
[2026-09-02T12:39:31.913+0000] {logging_mixin.py:190} INFO - [2026-09-02T12:39:31.912+0000] {dag.py:4180} INFO - Setting next_dagrun for weather_pipeline_dag to None, run_after=None
[2026-09-02T12:39:31.935+0000] {processor.py:208} INFO - Processing /opt/airflow/dags/ml_02_weather_pipeline.py took 0.676 seconds
[2026-09-02T12:40:02.844+0000] {processor.py:186} INFO - Started process (PID=181) to work on /opt/airflow/dags/ml_02_weather_pipeline.py
[2026-09-02T12:40:02.846+0000] {processor.py:914} INFO - Processing file /opt/airflow/dags/ml_02_weather_pipeline.py for tasks to queue
[2026-09-02T12:40:02.851+0000] {logging_mixin.py:190} INFO - [2026-09-02T12:40:02.851+0000] {dagbag.py:588} INFO - Filling up the DagBag from /opt/airflow/dags/ml_02_weather_pipeline.py
[2026-09-02T12:40:03.536+0000] {processor.py:925} INFO - DAG(s) 'weather_pipeline_dag' retrieved from /opt/airflow/dags/ml_02_weather_pipeline.py
[2026-09-02T12:40:03.568+0000] {logging_mixin.py:190} INFO - [2026-09-02T12:40:03.568+0000] {dag.py:3239} INFO - Sync 1 DAGs
[2026-09-02T12:40:03.583+0000] {logging_mixin.py:190} INFO - [2026-09-02T12:40:03.583+0000] {dag.py:4180} INFO - Setting next_dagrun for weather_pipeline_dag to None, run_after=None
[2026-09-02T12:40:03.621+0000] {processor.py:208} INFO - Processing /opt/airflow/dags/ml_02_weather_pipeline.py took 0.786 seconds
[2026-09-02T12:40:34.122+0000] {processor.py:186} INFO - Started process (PID=195) to work on /opt/airflow/dags/ml_02_weather_pipeline.py
[2026-09-02T12:40:34.124+0000] {processor.py:914} INFO - Processing file /opt/airflow/dags/ml_02_weather_pipeline.py for tasks to queue
[2026-09-02T12:40:34.128+0000] {logging_mixin.py:190} INFO - [2026-09-02T12:40:34.127+0000] {dagbag.py:588} INFO - Filling up the DagBag from /opt/airflow/dags/ml_02_weather_pipeline.py
[2026-09-02T12:40:34.523+0000] {processor.py:925} INFO - DAG(s) 'weather_pipeline_dag' retrieved from /opt/airflow/dags/ml_02_weather_pipeline.py
[2026-09-02T12:40:34.555+0000] {logging_mixin.py:190} INFO - [2026-09-02T12:40:34.555+0000] {dag.py:3239} INFO - Sync 1 DAGs
[2026-09-02T12:40:34.575+0000] {logging_mixin.py:190} INFO - [2026-09-02T12:40:34.575+0000] {dag.py:4180} INFO - Setting next_dagrun for weather_pipeline_dag to None, run_after=None
[2026-09-02T12:40:34.604+0000] {processor.py:208} INFO - Processing /opt/airflow/dags/ml_02_weather_pipeline.py took 0.491 seconds
[2026-09-02T12:41:05.431+0000] {processor.py:186} INFO - Started process (PID=209) to work on /opt/airflow/dags/ml_02_weather_pipeline.py
[2026-09-02T12:41:05.433+0000] {processor.py:914} INFO - Processing file /opt/airflow/dags/ml_02_weather_pipeline.py for tasks to queue
[2026-09-02T12:41:05.436+0000] {logging_mixin.py:190} INFO - [2026-09-02T12:41:05.436+0000] {dagbag.py:588} INFO - Filling up the DagBag from /opt/airflow/dags/ml_02_weather_pipeline.py
[2026-09-02T12:41:05.884+0000] {processor.py:925} INFO - DAG(s) 'weather_pipeline_dag' retrieved from /opt/airflow/dags/ml_02_weather_pipeline.py
[2026-09-02T12:41:05.918+0000] {logging_mixin.py:190} INFO - [2026-09-02T12:41:05.918+0000] {dag.py:3239} INFO - Sync 1 DAGs
[2026-09-02T12:41:05.935+0000] {logging_mixin.py:190} INFO - [2026-09-02T12:41:05.935+0000] {dag.py:4180} INFO - Setting next_dagrun for weather_pipeline_dag to None, run_after=None
[2026-09-02T12:41:05.965+0000] {processor.py:208} INFO - Processing /opt/airflow/dags/ml_02_weather_pipeline.py took 0.541 seconds
[2026-09-02T12:41:36.936+0000] {processor.py:186} INFO - Started process (PID=223) to work on /opt/airflow/dags/ml_02_weather_pipeline.py
[2026-09-02T12:41:36.937+0000] {processor.py:914} INFO - Processing file /opt/airflow/dags/ml_02_weather_pipeline.py for tasks to queue
[2026-09-02T12:41:36.941+0000] {logging_mixin.py:190} INFO - [2026-09-02T12:41:36.941+0000] {dagbag.py:588} INFO - Filling up the DagBag from /opt/airflow/dags/ml_02_weather_pipeline.py
[2026-09-02T12:41:37.360+0000] {processor.py:925} INFO - DAG(s) 'weather_pipeline_dag' retrieved from /opt/airflow/dags/ml_02_weather_pipeline.py
[2026-09-02T12:41:37.396+0000] {logging_mixin.py:190} INFO - [2026-09-02T12:41:37.395+0000] {dag.py:3239} INFO - Sync 1 DAGs
[2026-09-02T12:41:37.414+0000] {logging_mixin.py:190} INFO - [2026-09-02T12:41:37.414+0000] {dag.py:4180} INFO - Setting next_dagrun for weather_pipeline_dag to None, run_after=None
[2026-09-02T12:41:37.451+0000] {processor.py:208} INFO - Processing /opt/airflow/dags/ml_02_weather_pipeline.py took 0.525 seconds
[2026-09-02T12:42:08.201+0000] {processor.py:186} INFO - Started process (PID=237) to work on /opt/airflow/dags/ml_02_weather_pipeline.py
[2026-09-02T12:42:08.203+0000] {processor.py:914} INFO - Processing file /opt/airflow/dags/ml_02_weather_pipeline.py for tasks to queue
[2026-09-02T12:42:08.206+0000] {logging_mixin.py:190} INFO - [2026-09-02T12:42:08.205+0000] {dagbag.py:588} INFO - Filling up the DagBag from /opt/airflow/dags/ml_02_weather_pipeline.py
[2026-09-02T12:42:08.650+0000] {processor.py:925} INFO - DAG(s) 'weather_pipeline_dag' retrieved from /opt/airflow/dags/ml_02_weather_pipeline.py
[2026-09-02T12:42:08.691+0000] {logging_mixin.py:190} INFO - [2026-09-02T12:42:08.690+0000] {dag.py:3239} INFO - Sync 1 DAGs
[2026-09-02T12:42:08.710+0000] {logging_mixin.py:190} INFO - [2026-09-02T12:42:08.709+0000] {dag.py:4180} INFO - Setting next_dagrun for weather_pipeline_dag to None, run_after=None
[2026-09-02T12:42:08.734+0000] {processor.py:208} INFO - Processing /opt/airflow/dags/ml_02_weather_pipeline.py took 0.540 seconds
[2026-09-02T12:42:39.631+0000] {processor.py:186} INFO - Started process (PID=252) to work on /opt/airflow/dags/ml_02_weather_pipeline.py
[2026-09-02T12:42:39.643+0000] {processor.py:914} INFO - Processing file /opt/airflow/dags/ml_02_weather_pipeline.py for tasks to queue
[2026-09-02T12:42:39.653+0000] {logging_mixin.py:190} INFO - [2026-09-02T12:42:39.652+0000] {dagbag.py:588} INFO - Filling up the DagBag from /opt/airflow/dags/ml_02_weather_pipeline.py
[2026-09-02T12:42:40.354+0000] {processor.py:925} INFO - DAG(s) 'weather_pipeline_dag' retrieved from /opt/airflow/dags/ml_02_weather_pipeline.py
[2026-09-02T12:42:40.418+0000] {logging_mixin.py:190} INFO - [2026-09-02T12:42:40.416+0000] {dag.py:3239} INFO - Sync 1 DAGs
[2026-09-02T12:42:40.452+0000] {logging_mixin.py:190} INFO - [2026-09-02T12:42:40.452+0000] {dag.py:4180} INFO - Setting next_dagrun for weather_pipeline_dag to None, run_after=None
[2026-09-02T12:42:40.493+0000] {processor.py:208} INFO - Processing /opt/airflow/dags/ml_02_weather_pipeline.py took 0.899 seconds
