[2026-08-31T08:14:22.632+0000] {local_task_job_runner.py:123} INFO - ::group::Pre task execution logs
[2026-08-31T08:14:22.648+0000] {taskinstance.py:2613} INFO - Dependencies all met for dep_context=non-requeueable deps ti=<TaskInstance: weather_pipeline_dag.extract_today_weather manual__2026-08-31T08:14:14.648450+00:00 [queued]>
[2026-08-31T08:14:22.656+0000] {taskinstance.py:2613} INFO - Dependencies all met for dep_context=requeueable deps ti=<TaskInstance: weather_pipeline_dag.extract_today_weather manual__2026-08-31T08:14:14.648450+00:00 [queued]>
[2026-08-31T08:14:22.658+0000] {taskinstance.py:2866} INFO - Starting attempt 1 of 2
[2026-08-31T08:14:22.669+0000] {taskinstance.py:2889} INFO - Executing <Task(PythonOperator): extract_today_weather> on 2026-08-31 08:14:14.648450+00:00
[2026-08-31T08:14:22.674+0000] {warnings.py:112} WARNING - /home/***/.local/lib/python3.12/site-packages/***/task/task_runner/standard_task_runner.py:70: DeprecationWarning: This process (pid=441) is multi-threaded, use of fork() may lead to deadlocks in the child.
  pid = os.fork()

[2026-08-31T08:14:22.676+0000] {standard_task_runner.py:72} INFO - Started process 443 to run task
[2026-08-31T08:14:22.676+0000] {standard_task_runner.py:104} INFO - Running: ['***', 'tasks', 'run', 'weather_pipeline_dag', 'extract_today_weather', 'manual__2026-08-31T08:14:14.648450+00:00', '--job-id', '46', '--raw', '--subdir', 'DAGS_FOLDER/ml_02_weather_pipeline.py', '--cfg-path', '/tmp/tmp_4vfzsv1']
[2026-08-31T08:14:22.678+0000] {standard_task_runner.py:105} INFO - Job 46: Subtask extract_today_weather
[2026-08-31T08:14:22.751+0000] {task_command.py:467} INFO - Running <TaskInstance: weather_pipeline_dag.extract_today_weather manual__2026-08-31T08:14:14.648450+00:00 [running]> on host bf6d2807926d
[2026-08-31T08:14:23.086+0000] {taskinstance.py:3132} INFO - Exporting env vars: AIRFLOW_CTX_DAG_OWNER='workshop2' AIRFLOW_CTX_DAG_ID='weather_pipeline_dag' AIRFLOW_CTX_TASK_ID='extract_today_weather' AIRFLOW_CTX_EXECUTION_DATE='2026-08-31T08:14:14.648450+00:00' AIRFLOW_CTX_TRY_NUMBER='1' AIRFLOW_CTX_DAG_RUN_ID='manual__2026-08-31T08:14:14.648450+00:00'
[2026-08-31T08:14:23.088+0000] {taskinstance.py:731} INFO - ::endgroup::
[2026-08-31T08:14:24.665+0000] {base.py:84} INFO - Retrieving connection 'postgres_target'
[2026-08-31T08:14:24.676+0000] {sql.py:553} INFO - Running statement: 
        INSERT INTO weather_history (date, province, temperature)
        VALUES (%s, %s, %s)
        ON CONFLICT (date, province)
        DO UPDATE SET temperature = EXCLUDED.temperature, inserted_at = NOW();
        , parameters: (datetime.date(2026, 8, 31), 'กรุงเทพฯ', 28.1)
[2026-08-31T08:14:24.681+0000] {sql.py:562} INFO - Rows affected: 1
[2026-08-31T08:14:24.683+0000] {logging_mixin.py:190} INFO - บันทึกอุณหภูมิวันนี้ (2026-08-31): 28.1 °C
[2026-08-31T08:14:24.686+0000] {python.py:240} INFO - Done. Returned value was: None
[2026-08-31T08:14:24.700+0000] {taskinstance.py:340} INFO - ::group::Post task execution logs
[2026-08-31T08:14:24.701+0000] {taskinstance.py:352} INFO - Marking task as SUCCESS. dag_id=weather_pipeline_dag, task_id=extract_today_weather, run_id=manual__2026-08-31T08:14:14.648450+00:00, execution_date=20260831T081414, start_date=20260831T081422, end_date=20260831T081424
[2026-08-31T08:14:24.744+0000] {local_task_job_runner.py:266} INFO - Task exited with return code 0
[2026-08-31T08:14:25.041+0000] {taskinstance.py:3895} INFO - 1 downstream tasks scheduled from follow-on schedule check
[2026-08-31T08:14:25.044+0000] {local_task_job_runner.py:245} INFO - ::endgroup::
