[2026-08-24T07:40:15.989+0000] {local_task_job_runner.py:123} INFO - ::group::Pre task execution logs
[2026-08-24T07:40:16.005+0000] {taskinstance.py:2613} INFO - Dependencies all met for dep_context=non-requeueable deps ti=<TaskInstance: parallel_weather_dag.summarize_weather manual__2026-08-24T07:40:09.981539+00:00 [queued]>
[2026-08-24T07:40:16.013+0000] {taskinstance.py:2613} INFO - Dependencies all met for dep_context=requeueable deps ti=<TaskInstance: parallel_weather_dag.summarize_weather manual__2026-08-24T07:40:09.981539+00:00 [queued]>
[2026-08-24T07:40:16.016+0000] {taskinstance.py:2866} INFO - Starting attempt 1 of 2
[2026-08-24T07:40:16.033+0000] {taskinstance.py:2889} INFO - Executing <Task(PythonOperator): summarize_weather> on 2026-08-24 07:40:09.981539+00:00
[2026-08-24T07:40:16.040+0000] {warnings.py:112} WARNING - /home/***/.local/lib/python3.12/site-packages/***/task/task_runner/standard_task_runner.py:70: DeprecationWarning: This process (pid=644) is multi-threaded, use of fork() may lead to deadlocks in the child.
  pid = os.fork()

[2026-08-24T07:40:16.042+0000] {standard_task_runner.py:104} INFO - Running: ['***', 'tasks', 'run', 'parallel_weather_dag', 'summarize_weather', 'manual__2026-08-24T07:40:09.981539+00:00', '--job-id', '17', '--raw', '--subdir', 'DAGS_FOLDER/04_parallel_weather.py', '--cfg-path', '/tmp/tmpkbuv1ptf']
[2026-08-24T07:40:16.044+0000] {standard_task_runner.py:72} INFO - Started process 645 to run task
[2026-08-24T07:40:16.045+0000] {standard_task_runner.py:105} INFO - Job 17: Subtask summarize_weather
[2026-08-24T07:40:16.121+0000] {task_command.py:467} INFO - Running <TaskInstance: parallel_weather_dag.summarize_weather manual__2026-08-24T07:40:09.981539+00:00 [running]> on host 68db78767e9c
[2026-08-24T07:40:16.192+0000] {taskinstance.py:3132} INFO - Exporting env vars: AIRFLOW_CTX_DAG_OWNER='workshop' AIRFLOW_CTX_DAG_ID='parallel_weather_dag' AIRFLOW_CTX_TASK_ID='summarize_weather' AIRFLOW_CTX_EXECUTION_DATE='2026-08-24T07:40:09.981539+00:00' AIRFLOW_CTX_TRY_NUMBER='1' AIRFLOW_CTX_DAG_RUN_ID='manual__2026-08-24T07:40:09.981539+00:00'
[2026-08-24T07:40:16.193+0000] {taskinstance.py:731} INFO - ::endgroup::
[2026-08-24T07:40:16.211+0000] {logging_mixin.py:190} INFO - กรุงเทพฯ: 32.6 °C
[2026-08-24T07:40:16.219+0000] {logging_mixin.py:190} INFO - เชียงใหม่: 29.7 °C
[2026-08-24T07:40:16.227+0000] {logging_mixin.py:190} INFO - ขอนแก่น: 30.9 °C
[2026-08-24T07:40:16.248+0000] {logging_mixin.py:190} INFO - ภูเก็ต: 26.5 °C
[2026-08-24T07:40:16.252+0000] {logging_mixin.py:190} INFO - ===== สรุปผล =====
[2026-08-24T07:40:16.256+0000] {logging_mixin.py:190} INFO - จังหวัดที่ร้อนที่สุดตอนนี้: กรุงเทพฯ (32.6 °C)
[2026-08-24T07:40:16.257+0000] {logging_mixin.py:190} INFO - จังหวัดที่เย็นที่สุดตอนนี้: ภูเก็ต (26.5 °C)
[2026-08-24T07:40:16.258+0000] {python.py:240} INFO - Done. Returned value was: None
[2026-08-24T07:40:16.284+0000] {taskinstance.py:340} INFO - ::group::Post task execution logs
[2026-08-24T07:40:16.285+0000] {taskinstance.py:352} INFO - Marking task as SUCCESS. dag_id=parallel_weather_dag, task_id=summarize_weather, run_id=manual__2026-08-24T07:40:09.981539+00:00, execution_date=20260824T074009, start_date=20260824T074016, end_date=20260824T074016
[2026-08-24T07:40:16.340+0000] {local_task_job_runner.py:266} INFO - Task exited with return code 0
[2026-08-24T07:40:16.367+0000] {taskinstance.py:3895} INFO - 0 downstream tasks scheduled from follow-on schedule check
[2026-08-24T07:40:16.370+0000] {local_task_job_runner.py:245} INFO - ::endgroup::
