[2026-08-24T07:23:01.940+0000] {local_task_job_runner.py:123} INFO - ::group::Pre task execution logs
[2026-08-24T07:23:01.957+0000] {taskinstance.py:2613} INFO - Dependencies all met for dep_context=non-requeueable deps ti=<TaskInstance: hello_dag.print_date manual__2026-08-24T07:23:00.453106+00:00 [queued]>
[2026-08-24T07:23:01.964+0000] {taskinstance.py:2613} INFO - Dependencies all met for dep_context=requeueable deps ti=<TaskInstance: hello_dag.print_date manual__2026-08-24T07:23:00.453106+00:00 [queued]>
[2026-08-24T07:23:01.966+0000] {taskinstance.py:2866} INFO - Starting attempt 1 of 2
[2026-08-24T07:23:01.975+0000] {taskinstance.py:2889} INFO - Executing <Task(BashOperator): print_date> on 2026-08-24 07:23:00.453106+00:00
[2026-08-24T07:23:01.981+0000] {warnings.py:112} WARNING - /home/***/.local/lib/python3.12/site-packages/***/task/task_runner/standard_task_runner.py:70: DeprecationWarning: This process (pid=376) is multi-threaded, use of fork() may lead to deadlocks in the child.
  pid = os.fork()

[2026-08-24T07:23:01.982+0000] {standard_task_runner.py:104} INFO - Running: ['***', 'tasks', 'run', 'hello_dag', 'print_date', 'manual__2026-08-24T07:23:00.453106+00:00', '--job-id', '3', '--raw', '--subdir', 'DAGS_FOLDER/01_hello_dag.py', '--cfg-path', '/tmp/tmpjn0j20an']
[2026-08-24T07:23:01.983+0000] {standard_task_runner.py:72} INFO - Started process 377 to run task
[2026-08-24T07:23:01.983+0000] {standard_task_runner.py:105} INFO - Job 3: Subtask print_date
[2026-08-24T07:23:02.047+0000] {task_command.py:467} INFO - Running <TaskInstance: hello_dag.print_date manual__2026-08-24T07:23:00.453106+00:00 [running]> on host 68db78767e9c
[2026-08-24T07:23:02.123+0000] {taskinstance.py:3132} INFO - Exporting env vars: AIRFLOW_CTX_DAG_OWNER='workshop' AIRFLOW_CTX_DAG_ID='hello_dag' AIRFLOW_CTX_TASK_ID='print_date' AIRFLOW_CTX_EXECUTION_DATE='2026-08-24T07:23:00.453106+00:00' AIRFLOW_CTX_TRY_NUMBER='1' AIRFLOW_CTX_DAG_RUN_ID='manual__2026-08-24T07:23:00.453106+00:00'
[2026-08-24T07:23:02.126+0000] {taskinstance.py:731} INFO - ::endgroup::
[2026-08-24T07:23:02.166+0000] {subprocess.py:78} INFO - Tmp dir root location: /tmp
[2026-08-24T07:23:02.167+0000] {subprocess.py:88} INFO - Running command: ['/usr/bin/bash', '-c', 'date']
[2026-08-24T07:23:02.175+0000] {subprocess.py:99} INFO - Output:
[2026-08-24T07:23:02.180+0000] {subprocess.py:106} INFO - Mon Aug 24 07:23:02 UTC 2026
[2026-08-24T07:23:02.181+0000] {subprocess.py:110} INFO - Command exited with return code 0
[2026-08-24T07:23:02.203+0000] {taskinstance.py:340} INFO - ::group::Post task execution logs
[2026-08-24T07:23:02.204+0000] {taskinstance.py:352} INFO - Marking task as SUCCESS. dag_id=hello_dag, task_id=print_date, run_id=manual__2026-08-24T07:23:00.453106+00:00, execution_date=20260824T072300, start_date=20260824T072301, end_date=20260824T072302
[2026-08-24T07:23:02.241+0000] {local_task_job_runner.py:266} INFO - Task exited with return code 0
[2026-08-24T07:23:02.268+0000] {taskinstance.py:3895} INFO - 1 downstream tasks scheduled from follow-on schedule check
[2026-08-24T07:23:02.271+0000] {local_task_job_runner.py:245} INFO - ::endgroup::
