[2026-09-02T12:38:31.066+0000] {local_task_job_runner.py:123} INFO - ::group::Pre task execution logs
[2026-09-02T12:38:31.091+0000] {taskinstance.py:2613} INFO - Dependencies all met for dep_context=non-requeueable deps ti=<TaskInstance: branching_dag.high_branch_task manual__2026-09-02T12:38:26.311351+00:00 [queued]>
[2026-09-02T12:38:31.111+0000] {taskinstance.py:2613} INFO - Dependencies all met for dep_context=requeueable deps ti=<TaskInstance: branching_dag.high_branch_task manual__2026-09-02T12:38:26.311351+00:00 [queued]>
[2026-09-02T12:38:31.124+0000] {taskinstance.py:2866} INFO - Starting attempt 1 of 2
[2026-09-02T12:38:31.179+0000] {taskinstance.py:2889} INFO - Executing <Task(PythonOperator): high_branch_task> on 2026-09-02 12:38:26.311351+00:00
[2026-09-02T12:38:31.215+0000] {warnings.py:112} WARNING - /home/***/.local/lib/python3.12/site-packages/***/task/task_runner/standard_task_runner.py:70: DeprecationWarning: This process (pid=120) is multi-threaded, use of fork() may lead to deadlocks in the child.
  pid = os.fork()

[2026-09-02T12:38:31.229+0000] {standard_task_runner.py:104} INFO - Running: ['***', 'tasks', 'run', 'branching_dag', 'high_branch_task', 'manual__2026-09-02T12:38:26.311351+00:00', '--job-id', '60', '--raw', '--subdir', 'DAGS_FOLDER/03_branching_dag.py', '--cfg-path', '/tmp/tmpsnd22yph']
[2026-09-02T12:38:31.245+0000] {standard_task_runner.py:72} INFO - Started process 121 to run task
[2026-09-02T12:38:31.256+0000] {standard_task_runner.py:105} INFO - Job 60: Subtask high_branch_task
[2026-09-02T12:38:31.477+0000] {task_command.py:467} INFO - Running <TaskInstance: branching_dag.high_branch_task manual__2026-09-02T12:38:26.311351+00:00 [running]> on host 32450f752a6d
[2026-09-02T12:38:31.578+0000] {taskinstance.py:3132} INFO - Exporting env vars: AIRFLOW_CTX_DAG_OWNER='workshop' AIRFLOW_CTX_DAG_ID='branching_dag' AIRFLOW_CTX_TASK_ID='high_branch_task' AIRFLOW_CTX_EXECUTION_DATE='2026-09-02T12:38:26.311351+00:00' AIRFLOW_CTX_TRY_NUMBER='1' AIRFLOW_CTX_DAG_RUN_ID='manual__2026-09-02T12:38:26.311351+00:00'
[2026-09-02T12:38:31.579+0000] {taskinstance.py:731} INFO - ::endgroup::
[2026-09-02T12:38:31.604+0000] {logging_mixin.py:190} INFO - เข้าสู่เส้นทาง HIGH: ตัวเลขที่สุ่มได้คือ 79 (>= 50)
[2026-09-02T12:38:31.605+0000] {logging_mixin.py:190} INFO - จำลองการประมวลผลสำหรับกรณีค่าสูง...
[2026-09-02T12:38:31.605+0000] {python.py:240} INFO - Done. Returned value was: high
[2026-09-02T12:38:31.634+0000] {taskinstance.py:340} INFO - ::group::Post task execution logs
[2026-09-02T12:38:31.635+0000] {taskinstance.py:352} INFO - Marking task as SUCCESS. dag_id=branching_dag, task_id=high_branch_task, run_id=manual__2026-09-02T12:38:26.311351+00:00, execution_date=20260902T123826, start_date=20260902T123831, end_date=20260902T123831
[2026-09-02T12:38:31.691+0000] {local_task_job_runner.py:266} INFO - Task exited with return code 0
[2026-09-02T12:38:31.714+0000] {taskinstance.py:3895} INFO - 1 downstream tasks scheduled from follow-on schedule check
[2026-09-02T12:38:31.718+0000] {local_task_job_runner.py:245} INFO - ::endgroup::
