[2026-09-01T08:04:54.829+0000] {processor.py:186} INFO - Started process (PID=106) to work on /opt/airflow/dags/02_xcom_dag.py
[2026-09-01T08:04:54.831+0000] {processor.py:914} INFO - Processing file /opt/airflow/dags/02_xcom_dag.py for tasks to queue
[2026-09-01T08:04:54.835+0000] {logging_mixin.py:190} INFO - [2026-09-01T08:04:54.834+0000] {dagbag.py:588} INFO - Filling up the DagBag from /opt/airflow/dags/02_xcom_dag.py
[2026-09-01T08:04:54.874+0000] {processor.py:925} INFO - DAG(s) 'xcom_dag' retrieved from /opt/airflow/dags/02_xcom_dag.py
[2026-09-01T08:04:54.918+0000] {logging_mixin.py:190} INFO - [2026-09-01T08:04:54.917+0000] {dag.py:3239} INFO - Sync 1 DAGs
[2026-09-01T08:04:54.941+0000] {logging_mixin.py:190} INFO - [2026-09-01T08:04:54.941+0000] {dag.py:4180} INFO - Setting next_dagrun for xcom_dag to None, run_after=None
[2026-09-01T08:04:54.976+0000] {processor.py:208} INFO - Processing /opt/airflow/dags/02_xcom_dag.py took 0.154 seconds
[2026-09-01T08:05:25.757+0000] {processor.py:186} INFO - Started process (PID=118) to work on /opt/airflow/dags/02_xcom_dag.py
[2026-09-01T08:05:25.759+0000] {processor.py:914} INFO - Processing file /opt/airflow/dags/02_xcom_dag.py for tasks to queue
[2026-09-01T08:05:25.762+0000] {logging_mixin.py:190} INFO - [2026-09-01T08:05:25.761+0000] {dagbag.py:588} INFO - Filling up the DagBag from /opt/airflow/dags/02_xcom_dag.py
[2026-09-01T08:05:25.786+0000] {processor.py:925} INFO - DAG(s) 'xcom_dag' retrieved from /opt/airflow/dags/02_xcom_dag.py
[2026-09-01T08:05:25.816+0000] {logging_mixin.py:190} INFO - [2026-09-01T08:05:25.815+0000] {dag.py:3239} INFO - Sync 1 DAGs
[2026-09-01T08:05:25.836+0000] {logging_mixin.py:190} INFO - [2026-09-01T08:05:25.836+0000] {dag.py:4180} INFO - Setting next_dagrun for xcom_dag to None, run_after=None
[2026-09-01T08:05:25.867+0000] {processor.py:208} INFO - Processing /opt/airflow/dags/02_xcom_dag.py took 0.115 seconds
[2026-09-01T08:05:56.651+0000] {processor.py:186} INFO - Started process (PID=132) to work on /opt/airflow/dags/02_xcom_dag.py
[2026-09-01T08:05:56.655+0000] {processor.py:914} INFO - Processing file /opt/airflow/dags/02_xcom_dag.py for tasks to queue
[2026-09-01T08:05:56.664+0000] {logging_mixin.py:190} INFO - [2026-09-01T08:05:56.663+0000] {dagbag.py:588} INFO - Filling up the DagBag from /opt/airflow/dags/02_xcom_dag.py
[2026-09-01T08:05:56.753+0000] {processor.py:925} INFO - DAG(s) 'xcom_dag' retrieved from /opt/airflow/dags/02_xcom_dag.py
[2026-09-01T08:05:56.813+0000] {logging_mixin.py:190} INFO - [2026-09-01T08:05:56.812+0000] {dag.py:3239} INFO - Sync 1 DAGs
[2026-09-01T08:05:56.843+0000] {logging_mixin.py:190} INFO - [2026-09-01T08:05:56.842+0000] {dag.py:4180} INFO - Setting next_dagrun for xcom_dag to None, run_after=None
[2026-09-01T08:05:56.898+0000] {processor.py:208} INFO - Processing /opt/airflow/dags/02_xcom_dag.py took 0.267 seconds
[2026-09-01T08:06:27.722+0000] {processor.py:186} INFO - Started process (PID=146) to work on /opt/airflow/dags/02_xcom_dag.py
[2026-09-01T08:06:27.726+0000] {processor.py:914} INFO - Processing file /opt/airflow/dags/02_xcom_dag.py for tasks to queue
[2026-09-01T08:06:27.735+0000] {logging_mixin.py:190} INFO - [2026-09-01T08:06:27.734+0000] {dagbag.py:588} INFO - Filling up the DagBag from /opt/airflow/dags/02_xcom_dag.py
[2026-09-01T08:06:27.834+0000] {processor.py:925} INFO - DAG(s) 'xcom_dag' retrieved from /opt/airflow/dags/02_xcom_dag.py
[2026-09-01T08:06:27.925+0000] {logging_mixin.py:190} INFO - [2026-09-01T08:06:27.925+0000] {dag.py:3239} INFO - Sync 1 DAGs
[2026-09-01T08:06:27.973+0000] {logging_mixin.py:190} INFO - [2026-09-01T08:06:27.972+0000] {dag.py:4180} INFO - Setting next_dagrun for xcom_dag to None, run_after=None
[2026-09-01T08:06:28.026+0000] {processor.py:208} INFO - Processing /opt/airflow/dags/02_xcom_dag.py took 0.329 seconds
[2026-09-01T08:06:58.888+0000] {processor.py:186} INFO - Started process (PID=160) to work on /opt/airflow/dags/02_xcom_dag.py
[2026-09-01T08:06:58.891+0000] {processor.py:914} INFO - Processing file /opt/airflow/dags/02_xcom_dag.py for tasks to queue
[2026-09-01T08:06:58.900+0000] {logging_mixin.py:190} INFO - [2026-09-01T08:06:58.899+0000] {dagbag.py:588} INFO - Filling up the DagBag from /opt/airflow/dags/02_xcom_dag.py
[2026-09-01T08:06:59.040+0000] {processor.py:925} INFO - DAG(s) 'xcom_dag' retrieved from /opt/airflow/dags/02_xcom_dag.py
[2026-09-01T08:06:59.095+0000] {logging_mixin.py:190} INFO - [2026-09-01T08:06:59.094+0000] {dag.py:3239} INFO - Sync 1 DAGs
[2026-09-01T08:06:59.118+0000] {logging_mixin.py:190} INFO - [2026-09-01T08:06:59.118+0000] {dag.py:4180} INFO - Setting next_dagrun for xcom_dag to None, run_after=None
[2026-09-01T08:06:59.163+0000] {processor.py:208} INFO - Processing /opt/airflow/dags/02_xcom_dag.py took 0.290 seconds
[2026-09-01T08:07:29.472+0000] {processor.py:186} INFO - Started process (PID=175) to work on /opt/airflow/dags/02_xcom_dag.py
[2026-09-01T08:07:29.474+0000] {processor.py:914} INFO - Processing file /opt/airflow/dags/02_xcom_dag.py for tasks to queue
[2026-09-01T08:07:29.478+0000] {logging_mixin.py:190} INFO - [2026-09-01T08:07:29.477+0000] {dagbag.py:588} INFO - Filling up the DagBag from /opt/airflow/dags/02_xcom_dag.py
[2026-09-01T08:07:29.504+0000] {processor.py:925} INFO - DAG(s) 'xcom_dag' retrieved from /opt/airflow/dags/02_xcom_dag.py
[2026-09-01T08:07:29.537+0000] {logging_mixin.py:190} INFO - [2026-09-01T08:07:29.537+0000] {dag.py:3239} INFO - Sync 1 DAGs
[2026-09-01T08:07:29.715+0000] {logging_mixin.py:190} INFO - [2026-09-01T08:07:29.714+0000] {dag.py:4180} INFO - Setting next_dagrun for xcom_dag to None, run_after=None
[2026-09-01T08:07:29.742+0000] {processor.py:208} INFO - Processing /opt/airflow/dags/02_xcom_dag.py took 0.282 seconds
[2026-09-01T08:08:00.294+0000] {processor.py:186} INFO - Started process (PID=189) to work on /opt/airflow/dags/02_xcom_dag.py
[2026-09-01T08:08:00.296+0000] {processor.py:914} INFO - Processing file /opt/airflow/dags/02_xcom_dag.py for tasks to queue
[2026-09-01T08:08:00.299+0000] {logging_mixin.py:190} INFO - [2026-09-01T08:08:00.299+0000] {dagbag.py:588} INFO - Filling up the DagBag from /opt/airflow/dags/02_xcom_dag.py
[2026-09-01T08:08:00.507+0000] {processor.py:925} INFO - DAG(s) 'xcom_dag' retrieved from /opt/airflow/dags/02_xcom_dag.py
[2026-09-01T08:08:00.552+0000] {logging_mixin.py:190} INFO - [2026-09-01T08:08:00.552+0000] {dag.py:3239} INFO - Sync 1 DAGs
[2026-09-01T08:08:00.573+0000] {logging_mixin.py:190} INFO - [2026-09-01T08:08:00.573+0000] {dag.py:4180} INFO - Setting next_dagrun for xcom_dag to None, run_after=None
[2026-09-01T08:08:00.604+0000] {processor.py:208} INFO - Processing /opt/airflow/dags/02_xcom_dag.py took 0.318 seconds
[2026-09-01T08:08:30.764+0000] {processor.py:186} INFO - Started process (PID=203) to work on /opt/airflow/dags/02_xcom_dag.py
[2026-09-01T08:08:30.766+0000] {processor.py:914} INFO - Processing file /opt/airflow/dags/02_xcom_dag.py for tasks to queue
[2026-09-01T08:08:30.769+0000] {logging_mixin.py:190} INFO - [2026-09-01T08:08:30.768+0000] {dagbag.py:588} INFO - Filling up the DagBag from /opt/airflow/dags/02_xcom_dag.py
[2026-09-01T08:08:30.793+0000] {processor.py:925} INFO - DAG(s) 'xcom_dag' retrieved from /opt/airflow/dags/02_xcom_dag.py
[2026-09-01T08:08:30.826+0000] {logging_mixin.py:190} INFO - [2026-09-01T08:08:30.825+0000] {dag.py:3239} INFO - Sync 1 DAGs
[2026-09-01T08:08:30.843+0000] {logging_mixin.py:190} INFO - [2026-09-01T08:08:30.843+0000] {dag.py:4180} INFO - Setting next_dagrun for xcom_dag to None, run_after=None
[2026-09-01T08:08:30.875+0000] {processor.py:208} INFO - Processing /opt/airflow/dags/02_xcom_dag.py took 0.119 seconds
[2026-09-01T08:09:01.790+0000] {processor.py:186} INFO - Started process (PID=217) to work on /opt/airflow/dags/02_xcom_dag.py
[2026-09-01T08:09:01.792+0000] {processor.py:914} INFO - Processing file /opt/airflow/dags/02_xcom_dag.py for tasks to queue
[2026-09-01T08:09:01.796+0000] {logging_mixin.py:190} INFO - [2026-09-01T08:09:01.795+0000] {dagbag.py:588} INFO - Filling up the DagBag from /opt/airflow/dags/02_xcom_dag.py
[2026-09-01T08:09:01.825+0000] {processor.py:925} INFO - DAG(s) 'xcom_dag' retrieved from /opt/airflow/dags/02_xcom_dag.py
[2026-09-01T08:09:01.867+0000] {logging_mixin.py:190} INFO - [2026-09-01T08:09:01.867+0000] {dag.py:3239} INFO - Sync 1 DAGs
[2026-09-01T08:09:01.892+0000] {logging_mixin.py:190} INFO - [2026-09-01T08:09:01.891+0000] {dag.py:4180} INFO - Setting next_dagrun for xcom_dag to None, run_after=None
[2026-09-01T08:09:01.914+0000] {processor.py:208} INFO - Processing /opt/airflow/dags/02_xcom_dag.py took 0.132 seconds
