[2026-09-01T08:04:54.624+0000] {processor.py:186} INFO - Started process (PID=105) to work on /opt/airflow/dags/03_branching_dag.py
[2026-09-01T08:04:54.626+0000] {processor.py:914} INFO - Processing file /opt/airflow/dags/03_branching_dag.py for tasks to queue
[2026-09-01T08:04:54.630+0000] {logging_mixin.py:190} INFO - [2026-09-01T08:04:54.629+0000] {dagbag.py:588} INFO - Filling up the DagBag from /opt/airflow/dags/03_branching_dag.py
[2026-09-01T08:04:54.665+0000] {processor.py:925} INFO - DAG(s) 'branching_dag' retrieved from /opt/airflow/dags/03_branching_dag.py
[2026-09-01T08:04:54.706+0000] {logging_mixin.py:190} INFO - [2026-09-01T08:04:54.706+0000] {dag.py:3239} INFO - Sync 1 DAGs
[2026-09-01T08:04:54.732+0000] {logging_mixin.py:190} INFO - [2026-09-01T08:04:54.732+0000] {dag.py:4180} INFO - Setting next_dagrun for branching_dag to None, run_after=None
[2026-09-01T08:04:54.763+0000] {processor.py:208} INFO - Processing /opt/airflow/dags/03_branching_dag.py took 0.147 seconds
[2026-09-01T08:05:25.476+0000] {processor.py:186} INFO - Started process (PID=117) to work on /opt/airflow/dags/03_branching_dag.py
[2026-09-01T08:05:25.479+0000] {processor.py:914} INFO - Processing file /opt/airflow/dags/03_branching_dag.py for tasks to queue
[2026-09-01T08:05:25.484+0000] {logging_mixin.py:190} INFO - [2026-09-01T08:05:25.483+0000] {dagbag.py:588} INFO - Filling up the DagBag from /opt/airflow/dags/03_branching_dag.py
[2026-09-01T08:05:25.579+0000] {processor.py:925} INFO - DAG(s) 'branching_dag' retrieved from /opt/airflow/dags/03_branching_dag.py
[2026-09-01T08:05:25.639+0000] {logging_mixin.py:190} INFO - [2026-09-01T08:05:25.638+0000] {dag.py:3239} INFO - Sync 1 DAGs
[2026-09-01T08:05:25.664+0000] {logging_mixin.py:190} INFO - [2026-09-01T08:05:25.664+0000] {dag.py:4180} INFO - Setting next_dagrun for branching_dag to None, run_after=None
[2026-09-01T08:05:25.699+0000] {processor.py:208} INFO - Processing /opt/airflow/dags/03_branching_dag.py took 0.231 seconds
[2026-09-01T08:05:56.356+0000] {processor.py:186} INFO - Started process (PID=131) to work on /opt/airflow/dags/03_branching_dag.py
[2026-09-01T08:05:56.359+0000] {processor.py:914} INFO - Processing file /opt/airflow/dags/03_branching_dag.py for tasks to queue
[2026-09-01T08:05:56.367+0000] {logging_mixin.py:190} INFO - [2026-09-01T08:05:56.366+0000] {dagbag.py:588} INFO - Filling up the DagBag from /opt/airflow/dags/03_branching_dag.py
[2026-09-01T08:05:56.417+0000] {processor.py:925} INFO - DAG(s) 'branching_dag' retrieved from /opt/airflow/dags/03_branching_dag.py
[2026-09-01T08:05:56.459+0000] {logging_mixin.py:190} INFO - [2026-09-01T08:05:56.458+0000] {dag.py:3239} INFO - Sync 1 DAGs
[2026-09-01T08:05:56.482+0000] {logging_mixin.py:190} INFO - [2026-09-01T08:05:56.482+0000] {dag.py:4180} INFO - Setting next_dagrun for branching_dag to None, run_after=None
[2026-09-01T08:05:56.517+0000] {processor.py:208} INFO - Processing /opt/airflow/dags/03_branching_dag.py took 0.171 seconds
[2026-09-01T08:06:27.307+0000] {processor.py:186} INFO - Started process (PID=145) to work on /opt/airflow/dags/03_branching_dag.py
[2026-09-01T08:06:27.312+0000] {processor.py:914} INFO - Processing file /opt/airflow/dags/03_branching_dag.py for tasks to queue
[2026-09-01T08:06:27.318+0000] {logging_mixin.py:190} INFO - [2026-09-01T08:06:27.317+0000] {dagbag.py:588} INFO - Filling up the DagBag from /opt/airflow/dags/03_branching_dag.py
[2026-09-01T08:06:27.367+0000] {processor.py:925} INFO - DAG(s) 'branching_dag' retrieved from /opt/airflow/dags/03_branching_dag.py
[2026-09-01T08:06:27.473+0000] {logging_mixin.py:190} INFO - [2026-09-01T08:06:27.472+0000] {dag.py:3239} INFO - Sync 1 DAGs
[2026-09-01T08:06:27.496+0000] {logging_mixin.py:190} INFO - [2026-09-01T08:06:27.496+0000] {dag.py:4180} INFO - Setting next_dagrun for branching_dag to None, run_after=None
[2026-09-01T08:06:27.552+0000] {processor.py:208} INFO - Processing /opt/airflow/dags/03_branching_dag.py took 0.260 seconds
[2026-09-01T08:06:58.386+0000] {processor.py:186} INFO - Started process (PID=159) to work on /opt/airflow/dags/03_branching_dag.py
[2026-09-01T08:06:58.389+0000] {processor.py:914} INFO - Processing file /opt/airflow/dags/03_branching_dag.py for tasks to queue
[2026-09-01T08:06:58.398+0000] {logging_mixin.py:190} INFO - [2026-09-01T08:06:58.397+0000] {dagbag.py:588} INFO - Filling up the DagBag from /opt/airflow/dags/03_branching_dag.py
[2026-09-01T08:06:58.502+0000] {processor.py:925} INFO - DAG(s) 'branching_dag' retrieved from /opt/airflow/dags/03_branching_dag.py
[2026-09-01T08:06:58.551+0000] {logging_mixin.py:190} INFO - [2026-09-01T08:06:58.550+0000] {dag.py:3239} INFO - Sync 1 DAGs
[2026-09-01T08:06:58.570+0000] {logging_mixin.py:190} INFO - [2026-09-01T08:06:58.569+0000] {dag.py:4180} INFO - Setting next_dagrun for branching_dag to None, run_after=None
[2026-09-01T08:06:58.619+0000] {processor.py:208} INFO - Processing /opt/airflow/dags/03_branching_dag.py took 0.257 seconds
[2026-09-01T08:07:29.095+0000] {processor.py:186} INFO - Started process (PID=174) to work on /opt/airflow/dags/03_branching_dag.py
[2026-09-01T08:07:29.096+0000] {processor.py:914} INFO - Processing file /opt/airflow/dags/03_branching_dag.py for tasks to queue
[2026-09-01T08:07:29.100+0000] {logging_mixin.py:190} INFO - [2026-09-01T08:07:29.100+0000] {dagbag.py:588} INFO - Filling up the DagBag from /opt/airflow/dags/03_branching_dag.py
[2026-09-01T08:07:29.126+0000] {processor.py:925} INFO - DAG(s) 'branching_dag' retrieved from /opt/airflow/dags/03_branching_dag.py
[2026-09-01T08:07:29.164+0000] {logging_mixin.py:190} INFO - [2026-09-01T08:07:29.164+0000] {dag.py:3239} INFO - Sync 1 DAGs
[2026-09-01T08:07:29.358+0000] {logging_mixin.py:190} INFO - [2026-09-01T08:07:29.358+0000] {dag.py:4180} INFO - Setting next_dagrun for branching_dag to None, run_after=None
[2026-09-01T08:07:29.395+0000] {processor.py:208} INFO - Processing /opt/airflow/dags/03_branching_dag.py took 0.307 seconds
[2026-09-01T08:07:59.938+0000] {processor.py:186} INFO - Started process (PID=188) to work on /opt/airflow/dags/03_branching_dag.py
[2026-09-01T08:07:59.940+0000] {processor.py:914} INFO - Processing file /opt/airflow/dags/03_branching_dag.py for tasks to queue
[2026-09-01T08:07:59.943+0000] {logging_mixin.py:190} INFO - [2026-09-01T08:07:59.942+0000] {dagbag.py:588} INFO - Filling up the DagBag from /opt/airflow/dags/03_branching_dag.py
[2026-09-01T08:08:00.148+0000] {processor.py:925} INFO - DAG(s) 'branching_dag' retrieved from /opt/airflow/dags/03_branching_dag.py
[2026-09-01T08:08:00.187+0000] {logging_mixin.py:190} INFO - [2026-09-01T08:08:00.187+0000] {dag.py:3239} INFO - Sync 1 DAGs
[2026-09-01T08:08:00.207+0000] {logging_mixin.py:190} INFO - [2026-09-01T08:08:00.206+0000] {dag.py:4180} INFO - Setting next_dagrun for branching_dag to None, run_after=None
[2026-09-01T08:08:00.237+0000] {processor.py:208} INFO - Processing /opt/airflow/dags/03_branching_dag.py took 0.305 seconds
[2026-09-01T08:08:30.457+0000] {processor.py:186} INFO - Started process (PID=202) to work on /opt/airflow/dags/03_branching_dag.py
[2026-09-01T08:08:30.462+0000] {processor.py:914} INFO - Processing file /opt/airflow/dags/03_branching_dag.py for tasks to queue
[2026-09-01T08:08:30.473+0000] {logging_mixin.py:190} INFO - [2026-09-01T08:08:30.471+0000] {dagbag.py:588} INFO - Filling up the DagBag from /opt/airflow/dags/03_branching_dag.py
[2026-09-01T08:08:30.536+0000] {processor.py:925} INFO - DAG(s) 'branching_dag' retrieved from /opt/airflow/dags/03_branching_dag.py
[2026-09-01T08:08:30.594+0000] {logging_mixin.py:190} INFO - [2026-09-01T08:08:30.593+0000] {dag.py:3239} INFO - Sync 1 DAGs
[2026-09-01T08:08:30.619+0000] {logging_mixin.py:190} INFO - [2026-09-01T08:08:30.618+0000] {dag.py:4180} INFO - Setting next_dagrun for branching_dag to None, run_after=None
[2026-09-01T08:08:30.667+0000] {processor.py:208} INFO - Processing /opt/airflow/dags/03_branching_dag.py took 0.239 seconds
[2026-09-01T08:09:00.760+0000] {processor.py:186} INFO - Started process (PID=216) to work on /opt/airflow/dags/03_branching_dag.py
[2026-09-01T08:09:00.762+0000] {processor.py:914} INFO - Processing file /opt/airflow/dags/03_branching_dag.py for tasks to queue
[2026-09-01T08:09:00.765+0000] {logging_mixin.py:190} INFO - [2026-09-01T08:09:00.764+0000] {dagbag.py:588} INFO - Filling up the DagBag from /opt/airflow/dags/03_branching_dag.py
[2026-09-01T08:09:00.787+0000] {processor.py:925} INFO - DAG(s) 'branching_dag' retrieved from /opt/airflow/dags/03_branching_dag.py
[2026-09-01T08:09:00.820+0000] {logging_mixin.py:190} INFO - [2026-09-01T08:09:00.820+0000] {dag.py:3239} INFO - Sync 1 DAGs
[2026-09-01T08:09:00.839+0000] {logging_mixin.py:190} INFO - [2026-09-01T08:09:00.839+0000] {dag.py:4180} INFO - Setting next_dagrun for branching_dag to None, run_after=None
[2026-09-01T08:09:00.870+0000] {processor.py:208} INFO - Processing /opt/airflow/dags/03_branching_dag.py took 0.117 seconds
