[2026-09-01T08:04:54.058+0000] {processor.py:186} INFO - Started process (PID=103) to work on /opt/airflow/dags/05_etl_weather_postgres.py
[2026-09-01T08:04:54.060+0000] {processor.py:914} INFO - Processing file /opt/airflow/dags/05_etl_weather_postgres.py for tasks to queue
[2026-09-01T08:04:54.064+0000] {logging_mixin.py:190} INFO - [2026-09-01T08:04:54.064+0000] {dagbag.py:588} INFO - Filling up the DagBag from /opt/airflow/dags/05_etl_weather_postgres.py
[2026-09-01T08:04:54.120+0000] {processor.py:925} INFO - DAG(s) 'etl_weather_postgres_dag' retrieved from /opt/airflow/dags/05_etl_weather_postgres.py
[2026-09-01T08:04:54.183+0000] {logging_mixin.py:190} INFO - [2026-09-01T08:04:54.182+0000] {dag.py:3239} INFO - Sync 1 DAGs
[2026-09-01T08:04:54.237+0000] {logging_mixin.py:190} INFO - [2026-09-01T08:04:54.237+0000] {dag.py:4180} INFO - Setting next_dagrun for etl_weather_postgres_dag to None, run_after=None
[2026-09-01T08:04:54.305+0000] {processor.py:208} INFO - Processing /opt/airflow/dags/05_etl_weather_postgres.py took 0.255 seconds
[2026-09-01T08:05:25.249+0000] {processor.py:186} INFO - Started process (PID=115) to work on /opt/airflow/dags/05_etl_weather_postgres.py
[2026-09-01T08:05:25.250+0000] {processor.py:914} INFO - Processing file /opt/airflow/dags/05_etl_weather_postgres.py for tasks to queue
[2026-09-01T08:05:25.254+0000] {logging_mixin.py:190} INFO - [2026-09-01T08:05:25.253+0000] {dagbag.py:588} INFO - Filling up the DagBag from /opt/airflow/dags/05_etl_weather_postgres.py
[2026-09-01T08:05:25.294+0000] {processor.py:925} INFO - DAG(s) 'etl_weather_postgres_dag' retrieved from /opt/airflow/dags/05_etl_weather_postgres.py
[2026-09-01T08:05:25.328+0000] {logging_mixin.py:190} INFO - [2026-09-01T08:05:25.328+0000] {dag.py:3239} INFO - Sync 1 DAGs
[2026-09-01T08:05:25.346+0000] {logging_mixin.py:190} INFO - [2026-09-01T08:05:25.346+0000] {dag.py:4180} INFO - Setting next_dagrun for etl_weather_postgres_dag to None, run_after=None
[2026-09-01T08:05:25.388+0000] {processor.py:208} INFO - Processing /opt/airflow/dags/05_etl_weather_postgres.py took 0.154 seconds
[2026-09-01T08:05:56.065+0000] {processor.py:186} INFO - Started process (PID=129) to work on /opt/airflow/dags/05_etl_weather_postgres.py
[2026-09-01T08:05:56.066+0000] {processor.py:914} INFO - Processing file /opt/airflow/dags/05_etl_weather_postgres.py for tasks to queue
[2026-09-01T08:05:56.069+0000] {logging_mixin.py:190} INFO - [2026-09-01T08:05:56.068+0000] {dagbag.py:588} INFO - Filling up the DagBag from /opt/airflow/dags/05_etl_weather_postgres.py
[2026-09-01T08:05:56.099+0000] {processor.py:925} INFO - DAG(s) 'etl_weather_postgres_dag' retrieved from /opt/airflow/dags/05_etl_weather_postgres.py
[2026-09-01T08:05:56.152+0000] {logging_mixin.py:190} INFO - [2026-09-01T08:05:56.151+0000] {dag.py:3239} INFO - Sync 1 DAGs
[2026-09-01T08:05:56.181+0000] {logging_mixin.py:190} INFO - [2026-09-01T08:05:56.181+0000] {dag.py:4180} INFO - Setting next_dagrun for etl_weather_postgres_dag to None, run_after=None
[2026-09-01T08:05:56.244+0000] {processor.py:208} INFO - Processing /opt/airflow/dags/05_etl_weather_postgres.py took 0.186 seconds
[2026-09-01T08:06:26.940+0000] {processor.py:186} INFO - Started process (PID=143) to work on /opt/airflow/dags/05_etl_weather_postgres.py
[2026-09-01T08:06:26.942+0000] {processor.py:914} INFO - Processing file /opt/airflow/dags/05_etl_weather_postgres.py for tasks to queue
[2026-09-01T08:06:26.950+0000] {logging_mixin.py:190} INFO - [2026-09-01T08:06:26.950+0000] {dagbag.py:588} INFO - Filling up the DagBag from /opt/airflow/dags/05_etl_weather_postgres.py
[2026-09-01T08:06:27.007+0000] {processor.py:925} INFO - DAG(s) 'etl_weather_postgres_dag' retrieved from /opt/airflow/dags/05_etl_weather_postgres.py
[2026-09-01T08:06:27.116+0000] {logging_mixin.py:190} INFO - [2026-09-01T08:06:27.115+0000] {dag.py:3239} INFO - Sync 1 DAGs
[2026-09-01T08:06:27.157+0000] {logging_mixin.py:190} INFO - [2026-09-01T08:06:27.156+0000] {dag.py:4180} INFO - Setting next_dagrun for etl_weather_postgres_dag to None, run_after=None
[2026-09-01T08:06:27.214+0000] {processor.py:208} INFO - Processing /opt/airflow/dags/05_etl_weather_postgres.py took 0.295 seconds
[2026-09-01T08:06:57.835+0000] {processor.py:186} INFO - Started process (PID=157) to work on /opt/airflow/dags/05_etl_weather_postgres.py
[2026-09-01T08:06:57.842+0000] {processor.py:914} INFO - Processing file /opt/airflow/dags/05_etl_weather_postgres.py for tasks to queue
[2026-09-01T08:06:57.854+0000] {logging_mixin.py:190} INFO - [2026-09-01T08:06:57.853+0000] {dagbag.py:588} INFO - Filling up the DagBag from /opt/airflow/dags/05_etl_weather_postgres.py
[2026-09-01T08:06:57.988+0000] {processor.py:925} INFO - DAG(s) 'etl_weather_postgres_dag' retrieved from /opt/airflow/dags/05_etl_weather_postgres.py
[2026-09-01T08:06:58.082+0000] {logging_mixin.py:190} INFO - [2026-09-01T08:06:58.082+0000] {dag.py:3239} INFO - Sync 1 DAGs
[2026-09-01T08:06:58.121+0000] {logging_mixin.py:190} INFO - [2026-09-01T08:06:58.120+0000] {dag.py:4180} INFO - Setting next_dagrun for etl_weather_postgres_dag to None, run_after=None
[2026-09-01T08:06:58.188+0000] {processor.py:208} INFO - Processing /opt/airflow/dags/05_etl_weather_postgres.py took 0.371 seconds
[2026-09-01T08:07:28.710+0000] {processor.py:186} INFO - Started process (PID=172) to work on /opt/airflow/dags/05_etl_weather_postgres.py
[2026-09-01T08:07:28.711+0000] {processor.py:914} INFO - Processing file /opt/airflow/dags/05_etl_weather_postgres.py for tasks to queue
[2026-09-01T08:07:28.715+0000] {logging_mixin.py:190} INFO - [2026-09-01T08:07:28.714+0000] {dagbag.py:588} INFO - Filling up the DagBag from /opt/airflow/dags/05_etl_weather_postgres.py
[2026-09-01T08:07:28.750+0000] {processor.py:925} INFO - DAG(s) 'etl_weather_postgres_dag' retrieved from /opt/airflow/dags/05_etl_weather_postgres.py
[2026-09-01T08:07:28.794+0000] {logging_mixin.py:190} INFO - [2026-09-01T08:07:28.794+0000] {dag.py:3239} INFO - Sync 1 DAGs
[2026-09-01T08:07:29.018+0000] {logging_mixin.py:190} INFO - [2026-09-01T08:07:29.018+0000] {dag.py:4180} INFO - Setting next_dagrun for etl_weather_postgres_dag to None, run_after=None
[2026-09-01T08:07:29.045+0000] {processor.py:208} INFO - Processing /opt/airflow/dags/05_etl_weather_postgres.py took 0.344 seconds
[2026-09-01T08:07:59.589+0000] {processor.py:186} INFO - Started process (PID=186) to work on /opt/airflow/dags/05_etl_weather_postgres.py
[2026-09-01T08:07:59.590+0000] {processor.py:914} INFO - Processing file /opt/airflow/dags/05_etl_weather_postgres.py for tasks to queue
[2026-09-01T08:07:59.594+0000] {logging_mixin.py:190} INFO - [2026-09-01T08:07:59.594+0000] {dagbag.py:588} INFO - Filling up the DagBag from /opt/airflow/dags/05_etl_weather_postgres.py
[2026-09-01T08:07:59.820+0000] {processor.py:925} INFO - DAG(s) 'etl_weather_postgres_dag' retrieved from /opt/airflow/dags/05_etl_weather_postgres.py
[2026-09-01T08:07:59.852+0000] {logging_mixin.py:190} INFO - [2026-09-01T08:07:59.852+0000] {dag.py:3239} INFO - Sync 1 DAGs
[2026-09-01T08:07:59.867+0000] {logging_mixin.py:190} INFO - [2026-09-01T08:07:59.866+0000] {dag.py:4180} INFO - Setting next_dagrun for etl_weather_postgres_dag to None, run_after=None
[2026-09-01T08:07:59.888+0000] {processor.py:208} INFO - Processing /opt/airflow/dags/05_etl_weather_postgres.py took 0.307 seconds
[2026-09-01T08:08:30.028+0000] {processor.py:186} INFO - Started process (PID=200) to work on /opt/airflow/dags/05_etl_weather_postgres.py
[2026-09-01T08:08:30.030+0000] {processor.py:914} INFO - Processing file /opt/airflow/dags/05_etl_weather_postgres.py for tasks to queue
[2026-09-01T08:08:30.033+0000] {logging_mixin.py:190} INFO - [2026-09-01T08:08:30.033+0000] {dagbag.py:588} INFO - Filling up the DagBag from /opt/airflow/dags/05_etl_weather_postgres.py
[2026-09-01T08:08:30.066+0000] {processor.py:925} INFO - DAG(s) 'etl_weather_postgres_dag' retrieved from /opt/airflow/dags/05_etl_weather_postgres.py
[2026-09-01T08:08:30.156+0000] {logging_mixin.py:190} INFO - [2026-09-01T08:08:30.156+0000] {dag.py:3239} INFO - Sync 1 DAGs
[2026-09-01T08:08:30.214+0000] {logging_mixin.py:190} INFO - [2026-09-01T08:08:30.214+0000] {dag.py:4180} INFO - Setting next_dagrun for etl_weather_postgres_dag to None, run_after=None
[2026-09-01T08:08:30.258+0000] {processor.py:208} INFO - Processing /opt/airflow/dags/05_etl_weather_postgres.py took 0.238 seconds
[2026-09-01T08:09:00.601+0000] {processor.py:186} INFO - Started process (PID=214) to work on /opt/airflow/dags/05_etl_weather_postgres.py
[2026-09-01T08:09:00.603+0000] {processor.py:914} INFO - Processing file /opt/airflow/dags/05_etl_weather_postgres.py for tasks to queue
[2026-09-01T08:09:00.606+0000] {logging_mixin.py:190} INFO - [2026-09-01T08:09:00.605+0000] {dagbag.py:588} INFO - Filling up the DagBag from /opt/airflow/dags/05_etl_weather_postgres.py
[2026-09-01T08:09:00.629+0000] {processor.py:925} INFO - DAG(s) 'etl_weather_postgres_dag' retrieved from /opt/airflow/dags/05_etl_weather_postgres.py
[2026-09-01T08:09:00.667+0000] {logging_mixin.py:190} INFO - [2026-09-01T08:09:00.666+0000] {dag.py:3239} INFO - Sync 1 DAGs
[2026-09-01T08:09:00.683+0000] {logging_mixin.py:190} INFO - [2026-09-01T08:09:00.683+0000] {dag.py:4180} INFO - Setting next_dagrun for etl_weather_postgres_dag to None, run_after=None
[2026-09-01T08:09:00.708+0000] {processor.py:208} INFO - Processing /opt/airflow/dags/05_etl_weather_postgres.py took 0.114 seconds
