[2026-09-01T08:04:53.523+0000] {processor.py:186} INFO - Started process (PID=99) to work on /opt/airflow/dags/ml_02_weather_pipeline.py
[2026-09-01T08:04:53.526+0000] {processor.py:914} INFO - Processing file /opt/airflow/dags/ml_02_weather_pipeline.py for tasks to queue
[2026-09-01T08:04:53.531+0000] {logging_mixin.py:190} INFO - [2026-09-01T08:04:53.530+0000] {dagbag.py:588} INFO - Filling up the DagBag from /opt/airflow/dags/ml_02_weather_pipeline.py
[2026-09-01T08:04:55.460+0000] {processor.py:925} INFO - DAG(s) 'weather_pipeline_dag' retrieved from /opt/airflow/dags/ml_02_weather_pipeline.py
[2026-09-01T08:04:55.500+0000] {logging_mixin.py:190} INFO - [2026-09-01T08:04:55.499+0000] {dag.py:3239} INFO - Sync 1 DAGs
[2026-09-01T08:04:55.520+0000] {logging_mixin.py:190} INFO - [2026-09-01T08:04:55.520+0000] {dag.py:4180} INFO - Setting next_dagrun for weather_pipeline_dag to None, run_after=None
[2026-09-01T08:04:55.548+0000] {processor.py:208} INFO - Processing /opt/airflow/dags/ml_02_weather_pipeline.py took 2.037 seconds
[2026-09-01T08:05:25.955+0000] {processor.py:186} INFO - Started process (PID=119) to work on /opt/airflow/dags/ml_02_weather_pipeline.py
[2026-09-01T08:05:25.957+0000] {processor.py:914} INFO - Processing file /opt/airflow/dags/ml_02_weather_pipeline.py for tasks to queue
[2026-09-01T08:05:25.963+0000] {logging_mixin.py:190} INFO - [2026-09-01T08:05:25.962+0000] {dagbag.py:588} INFO - Filling up the DagBag from /opt/airflow/dags/ml_02_weather_pipeline.py
[2026-09-01T08:05:26.584+0000] {processor.py:925} INFO - DAG(s) 'weather_pipeline_dag' retrieved from /opt/airflow/dags/ml_02_weather_pipeline.py
[2026-09-01T08:05:26.626+0000] {logging_mixin.py:190} INFO - [2026-09-01T08:05:26.625+0000] {dag.py:3239} INFO - Sync 1 DAGs
[2026-09-01T08:05:26.659+0000] {logging_mixin.py:190} INFO - [2026-09-01T08:05:26.659+0000] {dag.py:4180} INFO - Setting next_dagrun for weather_pipeline_dag to None, run_after=None
[2026-09-01T08:05:26.694+0000] {processor.py:208} INFO - Processing /opt/airflow/dags/ml_02_weather_pipeline.py took 0.746 seconds
[2026-09-01T08:05:57.057+0000] {processor.py:186} INFO - Started process (PID=133) to work on /opt/airflow/dags/ml_02_weather_pipeline.py
[2026-09-01T08:05:57.060+0000] {processor.py:914} INFO - Processing file /opt/airflow/dags/ml_02_weather_pipeline.py for tasks to queue
[2026-09-01T08:05:57.068+0000] {logging_mixin.py:190} INFO - [2026-09-01T08:05:57.066+0000] {dagbag.py:588} INFO - Filling up the DagBag from /opt/airflow/dags/ml_02_weather_pipeline.py
[2026-09-01T08:05:58.139+0000] {processor.py:925} INFO - DAG(s) 'weather_pipeline_dag' retrieved from /opt/airflow/dags/ml_02_weather_pipeline.py
[2026-09-01T08:05:58.215+0000] {logging_mixin.py:190} INFO - [2026-09-01T08:05:58.214+0000] {dag.py:3239} INFO - Sync 1 DAGs
[2026-09-01T08:05:58.250+0000] {logging_mixin.py:190} INFO - [2026-09-01T08:05:58.249+0000] {dag.py:4180} INFO - Setting next_dagrun for weather_pipeline_dag to None, run_after=None
[2026-09-01T08:05:58.312+0000] {processor.py:208} INFO - Processing /opt/airflow/dags/ml_02_weather_pipeline.py took 1.272 seconds
[2026-09-01T08:06:28.743+0000] {processor.py:186} INFO - Started process (PID=147) to work on /opt/airflow/dags/ml_02_weather_pipeline.py
[2026-09-01T08:06:28.747+0000] {processor.py:914} INFO - Processing file /opt/airflow/dags/ml_02_weather_pipeline.py for tasks to queue
[2026-09-01T08:06:28.757+0000] {logging_mixin.py:190} INFO - [2026-09-01T08:06:28.756+0000] {dagbag.py:588} INFO - Filling up the DagBag from /opt/airflow/dags/ml_02_weather_pipeline.py
[2026-09-01T08:06:29.845+0000] {processor.py:925} INFO - DAG(s) 'weather_pipeline_dag' retrieved from /opt/airflow/dags/ml_02_weather_pipeline.py
[2026-09-01T08:06:29.892+0000] {logging_mixin.py:190} INFO - [2026-09-01T08:06:29.891+0000] {dag.py:3239} INFO - Sync 1 DAGs
[2026-09-01T08:06:29.913+0000] {logging_mixin.py:190} INFO - [2026-09-01T08:06:29.912+0000] {dag.py:4180} INFO - Setting next_dagrun for weather_pipeline_dag to None, run_after=None
[2026-09-01T08:06:29.989+0000] {processor.py:208} INFO - Processing /opt/airflow/dags/ml_02_weather_pipeline.py took 1.275 seconds
[2026-09-01T08:07:00.269+0000] {processor.py:186} INFO - Started process (PID=161) to work on /opt/airflow/dags/ml_02_weather_pipeline.py
[2026-09-01T08:07:00.270+0000] {processor.py:914} INFO - Processing file /opt/airflow/dags/ml_02_weather_pipeline.py for tasks to queue
[2026-09-01T08:07:00.274+0000] {logging_mixin.py:190} INFO - [2026-09-01T08:07:00.274+0000] {dagbag.py:588} INFO - Filling up the DagBag from /opt/airflow/dags/ml_02_weather_pipeline.py
[2026-09-01T08:07:00.985+0000] {processor.py:925} INFO - DAG(s) 'weather_pipeline_dag' retrieved from /opt/airflow/dags/ml_02_weather_pipeline.py
[2026-09-01T08:07:01.016+0000] {logging_mixin.py:190} INFO - [2026-09-01T08:07:01.015+0000] {dag.py:3239} INFO - Sync 1 DAGs
[2026-09-01T08:07:01.030+0000] {logging_mixin.py:190} INFO - [2026-09-01T08:07:01.030+0000] {dag.py:4180} INFO - Setting next_dagrun for weather_pipeline_dag to None, run_after=None
[2026-09-01T08:07:01.066+0000] {processor.py:208} INFO - Processing /opt/airflow/dags/ml_02_weather_pipeline.py took 0.807 seconds
[2026-09-01T08:07:31.548+0000] {processor.py:186} INFO - Started process (PID=176) to work on /opt/airflow/dags/ml_02_weather_pipeline.py
[2026-09-01T08:07:31.550+0000] {processor.py:914} INFO - Processing file /opt/airflow/dags/ml_02_weather_pipeline.py for tasks to queue
[2026-09-01T08:07:31.553+0000] {logging_mixin.py:190} INFO - [2026-09-01T08:07:31.553+0000] {dagbag.py:588} INFO - Filling up the DagBag from /opt/airflow/dags/ml_02_weather_pipeline.py
[2026-09-01T08:07:32.277+0000] {processor.py:925} INFO - DAG(s) 'weather_pipeline_dag' retrieved from /opt/airflow/dags/ml_02_weather_pipeline.py
[2026-09-01T08:07:32.346+0000] {logging_mixin.py:190} INFO - [2026-09-01T08:07:32.345+0000] {dag.py:3239} INFO - Sync 1 DAGs
[2026-09-01T08:07:32.370+0000] {logging_mixin.py:190} INFO - [2026-09-01T08:07:32.369+0000] {dag.py:4180} INFO - Setting next_dagrun for weather_pipeline_dag to None, run_after=None
[2026-09-01T08:07:32.412+0000] {processor.py:208} INFO - Processing /opt/airflow/dags/ml_02_weather_pipeline.py took 0.875 seconds
[2026-09-01T08:08:03.060+0000] {processor.py:186} INFO - Started process (PID=190) to work on /opt/airflow/dags/ml_02_weather_pipeline.py
[2026-09-01T08:08:03.064+0000] {processor.py:914} INFO - Processing file /opt/airflow/dags/ml_02_weather_pipeline.py for tasks to queue
[2026-09-01T08:08:03.074+0000] {logging_mixin.py:190} INFO - [2026-09-01T08:08:03.072+0000] {dagbag.py:588} INFO - Filling up the DagBag from /opt/airflow/dags/ml_02_weather_pipeline.py
[2026-09-01T08:08:03.675+0000] {processor.py:925} INFO - DAG(s) 'weather_pipeline_dag' retrieved from /opt/airflow/dags/ml_02_weather_pipeline.py
[2026-09-01T08:08:03.712+0000] {logging_mixin.py:190} INFO - [2026-09-01T08:08:03.712+0000] {dag.py:3239} INFO - Sync 1 DAGs
[2026-09-01T08:08:03.745+0000] {logging_mixin.py:190} INFO - [2026-09-01T08:08:03.745+0000] {dag.py:4180} INFO - Setting next_dagrun for weather_pipeline_dag to None, run_after=None
[2026-09-01T08:08:03.788+0000] {processor.py:208} INFO - Processing /opt/airflow/dags/ml_02_weather_pipeline.py took 0.747 seconds
[2026-09-01T08:08:34.064+0000] {processor.py:186} INFO - Started process (PID=204) to work on /opt/airflow/dags/ml_02_weather_pipeline.py
[2026-09-01T08:08:34.066+0000] {processor.py:914} INFO - Processing file /opt/airflow/dags/ml_02_weather_pipeline.py for tasks to queue
[2026-09-01T08:08:34.071+0000] {logging_mixin.py:190} INFO - [2026-09-01T08:08:34.070+0000] {dagbag.py:588} INFO - Filling up the DagBag from /opt/airflow/dags/ml_02_weather_pipeline.py
[2026-09-01T08:08:34.805+0000] {processor.py:925} INFO - DAG(s) 'weather_pipeline_dag' retrieved from /opt/airflow/dags/ml_02_weather_pipeline.py
[2026-09-01T08:08:34.933+0000] {logging_mixin.py:190} INFO - [2026-09-01T08:08:34.931+0000] {dag.py:3239} INFO - Sync 1 DAGs
[2026-09-01T08:08:34.961+0000] {logging_mixin.py:190} INFO - [2026-09-01T08:08:34.960+0000] {dag.py:4180} INFO - Setting next_dagrun for weather_pipeline_dag to None, run_after=None
[2026-09-01T08:08:35.015+0000] {processor.py:208} INFO - Processing /opt/airflow/dags/ml_02_weather_pipeline.py took 0.961 seconds
[2026-09-01T08:09:06.149+0000] {processor.py:186} INFO - Started process (PID=218) to work on /opt/airflow/dags/ml_02_weather_pipeline.py
[2026-09-01T08:09:06.151+0000] {processor.py:914} INFO - Processing file /opt/airflow/dags/ml_02_weather_pipeline.py for tasks to queue
[2026-09-01T08:09:06.157+0000] {logging_mixin.py:190} INFO - [2026-09-01T08:09:06.156+0000] {dagbag.py:588} INFO - Filling up the DagBag from /opt/airflow/dags/ml_02_weather_pipeline.py
[2026-09-01T08:09:06.638+0000] {processor.py:925} INFO - DAG(s) 'weather_pipeline_dag' retrieved from /opt/airflow/dags/ml_02_weather_pipeline.py
[2026-09-01T08:09:06.690+0000] {logging_mixin.py:190} INFO - [2026-09-01T08:09:06.690+0000] {dag.py:3239} INFO - Sync 1 DAGs
[2026-09-01T08:09:06.711+0000] {logging_mixin.py:190} INFO - [2026-09-01T08:09:06.710+0000] {dag.py:4180} INFO - Setting next_dagrun for weather_pipeline_dag to None, run_after=None
[2026-09-01T08:09:06.763+0000] {processor.py:208} INFO - Processing /opt/airflow/dags/ml_02_weather_pipeline.py took 0.624 seconds
