[2026-08-31T08:01:57.157+0000] {local_task_job_runner.py:123} INFO - ::group::Pre task execution logs
[2026-08-31T08:01:57.175+0000] {taskinstance.py:2613} INFO - Dependencies all met for dep_context=non-requeueable deps ti=<TaskInstance: iris_pipeline_dag.train_model manual__2026-08-31T08:01:50.093059+00:00 [queued]>
[2026-08-31T08:01:57.183+0000] {taskinstance.py:2613} INFO - Dependencies all met for dep_context=requeueable deps ti=<TaskInstance: iris_pipeline_dag.train_model manual__2026-08-31T08:01:50.093059+00:00 [queued]>
[2026-08-31T08:01:57.185+0000] {taskinstance.py:2866} INFO - Starting attempt 1 of 2
[2026-08-31T08:01:57.200+0000] {taskinstance.py:2889} INFO - Executing <Task(PythonOperator): train_model> on 2026-08-31 08:01:50.093059+00:00
[2026-08-31T08:01:57.206+0000] {warnings.py:112} WARNING - /home/***/.local/lib/python3.12/site-packages/***/task/task_runner/standard_task_runner.py:70: DeprecationWarning: This process (pid=207) is multi-threaded, use of fork() may lead to deadlocks in the child.
  pid = os.fork()

[2026-08-31T08:01:57.208+0000] {standard_task_runner.py:72} INFO - Started process 215 to run task
[2026-08-31T08:01:57.208+0000] {standard_task_runner.py:104} INFO - Running: ['***', 'tasks', 'run', 'iris_pipeline_dag', 'train_model', 'manual__2026-08-31T08:01:50.093059+00:00', '--job-id', '38', '--raw', '--subdir', 'DAGS_FOLDER/ml_01_iris_pipeline-3.py', '--cfg-path', '/tmp/tmp104jwo19']
[2026-08-31T08:01:57.209+0000] {standard_task_runner.py:105} INFO - Job 38: Subtask train_model
[2026-08-31T08:01:57.293+0000] {task_command.py:467} INFO - Running <TaskInstance: iris_pipeline_dag.train_model manual__2026-08-31T08:01:50.093059+00:00 [running]> on host bf6d2807926d
[2026-08-31T08:01:57.369+0000] {taskinstance.py:3132} INFO - Exporting env vars: AIRFLOW_CTX_DAG_OWNER='workshop2' AIRFLOW_CTX_DAG_ID='iris_pipeline_dag' AIRFLOW_CTX_TASK_ID='train_model' AIRFLOW_CTX_EXECUTION_DATE='2026-08-31T08:01:50.093059+00:00' AIRFLOW_CTX_TRY_NUMBER='1' AIRFLOW_CTX_DAG_RUN_ID='manual__2026-08-31T08:01:50.093059+00:00'
[2026-08-31T08:01:57.371+0000] {taskinstance.py:731} INFO - ::endgroup::
[2026-08-31T08:01:58.678+0000] {logging_mixin.py:190} INFO - เทรนโมเดลเสร็จ บันทึกไว้ที่: /opt/***/models/iris_models/candidate_manual__2026-08-31T08-01-50.093059-00-00.pkl
[2026-08-31T08:01:58.685+0000] {python.py:240} INFO - Done. Returned value was: None
[2026-08-31T08:01:58.698+0000] {taskinstance.py:340} INFO - ::group::Post task execution logs
[2026-08-31T08:01:58.698+0000] {taskinstance.py:352} INFO - Marking task as SUCCESS. dag_id=iris_pipeline_dag, task_id=train_model, run_id=manual__2026-08-31T08:01:50.093059+00:00, execution_date=20260831T080150, start_date=20260831T080157, end_date=20260831T080158
[2026-08-31T08:01:58.752+0000] {local_task_job_runner.py:266} INFO - Task exited with return code 0
[2026-08-31T08:01:58.774+0000] {taskinstance.py:3895} INFO - 1 downstream tasks scheduled from follow-on schedule check
[2026-08-31T08:01:58.777+0000] {local_task_job_runner.py:245} INFO - ::endgroup::
