[2026-08-24T07:32:56.034+0000] {local_task_job_runner.py:123} INFO - ::group::Pre task execution logs
[2026-08-24T07:32:56.054+0000] {taskinstance.py:2613} INFO - Dependencies all met for dep_context=non-requeueable deps ti=<TaskInstance: branching_dag.check_condition manual__2026-08-24T07:32:55.092476+00:00 [queued]>
[2026-08-24T07:32:56.064+0000] {taskinstance.py:2613} INFO - Dependencies all met for dep_context=requeueable deps ti=<TaskInstance: branching_dag.check_condition manual__2026-08-24T07:32:55.092476+00:00 [queued]>
[2026-08-24T07:32:56.065+0000] {taskinstance.py:2866} INFO - Starting attempt 1 of 2
[2026-08-24T07:32:56.083+0000] {taskinstance.py:2889} INFO - Executing <Task(BranchPythonOperator): check_condition> on 2026-08-24 07:32:55.092476+00:00
[2026-08-24T07:32:56.087+0000] {warnings.py:112} WARNING - /home/***/.local/lib/python3.12/site-packages/***/task/task_runner/standard_task_runner.py:70: DeprecationWarning: This process (pid=532) is multi-threaded, use of fork() may lead to deadlocks in the child.
  pid = os.fork()

[2026-08-24T07:32:56.088+0000] {standard_task_runner.py:72} INFO - Started process 533 to run task
[2026-08-24T07:32:56.088+0000] {standard_task_runner.py:104} INFO - Running: ['***', 'tasks', 'run', 'branching_dag', 'check_condition', 'manual__2026-08-24T07:32:55.092476+00:00', '--job-id', '10', '--raw', '--subdir', 'DAGS_FOLDER/03_branching_dag.py', '--cfg-path', '/tmp/tmpqtvb09me']
[2026-08-24T07:32:56.089+0000] {standard_task_runner.py:105} INFO - Job 10: Subtask check_condition
[2026-08-24T07:32:56.150+0000] {task_command.py:467} INFO - Running <TaskInstance: branching_dag.check_condition manual__2026-08-24T07:32:55.092476+00:00 [running]> on host 68db78767e9c
[2026-08-24T07:32:56.219+0000] {taskinstance.py:3132} INFO - Exporting env vars: AIRFLOW_CTX_DAG_OWNER='workshop' AIRFLOW_CTX_DAG_ID='branching_dag' AIRFLOW_CTX_TASK_ID='check_condition' AIRFLOW_CTX_EXECUTION_DATE='2026-08-24T07:32:55.092476+00:00' AIRFLOW_CTX_TRY_NUMBER='1' AIRFLOW_CTX_DAG_RUN_ID='manual__2026-08-24T07:32:55.092476+00:00'
[2026-08-24T07:32:56.220+0000] {taskinstance.py:731} INFO - ::endgroup::
[2026-08-24T07:32:56.230+0000] {baseoperator.py:421} WARNING - BranchPythonOperator.execute cannot be called outside TaskInstance!
[2026-08-24T07:32:56.231+0000] {logging_mixin.py:190} INFO - สุ่มตัวเลขได้: 97
[2026-08-24T07:32:56.244+0000] {logging_mixin.py:190} INFO - 97 >= 50 -> เลือกเส้นทาง high_branch_task
[2026-08-24T07:32:56.245+0000] {python.py:240} INFO - Done. Returned value was: high_branch_task
[2026-08-24T07:32:56.248+0000] {branch.py:38} INFO - Branch into high_branch_task
[2026-08-24T07:32:56.248+0000] {skipmixin.py:230} INFO - Following branch ('high_branch_task',)
[2026-08-24T07:32:56.260+0000] {skipmixin.py:278} INFO - Skipping tasks [('low_branch_task', -1)]
[2026-08-24T07:32:56.286+0000] {taskinstance.py:340} INFO - ::group::Post task execution logs
[2026-08-24T07:32:56.287+0000] {taskinstance.py:352} INFO - Marking task as SUCCESS. dag_id=branching_dag, task_id=check_condition, run_id=manual__2026-08-24T07:32:55.092476+00:00, execution_date=20260824T073255, start_date=20260824T073256, end_date=20260824T073256
[2026-08-24T07:32:56.304+0000] {local_task_job_runner.py:266} INFO - Task exited with return code 0
[2026-08-24T07:32:56.328+0000] {taskinstance.py:3895} INFO - 1 downstream tasks scheduled from follow-on schedule check
[2026-08-24T07:32:56.332+0000] {local_task_job_runner.py:245} INFO - ::endgroup::
