[2026-08-31T08:14:28.324+0000] {local_task_job_runner.py:123} INFO - ::group::Pre task execution logs
[2026-08-31T08:14:28.341+0000] {taskinstance.py:2613} INFO - Dependencies all met for dep_context=non-requeueable deps ti=<TaskInstance: weather_pipeline_dag.train_model manual__2026-08-31T08:14:14.648450+00:00 [queued]>
[2026-08-31T08:14:28.349+0000] {taskinstance.py:2613} INFO - Dependencies all met for dep_context=requeueable deps ti=<TaskInstance: weather_pipeline_dag.train_model manual__2026-08-31T08:14:14.648450+00:00 [queued]>
[2026-08-31T08:14:28.351+0000] {taskinstance.py:2866} INFO - Starting attempt 1 of 2
[2026-08-31T08:14:28.362+0000] {taskinstance.py:2889} INFO - Executing <Task(PythonOperator): train_model> on 2026-08-31 08:14:14.648450+00:00
[2026-08-31T08:14:28.368+0000] {warnings.py:112} WARNING - /home/***/.local/lib/python3.12/site-packages/***/task/task_runner/standard_task_runner.py:70: DeprecationWarning: This process (pid=449) is multi-threaded, use of fork() may lead to deadlocks in the child.
  pid = os.fork()

[2026-08-31T08:14:28.371+0000] {standard_task_runner.py:72} INFO - Started process 451 to run task
[2026-08-31T08:14:28.372+0000] {standard_task_runner.py:104} INFO - Running: ['***', 'tasks', 'run', 'weather_pipeline_dag', 'train_model', 'manual__2026-08-31T08:14:14.648450+00:00', '--job-id', '48', '--raw', '--subdir', 'DAGS_FOLDER/ml_02_weather_pipeline.py', '--cfg-path', '/tmp/tmpqb_a2pd3']
[2026-08-31T08:14:28.374+0000] {standard_task_runner.py:105} INFO - Job 48: Subtask train_model
[2026-08-31T08:14:28.459+0000] {task_command.py:467} INFO - Running <TaskInstance: weather_pipeline_dag.train_model manual__2026-08-31T08:14:14.648450+00:00 [running]> on host bf6d2807926d
[2026-08-31T08:14:28.705+0000] {taskinstance.py:3132} INFO - Exporting env vars: AIRFLOW_CTX_DAG_OWNER='workshop2' AIRFLOW_CTX_DAG_ID='weather_pipeline_dag' AIRFLOW_CTX_TASK_ID='train_model' AIRFLOW_CTX_EXECUTION_DATE='2026-08-31T08:14:14.648450+00:00' AIRFLOW_CTX_TRY_NUMBER='1' AIRFLOW_CTX_DAG_RUN_ID='manual__2026-08-31T08:14:14.648450+00:00'
[2026-08-31T08:14:28.706+0000] {taskinstance.py:731} INFO - ::endgroup::
[2026-08-31T08:14:29.916+0000] {logging_mixin.py:190} INFO - เทรนโมเดลเสร็จ (train 9 แถว, กันไว้วัดผล 3 แถว)
[2026-08-31T08:14:29.918+0000] {logging_mixin.py:190} INFO - บันทึกไว้ที่: /opt/***/models/weather_models/candidate_manual__2026-08-31T08-14-14.648450-00-00.pkl
[2026-08-31T08:14:29.919+0000] {python.py:240} INFO - Done. Returned value was: None
[2026-08-31T08:14:29.927+0000] {taskinstance.py:340} INFO - ::group::Post task execution logs
[2026-08-31T08:14:29.928+0000] {taskinstance.py:352} INFO - Marking task as SUCCESS. dag_id=weather_pipeline_dag, task_id=train_model, run_id=manual__2026-08-31T08:14:14.648450+00:00, execution_date=20260831T081414, start_date=20260831T081428, end_date=20260831T081429
[2026-08-31T08:14:30.001+0000] {local_task_job_runner.py:266} INFO - Task exited with return code 0
[2026-08-31T08:14:30.240+0000] {taskinstance.py:3895} INFO - 1 downstream tasks scheduled from follow-on schedule check
[2026-08-31T08:14:30.244+0000] {local_task_job_runner.py:245} INFO - ::endgroup::
