[2026-08-31T08:14:37.636+0000] {local_task_job_runner.py:123} INFO - ::group::Pre task execution logs
[2026-08-31T08:14:37.662+0000] {taskinstance.py:2613} INFO - Dependencies all met for dep_context=non-requeueable deps ti=<TaskInstance: weather_pipeline_dag.deploy_model manual__2026-08-31T08:14:14.648450+00:00 [queued]>
[2026-08-31T08:14:37.672+0000] {taskinstance.py:2613} INFO - Dependencies all met for dep_context=requeueable deps ti=<TaskInstance: weather_pipeline_dag.deploy_model manual__2026-08-31T08:14:14.648450+00:00 [queued]>
[2026-08-31T08:14:37.675+0000] {taskinstance.py:2866} INFO - Starting attempt 1 of 2
[2026-08-31T08:14:37.687+0000] {taskinstance.py:2889} INFO - Executing <Task(PythonOperator): deploy_model> on 2026-08-31 08:14:14.648450+00:00
[2026-08-31T08:14:37.694+0000] {warnings.py:112} WARNING - /home/***/.local/lib/python3.12/site-packages/***/task/task_runner/standard_task_runner.py:70: DeprecationWarning: This process (pid=489) is multi-threaded, use of fork() may lead to deadlocks in the child.
  pid = os.fork()

[2026-08-31T08:14:37.696+0000] {standard_task_runner.py:72} INFO - Started process 491 to run task
[2026-08-31T08:14:37.696+0000] {standard_task_runner.py:104} INFO - Running: ['***', 'tasks', 'run', 'weather_pipeline_dag', 'deploy_model', 'manual__2026-08-31T08:14:14.648450+00:00', '--job-id', '52', '--raw', '--subdir', 'DAGS_FOLDER/ml_02_weather_pipeline.py', '--cfg-path', '/tmp/tmpzme640o6']
[2026-08-31T08:14:37.698+0000] {standard_task_runner.py:105} INFO - Job 52: Subtask deploy_model
[2026-08-31T08:14:37.926+0000] {task_command.py:467} INFO - Running <TaskInstance: weather_pipeline_dag.deploy_model manual__2026-08-31T08:14:14.648450+00:00 [running]> on host bf6d2807926d
[2026-08-31T08:14:37.988+0000] {taskinstance.py:3132} INFO - Exporting env vars: AIRFLOW_CTX_DAG_OWNER='workshop2' AIRFLOW_CTX_DAG_ID='weather_pipeline_dag' AIRFLOW_CTX_TASK_ID='deploy_model' AIRFLOW_CTX_EXECUTION_DATE='2026-08-31T08:14:14.648450+00:00' AIRFLOW_CTX_TRY_NUMBER='1' AIRFLOW_CTX_DAG_RUN_ID='manual__2026-08-31T08:14:14.648450+00:00'
[2026-08-31T08:14:37.989+0000] {taskinstance.py:731} INFO - ::endgroup::
[2026-08-31T08:14:38.042+0000] {logging_mixin.py:190} INFO - Deploy สำเร็จ: /opt/***/models/weather_models/candidate_manual__2026-08-31T08-14-14.648450-00-00.pkl -> /opt/***/models/weather_models/current_model.pkl
[2026-08-31T08:14:38.045+0000] {python.py:240} INFO - Done. Returned value was: deployed
[2026-08-31T08:14:38.077+0000] {taskinstance.py:340} INFO - ::group::Post task execution logs
[2026-08-31T08:14:38.078+0000] {taskinstance.py:352} INFO - Marking task as SUCCESS. dag_id=weather_pipeline_dag, task_id=deploy_model, run_id=manual__2026-08-31T08:14:14.648450+00:00, execution_date=20260831T081414, start_date=20260831T081437, end_date=20260831T081438
[2026-08-31T08:14:38.113+0000] {local_task_job_runner.py:266} INFO - Task exited with return code 0
[2026-08-31T08:14:38.284+0000] {taskinstance.py:3895} INFO - 0 downstream tasks scheduled from follow-on schedule check
[2026-08-31T08:14:38.286+0000] {local_task_job_runner.py:245} INFO - ::endgroup::
