[2026-08-24T08:01:51.577+0000] {local_task_job_runner.py:123} INFO - ::group::Pre task execution logs
[2026-08-24T08:01:51.593+0000] {taskinstance.py:2613} INFO - Dependencies all met for dep_context=non-requeueable deps ti=<TaskInstance: etl_weather_postgres_dag.transform_weather manual__2026-08-24T08:01:46.867185+00:00 [queued]>
[2026-08-24T08:01:51.602+0000] {taskinstance.py:2613} INFO - Dependencies all met for dep_context=requeueable deps ti=<TaskInstance: etl_weather_postgres_dag.transform_weather manual__2026-08-24T08:01:46.867185+00:00 [queued]>
[2026-08-24T08:01:51.605+0000] {taskinstance.py:2866} INFO - Starting attempt 1 of 2
[2026-08-24T08:01:51.620+0000] {taskinstance.py:2889} INFO - Executing <Task(PythonOperator): transform_weather> on 2026-08-24 08:01:46.867185+00:00
[2026-08-24T08:01:51.625+0000] {warnings.py:112} WARNING - /home/***/.local/lib/python3.12/site-packages/***/task/task_runner/standard_task_runner.py:70: DeprecationWarning: This process (pid=975) is multi-threaded, use of fork() may lead to deadlocks in the child.
  pid = os.fork()

[2026-08-24T08:01:51.626+0000] {standard_task_runner.py:104} INFO - Running: ['***', 'tasks', 'run', 'etl_weather_postgres_dag', 'transform_weather', 'manual__2026-08-24T08:01:46.867185+00:00', '--job-id', '31', '--raw', '--subdir', 'DAGS_FOLDER/05_etl_weather_postgres.py', '--cfg-path', '/tmp/tmpyqihvk6c']
[2026-08-24T08:01:51.627+0000] {standard_task_runner.py:72} INFO - Started process 976 to run task
[2026-08-24T08:01:51.628+0000] {standard_task_runner.py:105} INFO - Job 31: Subtask transform_weather
[2026-08-24T08:01:51.700+0000] {task_command.py:467} INFO - Running <TaskInstance: etl_weather_postgres_dag.transform_weather manual__2026-08-24T08:01:46.867185+00:00 [running]> on host 68db78767e9c
[2026-08-24T08:01:51.788+0000] {taskinstance.py:3132} INFO - Exporting env vars: AIRFLOW_CTX_DAG_OWNER='workshop' AIRFLOW_CTX_DAG_ID='etl_weather_postgres_dag' AIRFLOW_CTX_TASK_ID='transform_weather' AIRFLOW_CTX_EXECUTION_DATE='2026-08-24T08:01:46.867185+00:00' AIRFLOW_CTX_TRY_NUMBER='1' AIRFLOW_CTX_DAG_RUN_ID='manual__2026-08-24T08:01:46.867185+00:00'
[2026-08-24T08:01:51.789+0000] {taskinstance.py:731} INFO - ::endgroup::
[2026-08-24T08:01:51.809+0000] {logging_mixin.py:190} INFO - แปลงข้อมูล กรุงเทพฯ: 32.9 °C -> ร้อน
[2026-08-24T08:01:51.820+0000] {logging_mixin.py:190} INFO - แปลงข้อมูล เชียงใหม่: 30.4 °C -> ร้อน
[2026-08-24T08:01:51.827+0000] {logging_mixin.py:190} INFO - แปลงข้อมูล ขอนแก่น: 30.8 °C -> ร้อน
[2026-08-24T08:01:51.835+0000] {logging_mixin.py:190} INFO - แปลงข้อมูล ภูเก็ต: 26.8 °C -> อากาศดี
[2026-08-24T08:01:51.851+0000] {logging_mixin.py:190} INFO - แปลงข้อมูลครบ 4 จังหวัด
[2026-08-24T08:01:51.851+0000] {python.py:240} INFO - Done. Returned value was: None
[2026-08-24T08:01:51.860+0000] {taskinstance.py:340} INFO - ::group::Post task execution logs
[2026-08-24T08:01:51.861+0000] {taskinstance.py:352} INFO - Marking task as SUCCESS. dag_id=etl_weather_postgres_dag, task_id=transform_weather, run_id=manual__2026-08-24T08:01:46.867185+00:00, execution_date=20260824T080146, start_date=20260824T080151, end_date=20260824T080151
[2026-08-24T08:01:51.886+0000] {local_task_job_runner.py:266} INFO - Task exited with return code 0
[2026-08-24T08:01:51.908+0000] {taskinstance.py:3895} INFO - 1 downstream tasks scheduled from follow-on schedule check
[2026-08-24T08:01:51.912+0000] {local_task_job_runner.py:245} INFO - ::endgroup::
