[2026-08-31T08:02:00.071+0000] {local_task_job_runner.py:123} INFO - ::group::Pre task execution logs
[2026-08-31T08:02:00.098+0000] {taskinstance.py:2613} INFO - Dependencies all met for dep_context=non-requeueable deps ti=<TaskInstance: iris_pipeline_dag.evaluate_model manual__2026-08-31T08:01:50.093059+00:00 [queued]>
[2026-08-31T08:02:00.105+0000] {taskinstance.py:2613} INFO - Dependencies all met for dep_context=requeueable deps ti=<TaskInstance: iris_pipeline_dag.evaluate_model manual__2026-08-31T08:01:50.093059+00:00 [queued]>
[2026-08-31T08:02:00.108+0000] {taskinstance.py:2866} INFO - Starting attempt 1 of 2
[2026-08-31T08:02:00.122+0000] {taskinstance.py:2889} INFO - Executing <Task(PythonOperator): evaluate_model> on 2026-08-31 08:01:50.093059+00:00
[2026-08-31T08:02:00.127+0000] {warnings.py:112} WARNING - /home/***/.local/lib/python3.12/site-packages/***/task/task_runner/standard_task_runner.py:70: DeprecationWarning: This process (pid=230) is multi-threaded, use of fork() may lead to deadlocks in the child.
  pid = os.fork()

[2026-08-31T08:02:00.129+0000] {standard_task_runner.py:72} INFO - Started process 231 to run task
[2026-08-31T08:02:00.129+0000] {standard_task_runner.py:104} INFO - Running: ['***', 'tasks', 'run', 'iris_pipeline_dag', 'evaluate_model', 'manual__2026-08-31T08:01:50.093059+00:00', '--job-id', '39', '--raw', '--subdir', 'DAGS_FOLDER/ml_01_iris_pipeline-3.py', '--cfg-path', '/tmp/tmpi3alqk14']
[2026-08-31T08:02:00.131+0000] {standard_task_runner.py:105} INFO - Job 39: Subtask evaluate_model
[2026-08-31T08:02:00.209+0000] {task_command.py:467} INFO - Running <TaskInstance: iris_pipeline_dag.evaluate_model manual__2026-08-31T08:01:50.093059+00:00 [running]> on host bf6d2807926d
[2026-08-31T08:02:00.297+0000] {taskinstance.py:3132} INFO - Exporting env vars: AIRFLOW_CTX_DAG_OWNER='workshop2' AIRFLOW_CTX_DAG_ID='iris_pipeline_dag' AIRFLOW_CTX_TASK_ID='evaluate_model' AIRFLOW_CTX_EXECUTION_DATE='2026-08-31T08:01:50.093059+00:00' AIRFLOW_CTX_TRY_NUMBER='1' AIRFLOW_CTX_DAG_RUN_ID='manual__2026-08-31T08:01:50.093059+00:00'
[2026-08-31T08:02:00.298+0000] {taskinstance.py:731} INFO - ::endgroup::
[2026-08-31T08:02:01.664+0000] {logging_mixin.py:190} INFO - ประเมินผลโมเดล: accuracy = 1.0000 (เกณฑ์ deploy: > 0.9)
[2026-08-31T08:02:01.667+0000] {python.py:240} INFO - Done. Returned value was: None
[2026-08-31T08:02:01.679+0000] {taskinstance.py:340} INFO - ::group::Post task execution logs
[2026-08-31T08:02:01.680+0000] {taskinstance.py:352} INFO - Marking task as SUCCESS. dag_id=iris_pipeline_dag, task_id=evaluate_model, run_id=manual__2026-08-31T08:01:50.093059+00:00, execution_date=20260831T080150, start_date=20260831T080200, end_date=20260831T080201
[2026-08-31T08:02:01.714+0000] {local_task_job_runner.py:266} INFO - Task exited with return code 0
[2026-08-31T08:02:01.738+0000] {taskinstance.py:3895} INFO - 1 downstream tasks scheduled from follow-on schedule check
[2026-08-31T08:02:01.740+0000] {local_task_job_runner.py:245} INFO - ::endgroup::
