[2026-08-24T07:26:16.908+0000] {local_task_job_runner.py:123} INFO - ::group::Pre task execution logs
[2026-08-24T07:26:16.924+0000] {taskinstance.py:2613} INFO - Dependencies all met for dep_context=non-requeueable deps ti=<TaskInstance: hello_dag.hello_task manual__2026-08-24T07:26:15.247958+00:00 [queued]>
[2026-08-24T07:26:16.930+0000] {taskinstance.py:2613} INFO - Dependencies all met for dep_context=requeueable deps ti=<TaskInstance: hello_dag.hello_task manual__2026-08-24T07:26:15.247958+00:00 [queued]>
[2026-08-24T07:26:16.935+0000] {taskinstance.py:2866} INFO - Starting attempt 1 of 2
[2026-08-24T07:26:16.949+0000] {taskinstance.py:2889} INFO - Executing <Task(PythonOperator): hello_task> on 2026-08-24 07:26:15.247958+00:00
[2026-08-24T07:26:16.953+0000] {warnings.py:112} WARNING - /home/***/.local/lib/python3.12/site-packages/***/task/task_runner/standard_task_runner.py:70: DeprecationWarning: This process (pid=429) is multi-threaded, use of fork() may lead to deadlocks in the child.
  pid = os.fork()

[2026-08-24T07:26:16.955+0000] {standard_task_runner.py:104} INFO - Running: ['***', 'tasks', 'run', 'hello_dag', 'hello_task', 'manual__2026-08-24T07:26:15.247958+00:00', '--job-id', '6', '--raw', '--subdir', 'DAGS_FOLDER/01_hello_dag.py', '--cfg-path', '/tmp/tmp1k3dovbd']
[2026-08-24T07:26:16.956+0000] {standard_task_runner.py:72} INFO - Started process 430 to run task
[2026-08-24T07:26:16.956+0000] {standard_task_runner.py:105} INFO - Job 6: Subtask hello_task
[2026-08-24T07:26:17.014+0000] {task_command.py:467} INFO - Running <TaskInstance: hello_dag.hello_task manual__2026-08-24T07:26:15.247958+00:00 [running]> on host 68db78767e9c
[2026-08-24T07:26:17.100+0000] {taskinstance.py:3132} INFO - Exporting env vars: AIRFLOW_CTX_DAG_OWNER='workshop' AIRFLOW_CTX_DAG_ID='hello_dag' AIRFLOW_CTX_TASK_ID='hello_task' AIRFLOW_CTX_EXECUTION_DATE='2026-08-24T07:26:15.247958+00:00' AIRFLOW_CTX_TRY_NUMBER='1' AIRFLOW_CTX_DAG_RUN_ID='manual__2026-08-24T07:26:15.247958+00:00'
[2026-08-24T07:26:17.101+0000] {taskinstance.py:731} INFO - ::endgroup::
[2026-08-24T07:26:17.112+0000] {logging_mixin.py:190} INFO - สวัสดีจาก Airflow! วันที่รัน (execution date) คือ: 2026-08-24
[2026-08-24T07:26:17.113+0000] {logging_mixin.py:190} INFO - นี่คือ task ที่ 2 ซึ่งรันต่อจาก task แรก (print_date) สำเร็จแล้ว
[2026-08-24T07:26:17.114+0000] {python.py:240} INFO - Done. Returned value was: hello-done
[2026-08-24T07:26:17.137+0000] {taskinstance.py:340} INFO - ::group::Post task execution logs
[2026-08-24T07:26:17.138+0000] {taskinstance.py:352} INFO - Marking task as SUCCESS. dag_id=hello_dag, task_id=hello_task, run_id=manual__2026-08-24T07:26:15.247958+00:00, execution_date=20260824T072615, start_date=20260824T072616, end_date=20260824T072617
[2026-08-24T07:26:17.170+0000] {local_task_job_runner.py:266} INFO - Task exited with return code 0
[2026-08-24T07:26:17.192+0000] {taskinstance.py:3895} INFO - 0 downstream tasks scheduled from follow-on schedule check
[2026-08-24T07:26:17.196+0000] {local_task_job_runner.py:245} INFO - ::endgroup::
