[2026-08-31T08:01:55.080+0000] {local_task_job_runner.py:123} INFO - ::group::Pre task execution logs
[2026-08-31T08:01:55.096+0000] {taskinstance.py:2613} INFO - Dependencies all met for dep_context=non-requeueable deps ti=<TaskInstance: iris_pipeline_dag.prepare_data manual__2026-08-31T08:01:50.093059+00:00 [queued]>
[2026-08-31T08:01:55.103+0000] {taskinstance.py:2613} INFO - Dependencies all met for dep_context=requeueable deps ti=<TaskInstance: iris_pipeline_dag.prepare_data manual__2026-08-31T08:01:50.093059+00:00 [queued]>
[2026-08-31T08:01:55.105+0000] {taskinstance.py:2866} INFO - Starting attempt 1 of 2
[2026-08-31T08:01:55.117+0000] {taskinstance.py:2889} INFO - Executing <Task(PythonOperator): prepare_data> on 2026-08-31 08:01:50.093059+00:00
[2026-08-31T08:01:55.121+0000] {warnings.py:112} WARNING - /home/***/.local/lib/python3.12/site-packages/***/task/task_runner/standard_task_runner.py:70: DeprecationWarning: This process (pid=191) is multi-threaded, use of fork() may lead to deadlocks in the child.
  pid = os.fork()

[2026-08-31T08:01:55.123+0000] {standard_task_runner.py:72} INFO - Started process 192 to run task
[2026-08-31T08:01:55.123+0000] {standard_task_runner.py:104} INFO - Running: ['***', 'tasks', 'run', 'iris_pipeline_dag', 'prepare_data', 'manual__2026-08-31T08:01:50.093059+00:00', '--job-id', '37', '--raw', '--subdir', 'DAGS_FOLDER/ml_01_iris_pipeline-3.py', '--cfg-path', '/tmp/tmpzidtb41t']
[2026-08-31T08:01:55.124+0000] {standard_task_runner.py:105} INFO - Job 37: Subtask prepare_data
[2026-08-31T08:01:55.191+0000] {task_command.py:467} INFO - Running <TaskInstance: iris_pipeline_dag.prepare_data manual__2026-08-31T08:01:50.093059+00:00 [running]> on host bf6d2807926d
[2026-08-31T08:01:55.254+0000] {taskinstance.py:3132} INFO - Exporting env vars: AIRFLOW_CTX_DAG_OWNER='workshop2' AIRFLOW_CTX_DAG_ID='iris_pipeline_dag' AIRFLOW_CTX_TASK_ID='prepare_data' AIRFLOW_CTX_EXECUTION_DATE='2026-08-31T08:01:50.093059+00:00' AIRFLOW_CTX_TRY_NUMBER='1' AIRFLOW_CTX_DAG_RUN_ID='manual__2026-08-31T08:01:50.093059+00:00'
[2026-08-31T08:01:55.255+0000] {taskinstance.py:731} INFO - ::endgroup::
[2026-08-31T08:01:56.584+0000] {logging_mixin.py:190} INFO - แบ่งข้อมูลแล้ว: train 120 แถว, test 30 แถว
[2026-08-31T08:01:56.585+0000] {python.py:240} INFO - Done. Returned value was: None
[2026-08-31T08:01:56.594+0000] {taskinstance.py:340} INFO - ::group::Post task execution logs
[2026-08-31T08:01:56.595+0000] {taskinstance.py:352} INFO - Marking task as SUCCESS. dag_id=iris_pipeline_dag, task_id=prepare_data, run_id=manual__2026-08-31T08:01:50.093059+00:00, execution_date=20260831T080150, start_date=20260831T080155, end_date=20260831T080156
[2026-08-31T08:01:56.632+0000] {local_task_job_runner.py:266} INFO - Task exited with return code 0
[2026-08-31T08:01:56.655+0000] {taskinstance.py:3895} INFO - 1 downstream tasks scheduled from follow-on schedule check
[2026-08-31T08:01:56.659+0000] {local_task_job_runner.py:245} INFO - ::endgroup::
