[2026-08-24T07:16:17.742+0000] {processor.py:186} INFO - Started process (PID=265) to work on /opt/airflow/dags/01_hello_dag.py
[2026-08-24T07:16:17.743+0000] {processor.py:914} INFO - Processing file /opt/airflow/dags/01_hello_dag.py for tasks to queue
[2026-08-24T07:16:17.746+0000] {logging_mixin.py:190} INFO - [2026-08-24T07:16:17.745+0000] {dagbag.py:588} INFO - Filling up the DagBag from /opt/airflow/dags/01_hello_dag.py
[2026-08-24T07:16:17.919+0000] {processor.py:925} INFO - DAG(s) 'hello_dag' retrieved from /opt/airflow/dags/01_hello_dag.py
[2026-08-24T07:16:17.995+0000] {logging_mixin.py:190} INFO - [2026-08-24T07:16:17.994+0000] {override.py:1911} INFO - Created Permission View: can delete on DAG:hello_dag
[2026-08-24T07:16:18.004+0000] {logging_mixin.py:190} INFO - [2026-08-24T07:16:18.004+0000] {override.py:1911} INFO - Created Permission View: can edit on DAG:hello_dag
[2026-08-24T07:16:18.014+0000] {logging_mixin.py:190} INFO - [2026-08-24T07:16:18.013+0000] {override.py:1911} INFO - Created Permission View: can read on DAG:hello_dag
[2026-08-24T07:16:18.024+0000] {logging_mixin.py:190} INFO - [2026-08-24T07:16:18.023+0000] {override.py:1911} INFO - Created Permission View: can delete on DAG Run:hello_dag
[2026-08-24T07:16:18.038+0000] {logging_mixin.py:190} INFO - [2026-08-24T07:16:18.038+0000] {override.py:1911} INFO - Created Permission View: can create on DAG Run:hello_dag
[2026-08-24T07:16:18.043+0000] {logging_mixin.py:190} INFO - [2026-08-24T07:16:18.043+0000] {override.py:1911} INFO - Created Permission View: menu access on DAG Run:hello_dag
[2026-08-24T07:16:18.048+0000] {logging_mixin.py:190} INFO - [2026-08-24T07:16:18.048+0000] {override.py:1911} INFO - Created Permission View: can read on DAG Run:hello_dag
[2026-08-24T07:16:18.049+0000] {logging_mixin.py:190} INFO - [2026-08-24T07:16:18.049+0000] {dag.py:3239} INFO - Sync 1 DAGs
[2026-08-24T07:16:18.057+0000] {logging_mixin.py:190} INFO - [2026-08-24T07:16:18.057+0000] {dag.py:3262} INFO - Creating ORM DAG for hello_dag
[2026-08-24T07:16:18.058+0000] {logging_mixin.py:190} INFO - [2026-08-24T07:16:18.058+0000] {dag.py:4180} INFO - Setting next_dagrun for hello_dag to None, run_after=None
[2026-08-24T07:16:18.077+0000] {processor.py:208} INFO - Processing /opt/airflow/dags/01_hello_dag.py took 0.339 seconds
[2026-08-24T07:16:49.001+0000] {processor.py:186} INFO - Started process (PID=276) to work on /opt/airflow/dags/01_hello_dag.py
[2026-08-24T07:16:49.003+0000] {processor.py:914} INFO - Processing file /opt/airflow/dags/01_hello_dag.py for tasks to queue
[2026-08-24T07:16:49.005+0000] {logging_mixin.py:190} INFO - [2026-08-24T07:16:49.005+0000] {dagbag.py:588} INFO - Filling up the DagBag from /opt/airflow/dags/01_hello_dag.py
[2026-08-24T07:16:49.053+0000] {processor.py:925} INFO - DAG(s) 'hello_dag' retrieved from /opt/airflow/dags/01_hello_dag.py
[2026-08-24T07:16:49.096+0000] {logging_mixin.py:190} INFO - [2026-08-24T07:16:49.096+0000] {dag.py:3239} INFO - Sync 1 DAGs
[2026-08-24T07:16:49.108+0000] {logging_mixin.py:190} INFO - [2026-08-24T07:16:49.108+0000] {dag.py:4180} INFO - Setting next_dagrun for hello_dag to None, run_after=None
[2026-08-24T07:16:49.126+0000] {processor.py:208} INFO - Processing /opt/airflow/dags/01_hello_dag.py took 0.132 seconds
[2026-08-24T07:17:20.013+0000] {processor.py:186} INFO - Started process (PID=287) to work on /opt/airflow/dags/01_hello_dag.py
[2026-08-24T07:17:20.015+0000] {processor.py:914} INFO - Processing file /opt/airflow/dags/01_hello_dag.py for tasks to queue
[2026-08-24T07:17:20.019+0000] {logging_mixin.py:190} INFO - [2026-08-24T07:17:20.018+0000] {dagbag.py:588} INFO - Filling up the DagBag from /opt/airflow/dags/01_hello_dag.py
[2026-08-24T07:17:20.047+0000] {processor.py:925} INFO - DAG(s) 'hello_dag' retrieved from /opt/airflow/dags/01_hello_dag.py
[2026-08-24T07:17:20.085+0000] {logging_mixin.py:190} INFO - [2026-08-24T07:17:20.085+0000] {dag.py:3239} INFO - Sync 1 DAGs
[2026-08-24T07:17:20.110+0000] {logging_mixin.py:190} INFO - [2026-08-24T07:17:20.110+0000] {dag.py:4180} INFO - Setting next_dagrun for hello_dag to None, run_after=None
[2026-08-24T07:17:20.136+0000] {processor.py:208} INFO - Processing /opt/airflow/dags/01_hello_dag.py took 0.131 seconds
[2026-08-24T07:17:50.222+0000] {processor.py:186} INFO - Started process (PID=298) to work on /opt/airflow/dags/01_hello_dag.py
[2026-08-24T07:17:50.223+0000] {processor.py:914} INFO - Processing file /opt/airflow/dags/01_hello_dag.py for tasks to queue
[2026-08-24T07:17:50.226+0000] {logging_mixin.py:190} INFO - [2026-08-24T07:17:50.226+0000] {dagbag.py:588} INFO - Filling up the DagBag from /opt/airflow/dags/01_hello_dag.py
[2026-08-24T07:17:50.249+0000] {processor.py:925} INFO - DAG(s) 'hello_dag' retrieved from /opt/airflow/dags/01_hello_dag.py
[2026-08-24T07:17:50.274+0000] {logging_mixin.py:190} INFO - [2026-08-24T07:17:50.273+0000] {dag.py:3239} INFO - Sync 1 DAGs
[2026-08-24T07:17:50.288+0000] {logging_mixin.py:190} INFO - [2026-08-24T07:17:50.288+0000] {dag.py:4180} INFO - Setting next_dagrun for hello_dag to None, run_after=None
[2026-08-24T07:17:50.310+0000] {processor.py:208} INFO - Processing /opt/airflow/dags/01_hello_dag.py took 0.096 seconds
[2026-08-24T07:18:21.035+0000] {processor.py:186} INFO - Started process (PID=309) to work on /opt/airflow/dags/01_hello_dag.py
[2026-08-24T07:18:21.036+0000] {processor.py:914} INFO - Processing file /opt/airflow/dags/01_hello_dag.py for tasks to queue
[2026-08-24T07:18:21.038+0000] {logging_mixin.py:190} INFO - [2026-08-24T07:18:21.037+0000] {dagbag.py:588} INFO - Filling up the DagBag from /opt/airflow/dags/01_hello_dag.py
[2026-08-24T07:18:21.052+0000] {processor.py:925} INFO - DAG(s) 'hello_dag' retrieved from /opt/airflow/dags/01_hello_dag.py
[2026-08-24T07:18:21.072+0000] {logging_mixin.py:190} INFO - [2026-08-24T07:18:21.072+0000] {dag.py:3239} INFO - Sync 1 DAGs
[2026-08-24T07:18:21.084+0000] {logging_mixin.py:190} INFO - [2026-08-24T07:18:21.084+0000] {dag.py:4180} INFO - Setting next_dagrun for hello_dag to None, run_after=None
[2026-08-24T07:18:21.100+0000] {processor.py:208} INFO - Processing /opt/airflow/dags/01_hello_dag.py took 0.069 seconds
[2026-08-24T07:18:51.915+0000] {processor.py:186} INFO - Started process (PID=320) to work on /opt/airflow/dags/01_hello_dag.py
[2026-08-24T07:18:51.915+0000] {processor.py:914} INFO - Processing file /opt/airflow/dags/01_hello_dag.py for tasks to queue
[2026-08-24T07:18:51.917+0000] {logging_mixin.py:190} INFO - [2026-08-24T07:18:51.917+0000] {dagbag.py:588} INFO - Filling up the DagBag from /opt/airflow/dags/01_hello_dag.py
[2026-08-24T07:18:51.933+0000] {processor.py:925} INFO - DAG(s) 'hello_dag' retrieved from /opt/airflow/dags/01_hello_dag.py
[2026-08-24T07:18:51.953+0000] {logging_mixin.py:190} INFO - [2026-08-24T07:18:51.953+0000] {dag.py:3239} INFO - Sync 1 DAGs
[2026-08-24T07:18:51.964+0000] {logging_mixin.py:190} INFO - [2026-08-24T07:18:51.964+0000] {dag.py:4180} INFO - Setting next_dagrun for hello_dag to None, run_after=None
[2026-08-24T07:18:52.067+0000] {processor.py:208} INFO - Processing /opt/airflow/dags/01_hello_dag.py took 0.157 seconds
[2026-08-24T07:19:22.917+0000] {processor.py:186} INFO - Started process (PID=337) to work on /opt/airflow/dags/01_hello_dag.py
[2026-08-24T07:19:22.919+0000] {processor.py:914} INFO - Processing file /opt/airflow/dags/01_hello_dag.py for tasks to queue
[2026-08-24T07:19:22.923+0000] {logging_mixin.py:190} INFO - [2026-08-24T07:19:22.922+0000] {dagbag.py:588} INFO - Filling up the DagBag from /opt/airflow/dags/01_hello_dag.py
[2026-08-24T07:19:22.965+0000] {processor.py:925} INFO - DAG(s) 'hello_dag' retrieved from /opt/airflow/dags/01_hello_dag.py
[2026-08-24T07:19:23.000+0000] {logging_mixin.py:190} INFO - [2026-08-24T07:19:22.999+0000] {dag.py:3239} INFO - Sync 1 DAGs
[2026-08-24T07:19:23.019+0000] {logging_mixin.py:190} INFO - [2026-08-24T07:19:23.019+0000] {dag.py:4180} INFO - Setting next_dagrun for hello_dag to None, run_after=None
[2026-08-24T07:19:23.047+0000] {processor.py:208} INFO - Processing /opt/airflow/dags/01_hello_dag.py took 0.144 seconds
[2026-08-24T07:19:53.239+0000] {processor.py:186} INFO - Started process (PID=348) to work on /opt/airflow/dags/01_hello_dag.py
[2026-08-24T07:19:53.240+0000] {processor.py:914} INFO - Processing file /opt/airflow/dags/01_hello_dag.py for tasks to queue
[2026-08-24T07:19:53.242+0000] {logging_mixin.py:190} INFO - [2026-08-24T07:19:53.242+0000] {dagbag.py:588} INFO - Filling up the DagBag from /opt/airflow/dags/01_hello_dag.py
[2026-08-24T07:19:53.262+0000] {processor.py:925} INFO - DAG(s) 'hello_dag' retrieved from /opt/airflow/dags/01_hello_dag.py
[2026-08-24T07:19:53.289+0000] {logging_mixin.py:190} INFO - [2026-08-24T07:19:53.289+0000] {dag.py:3239} INFO - Sync 1 DAGs
[2026-08-24T07:19:53.301+0000] {logging_mixin.py:190} INFO - [2026-08-24T07:19:53.301+0000] {dag.py:4180} INFO - Setting next_dagrun for hello_dag to None, run_after=None
[2026-08-24T07:19:53.316+0000] {processor.py:208} INFO - Processing /opt/airflow/dags/01_hello_dag.py took 0.082 seconds
[2026-08-24T07:20:24.297+0000] {processor.py:186} INFO - Started process (PID=359) to work on /opt/airflow/dags/01_hello_dag.py
[2026-08-24T07:20:24.298+0000] {processor.py:914} INFO - Processing file /opt/airflow/dags/01_hello_dag.py for tasks to queue
[2026-08-24T07:20:24.300+0000] {logging_mixin.py:190} INFO - [2026-08-24T07:20:24.300+0000] {dagbag.py:588} INFO - Filling up the DagBag from /opt/airflow/dags/01_hello_dag.py
[2026-08-24T07:20:24.314+0000] {processor.py:925} INFO - DAG(s) 'hello_dag' retrieved from /opt/airflow/dags/01_hello_dag.py
[2026-08-24T07:20:24.334+0000] {logging_mixin.py:190} INFO - [2026-08-24T07:20:24.334+0000] {dag.py:3239} INFO - Sync 1 DAGs
[2026-08-24T07:20:24.345+0000] {logging_mixin.py:190} INFO - [2026-08-24T07:20:24.345+0000] {dag.py:4180} INFO - Setting next_dagrun for hello_dag to None, run_after=None
[2026-08-24T07:20:24.363+0000] {processor.py:208} INFO - Processing /opt/airflow/dags/01_hello_dag.py took 0.070 seconds
[2026-08-24T07:20:55.178+0000] {processor.py:186} INFO - Started process (PID=371) to work on /opt/airflow/dags/01_hello_dag.py
[2026-08-24T07:20:55.180+0000] {processor.py:914} INFO - Processing file /opt/airflow/dags/01_hello_dag.py for tasks to queue
[2026-08-24T07:20:55.182+0000] {logging_mixin.py:190} INFO - [2026-08-24T07:20:55.182+0000] {dagbag.py:588} INFO - Filling up the DagBag from /opt/airflow/dags/01_hello_dag.py
[2026-08-24T07:20:55.205+0000] {processor.py:925} INFO - DAG(s) 'hello_dag' retrieved from /opt/airflow/dags/01_hello_dag.py
[2026-08-24T07:20:55.235+0000] {logging_mixin.py:190} INFO - [2026-08-24T07:20:55.235+0000] {dag.py:3239} INFO - Sync 1 DAGs
[2026-08-24T07:20:55.246+0000] {logging_mixin.py:190} INFO - [2026-08-24T07:20:55.246+0000] {dag.py:4180} INFO - Setting next_dagrun for hello_dag to None, run_after=None
[2026-08-24T07:20:55.262+0000] {processor.py:208} INFO - Processing /opt/airflow/dags/01_hello_dag.py took 0.091 seconds
[2026-08-24T07:21:26.484+0000] {processor.py:186} INFO - Started process (PID=382) to work on /opt/airflow/dags/01_hello_dag.py
[2026-08-24T07:21:26.485+0000] {processor.py:914} INFO - Processing file /opt/airflow/dags/01_hello_dag.py for tasks to queue
[2026-08-24T07:21:26.489+0000] {logging_mixin.py:190} INFO - [2026-08-24T07:21:26.488+0000] {dagbag.py:588} INFO - Filling up the DagBag from /opt/airflow/dags/01_hello_dag.py
[2026-08-24T07:21:26.517+0000] {processor.py:925} INFO - DAG(s) 'hello_dag' retrieved from /opt/airflow/dags/01_hello_dag.py
[2026-08-24T07:21:26.539+0000] {logging_mixin.py:190} INFO - [2026-08-24T07:21:26.539+0000] {dag.py:3239} INFO - Sync 1 DAGs
[2026-08-24T07:21:26.550+0000] {logging_mixin.py:190} INFO - [2026-08-24T07:21:26.550+0000] {dag.py:4180} INFO - Setting next_dagrun for hello_dag to None, run_after=None
[2026-08-24T07:21:26.568+0000] {processor.py:208} INFO - Processing /opt/airflow/dags/01_hello_dag.py took 0.096 seconds
[2026-08-24T07:21:57.297+0000] {processor.py:186} INFO - Started process (PID=393) to work on /opt/airflow/dags/01_hello_dag.py
[2026-08-24T07:21:57.297+0000] {processor.py:914} INFO - Processing file /opt/airflow/dags/01_hello_dag.py for tasks to queue
[2026-08-24T07:21:57.300+0000] {logging_mixin.py:190} INFO - [2026-08-24T07:21:57.300+0000] {dagbag.py:588} INFO - Filling up the DagBag from /opt/airflow/dags/01_hello_dag.py
[2026-08-24T07:21:57.314+0000] {processor.py:925} INFO - DAG(s) 'hello_dag' retrieved from /opt/airflow/dags/01_hello_dag.py
[2026-08-24T07:21:57.334+0000] {logging_mixin.py:190} INFO - [2026-08-24T07:21:57.334+0000] {dag.py:3239} INFO - Sync 1 DAGs
[2026-08-24T07:21:57.344+0000] {logging_mixin.py:190} INFO - [2026-08-24T07:21:57.344+0000] {dag.py:4180} INFO - Setting next_dagrun for hello_dag to None, run_after=None
[2026-08-24T07:21:57.359+0000] {processor.py:208} INFO - Processing /opt/airflow/dags/01_hello_dag.py took 0.067 seconds
[2026-08-24T07:22:28.064+0000] {processor.py:186} INFO - Started process (PID=404) to work on /opt/airflow/dags/01_hello_dag.py
[2026-08-24T07:22:28.065+0000] {processor.py:914} INFO - Processing file /opt/airflow/dags/01_hello_dag.py for tasks to queue
[2026-08-24T07:22:28.067+0000] {logging_mixin.py:190} INFO - [2026-08-24T07:22:28.067+0000] {dagbag.py:588} INFO - Filling up the DagBag from /opt/airflow/dags/01_hello_dag.py
[2026-08-24T07:22:28.082+0000] {processor.py:925} INFO - DAG(s) 'hello_dag' retrieved from /opt/airflow/dags/01_hello_dag.py
[2026-08-24T07:22:28.104+0000] {logging_mixin.py:190} INFO - [2026-08-24T07:22:28.104+0000] {dag.py:3239} INFO - Sync 1 DAGs
[2026-08-24T07:22:28.115+0000] {logging_mixin.py:190} INFO - [2026-08-24T07:22:28.115+0000] {dag.py:4180} INFO - Setting next_dagrun for hello_dag to None, run_after=None
[2026-08-24T07:22:28.134+0000] {processor.py:208} INFO - Processing /opt/airflow/dags/01_hello_dag.py took 0.077 seconds
[2026-08-24T07:22:58.938+0000] {processor.py:186} INFO - Started process (PID=415) to work on /opt/airflow/dags/01_hello_dag.py
[2026-08-24T07:22:58.939+0000] {processor.py:914} INFO - Processing file /opt/airflow/dags/01_hello_dag.py for tasks to queue
[2026-08-24T07:22:58.941+0000] {logging_mixin.py:190} INFO - [2026-08-24T07:22:58.940+0000] {dagbag.py:588} INFO - Filling up the DagBag from /opt/airflow/dags/01_hello_dag.py
[2026-08-24T07:22:58.956+0000] {processor.py:925} INFO - DAG(s) 'hello_dag' retrieved from /opt/airflow/dags/01_hello_dag.py
[2026-08-24T07:22:58.978+0000] {logging_mixin.py:190} INFO - [2026-08-24T07:22:58.978+0000] {dag.py:3239} INFO - Sync 1 DAGs
[2026-08-24T07:22:58.990+0000] {logging_mixin.py:190} INFO - [2026-08-24T07:22:58.989+0000] {dag.py:4180} INFO - Setting next_dagrun for hello_dag to None, run_after=None
[2026-08-24T07:22:59.005+0000] {processor.py:208} INFO - Processing /opt/airflow/dags/01_hello_dag.py took 0.072 seconds
[2026-08-24T07:23:29.707+0000] {processor.py:186} INFO - Started process (PID=426) to work on /opt/airflow/dags/01_hello_dag.py
[2026-08-24T07:23:29.708+0000] {processor.py:914} INFO - Processing file /opt/airflow/dags/01_hello_dag.py for tasks to queue
[2026-08-24T07:23:29.709+0000] {logging_mixin.py:190} INFO - [2026-08-24T07:23:29.709+0000] {dagbag.py:588} INFO - Filling up the DagBag from /opt/airflow/dags/01_hello_dag.py
[2026-08-24T07:23:29.722+0000] {processor.py:925} INFO - DAG(s) 'hello_dag' retrieved from /opt/airflow/dags/01_hello_dag.py
[2026-08-24T07:23:29.743+0000] {logging_mixin.py:190} INFO - [2026-08-24T07:23:29.743+0000] {dag.py:3239} INFO - Sync 1 DAGs
[2026-08-24T07:23:29.754+0000] {logging_mixin.py:190} INFO - [2026-08-24T07:23:29.753+0000] {dag.py:4180} INFO - Setting next_dagrun for hello_dag to None, run_after=None
[2026-08-24T07:23:29.769+0000] {processor.py:208} INFO - Processing /opt/airflow/dags/01_hello_dag.py took 0.067 seconds
[2026-08-24T07:24:00.583+0000] {processor.py:186} INFO - Started process (PID=437) to work on /opt/airflow/dags/01_hello_dag.py
[2026-08-24T07:24:00.585+0000] {processor.py:914} INFO - Processing file /opt/airflow/dags/01_hello_dag.py for tasks to queue
[2026-08-24T07:24:00.589+0000] {logging_mixin.py:190} INFO - [2026-08-24T07:24:00.588+0000] {dagbag.py:588} INFO - Filling up the DagBag from /opt/airflow/dags/01_hello_dag.py
[2026-08-24T07:24:00.611+0000] {processor.py:925} INFO - DAG(s) 'hello_dag' retrieved from /opt/airflow/dags/01_hello_dag.py
[2026-08-24T07:24:00.636+0000] {logging_mixin.py:190} INFO - [2026-08-24T07:24:00.636+0000] {dag.py:3239} INFO - Sync 1 DAGs
[2026-08-24T07:24:00.647+0000] {logging_mixin.py:190} INFO - [2026-08-24T07:24:00.647+0000] {dag.py:4180} INFO - Setting next_dagrun for hello_dag to None, run_after=None
[2026-08-24T07:24:00.664+0000] {processor.py:208} INFO - Processing /opt/airflow/dags/01_hello_dag.py took 0.090 seconds
[2026-08-24T07:24:31.681+0000] {processor.py:186} INFO - Started process (PID=448) to work on /opt/airflow/dags/01_hello_dag.py
[2026-08-24T07:24:31.682+0000] {processor.py:914} INFO - Processing file /opt/airflow/dags/01_hello_dag.py for tasks to queue
[2026-08-24T07:24:31.684+0000] {logging_mixin.py:190} INFO - [2026-08-24T07:24:31.684+0000] {dagbag.py:588} INFO - Filling up the DagBag from /opt/airflow/dags/01_hello_dag.py
[2026-08-24T07:24:31.702+0000] {processor.py:925} INFO - DAG(s) 'hello_dag' retrieved from /opt/airflow/dags/01_hello_dag.py
[2026-08-24T07:24:31.722+0000] {logging_mixin.py:190} INFO - [2026-08-24T07:24:31.722+0000] {dag.py:3239} INFO - Sync 1 DAGs
[2026-08-24T07:24:31.733+0000] {logging_mixin.py:190} INFO - [2026-08-24T07:24:31.733+0000] {dag.py:4180} INFO - Setting next_dagrun for hello_dag to None, run_after=None
[2026-08-24T07:24:31.748+0000] {processor.py:208} INFO - Processing /opt/airflow/dags/01_hello_dag.py took 0.072 seconds
[2026-08-24T07:25:01.918+0000] {processor.py:186} INFO - Started process (PID=459) to work on /opt/airflow/dags/01_hello_dag.py
[2026-08-24T07:25:01.919+0000] {processor.py:914} INFO - Processing file /opt/airflow/dags/01_hello_dag.py for tasks to queue
[2026-08-24T07:25:01.921+0000] {logging_mixin.py:190} INFO - [2026-08-24T07:25:01.921+0000] {dagbag.py:588} INFO - Filling up the DagBag from /opt/airflow/dags/01_hello_dag.py
[2026-08-24T07:25:01.934+0000] {processor.py:925} INFO - DAG(s) 'hello_dag' retrieved from /opt/airflow/dags/01_hello_dag.py
[2026-08-24T07:25:01.954+0000] {logging_mixin.py:190} INFO - [2026-08-24T07:25:01.954+0000] {dag.py:3239} INFO - Sync 1 DAGs
[2026-08-24T07:25:01.964+0000] {logging_mixin.py:190} INFO - [2026-08-24T07:25:01.963+0000] {dag.py:4180} INFO - Setting next_dagrun for hello_dag to None, run_after=None
[2026-08-24T07:25:01.982+0000] {processor.py:208} INFO - Processing /opt/airflow/dags/01_hello_dag.py took 0.069 seconds
[2026-08-24T07:25:32.855+0000] {processor.py:186} INFO - Started process (PID=470) to work on /opt/airflow/dags/01_hello_dag.py
[2026-08-24T07:25:32.856+0000] {processor.py:914} INFO - Processing file /opt/airflow/dags/01_hello_dag.py for tasks to queue
[2026-08-24T07:25:32.858+0000] {logging_mixin.py:190} INFO - [2026-08-24T07:25:32.858+0000] {dagbag.py:588} INFO - Filling up the DagBag from /opt/airflow/dags/01_hello_dag.py
[2026-08-24T07:25:32.874+0000] {processor.py:925} INFO - DAG(s) 'hello_dag' retrieved from /opt/airflow/dags/01_hello_dag.py
[2026-08-24T07:25:32.895+0000] {logging_mixin.py:190} INFO - [2026-08-24T07:25:32.894+0000] {dag.py:3239} INFO - Sync 1 DAGs
[2026-08-24T07:25:32.905+0000] {logging_mixin.py:190} INFO - [2026-08-24T07:25:32.905+0000] {dag.py:4180} INFO - Setting next_dagrun for hello_dag to None, run_after=None
[2026-08-24T07:25:32.924+0000] {processor.py:208} INFO - Processing /opt/airflow/dags/01_hello_dag.py took 0.074 seconds
[2026-08-24T07:26:03.143+0000] {processor.py:186} INFO - Started process (PID=481) to work on /opt/airflow/dags/01_hello_dag.py
[2026-08-24T07:26:03.145+0000] {processor.py:914} INFO - Processing file /opt/airflow/dags/01_hello_dag.py for tasks to queue
[2026-08-24T07:26:03.149+0000] {logging_mixin.py:190} INFO - [2026-08-24T07:26:03.148+0000] {dagbag.py:588} INFO - Filling up the DagBag from /opt/airflow/dags/01_hello_dag.py
[2026-08-24T07:26:03.176+0000] {processor.py:925} INFO - DAG(s) 'hello_dag' retrieved from /opt/airflow/dags/01_hello_dag.py
[2026-08-24T07:26:03.205+0000] {logging_mixin.py:190} INFO - [2026-08-24T07:26:03.205+0000] {dag.py:3239} INFO - Sync 1 DAGs
[2026-08-24T07:26:03.218+0000] {logging_mixin.py:190} INFO - [2026-08-24T07:26:03.218+0000] {dag.py:4180} INFO - Setting next_dagrun for hello_dag to None, run_after=None
[2026-08-24T07:26:03.233+0000] {processor.py:208} INFO - Processing /opt/airflow/dags/01_hello_dag.py took 0.102 seconds
[2026-08-24T07:26:33.309+0000] {processor.py:186} INFO - Started process (PID=492) to work on /opt/airflow/dags/01_hello_dag.py
[2026-08-24T07:26:33.310+0000] {processor.py:914} INFO - Processing file /opt/airflow/dags/01_hello_dag.py for tasks to queue
[2026-08-24T07:26:33.312+0000] {logging_mixin.py:190} INFO - [2026-08-24T07:26:33.312+0000] {dagbag.py:588} INFO - Filling up the DagBag from /opt/airflow/dags/01_hello_dag.py
[2026-08-24T07:26:33.343+0000] {processor.py:925} INFO - DAG(s) 'hello_dag' retrieved from /opt/airflow/dags/01_hello_dag.py
[2026-08-24T07:26:33.401+0000] {logging_mixin.py:190} INFO - [2026-08-24T07:26:33.401+0000] {dag.py:3239} INFO - Sync 1 DAGs
[2026-08-24T07:26:33.432+0000] {logging_mixin.py:190} INFO - [2026-08-24T07:26:33.431+0000] {dag.py:4180} INFO - Setting next_dagrun for hello_dag to None, run_after=None
[2026-08-24T07:26:33.465+0000] {processor.py:208} INFO - Processing /opt/airflow/dags/01_hello_dag.py took 0.162 seconds
[2026-08-24T07:27:03.561+0000] {processor.py:186} INFO - Started process (PID=503) to work on /opt/airflow/dags/01_hello_dag.py
[2026-08-24T07:27:03.562+0000] {processor.py:914} INFO - Processing file /opt/airflow/dags/01_hello_dag.py for tasks to queue
[2026-08-24T07:27:03.564+0000] {logging_mixin.py:190} INFO - [2026-08-24T07:27:03.563+0000] {dagbag.py:588} INFO - Filling up the DagBag from /opt/airflow/dags/01_hello_dag.py
[2026-08-24T07:27:03.595+0000] {processor.py:925} INFO - DAG(s) 'hello_dag' retrieved from /opt/airflow/dags/01_hello_dag.py
[2026-08-24T07:27:03.615+0000] {logging_mixin.py:190} INFO - [2026-08-24T07:27:03.615+0000] {dag.py:3239} INFO - Sync 1 DAGs
[2026-08-24T07:27:03.625+0000] {logging_mixin.py:190} INFO - [2026-08-24T07:27:03.625+0000] {dag.py:4180} INFO - Setting next_dagrun for hello_dag to None, run_after=None
[2026-08-24T07:27:03.641+0000] {processor.py:208} INFO - Processing /opt/airflow/dags/01_hello_dag.py took 0.085 seconds
[2026-08-24T07:27:34.375+0000] {processor.py:186} INFO - Started process (PID=514) to work on /opt/airflow/dags/01_hello_dag.py
[2026-08-24T07:27:34.376+0000] {processor.py:914} INFO - Processing file /opt/airflow/dags/01_hello_dag.py for tasks to queue
[2026-08-24T07:27:34.379+0000] {logging_mixin.py:190} INFO - [2026-08-24T07:27:34.378+0000] {dagbag.py:588} INFO - Filling up the DagBag from /opt/airflow/dags/01_hello_dag.py
[2026-08-24T07:27:34.400+0000] {processor.py:925} INFO - DAG(s) 'hello_dag' retrieved from /opt/airflow/dags/01_hello_dag.py
[2026-08-24T07:27:34.422+0000] {logging_mixin.py:190} INFO - [2026-08-24T07:27:34.421+0000] {dag.py:3239} INFO - Sync 1 DAGs
[2026-08-24T07:27:34.433+0000] {logging_mixin.py:190} INFO - [2026-08-24T07:27:34.433+0000] {dag.py:4180} INFO - Setting next_dagrun for hello_dag to None, run_after=None
[2026-08-24T07:27:34.455+0000] {processor.py:208} INFO - Processing /opt/airflow/dags/01_hello_dag.py took 0.086 seconds
[2026-08-24T07:28:05.292+0000] {processor.py:186} INFO - Started process (PID=525) to work on /opt/airflow/dags/01_hello_dag.py
[2026-08-24T07:28:05.293+0000] {processor.py:914} INFO - Processing file /opt/airflow/dags/01_hello_dag.py for tasks to queue
[2026-08-24T07:28:05.295+0000] {logging_mixin.py:190} INFO - [2026-08-24T07:28:05.295+0000] {dagbag.py:588} INFO - Filling up the DagBag from /opt/airflow/dags/01_hello_dag.py
[2026-08-24T07:28:05.308+0000] {processor.py:925} INFO - DAG(s) 'hello_dag' retrieved from /opt/airflow/dags/01_hello_dag.py
[2026-08-24T07:28:05.328+0000] {logging_mixin.py:190} INFO - [2026-08-24T07:28:05.328+0000] {dag.py:3239} INFO - Sync 1 DAGs
[2026-08-24T07:28:05.339+0000] {logging_mixin.py:190} INFO - [2026-08-24T07:28:05.339+0000] {dag.py:4180} INFO - Setting next_dagrun for hello_dag to None, run_after=None
[2026-08-24T07:28:05.353+0000] {processor.py:208} INFO - Processing /opt/airflow/dags/01_hello_dag.py took 0.065 seconds
[2026-08-24T07:28:36.351+0000] {processor.py:186} INFO - Started process (PID=537) to work on /opt/airflow/dags/01_hello_dag.py
[2026-08-24T07:28:36.352+0000] {processor.py:914} INFO - Processing file /opt/airflow/dags/01_hello_dag.py for tasks to queue
[2026-08-24T07:28:36.356+0000] {logging_mixin.py:190} INFO - [2026-08-24T07:28:36.355+0000] {dagbag.py:588} INFO - Filling up the DagBag from /opt/airflow/dags/01_hello_dag.py
[2026-08-24T07:28:36.382+0000] {processor.py:925} INFO - DAG(s) 'hello_dag' retrieved from /opt/airflow/dags/01_hello_dag.py
[2026-08-24T07:28:36.407+0000] {logging_mixin.py:190} INFO - [2026-08-24T07:28:36.407+0000] {dag.py:3239} INFO - Sync 1 DAGs
[2026-08-24T07:28:36.431+0000] {logging_mixin.py:190} INFO - [2026-08-24T07:28:36.431+0000] {dag.py:4180} INFO - Setting next_dagrun for hello_dag to None, run_after=None
[2026-08-24T07:28:36.451+0000] {processor.py:208} INFO - Processing /opt/airflow/dags/01_hello_dag.py took 0.105 seconds
[2026-08-24T07:29:07.374+0000] {processor.py:186} INFO - Started process (PID=548) to work on /opt/airflow/dags/01_hello_dag.py
[2026-08-24T07:29:07.375+0000] {processor.py:914} INFO - Processing file /opt/airflow/dags/01_hello_dag.py for tasks to queue
[2026-08-24T07:29:07.378+0000] {logging_mixin.py:190} INFO - [2026-08-24T07:29:07.378+0000] {dagbag.py:588} INFO - Filling up the DagBag from /opt/airflow/dags/01_hello_dag.py
[2026-08-24T07:29:07.403+0000] {processor.py:925} INFO - DAG(s) 'hello_dag' retrieved from /opt/airflow/dags/01_hello_dag.py
[2026-08-24T07:29:07.426+0000] {logging_mixin.py:190} INFO - [2026-08-24T07:29:07.426+0000] {dag.py:3239} INFO - Sync 1 DAGs
[2026-08-24T07:29:07.440+0000] {logging_mixin.py:190} INFO - [2026-08-24T07:29:07.439+0000] {dag.py:4180} INFO - Setting next_dagrun for hello_dag to None, run_after=None
[2026-08-24T07:29:07.465+0000] {processor.py:208} INFO - Processing /opt/airflow/dags/01_hello_dag.py took 0.099 seconds
[2026-08-24T07:29:38.133+0000] {processor.py:186} INFO - Started process (PID=559) to work on /opt/airflow/dags/01_hello_dag.py
[2026-08-24T07:29:38.134+0000] {processor.py:914} INFO - Processing file /opt/airflow/dags/01_hello_dag.py for tasks to queue
[2026-08-24T07:29:38.136+0000] {logging_mixin.py:190} INFO - [2026-08-24T07:29:38.135+0000] {dagbag.py:588} INFO - Filling up the DagBag from /opt/airflow/dags/01_hello_dag.py
[2026-08-24T07:29:38.149+0000] {processor.py:925} INFO - DAG(s) 'hello_dag' retrieved from /opt/airflow/dags/01_hello_dag.py
[2026-08-24T07:29:38.169+0000] {logging_mixin.py:190} INFO - [2026-08-24T07:29:38.169+0000] {dag.py:3239} INFO - Sync 1 DAGs
[2026-08-24T07:29:38.185+0000] {logging_mixin.py:190} INFO - [2026-08-24T07:29:38.185+0000] {dag.py:4180} INFO - Setting next_dagrun for hello_dag to None, run_after=None
[2026-08-24T07:29:38.200+0000] {processor.py:208} INFO - Processing /opt/airflow/dags/01_hello_dag.py took 0.072 seconds
[2026-08-24T07:30:09.057+0000] {processor.py:186} INFO - Started process (PID=570) to work on /opt/airflow/dags/01_hello_dag.py
[2026-08-24T07:30:09.058+0000] {processor.py:914} INFO - Processing file /opt/airflow/dags/01_hello_dag.py for tasks to queue
[2026-08-24T07:30:09.061+0000] {logging_mixin.py:190} INFO - [2026-08-24T07:30:09.060+0000] {dagbag.py:588} INFO - Filling up the DagBag from /opt/airflow/dags/01_hello_dag.py
[2026-08-24T07:30:09.086+0000] {processor.py:925} INFO - DAG(s) 'hello_dag' retrieved from /opt/airflow/dags/01_hello_dag.py
[2026-08-24T07:30:09.108+0000] {logging_mixin.py:190} INFO - [2026-08-24T07:30:09.108+0000] {dag.py:3239} INFO - Sync 1 DAGs
[2026-08-24T07:30:09.120+0000] {logging_mixin.py:190} INFO - [2026-08-24T07:30:09.119+0000] {dag.py:4180} INFO - Setting next_dagrun for hello_dag to None, run_after=None
[2026-08-24T07:30:09.145+0000] {processor.py:208} INFO - Processing /opt/airflow/dags/01_hello_dag.py took 0.094 seconds
[2026-08-24T07:30:39.358+0000] {processor.py:186} INFO - Started process (PID=581) to work on /opt/airflow/dags/01_hello_dag.py
[2026-08-24T07:30:39.359+0000] {processor.py:914} INFO - Processing file /opt/airflow/dags/01_hello_dag.py for tasks to queue
[2026-08-24T07:30:39.361+0000] {logging_mixin.py:190} INFO - [2026-08-24T07:30:39.361+0000] {dagbag.py:588} INFO - Filling up the DagBag from /opt/airflow/dags/01_hello_dag.py
[2026-08-24T07:30:39.382+0000] {processor.py:925} INFO - DAG(s) 'hello_dag' retrieved from /opt/airflow/dags/01_hello_dag.py
[2026-08-24T07:30:39.403+0000] {logging_mixin.py:190} INFO - [2026-08-24T07:30:39.403+0000] {dag.py:3239} INFO - Sync 1 DAGs
[2026-08-24T07:30:39.413+0000] {logging_mixin.py:190} INFO - [2026-08-24T07:30:39.413+0000] {dag.py:4180} INFO - Setting next_dagrun for hello_dag to None, run_after=None
[2026-08-24T07:30:39.435+0000] {processor.py:208} INFO - Processing /opt/airflow/dags/01_hello_dag.py took 0.081 seconds
[2026-08-24T07:31:10.314+0000] {processor.py:186} INFO - Started process (PID=592) to work on /opt/airflow/dags/01_hello_dag.py
[2026-08-24T07:31:10.316+0000] {processor.py:914} INFO - Processing file /opt/airflow/dags/01_hello_dag.py for tasks to queue
[2026-08-24T07:31:10.318+0000] {logging_mixin.py:190} INFO - [2026-08-24T07:31:10.318+0000] {dagbag.py:588} INFO - Filling up the DagBag from /opt/airflow/dags/01_hello_dag.py
[2026-08-24T07:31:10.338+0000] {processor.py:925} INFO - DAG(s) 'hello_dag' retrieved from /opt/airflow/dags/01_hello_dag.py
[2026-08-24T07:31:10.360+0000] {logging_mixin.py:190} INFO - [2026-08-24T07:31:10.360+0000] {dag.py:3239} INFO - Sync 1 DAGs
[2026-08-24T07:31:10.373+0000] {logging_mixin.py:190} INFO - [2026-08-24T07:31:10.372+0000] {dag.py:4180} INFO - Setting next_dagrun for hello_dag to None, run_after=None
[2026-08-24T07:31:10.394+0000] {processor.py:208} INFO - Processing /opt/airflow/dags/01_hello_dag.py took 0.085 seconds
[2026-08-24T07:31:40.627+0000] {processor.py:186} INFO - Started process (PID=603) to work on /opt/airflow/dags/01_hello_dag.py
[2026-08-24T07:31:40.628+0000] {processor.py:914} INFO - Processing file /opt/airflow/dags/01_hello_dag.py for tasks to queue
[2026-08-24T07:31:40.631+0000] {logging_mixin.py:190} INFO - [2026-08-24T07:31:40.631+0000] {dagbag.py:588} INFO - Filling up the DagBag from /opt/airflow/dags/01_hello_dag.py
[2026-08-24T07:31:40.665+0000] {processor.py:925} INFO - DAG(s) 'hello_dag' retrieved from /opt/airflow/dags/01_hello_dag.py
[2026-08-24T07:31:40.713+0000] {logging_mixin.py:190} INFO - [2026-08-24T07:31:40.712+0000] {dag.py:3239} INFO - Sync 1 DAGs
[2026-08-24T07:31:40.742+0000] {logging_mixin.py:190} INFO - [2026-08-24T07:31:40.742+0000] {dag.py:4180} INFO - Setting next_dagrun for hello_dag to None, run_after=None
[2026-08-24T07:31:40.777+0000] {processor.py:208} INFO - Processing /opt/airflow/dags/01_hello_dag.py took 0.158 seconds
[2026-08-24T07:32:11.504+0000] {processor.py:186} INFO - Started process (PID=614) to work on /opt/airflow/dags/01_hello_dag.py
[2026-08-24T07:32:11.505+0000] {processor.py:914} INFO - Processing file /opt/airflow/dags/01_hello_dag.py for tasks to queue
[2026-08-24T07:32:11.508+0000] {logging_mixin.py:190} INFO - [2026-08-24T07:32:11.507+0000] {dagbag.py:588} INFO - Filling up the DagBag from /opt/airflow/dags/01_hello_dag.py
[2026-08-24T07:32:11.527+0000] {processor.py:925} INFO - DAG(s) 'hello_dag' retrieved from /opt/airflow/dags/01_hello_dag.py
[2026-08-24T07:32:11.550+0000] {logging_mixin.py:190} INFO - [2026-08-24T07:32:11.550+0000] {dag.py:3239} INFO - Sync 1 DAGs
[2026-08-24T07:32:11.560+0000] {logging_mixin.py:190} INFO - [2026-08-24T07:32:11.560+0000] {dag.py:4180} INFO - Setting next_dagrun for hello_dag to None, run_after=None
[2026-08-24T07:32:11.580+0000] {processor.py:208} INFO - Processing /opt/airflow/dags/01_hello_dag.py took 0.083 seconds
[2026-08-24T07:32:41.665+0000] {processor.py:186} INFO - Started process (PID=625) to work on /opt/airflow/dags/01_hello_dag.py
[2026-08-24T07:32:41.666+0000] {processor.py:914} INFO - Processing file /opt/airflow/dags/01_hello_dag.py for tasks to queue
[2026-08-24T07:32:41.668+0000] {logging_mixin.py:190} INFO - [2026-08-24T07:32:41.668+0000] {dagbag.py:588} INFO - Filling up the DagBag from /opt/airflow/dags/01_hello_dag.py
[2026-08-24T07:32:41.681+0000] {processor.py:925} INFO - DAG(s) 'hello_dag' retrieved from /opt/airflow/dags/01_hello_dag.py
[2026-08-24T07:32:41.701+0000] {logging_mixin.py:190} INFO - [2026-08-24T07:32:41.700+0000] {dag.py:3239} INFO - Sync 1 DAGs
[2026-08-24T07:32:41.711+0000] {logging_mixin.py:190} INFO - [2026-08-24T07:32:41.711+0000] {dag.py:4180} INFO - Setting next_dagrun for hello_dag to None, run_after=None
[2026-08-24T07:32:41.730+0000] {processor.py:208} INFO - Processing /opt/airflow/dags/01_hello_dag.py took 0.070 seconds
[2026-08-24T07:33:12.427+0000] {processor.py:186} INFO - Started process (PID=636) to work on /opt/airflow/dags/01_hello_dag.py
[2026-08-24T07:33:12.428+0000] {processor.py:914} INFO - Processing file /opt/airflow/dags/01_hello_dag.py for tasks to queue
[2026-08-24T07:33:12.430+0000] {logging_mixin.py:190} INFO - [2026-08-24T07:33:12.430+0000] {dagbag.py:588} INFO - Filling up the DagBag from /opt/airflow/dags/01_hello_dag.py
[2026-08-24T07:33:12.449+0000] {processor.py:925} INFO - DAG(s) 'hello_dag' retrieved from /opt/airflow/dags/01_hello_dag.py
[2026-08-24T07:33:12.468+0000] {logging_mixin.py:190} INFO - [2026-08-24T07:33:12.468+0000] {dag.py:3239} INFO - Sync 1 DAGs
[2026-08-24T07:33:12.479+0000] {logging_mixin.py:190} INFO - [2026-08-24T07:33:12.479+0000] {dag.py:4180} INFO - Setting next_dagrun for hello_dag to None, run_after=None
[2026-08-24T07:33:12.500+0000] {processor.py:208} INFO - Processing /opt/airflow/dags/01_hello_dag.py took 0.081 seconds
[2026-08-24T07:33:43.260+0000] {processor.py:186} INFO - Started process (PID=647) to work on /opt/airflow/dags/01_hello_dag.py
[2026-08-24T07:33:43.261+0000] {processor.py:914} INFO - Processing file /opt/airflow/dags/01_hello_dag.py for tasks to queue
[2026-08-24T07:33:43.263+0000] {logging_mixin.py:190} INFO - [2026-08-24T07:33:43.262+0000] {dagbag.py:588} INFO - Filling up the DagBag from /opt/airflow/dags/01_hello_dag.py
[2026-08-24T07:33:43.278+0000] {processor.py:925} INFO - DAG(s) 'hello_dag' retrieved from /opt/airflow/dags/01_hello_dag.py
[2026-08-24T07:33:43.298+0000] {logging_mixin.py:190} INFO - [2026-08-24T07:33:43.298+0000] {dag.py:3239} INFO - Sync 1 DAGs
[2026-08-24T07:33:43.310+0000] {logging_mixin.py:190} INFO - [2026-08-24T07:33:43.310+0000] {dag.py:4180} INFO - Setting next_dagrun for hello_dag to None, run_after=None
[2026-08-24T07:33:43.332+0000] {processor.py:208} INFO - Processing /opt/airflow/dags/01_hello_dag.py took 0.077 seconds
[2026-08-24T07:34:14.137+0000] {processor.py:186} INFO - Started process (PID=658) to work on /opt/airflow/dags/01_hello_dag.py
[2026-08-24T07:34:14.138+0000] {processor.py:914} INFO - Processing file /opt/airflow/dags/01_hello_dag.py for tasks to queue
[2026-08-24T07:34:14.140+0000] {logging_mixin.py:190} INFO - [2026-08-24T07:34:14.140+0000] {dagbag.py:588} INFO - Filling up the DagBag from /opt/airflow/dags/01_hello_dag.py
[2026-08-24T07:34:14.153+0000] {processor.py:925} INFO - DAG(s) 'hello_dag' retrieved from /opt/airflow/dags/01_hello_dag.py
[2026-08-24T07:34:14.175+0000] {logging_mixin.py:190} INFO - [2026-08-24T07:34:14.175+0000] {dag.py:3239} INFO - Sync 1 DAGs
[2026-08-24T07:34:14.187+0000] {logging_mixin.py:190} INFO - [2026-08-24T07:34:14.187+0000] {dag.py:4180} INFO - Setting next_dagrun for hello_dag to None, run_after=None
[2026-08-24T07:34:14.207+0000] {processor.py:208} INFO - Processing /opt/airflow/dags/01_hello_dag.py took 0.074 seconds
[2026-08-24T07:34:45.066+0000] {processor.py:186} INFO - Started process (PID=669) to work on /opt/airflow/dags/01_hello_dag.py
[2026-08-24T07:34:45.067+0000] {processor.py:914} INFO - Processing file /opt/airflow/dags/01_hello_dag.py for tasks to queue
[2026-08-24T07:34:45.069+0000] {logging_mixin.py:190} INFO - [2026-08-24T07:34:45.068+0000] {dagbag.py:588} INFO - Filling up the DagBag from /opt/airflow/dags/01_hello_dag.py
[2026-08-24T07:34:45.086+0000] {processor.py:925} INFO - DAG(s) 'hello_dag' retrieved from /opt/airflow/dags/01_hello_dag.py
[2026-08-24T07:34:45.107+0000] {logging_mixin.py:190} INFO - [2026-08-24T07:34:45.106+0000] {dag.py:3239} INFO - Sync 1 DAGs
[2026-08-24T07:34:45.118+0000] {logging_mixin.py:190} INFO - [2026-08-24T07:34:45.117+0000] {dag.py:4180} INFO - Setting next_dagrun for hello_dag to None, run_after=None
[2026-08-24T07:34:45.138+0000] {processor.py:208} INFO - Processing /opt/airflow/dags/01_hello_dag.py took 0.077 seconds
[2026-08-24T07:35:16.188+0000] {processor.py:186} INFO - Started process (PID=680) to work on /opt/airflow/dags/01_hello_dag.py
[2026-08-24T07:35:16.190+0000] {processor.py:914} INFO - Processing file /opt/airflow/dags/01_hello_dag.py for tasks to queue
[2026-08-24T07:35:16.193+0000] {logging_mixin.py:190} INFO - [2026-08-24T07:35:16.192+0000] {dagbag.py:588} INFO - Filling up the DagBag from /opt/airflow/dags/01_hello_dag.py
[2026-08-24T07:35:16.299+0000] {processor.py:925} INFO - DAG(s) 'hello_dag' retrieved from /opt/airflow/dags/01_hello_dag.py
[2026-08-24T07:35:16.330+0000] {logging_mixin.py:190} INFO - [2026-08-24T07:35:16.330+0000] {dag.py:3239} INFO - Sync 1 DAGs
[2026-08-24T07:35:16.341+0000] {logging_mixin.py:190} INFO - [2026-08-24T07:35:16.341+0000] {dag.py:4180} INFO - Setting next_dagrun for hello_dag to None, run_after=None
[2026-08-24T07:35:16.367+0000] {processor.py:208} INFO - Processing /opt/airflow/dags/01_hello_dag.py took 0.189 seconds
[2026-08-24T07:35:47.030+0000] {processor.py:186} INFO - Started process (PID=690) to work on /opt/airflow/dags/01_hello_dag.py
[2026-08-24T07:35:47.032+0000] {processor.py:914} INFO - Processing file /opt/airflow/dags/01_hello_dag.py for tasks to queue
[2026-08-24T07:35:47.035+0000] {logging_mixin.py:190} INFO - [2026-08-24T07:35:47.034+0000] {dagbag.py:588} INFO - Filling up the DagBag from /opt/airflow/dags/01_hello_dag.py
[2026-08-24T07:35:47.053+0000] {processor.py:925} INFO - DAG(s) 'hello_dag' retrieved from /opt/airflow/dags/01_hello_dag.py
[2026-08-24T07:35:47.073+0000] {logging_mixin.py:190} INFO - [2026-08-24T07:35:47.073+0000] {dag.py:3239} INFO - Sync 1 DAGs
[2026-08-24T07:35:47.086+0000] {logging_mixin.py:190} INFO - [2026-08-24T07:35:47.085+0000] {dag.py:4180} INFO - Setting next_dagrun for hello_dag to None, run_after=None
[2026-08-24T07:35:47.109+0000] {processor.py:208} INFO - Processing /opt/airflow/dags/01_hello_dag.py took 0.087 seconds
[2026-08-24T07:36:17.864+0000] {processor.py:186} INFO - Started process (PID=701) to work on /opt/airflow/dags/01_hello_dag.py
[2026-08-24T07:36:17.866+0000] {processor.py:914} INFO - Processing file /opt/airflow/dags/01_hello_dag.py for tasks to queue
[2026-08-24T07:36:17.868+0000] {logging_mixin.py:190} INFO - [2026-08-24T07:36:17.868+0000] {dagbag.py:588} INFO - Filling up the DagBag from /opt/airflow/dags/01_hello_dag.py
[2026-08-24T07:36:17.903+0000] {processor.py:925} INFO - DAG(s) 'hello_dag' retrieved from /opt/airflow/dags/01_hello_dag.py
[2026-08-24T07:36:17.923+0000] {logging_mixin.py:190} INFO - [2026-08-24T07:36:17.923+0000] {dag.py:3239} INFO - Sync 1 DAGs
[2026-08-24T07:36:17.933+0000] {logging_mixin.py:190} INFO - [2026-08-24T07:36:17.933+0000] {dag.py:4180} INFO - Setting next_dagrun for hello_dag to None, run_after=None
[2026-08-24T07:36:17.953+0000] {processor.py:208} INFO - Processing /opt/airflow/dags/01_hello_dag.py took 0.094 seconds
[2026-08-24T07:36:48.601+0000] {processor.py:186} INFO - Started process (PID=712) to work on /opt/airflow/dags/01_hello_dag.py
[2026-08-24T07:36:48.602+0000] {processor.py:914} INFO - Processing file /opt/airflow/dags/01_hello_dag.py for tasks to queue
[2026-08-24T07:36:48.604+0000] {logging_mixin.py:190} INFO - [2026-08-24T07:36:48.604+0000] {dagbag.py:588} INFO - Filling up the DagBag from /opt/airflow/dags/01_hello_dag.py
[2026-08-24T07:36:48.617+0000] {processor.py:925} INFO - DAG(s) 'hello_dag' retrieved from /opt/airflow/dags/01_hello_dag.py
[2026-08-24T07:36:48.638+0000] {logging_mixin.py:190} INFO - [2026-08-24T07:36:48.637+0000] {dag.py:3239} INFO - Sync 1 DAGs
[2026-08-24T07:36:48.648+0000] {logging_mixin.py:190} INFO - [2026-08-24T07:36:48.648+0000] {dag.py:4180} INFO - Setting next_dagrun for hello_dag to None, run_after=None
[2026-08-24T07:36:48.662+0000] {processor.py:208} INFO - Processing /opt/airflow/dags/01_hello_dag.py took 0.065 seconds
[2026-08-24T07:37:19.594+0000] {processor.py:186} INFO - Started process (PID=723) to work on /opt/airflow/dags/01_hello_dag.py
[2026-08-24T07:37:19.594+0000] {processor.py:914} INFO - Processing file /opt/airflow/dags/01_hello_dag.py for tasks to queue
[2026-08-24T07:37:19.597+0000] {logging_mixin.py:190} INFO - [2026-08-24T07:37:19.597+0000] {dagbag.py:588} INFO - Filling up the DagBag from /opt/airflow/dags/01_hello_dag.py
[2026-08-24T07:37:19.610+0000] {processor.py:925} INFO - DAG(s) 'hello_dag' retrieved from /opt/airflow/dags/01_hello_dag.py
[2026-08-24T07:37:19.631+0000] {logging_mixin.py:190} INFO - [2026-08-24T07:37:19.631+0000] {dag.py:3239} INFO - Sync 1 DAGs
[2026-08-24T07:37:19.641+0000] {logging_mixin.py:190} INFO - [2026-08-24T07:37:19.641+0000] {dag.py:4180} INFO - Setting next_dagrun for hello_dag to None, run_after=None
[2026-08-24T07:37:19.657+0000] {processor.py:208} INFO - Processing /opt/airflow/dags/01_hello_dag.py took 0.068 seconds
[2026-08-24T07:37:50.516+0000] {processor.py:186} INFO - Started process (PID=734) to work on /opt/airflow/dags/01_hello_dag.py
[2026-08-24T07:37:50.517+0000] {processor.py:914} INFO - Processing file /opt/airflow/dags/01_hello_dag.py for tasks to queue
[2026-08-24T07:37:50.520+0000] {logging_mixin.py:190} INFO - [2026-08-24T07:37:50.519+0000] {dagbag.py:588} INFO - Filling up the DagBag from /opt/airflow/dags/01_hello_dag.py
[2026-08-24T07:37:50.536+0000] {processor.py:925} INFO - DAG(s) 'hello_dag' retrieved from /opt/airflow/dags/01_hello_dag.py
[2026-08-24T07:37:50.557+0000] {logging_mixin.py:190} INFO - [2026-08-24T07:37:50.557+0000] {dag.py:3239} INFO - Sync 1 DAGs
[2026-08-24T07:37:50.569+0000] {logging_mixin.py:190} INFO - [2026-08-24T07:37:50.568+0000] {dag.py:4180} INFO - Setting next_dagrun for hello_dag to None, run_after=None
[2026-08-24T07:37:50.589+0000] {processor.py:208} INFO - Processing /opt/airflow/dags/01_hello_dag.py took 0.079 seconds
[2026-08-24T07:38:21.337+0000] {processor.py:186} INFO - Started process (PID=745) to work on /opt/airflow/dags/01_hello_dag.py
[2026-08-24T07:38:21.338+0000] {processor.py:914} INFO - Processing file /opt/airflow/dags/01_hello_dag.py for tasks to queue
[2026-08-24T07:38:21.340+0000] {logging_mixin.py:190} INFO - [2026-08-24T07:38:21.340+0000] {dagbag.py:588} INFO - Filling up the DagBag from /opt/airflow/dags/01_hello_dag.py
[2026-08-24T07:38:21.358+0000] {processor.py:925} INFO - DAG(s) 'hello_dag' retrieved from /opt/airflow/dags/01_hello_dag.py
[2026-08-24T07:38:21.377+0000] {logging_mixin.py:190} INFO - [2026-08-24T07:38:21.377+0000] {dag.py:3239} INFO - Sync 1 DAGs
[2026-08-24T07:38:21.387+0000] {logging_mixin.py:190} INFO - [2026-08-24T07:38:21.387+0000] {dag.py:4180} INFO - Setting next_dagrun for hello_dag to None, run_after=None
[2026-08-24T07:38:21.406+0000] {processor.py:208} INFO - Processing /opt/airflow/dags/01_hello_dag.py took 0.073 seconds
[2026-08-24T07:38:52.242+0000] {processor.py:186} INFO - Started process (PID=756) to work on /opt/airflow/dags/01_hello_dag.py
[2026-08-24T07:38:52.243+0000] {processor.py:914} INFO - Processing file /opt/airflow/dags/01_hello_dag.py for tasks to queue
[2026-08-24T07:38:52.245+0000] {logging_mixin.py:190} INFO - [2026-08-24T07:38:52.244+0000] {dagbag.py:588} INFO - Filling up the DagBag from /opt/airflow/dags/01_hello_dag.py
[2026-08-24T07:38:52.263+0000] {processor.py:925} INFO - DAG(s) 'hello_dag' retrieved from /opt/airflow/dags/01_hello_dag.py
[2026-08-24T07:38:52.286+0000] {logging_mixin.py:190} INFO - [2026-08-24T07:38:52.286+0000] {dag.py:3239} INFO - Sync 1 DAGs
[2026-08-24T07:38:52.296+0000] {logging_mixin.py:190} INFO - [2026-08-24T07:38:52.296+0000] {dag.py:4180} INFO - Setting next_dagrun for hello_dag to None, run_after=None
[2026-08-24T07:38:52.311+0000] {processor.py:208} INFO - Processing /opt/airflow/dags/01_hello_dag.py took 0.074 seconds
[2026-08-24T07:39:23.098+0000] {processor.py:186} INFO - Started process (PID=767) to work on /opt/airflow/dags/01_hello_dag.py
[2026-08-24T07:39:23.099+0000] {processor.py:914} INFO - Processing file /opt/airflow/dags/01_hello_dag.py for tasks to queue
[2026-08-24T07:39:23.101+0000] {logging_mixin.py:190} INFO - [2026-08-24T07:39:23.101+0000] {dagbag.py:588} INFO - Filling up the DagBag from /opt/airflow/dags/01_hello_dag.py
[2026-08-24T07:39:23.121+0000] {processor.py:925} INFO - DAG(s) 'hello_dag' retrieved from /opt/airflow/dags/01_hello_dag.py
[2026-08-24T07:39:23.141+0000] {logging_mixin.py:190} INFO - [2026-08-24T07:39:23.141+0000] {dag.py:3239} INFO - Sync 1 DAGs
[2026-08-24T07:39:23.152+0000] {logging_mixin.py:190} INFO - [2026-08-24T07:39:23.152+0000] {dag.py:4180} INFO - Setting next_dagrun for hello_dag to None, run_after=None
[2026-08-24T07:39:23.174+0000] {processor.py:208} INFO - Processing /opt/airflow/dags/01_hello_dag.py took 0.084 seconds
[2026-08-24T07:39:54.220+0000] {processor.py:186} INFO - Started process (PID=778) to work on /opt/airflow/dags/01_hello_dag.py
[2026-08-24T07:39:54.221+0000] {processor.py:914} INFO - Processing file /opt/airflow/dags/01_hello_dag.py for tasks to queue
[2026-08-24T07:39:54.224+0000] {logging_mixin.py:190} INFO - [2026-08-24T07:39:54.223+0000] {dagbag.py:588} INFO - Filling up the DagBag from /opt/airflow/dags/01_hello_dag.py
[2026-08-24T07:39:54.249+0000] {processor.py:925} INFO - DAG(s) 'hello_dag' retrieved from /opt/airflow/dags/01_hello_dag.py
[2026-08-24T07:39:54.271+0000] {logging_mixin.py:190} INFO - [2026-08-24T07:39:54.271+0000] {dag.py:3239} INFO - Sync 1 DAGs
[2026-08-24T07:39:54.285+0000] {logging_mixin.py:190} INFO - [2026-08-24T07:39:54.284+0000] {dag.py:4180} INFO - Setting next_dagrun for hello_dag to None, run_after=None
[2026-08-24T07:39:54.306+0000] {processor.py:208} INFO - Processing /opt/airflow/dags/01_hello_dag.py took 0.091 seconds
[2026-08-24T07:40:25.099+0000] {processor.py:186} INFO - Started process (PID=795) to work on /opt/airflow/dags/01_hello_dag.py
[2026-08-24T07:40:25.100+0000] {processor.py:914} INFO - Processing file /opt/airflow/dags/01_hello_dag.py for tasks to queue
[2026-08-24T07:40:25.103+0000] {logging_mixin.py:190} INFO - [2026-08-24T07:40:25.102+0000] {dagbag.py:588} INFO - Filling up the DagBag from /opt/airflow/dags/01_hello_dag.py
[2026-08-24T07:40:25.123+0000] {processor.py:925} INFO - DAG(s) 'hello_dag' retrieved from /opt/airflow/dags/01_hello_dag.py
[2026-08-24T07:40:25.144+0000] {logging_mixin.py:190} INFO - [2026-08-24T07:40:25.144+0000] {dag.py:3239} INFO - Sync 1 DAGs
[2026-08-24T07:40:25.155+0000] {logging_mixin.py:190} INFO - [2026-08-24T07:40:25.155+0000] {dag.py:4180} INFO - Setting next_dagrun for hello_dag to None, run_after=None
[2026-08-24T07:40:25.174+0000] {processor.py:208} INFO - Processing /opt/airflow/dags/01_hello_dag.py took 0.080 seconds
[2026-08-24T07:40:55.487+0000] {processor.py:186} INFO - Started process (PID=806) to work on /opt/airflow/dags/01_hello_dag.py
[2026-08-24T07:40:55.488+0000] {processor.py:914} INFO - Processing file /opt/airflow/dags/01_hello_dag.py for tasks to queue
[2026-08-24T07:40:55.491+0000] {logging_mixin.py:190} INFO - [2026-08-24T07:40:55.491+0000] {dagbag.py:588} INFO - Filling up the DagBag from /opt/airflow/dags/01_hello_dag.py
[2026-08-24T07:40:55.530+0000] {processor.py:925} INFO - DAG(s) 'hello_dag' retrieved from /opt/airflow/dags/01_hello_dag.py
[2026-08-24T07:40:55.575+0000] {logging_mixin.py:190} INFO - [2026-08-24T07:40:55.575+0000] {dag.py:3239} INFO - Sync 1 DAGs
[2026-08-24T07:40:55.601+0000] {logging_mixin.py:190} INFO - [2026-08-24T07:40:55.600+0000] {dag.py:4180} INFO - Setting next_dagrun for hello_dag to None, run_after=None
[2026-08-24T07:40:55.639+0000] {processor.py:208} INFO - Processing /opt/airflow/dags/01_hello_dag.py took 0.157 seconds
[2026-08-24T07:41:25.786+0000] {processor.py:186} INFO - Started process (PID=817) to work on /opt/airflow/dags/01_hello_dag.py
[2026-08-24T07:41:25.787+0000] {processor.py:914} INFO - Processing file /opt/airflow/dags/01_hello_dag.py for tasks to queue
[2026-08-24T07:41:25.790+0000] {logging_mixin.py:190} INFO - [2026-08-24T07:41:25.790+0000] {dagbag.py:588} INFO - Filling up the DagBag from /opt/airflow/dags/01_hello_dag.py
[2026-08-24T07:41:25.815+0000] {processor.py:925} INFO - DAG(s) 'hello_dag' retrieved from /opt/airflow/dags/01_hello_dag.py
[2026-08-24T07:41:25.836+0000] {logging_mixin.py:190} INFO - [2026-08-24T07:41:25.836+0000] {dag.py:3239} INFO - Sync 1 DAGs
[2026-08-24T07:41:25.847+0000] {logging_mixin.py:190} INFO - [2026-08-24T07:41:25.847+0000] {dag.py:4180} INFO - Setting next_dagrun for hello_dag to None, run_after=None
[2026-08-24T07:41:25.864+0000] {processor.py:208} INFO - Processing /opt/airflow/dags/01_hello_dag.py took 0.085 seconds
[2026-08-24T07:41:55.931+0000] {processor.py:186} INFO - Started process (PID=828) to work on /opt/airflow/dags/01_hello_dag.py
[2026-08-24T07:41:55.931+0000] {processor.py:914} INFO - Processing file /opt/airflow/dags/01_hello_dag.py for tasks to queue
[2026-08-24T07:41:55.933+0000] {logging_mixin.py:190} INFO - [2026-08-24T07:41:55.933+0000] {dagbag.py:588} INFO - Filling up the DagBag from /opt/airflow/dags/01_hello_dag.py
[2026-08-24T07:41:55.954+0000] {processor.py:925} INFO - DAG(s) 'hello_dag' retrieved from /opt/airflow/dags/01_hello_dag.py
[2026-08-24T07:41:55.975+0000] {logging_mixin.py:190} INFO - [2026-08-24T07:41:55.975+0000] {dag.py:3239} INFO - Sync 1 DAGs
[2026-08-24T07:41:55.988+0000] {logging_mixin.py:190} INFO - [2026-08-24T07:41:55.988+0000] {dag.py:4180} INFO - Setting next_dagrun for hello_dag to None, run_after=None
[2026-08-24T07:41:56.028+0000] {processor.py:208} INFO - Processing /opt/airflow/dags/01_hello_dag.py took 0.102 seconds
[2026-08-24T07:42:27.169+0000] {processor.py:186} INFO - Started process (PID=845) to work on /opt/airflow/dags/01_hello_dag.py
[2026-08-24T07:42:27.170+0000] {processor.py:914} INFO - Processing file /opt/airflow/dags/01_hello_dag.py for tasks to queue
[2026-08-24T07:42:27.172+0000] {logging_mixin.py:190} INFO - [2026-08-24T07:42:27.172+0000] {dagbag.py:588} INFO - Filling up the DagBag from /opt/airflow/dags/01_hello_dag.py
[2026-08-24T07:42:27.191+0000] {processor.py:925} INFO - DAG(s) 'hello_dag' retrieved from /opt/airflow/dags/01_hello_dag.py
[2026-08-24T07:42:27.212+0000] {logging_mixin.py:190} INFO - [2026-08-24T07:42:27.212+0000] {dag.py:3239} INFO - Sync 1 DAGs
[2026-08-24T07:42:27.223+0000] {logging_mixin.py:190} INFO - [2026-08-24T07:42:27.223+0000] {dag.py:4180} INFO - Setting next_dagrun for hello_dag to None, run_after=None
[2026-08-24T07:42:27.251+0000] {processor.py:208} INFO - Processing /opt/airflow/dags/01_hello_dag.py took 0.087 seconds
[2026-08-24T07:42:58.127+0000] {processor.py:186} INFO - Started process (PID=856) to work on /opt/airflow/dags/01_hello_dag.py
[2026-08-24T07:42:58.128+0000] {processor.py:914} INFO - Processing file /opt/airflow/dags/01_hello_dag.py for tasks to queue
[2026-08-24T07:42:58.132+0000] {logging_mixin.py:190} INFO - [2026-08-24T07:42:58.131+0000] {dagbag.py:588} INFO - Filling up the DagBag from /opt/airflow/dags/01_hello_dag.py
[2026-08-24T07:42:58.154+0000] {processor.py:925} INFO - DAG(s) 'hello_dag' retrieved from /opt/airflow/dags/01_hello_dag.py
[2026-08-24T07:42:58.182+0000] {logging_mixin.py:190} INFO - [2026-08-24T07:42:58.182+0000] {dag.py:3239} INFO - Sync 1 DAGs
[2026-08-24T07:42:58.197+0000] {logging_mixin.py:190} INFO - [2026-08-24T07:42:58.197+0000] {dag.py:4180} INFO - Setting next_dagrun for hello_dag to None, run_after=None
[2026-08-24T07:42:58.215+0000] {processor.py:208} INFO - Processing /opt/airflow/dags/01_hello_dag.py took 0.098 seconds
[2026-08-24T07:43:28.977+0000] {processor.py:186} INFO - Started process (PID=867) to work on /opt/airflow/dags/01_hello_dag.py
[2026-08-24T07:43:28.978+0000] {processor.py:914} INFO - Processing file /opt/airflow/dags/01_hello_dag.py for tasks to queue
[2026-08-24T07:43:28.982+0000] {logging_mixin.py:190} INFO - [2026-08-24T07:43:28.981+0000] {dagbag.py:588} INFO - Filling up the DagBag from /opt/airflow/dags/01_hello_dag.py
[2026-08-24T07:43:29.006+0000] {processor.py:925} INFO - DAG(s) 'hello_dag' retrieved from /opt/airflow/dags/01_hello_dag.py
[2026-08-24T07:43:29.039+0000] {logging_mixin.py:190} INFO - [2026-08-24T07:43:29.039+0000] {dag.py:3239} INFO - Sync 1 DAGs
[2026-08-24T07:43:29.055+0000] {logging_mixin.py:190} INFO - [2026-08-24T07:43:29.054+0000] {dag.py:4180} INFO - Setting next_dagrun for hello_dag to None, run_after=None
[2026-08-24T07:43:29.075+0000] {processor.py:208} INFO - Processing /opt/airflow/dags/01_hello_dag.py took 0.104 seconds
[2026-08-24T07:43:59.854+0000] {processor.py:186} INFO - Started process (PID=878) to work on /opt/airflow/dags/01_hello_dag.py
[2026-08-24T07:43:59.856+0000] {processor.py:914} INFO - Processing file /opt/airflow/dags/01_hello_dag.py for tasks to queue
[2026-08-24T07:43:59.858+0000] {logging_mixin.py:190} INFO - [2026-08-24T07:43:59.858+0000] {dagbag.py:588} INFO - Filling up the DagBag from /opt/airflow/dags/01_hello_dag.py
[2026-08-24T07:43:59.881+0000] {processor.py:925} INFO - DAG(s) 'hello_dag' retrieved from /opt/airflow/dags/01_hello_dag.py
[2026-08-24T07:43:59.905+0000] {logging_mixin.py:190} INFO - [2026-08-24T07:43:59.905+0000] {dag.py:3239} INFO - Sync 1 DAGs
[2026-08-24T07:43:59.917+0000] {logging_mixin.py:190} INFO - [2026-08-24T07:43:59.916+0000] {dag.py:4180} INFO - Setting next_dagrun for hello_dag to None, run_after=None
[2026-08-24T07:43:59.938+0000] {processor.py:208} INFO - Processing /opt/airflow/dags/01_hello_dag.py took 0.090 seconds
[2026-08-24T07:44:30.680+0000] {processor.py:186} INFO - Started process (PID=889) to work on /opt/airflow/dags/01_hello_dag.py
[2026-08-24T07:44:30.682+0000] {processor.py:914} INFO - Processing file /opt/airflow/dags/01_hello_dag.py for tasks to queue
[2026-08-24T07:44:30.684+0000] {logging_mixin.py:190} INFO - [2026-08-24T07:44:30.684+0000] {dagbag.py:588} INFO - Filling up the DagBag from /opt/airflow/dags/01_hello_dag.py
[2026-08-24T07:44:30.701+0000] {processor.py:925} INFO - DAG(s) 'hello_dag' retrieved from /opt/airflow/dags/01_hello_dag.py
[2026-08-24T07:44:30.722+0000] {logging_mixin.py:190} INFO - [2026-08-24T07:44:30.722+0000] {dag.py:3239} INFO - Sync 1 DAGs
[2026-08-24T07:44:30.733+0000] {logging_mixin.py:190} INFO - [2026-08-24T07:44:30.733+0000] {dag.py:4180} INFO - Setting next_dagrun for hello_dag to None, run_after=None
[2026-08-24T07:44:30.757+0000] {processor.py:208} INFO - Processing /opt/airflow/dags/01_hello_dag.py took 0.083 seconds
[2026-08-24T07:45:01.554+0000] {processor.py:186} INFO - Started process (PID=900) to work on /opt/airflow/dags/01_hello_dag.py
[2026-08-24T07:45:01.555+0000] {processor.py:914} INFO - Processing file /opt/airflow/dags/01_hello_dag.py for tasks to queue
[2026-08-24T07:45:01.557+0000] {logging_mixin.py:190} INFO - [2026-08-24T07:45:01.557+0000] {dagbag.py:588} INFO - Filling up the DagBag from /opt/airflow/dags/01_hello_dag.py
[2026-08-24T07:45:01.586+0000] {processor.py:925} INFO - DAG(s) 'hello_dag' retrieved from /opt/airflow/dags/01_hello_dag.py
[2026-08-24T07:45:01.608+0000] {logging_mixin.py:190} INFO - [2026-08-24T07:45:01.607+0000] {dag.py:3239} INFO - Sync 1 DAGs
[2026-08-24T07:45:01.618+0000] {logging_mixin.py:190} INFO - [2026-08-24T07:45:01.618+0000] {dag.py:4180} INFO - Setting next_dagrun for hello_dag to None, run_after=None
[2026-08-24T07:45:01.640+0000] {processor.py:208} INFO - Processing /opt/airflow/dags/01_hello_dag.py took 0.091 seconds
[2026-08-24T07:45:32.454+0000] {processor.py:186} INFO - Started process (PID=911) to work on /opt/airflow/dags/01_hello_dag.py
[2026-08-24T07:45:32.455+0000] {processor.py:914} INFO - Processing file /opt/airflow/dags/01_hello_dag.py for tasks to queue
[2026-08-24T07:45:32.457+0000] {logging_mixin.py:190} INFO - [2026-08-24T07:45:32.456+0000] {dagbag.py:588} INFO - Filling up the DagBag from /opt/airflow/dags/01_hello_dag.py
[2026-08-24T07:45:32.470+0000] {processor.py:925} INFO - DAG(s) 'hello_dag' retrieved from /opt/airflow/dags/01_hello_dag.py
[2026-08-24T07:45:32.490+0000] {logging_mixin.py:190} INFO - [2026-08-24T07:45:32.490+0000] {dag.py:3239} INFO - Sync 1 DAGs
[2026-08-24T07:45:32.500+0000] {logging_mixin.py:190} INFO - [2026-08-24T07:45:32.500+0000] {dag.py:4180} INFO - Setting next_dagrun for hello_dag to None, run_after=None
[2026-08-24T07:45:32.519+0000] {processor.py:208} INFO - Processing /opt/airflow/dags/01_hello_dag.py took 0.069 seconds
[2026-08-24T07:46:03.378+0000] {processor.py:186} INFO - Started process (PID=922) to work on /opt/airflow/dags/01_hello_dag.py
[2026-08-24T07:46:03.380+0000] {processor.py:914} INFO - Processing file /opt/airflow/dags/01_hello_dag.py for tasks to queue
[2026-08-24T07:46:03.382+0000] {logging_mixin.py:190} INFO - [2026-08-24T07:46:03.382+0000] {dagbag.py:588} INFO - Filling up the DagBag from /opt/airflow/dags/01_hello_dag.py
[2026-08-24T07:46:03.409+0000] {processor.py:925} INFO - DAG(s) 'hello_dag' retrieved from /opt/airflow/dags/01_hello_dag.py
[2026-08-24T07:46:03.453+0000] {logging_mixin.py:190} INFO - [2026-08-24T07:46:03.453+0000] {dag.py:3239} INFO - Sync 1 DAGs
[2026-08-24T07:46:03.473+0000] {logging_mixin.py:190} INFO - [2026-08-24T07:46:03.472+0000] {dag.py:4180} INFO - Setting next_dagrun for hello_dag to None, run_after=None
[2026-08-24T07:46:03.493+0000] {processor.py:208} INFO - Processing /opt/airflow/dags/01_hello_dag.py took 0.122 seconds
[2026-08-24T07:46:34.326+0000] {processor.py:186} INFO - Started process (PID=933) to work on /opt/airflow/dags/01_hello_dag.py
[2026-08-24T07:46:34.328+0000] {processor.py:914} INFO - Processing file /opt/airflow/dags/01_hello_dag.py for tasks to queue
[2026-08-24T07:46:34.331+0000] {logging_mixin.py:190} INFO - [2026-08-24T07:46:34.331+0000] {dagbag.py:588} INFO - Filling up the DagBag from /opt/airflow/dags/01_hello_dag.py
[2026-08-24T07:46:34.351+0000] {processor.py:925} INFO - DAG(s) 'hello_dag' retrieved from /opt/airflow/dags/01_hello_dag.py
[2026-08-24T07:46:34.373+0000] {logging_mixin.py:190} INFO - [2026-08-24T07:46:34.373+0000] {dag.py:3239} INFO - Sync 1 DAGs
[2026-08-24T07:46:34.385+0000] {logging_mixin.py:190} INFO - [2026-08-24T07:46:34.385+0000] {dag.py:4180} INFO - Setting next_dagrun for hello_dag to None, run_after=None
[2026-08-24T07:46:34.400+0000] {processor.py:208} INFO - Processing /opt/airflow/dags/01_hello_dag.py took 0.079 seconds
[2026-08-24T07:47:04.554+0000] {processor.py:186} INFO - Started process (PID=951) to work on /opt/airflow/dags/01_hello_dag.py
[2026-08-24T07:47:04.556+0000] {processor.py:914} INFO - Processing file /opt/airflow/dags/01_hello_dag.py for tasks to queue
[2026-08-24T07:47:04.560+0000] {logging_mixin.py:190} INFO - [2026-08-24T07:47:04.560+0000] {dagbag.py:588} INFO - Filling up the DagBag from /opt/airflow/dags/01_hello_dag.py
[2026-08-24T07:47:04.580+0000] {processor.py:925} INFO - DAG(s) 'hello_dag' retrieved from /opt/airflow/dags/01_hello_dag.py
[2026-08-24T07:47:04.601+0000] {logging_mixin.py:190} INFO - [2026-08-24T07:47:04.601+0000] {dag.py:3239} INFO - Sync 1 DAGs
[2026-08-24T07:47:04.612+0000] {logging_mixin.py:190} INFO - [2026-08-24T07:47:04.612+0000] {dag.py:4180} INFO - Setting next_dagrun for hello_dag to None, run_after=None
[2026-08-24T07:47:04.632+0000] {processor.py:208} INFO - Processing /opt/airflow/dags/01_hello_dag.py took 0.082 seconds
[2026-08-24T07:47:34.741+0000] {processor.py:186} INFO - Started process (PID=962) to work on /opt/airflow/dags/01_hello_dag.py
[2026-08-24T07:47:34.742+0000] {processor.py:914} INFO - Processing file /opt/airflow/dags/01_hello_dag.py for tasks to queue
[2026-08-24T07:47:34.743+0000] {logging_mixin.py:190} INFO - [2026-08-24T07:47:34.743+0000] {dagbag.py:588} INFO - Filling up the DagBag from /opt/airflow/dags/01_hello_dag.py
[2026-08-24T07:47:34.756+0000] {processor.py:925} INFO - DAG(s) 'hello_dag' retrieved from /opt/airflow/dags/01_hello_dag.py
[2026-08-24T07:47:34.776+0000] {logging_mixin.py:190} INFO - [2026-08-24T07:47:34.776+0000] {dag.py:3239} INFO - Sync 1 DAGs
[2026-08-24T07:47:34.787+0000] {logging_mixin.py:190} INFO - [2026-08-24T07:47:34.787+0000] {dag.py:4180} INFO - Setting next_dagrun for hello_dag to None, run_after=None
[2026-08-24T07:47:34.801+0000] {processor.py:208} INFO - Processing /opt/airflow/dags/01_hello_dag.py took 0.064 seconds
[2026-08-24T07:48:05.747+0000] {processor.py:186} INFO - Started process (PID=973) to work on /opt/airflow/dags/01_hello_dag.py
[2026-08-24T07:48:05.748+0000] {processor.py:914} INFO - Processing file /opt/airflow/dags/01_hello_dag.py for tasks to queue
[2026-08-24T07:48:05.750+0000] {logging_mixin.py:190} INFO - [2026-08-24T07:48:05.750+0000] {dagbag.py:588} INFO - Filling up the DagBag from /opt/airflow/dags/01_hello_dag.py
[2026-08-24T07:48:05.763+0000] {processor.py:925} INFO - DAG(s) 'hello_dag' retrieved from /opt/airflow/dags/01_hello_dag.py
[2026-08-24T07:48:05.784+0000] {logging_mixin.py:190} INFO - [2026-08-24T07:48:05.783+0000] {dag.py:3239} INFO - Sync 1 DAGs
[2026-08-24T07:48:05.796+0000] {logging_mixin.py:190} INFO - [2026-08-24T07:48:05.796+0000] {dag.py:4180} INFO - Setting next_dagrun for hello_dag to None, run_after=None
[2026-08-24T07:48:05.821+0000] {processor.py:208} INFO - Processing /opt/airflow/dags/01_hello_dag.py took 0.079 seconds
[2026-08-24T07:48:36.845+0000] {processor.py:186} INFO - Started process (PID=984) to work on /opt/airflow/dags/01_hello_dag.py
[2026-08-24T07:48:36.847+0000] {processor.py:914} INFO - Processing file /opt/airflow/dags/01_hello_dag.py for tasks to queue
[2026-08-24T07:48:36.849+0000] {logging_mixin.py:190} INFO - [2026-08-24T07:48:36.849+0000] {dagbag.py:588} INFO - Filling up the DagBag from /opt/airflow/dags/01_hello_dag.py
[2026-08-24T07:48:36.877+0000] {processor.py:925} INFO - DAG(s) 'hello_dag' retrieved from /opt/airflow/dags/01_hello_dag.py
[2026-08-24T07:48:36.897+0000] {logging_mixin.py:190} INFO - [2026-08-24T07:48:36.897+0000] {dag.py:3239} INFO - Sync 1 DAGs
[2026-08-24T07:48:36.910+0000] {logging_mixin.py:190} INFO - [2026-08-24T07:48:36.910+0000] {dag.py:4180} INFO - Setting next_dagrun for hello_dag to None, run_after=None
[2026-08-24T07:48:36.933+0000] {processor.py:208} INFO - Processing /opt/airflow/dags/01_hello_dag.py took 0.095 seconds
[2026-08-24T07:49:07.767+0000] {processor.py:186} INFO - Started process (PID=995) to work on /opt/airflow/dags/01_hello_dag.py
[2026-08-24T07:49:07.768+0000] {processor.py:914} INFO - Processing file /opt/airflow/dags/01_hello_dag.py for tasks to queue
[2026-08-24T07:49:07.770+0000] {logging_mixin.py:190} INFO - [2026-08-24T07:49:07.769+0000] {dagbag.py:588} INFO - Filling up the DagBag from /opt/airflow/dags/01_hello_dag.py
[2026-08-24T07:49:07.790+0000] {processor.py:925} INFO - DAG(s) 'hello_dag' retrieved from /opt/airflow/dags/01_hello_dag.py
[2026-08-24T07:49:07.814+0000] {logging_mixin.py:190} INFO - [2026-08-24T07:49:07.814+0000] {dag.py:3239} INFO - Sync 1 DAGs
[2026-08-24T07:49:07.826+0000] {logging_mixin.py:190} INFO - [2026-08-24T07:49:07.825+0000] {dag.py:4180} INFO - Setting next_dagrun for hello_dag to None, run_after=None
[2026-08-24T07:49:07.842+0000] {processor.py:208} INFO - Processing /opt/airflow/dags/01_hello_dag.py took 0.080 seconds
[2026-08-24T07:49:38.271+0000] {processor.py:186} INFO - Started process (PID=1006) to work on /opt/airflow/dags/01_hello_dag.py
[2026-08-24T07:49:38.272+0000] {processor.py:914} INFO - Processing file /opt/airflow/dags/01_hello_dag.py for tasks to queue
[2026-08-24T07:49:38.274+0000] {logging_mixin.py:190} INFO - [2026-08-24T07:49:38.274+0000] {dagbag.py:588} INFO - Filling up the DagBag from /opt/airflow/dags/01_hello_dag.py
[2026-08-24T07:49:38.295+0000] {processor.py:925} INFO - DAG(s) 'hello_dag' retrieved from /opt/airflow/dags/01_hello_dag.py
[2026-08-24T07:49:38.317+0000] {logging_mixin.py:190} INFO - [2026-08-24T07:49:38.317+0000] {dag.py:3239} INFO - Sync 1 DAGs
[2026-08-24T07:49:38.328+0000] {logging_mixin.py:190} INFO - [2026-08-24T07:49:38.328+0000] {dag.py:4180} INFO - Setting next_dagrun for hello_dag to None, run_after=None
[2026-08-24T07:49:38.346+0000] {processor.py:208} INFO - Processing /opt/airflow/dags/01_hello_dag.py took 0.081 seconds
[2026-08-24T07:50:11.389+0000] {processor.py:186} INFO - Started process (PID=1017) to work on /opt/airflow/dags/01_hello_dag.py
[2026-08-24T07:50:11.411+0000] {processor.py:914} INFO - Processing file /opt/airflow/dags/01_hello_dag.py for tasks to queue
[2026-08-24T07:50:11.432+0000] {logging_mixin.py:190} INFO - [2026-08-24T07:50:11.432+0000] {dagbag.py:588} INFO - Filling up the DagBag from /opt/airflow/dags/01_hello_dag.py
[2026-08-24T07:50:11.910+0000] {processor.py:925} INFO - DAG(s) 'hello_dag' retrieved from /opt/airflow/dags/01_hello_dag.py
[2026-08-24T07:50:11.956+0000] {logging_mixin.py:190} INFO - [2026-08-24T07:50:11.956+0000] {dag.py:3239} INFO - Sync 1 DAGs
[2026-08-24T07:50:11.991+0000] {logging_mixin.py:190} INFO - [2026-08-24T07:50:11.990+0000] {dag.py:4180} INFO - Setting next_dagrun for hello_dag to None, run_after=None
[2026-08-24T07:50:12.061+0000] {processor.py:208} INFO - Processing /opt/airflow/dags/01_hello_dag.py took 0.684 seconds
[2026-08-24T07:50:42.855+0000] {processor.py:186} INFO - Started process (PID=1028) to work on /opt/airflow/dags/01_hello_dag.py
[2026-08-24T07:50:42.863+0000] {processor.py:914} INFO - Processing file /opt/airflow/dags/01_hello_dag.py for tasks to queue
[2026-08-24T07:50:42.892+0000] {logging_mixin.py:190} INFO - [2026-08-24T07:50:42.891+0000] {dagbag.py:588} INFO - Filling up the DagBag from /opt/airflow/dags/01_hello_dag.py
[2026-08-24T07:50:43.175+0000] {processor.py:925} INFO - DAG(s) 'hello_dag' retrieved from /opt/airflow/dags/01_hello_dag.py
[2026-08-24T07:50:43.208+0000] {logging_mixin.py:190} INFO - [2026-08-24T07:50:43.207+0000] {dag.py:3239} INFO - Sync 1 DAGs
[2026-08-24T07:50:43.224+0000] {logging_mixin.py:190} INFO - [2026-08-24T07:50:43.224+0000] {dag.py:4180} INFO - Setting next_dagrun for hello_dag to None, run_after=None
[2026-08-24T07:50:43.280+0000] {processor.py:208} INFO - Processing /opt/airflow/dags/01_hello_dag.py took 0.434 seconds
[2026-08-24T07:51:13.871+0000] {processor.py:186} INFO - Started process (PID=1039) to work on /opt/airflow/dags/01_hello_dag.py
[2026-08-24T07:51:13.873+0000] {processor.py:914} INFO - Processing file /opt/airflow/dags/01_hello_dag.py for tasks to queue
[2026-08-24T07:51:13.893+0000] {logging_mixin.py:190} INFO - [2026-08-24T07:51:13.892+0000] {dagbag.py:588} INFO - Filling up the DagBag from /opt/airflow/dags/01_hello_dag.py
[2026-08-24T07:51:14.434+0000] {processor.py:925} INFO - DAG(s) 'hello_dag' retrieved from /opt/airflow/dags/01_hello_dag.py
[2026-08-24T07:51:14.470+0000] {logging_mixin.py:190} INFO - [2026-08-24T07:51:14.470+0000] {dag.py:3239} INFO - Sync 1 DAGs
[2026-08-24T07:51:14.494+0000] {logging_mixin.py:190} INFO - [2026-08-24T07:51:14.494+0000] {dag.py:4180} INFO - Setting next_dagrun for hello_dag to None, run_after=None
[2026-08-24T07:51:14.554+0000] {processor.py:208} INFO - Processing /opt/airflow/dags/01_hello_dag.py took 0.692 seconds
[2026-08-24T07:51:45.179+0000] {processor.py:186} INFO - Started process (PID=1050) to work on /opt/airflow/dags/01_hello_dag.py
[2026-08-24T07:51:45.180+0000] {processor.py:914} INFO - Processing file /opt/airflow/dags/01_hello_dag.py for tasks to queue
[2026-08-24T07:51:45.182+0000] {logging_mixin.py:190} INFO - [2026-08-24T07:51:45.182+0000] {dagbag.py:588} INFO - Filling up the DagBag from /opt/airflow/dags/01_hello_dag.py
[2026-08-24T07:51:45.202+0000] {processor.py:925} INFO - DAG(s) 'hello_dag' retrieved from /opt/airflow/dags/01_hello_dag.py
[2026-08-24T07:51:45.223+0000] {logging_mixin.py:190} INFO - [2026-08-24T07:51:45.223+0000] {dag.py:3239} INFO - Sync 1 DAGs
[2026-08-24T07:51:45.235+0000] {logging_mixin.py:190} INFO - [2026-08-24T07:51:45.235+0000] {dag.py:4180} INFO - Setting next_dagrun for hello_dag to None, run_after=None
[2026-08-24T07:51:45.253+0000] {processor.py:208} INFO - Processing /opt/airflow/dags/01_hello_dag.py took 0.079 seconds
[2026-08-24T07:52:15.860+0000] {processor.py:186} INFO - Started process (PID=1061) to work on /opt/airflow/dags/01_hello_dag.py
[2026-08-24T07:52:15.861+0000] {processor.py:914} INFO - Processing file /opt/airflow/dags/01_hello_dag.py for tasks to queue
[2026-08-24T07:52:15.863+0000] {logging_mixin.py:190} INFO - [2026-08-24T07:52:15.863+0000] {dagbag.py:588} INFO - Filling up the DagBag from /opt/airflow/dags/01_hello_dag.py
[2026-08-24T07:52:15.885+0000] {processor.py:925} INFO - DAG(s) 'hello_dag' retrieved from /opt/airflow/dags/01_hello_dag.py
[2026-08-24T07:52:15.909+0000] {logging_mixin.py:190} INFO - [2026-08-24T07:52:15.909+0000] {dag.py:3239} INFO - Sync 1 DAGs
[2026-08-24T07:52:15.922+0000] {logging_mixin.py:190} INFO - [2026-08-24T07:52:15.921+0000] {dag.py:4180} INFO - Setting next_dagrun for hello_dag to None, run_after=None
[2026-08-24T07:52:15.938+0000] {processor.py:208} INFO - Processing /opt/airflow/dags/01_hello_dag.py took 0.085 seconds
[2026-08-24T07:52:46.545+0000] {processor.py:186} INFO - Started process (PID=1072) to work on /opt/airflow/dags/01_hello_dag.py
[2026-08-24T07:52:46.547+0000] {processor.py:914} INFO - Processing file /opt/airflow/dags/01_hello_dag.py for tasks to queue
[2026-08-24T07:52:46.549+0000] {logging_mixin.py:190} INFO - [2026-08-24T07:52:46.549+0000] {dagbag.py:588} INFO - Filling up the DagBag from /opt/airflow/dags/01_hello_dag.py
[2026-08-24T07:52:46.564+0000] {processor.py:925} INFO - DAG(s) 'hello_dag' retrieved from /opt/airflow/dags/01_hello_dag.py
[2026-08-24T07:52:46.589+0000] {logging_mixin.py:190} INFO - [2026-08-24T07:52:46.589+0000] {dag.py:3239} INFO - Sync 1 DAGs
[2026-08-24T07:52:46.602+0000] {logging_mixin.py:190} INFO - [2026-08-24T07:52:46.601+0000] {dag.py:4180} INFO - Setting next_dagrun for hello_dag to None, run_after=None
[2026-08-24T07:52:46.640+0000] {processor.py:208} INFO - Processing /opt/airflow/dags/01_hello_dag.py took 0.101 seconds
[2026-08-24T07:53:17.290+0000] {processor.py:186} INFO - Started process (PID=1083) to work on /opt/airflow/dags/01_hello_dag.py
[2026-08-24T07:53:17.291+0000] {processor.py:914} INFO - Processing file /opt/airflow/dags/01_hello_dag.py for tasks to queue
[2026-08-24T07:53:17.294+0000] {logging_mixin.py:190} INFO - [2026-08-24T07:53:17.293+0000] {dagbag.py:588} INFO - Filling up the DagBag from /opt/airflow/dags/01_hello_dag.py
[2026-08-24T07:53:17.309+0000] {processor.py:925} INFO - DAG(s) 'hello_dag' retrieved from /opt/airflow/dags/01_hello_dag.py
[2026-08-24T07:53:17.330+0000] {logging_mixin.py:190} INFO - [2026-08-24T07:53:17.330+0000] {dag.py:3239} INFO - Sync 1 DAGs
[2026-08-24T07:53:17.342+0000] {logging_mixin.py:190} INFO - [2026-08-24T07:53:17.342+0000] {dag.py:4180} INFO - Setting next_dagrun for hello_dag to None, run_after=None
[2026-08-24T07:53:17.359+0000] {processor.py:208} INFO - Processing /opt/airflow/dags/01_hello_dag.py took 0.075 seconds
[2026-08-24T07:53:48.050+0000] {processor.py:186} INFO - Started process (PID=1094) to work on /opt/airflow/dags/01_hello_dag.py
[2026-08-24T07:53:48.051+0000] {processor.py:914} INFO - Processing file /opt/airflow/dags/01_hello_dag.py for tasks to queue
[2026-08-24T07:53:48.053+0000] {logging_mixin.py:190} INFO - [2026-08-24T07:53:48.053+0000] {dagbag.py:588} INFO - Filling up the DagBag from /opt/airflow/dags/01_hello_dag.py
[2026-08-24T07:53:48.071+0000] {processor.py:925} INFO - DAG(s) 'hello_dag' retrieved from /opt/airflow/dags/01_hello_dag.py
[2026-08-24T07:53:48.091+0000] {logging_mixin.py:190} INFO - [2026-08-24T07:53:48.091+0000] {dag.py:3239} INFO - Sync 1 DAGs
[2026-08-24T07:53:48.103+0000] {logging_mixin.py:190} INFO - [2026-08-24T07:53:48.103+0000] {dag.py:4180} INFO - Setting next_dagrun for hello_dag to None, run_after=None
[2026-08-24T07:53:48.158+0000] {processor.py:208} INFO - Processing /opt/airflow/dags/01_hello_dag.py took 0.113 seconds
[2026-08-24T07:54:18.736+0000] {processor.py:186} INFO - Started process (PID=1105) to work on /opt/airflow/dags/01_hello_dag.py
[2026-08-24T07:54:18.737+0000] {processor.py:914} INFO - Processing file /opt/airflow/dags/01_hello_dag.py for tasks to queue
[2026-08-24T07:54:18.739+0000] {logging_mixin.py:190} INFO - [2026-08-24T07:54:18.739+0000] {dagbag.py:588} INFO - Filling up the DagBag from /opt/airflow/dags/01_hello_dag.py
[2026-08-24T07:54:18.753+0000] {processor.py:925} INFO - DAG(s) 'hello_dag' retrieved from /opt/airflow/dags/01_hello_dag.py
[2026-08-24T07:54:18.773+0000] {logging_mixin.py:190} INFO - [2026-08-24T07:54:18.773+0000] {dag.py:3239} INFO - Sync 1 DAGs
[2026-08-24T07:54:18.786+0000] {logging_mixin.py:190} INFO - [2026-08-24T07:54:18.786+0000] {dag.py:4180} INFO - Setting next_dagrun for hello_dag to None, run_after=None
[2026-08-24T07:54:18.807+0000] {processor.py:208} INFO - Processing /opt/airflow/dags/01_hello_dag.py took 0.076 seconds
[2026-08-24T07:54:49.638+0000] {processor.py:186} INFO - Started process (PID=1116) to work on /opt/airflow/dags/01_hello_dag.py
[2026-08-24T07:54:49.640+0000] {processor.py:914} INFO - Processing file /opt/airflow/dags/01_hello_dag.py for tasks to queue
[2026-08-24T07:54:49.642+0000] {logging_mixin.py:190} INFO - [2026-08-24T07:54:49.642+0000] {dagbag.py:588} INFO - Filling up the DagBag from /opt/airflow/dags/01_hello_dag.py
[2026-08-24T07:54:49.666+0000] {processor.py:925} INFO - DAG(s) 'hello_dag' retrieved from /opt/airflow/dags/01_hello_dag.py
[2026-08-24T07:54:49.690+0000] {logging_mixin.py:190} INFO - [2026-08-24T07:54:49.690+0000] {dag.py:3239} INFO - Sync 1 DAGs
[2026-08-24T07:54:49.701+0000] {logging_mixin.py:190} INFO - [2026-08-24T07:54:49.701+0000] {dag.py:4180} INFO - Setting next_dagrun for hello_dag to None, run_after=None
[2026-08-24T07:54:49.722+0000] {processor.py:208} INFO - Processing /opt/airflow/dags/01_hello_dag.py took 0.098 seconds
[2026-08-24T07:55:20.363+0000] {processor.py:186} INFO - Started process (PID=1127) to work on /opt/airflow/dags/01_hello_dag.py
[2026-08-24T07:55:20.364+0000] {processor.py:914} INFO - Processing file /opt/airflow/dags/01_hello_dag.py for tasks to queue
[2026-08-24T07:55:20.366+0000] {logging_mixin.py:190} INFO - [2026-08-24T07:55:20.366+0000] {dagbag.py:588} INFO - Filling up the DagBag from /opt/airflow/dags/01_hello_dag.py
[2026-08-24T07:55:20.379+0000] {processor.py:925} INFO - DAG(s) 'hello_dag' retrieved from /opt/airflow/dags/01_hello_dag.py
[2026-08-24T07:55:20.401+0000] {logging_mixin.py:190} INFO - [2026-08-24T07:55:20.401+0000] {dag.py:3239} INFO - Sync 1 DAGs
[2026-08-24T07:55:20.412+0000] {logging_mixin.py:190} INFO - [2026-08-24T07:55:20.412+0000] {dag.py:4180} INFO - Setting next_dagrun for hello_dag to None, run_after=None
[2026-08-24T07:55:20.429+0000] {processor.py:208} INFO - Processing /opt/airflow/dags/01_hello_dag.py took 0.072 seconds
[2026-08-24T07:55:51.467+0000] {processor.py:186} INFO - Started process (PID=1138) to work on /opt/airflow/dags/01_hello_dag.py
[2026-08-24T07:55:51.470+0000] {processor.py:914} INFO - Processing file /opt/airflow/dags/01_hello_dag.py for tasks to queue
[2026-08-24T07:55:51.475+0000] {logging_mixin.py:190} INFO - [2026-08-24T07:55:51.475+0000] {dagbag.py:588} INFO - Filling up the DagBag from /opt/airflow/dags/01_hello_dag.py
[2026-08-24T07:55:51.500+0000] {processor.py:925} INFO - DAG(s) 'hello_dag' retrieved from /opt/airflow/dags/01_hello_dag.py
[2026-08-24T07:55:51.522+0000] {logging_mixin.py:190} INFO - [2026-08-24T07:55:51.522+0000] {dag.py:3239} INFO - Sync 1 DAGs
[2026-08-24T07:55:51.539+0000] {logging_mixin.py:190} INFO - [2026-08-24T07:55:51.538+0000] {dag.py:4180} INFO - Setting next_dagrun for hello_dag to None, run_after=None
[2026-08-24T07:55:51.579+0000] {processor.py:208} INFO - Processing /opt/airflow/dags/01_hello_dag.py took 0.120 seconds
[2026-08-24T07:56:22.820+0000] {processor.py:186} INFO - Started process (PID=1149) to work on /opt/airflow/dags/01_hello_dag.py
[2026-08-24T07:56:22.822+0000] {processor.py:914} INFO - Processing file /opt/airflow/dags/01_hello_dag.py for tasks to queue
[2026-08-24T07:56:22.829+0000] {logging_mixin.py:190} INFO - [2026-08-24T07:56:22.828+0000] {dagbag.py:588} INFO - Filling up the DagBag from /opt/airflow/dags/01_hello_dag.py
[2026-08-24T07:56:22.942+0000] {processor.py:925} INFO - DAG(s) 'hello_dag' retrieved from /opt/airflow/dags/01_hello_dag.py
[2026-08-24T07:56:22.965+0000] {logging_mixin.py:190} INFO - [2026-08-24T07:56:22.965+0000] {dag.py:3239} INFO - Sync 1 DAGs
[2026-08-24T07:56:22.980+0000] {logging_mixin.py:190} INFO - [2026-08-24T07:56:22.980+0000] {dag.py:4180} INFO - Setting next_dagrun for hello_dag to None, run_after=None
[2026-08-24T07:56:23.003+0000] {processor.py:208} INFO - Processing /opt/airflow/dags/01_hello_dag.py took 0.193 seconds
[2026-08-24T07:56:53.171+0000] {processor.py:186} INFO - Started process (PID=1160) to work on /opt/airflow/dags/01_hello_dag.py
[2026-08-24T07:56:53.172+0000] {processor.py:914} INFO - Processing file /opt/airflow/dags/01_hello_dag.py for tasks to queue
[2026-08-24T07:56:53.175+0000] {logging_mixin.py:190} INFO - [2026-08-24T07:56:53.175+0000] {dagbag.py:588} INFO - Filling up the DagBag from /opt/airflow/dags/01_hello_dag.py
[2026-08-24T07:56:53.258+0000] {processor.py:925} INFO - DAG(s) 'hello_dag' retrieved from /opt/airflow/dags/01_hello_dag.py
[2026-08-24T07:56:53.281+0000] {logging_mixin.py:190} INFO - [2026-08-24T07:56:53.281+0000] {dag.py:3239} INFO - Sync 1 DAGs
[2026-08-24T07:56:53.294+0000] {logging_mixin.py:190} INFO - [2026-08-24T07:56:53.294+0000] {dag.py:4180} INFO - Setting next_dagrun for hello_dag to None, run_after=None
[2026-08-24T07:56:53.321+0000] {processor.py:208} INFO - Processing /opt/airflow/dags/01_hello_dag.py took 0.157 seconds
[2026-08-24T07:57:23.522+0000] {processor.py:186} INFO - Started process (PID=1171) to work on /opt/airflow/dags/01_hello_dag.py
[2026-08-24T07:57:23.524+0000] {processor.py:914} INFO - Processing file /opt/airflow/dags/01_hello_dag.py for tasks to queue
[2026-08-24T07:57:23.526+0000] {logging_mixin.py:190} INFO - [2026-08-24T07:57:23.526+0000] {dagbag.py:588} INFO - Filling up the DagBag from /opt/airflow/dags/01_hello_dag.py
[2026-08-24T07:57:23.552+0000] {processor.py:925} INFO - DAG(s) 'hello_dag' retrieved from /opt/airflow/dags/01_hello_dag.py
[2026-08-24T07:57:23.576+0000] {logging_mixin.py:190} INFO - [2026-08-24T07:57:23.576+0000] {dag.py:3239} INFO - Sync 1 DAGs
[2026-08-24T07:57:23.587+0000] {logging_mixin.py:190} INFO - [2026-08-24T07:57:23.587+0000] {dag.py:4180} INFO - Setting next_dagrun for hello_dag to None, run_after=None
[2026-08-24T07:57:23.606+0000] {processor.py:208} INFO - Processing /opt/airflow/dags/01_hello_dag.py took 0.088 seconds
[2026-08-24T07:57:53.723+0000] {processor.py:186} INFO - Started process (PID=1182) to work on /opt/airflow/dags/01_hello_dag.py
[2026-08-24T07:57:53.725+0000] {processor.py:914} INFO - Processing file /opt/airflow/dags/01_hello_dag.py for tasks to queue
[2026-08-24T07:57:53.732+0000] {logging_mixin.py:190} INFO - [2026-08-24T07:57:53.731+0000] {dagbag.py:588} INFO - Filling up the DagBag from /opt/airflow/dags/01_hello_dag.py
[2026-08-24T07:57:53.753+0000] {processor.py:925} INFO - DAG(s) 'hello_dag' retrieved from /opt/airflow/dags/01_hello_dag.py
[2026-08-24T07:57:53.779+0000] {logging_mixin.py:190} INFO - [2026-08-24T07:57:53.779+0000] {dag.py:3239} INFO - Sync 1 DAGs
[2026-08-24T07:57:53.791+0000] {logging_mixin.py:190} INFO - [2026-08-24T07:57:53.791+0000] {dag.py:4180} INFO - Setting next_dagrun for hello_dag to None, run_after=None
[2026-08-24T07:57:53.815+0000] {processor.py:208} INFO - Processing /opt/airflow/dags/01_hello_dag.py took 0.097 seconds
[2026-08-24T07:58:24.310+0000] {processor.py:186} INFO - Started process (PID=1193) to work on /opt/airflow/dags/01_hello_dag.py
[2026-08-24T07:58:24.313+0000] {processor.py:914} INFO - Processing file /opt/airflow/dags/01_hello_dag.py for tasks to queue
[2026-08-24T07:58:24.319+0000] {logging_mixin.py:190} INFO - [2026-08-24T07:58:24.319+0000] {dagbag.py:588} INFO - Filling up the DagBag from /opt/airflow/dags/01_hello_dag.py
[2026-08-24T07:58:24.363+0000] {processor.py:925} INFO - DAG(s) 'hello_dag' retrieved from /opt/airflow/dags/01_hello_dag.py
[2026-08-24T07:58:24.384+0000] {logging_mixin.py:190} INFO - [2026-08-24T07:58:24.384+0000] {dag.py:3239} INFO - Sync 1 DAGs
[2026-08-24T07:58:24.396+0000] {logging_mixin.py:190} INFO - [2026-08-24T07:58:24.396+0000] {dag.py:4180} INFO - Setting next_dagrun for hello_dag to None, run_after=None
[2026-08-24T07:58:24.443+0000] {processor.py:208} INFO - Processing /opt/airflow/dags/01_hello_dag.py took 0.141 seconds
[2026-08-24T07:58:55.293+0000] {processor.py:186} INFO - Started process (PID=1204) to work on /opt/airflow/dags/01_hello_dag.py
[2026-08-24T07:58:55.294+0000] {processor.py:914} INFO - Processing file /opt/airflow/dags/01_hello_dag.py for tasks to queue
[2026-08-24T07:58:55.296+0000] {logging_mixin.py:190} INFO - [2026-08-24T07:58:55.296+0000] {dagbag.py:588} INFO - Filling up the DagBag from /opt/airflow/dags/01_hello_dag.py
[2026-08-24T07:58:55.309+0000] {processor.py:925} INFO - DAG(s) 'hello_dag' retrieved from /opt/airflow/dags/01_hello_dag.py
[2026-08-24T07:58:55.329+0000] {logging_mixin.py:190} INFO - [2026-08-24T07:58:55.329+0000] {dag.py:3239} INFO - Sync 1 DAGs
[2026-08-24T07:58:55.339+0000] {logging_mixin.py:190} INFO - [2026-08-24T07:58:55.339+0000] {dag.py:4180} INFO - Setting next_dagrun for hello_dag to None, run_after=None
[2026-08-24T07:58:55.362+0000] {processor.py:208} INFO - Processing /opt/airflow/dags/01_hello_dag.py took 0.074 seconds
[2026-08-24T07:59:25.933+0000] {processor.py:186} INFO - Started process (PID=1215) to work on /opt/airflow/dags/01_hello_dag.py
[2026-08-24T07:59:25.934+0000] {processor.py:914} INFO - Processing file /opt/airflow/dags/01_hello_dag.py for tasks to queue
[2026-08-24T07:59:25.937+0000] {logging_mixin.py:190} INFO - [2026-08-24T07:59:25.936+0000] {dagbag.py:588} INFO - Filling up the DagBag from /opt/airflow/dags/01_hello_dag.py
[2026-08-24T07:59:25.950+0000] {processor.py:925} INFO - DAG(s) 'hello_dag' retrieved from /opt/airflow/dags/01_hello_dag.py
[2026-08-24T07:59:25.971+0000] {logging_mixin.py:190} INFO - [2026-08-24T07:59:25.971+0000] {dag.py:3239} INFO - Sync 1 DAGs
[2026-08-24T07:59:25.982+0000] {logging_mixin.py:190} INFO - [2026-08-24T07:59:25.982+0000] {dag.py:4180} INFO - Setting next_dagrun for hello_dag to None, run_after=None
[2026-08-24T07:59:26.005+0000] {processor.py:208} INFO - Processing /opt/airflow/dags/01_hello_dag.py took 0.078 seconds
[2026-08-24T07:59:56.847+0000] {processor.py:186} INFO - Started process (PID=1226) to work on /opt/airflow/dags/01_hello_dag.py
[2026-08-24T07:59:56.848+0000] {processor.py:914} INFO - Processing file /opt/airflow/dags/01_hello_dag.py for tasks to queue
[2026-08-24T07:59:56.850+0000] {logging_mixin.py:190} INFO - [2026-08-24T07:59:56.850+0000] {dagbag.py:588} INFO - Filling up the DagBag from /opt/airflow/dags/01_hello_dag.py
[2026-08-24T07:59:56.864+0000] {processor.py:925} INFO - DAG(s) 'hello_dag' retrieved from /opt/airflow/dags/01_hello_dag.py
[2026-08-24T07:59:56.885+0000] {logging_mixin.py:190} INFO - [2026-08-24T07:59:56.885+0000] {dag.py:3239} INFO - Sync 1 DAGs
[2026-08-24T07:59:56.897+0000] {logging_mixin.py:190} INFO - [2026-08-24T07:59:56.896+0000] {dag.py:4180} INFO - Setting next_dagrun for hello_dag to None, run_after=None
[2026-08-24T07:59:56.921+0000] {processor.py:208} INFO - Processing /opt/airflow/dags/01_hello_dag.py took 0.079 seconds
[2026-08-24T08:00:27.640+0000] {processor.py:186} INFO - Started process (PID=1237) to work on /opt/airflow/dags/01_hello_dag.py
[2026-08-24T08:00:27.641+0000] {processor.py:914} INFO - Processing file /opt/airflow/dags/01_hello_dag.py for tasks to queue
[2026-08-24T08:00:27.643+0000] {logging_mixin.py:190} INFO - [2026-08-24T08:00:27.643+0000] {dagbag.py:588} INFO - Filling up the DagBag from /opt/airflow/dags/01_hello_dag.py
[2026-08-24T08:00:27.659+0000] {processor.py:925} INFO - DAG(s) 'hello_dag' retrieved from /opt/airflow/dags/01_hello_dag.py
[2026-08-24T08:00:27.680+0000] {logging_mixin.py:190} INFO - [2026-08-24T08:00:27.679+0000] {dag.py:3239} INFO - Sync 1 DAGs
[2026-08-24T08:00:27.691+0000] {logging_mixin.py:190} INFO - [2026-08-24T08:00:27.691+0000] {dag.py:4180} INFO - Setting next_dagrun for hello_dag to None, run_after=None
[2026-08-24T08:00:27.714+0000] {processor.py:208} INFO - Processing /opt/airflow/dags/01_hello_dag.py took 0.078 seconds
[2026-08-24T08:00:57.819+0000] {processor.py:186} INFO - Started process (PID=1248) to work on /opt/airflow/dags/01_hello_dag.py
[2026-08-24T08:00:57.820+0000] {processor.py:914} INFO - Processing file /opt/airflow/dags/01_hello_dag.py for tasks to queue
[2026-08-24T08:00:57.823+0000] {logging_mixin.py:190} INFO - [2026-08-24T08:00:57.822+0000] {dagbag.py:588} INFO - Filling up the DagBag from /opt/airflow/dags/01_hello_dag.py
[2026-08-24T08:00:57.837+0000] {processor.py:925} INFO - DAG(s) 'hello_dag' retrieved from /opt/airflow/dags/01_hello_dag.py
[2026-08-24T08:00:57.858+0000] {logging_mixin.py:190} INFO - [2026-08-24T08:00:57.858+0000] {dag.py:3239} INFO - Sync 1 DAGs
[2026-08-24T08:00:57.869+0000] {logging_mixin.py:190} INFO - [2026-08-24T08:00:57.868+0000] {dag.py:4180} INFO - Setting next_dagrun for hello_dag to None, run_after=None
[2026-08-24T08:00:57.889+0000] {processor.py:208} INFO - Processing /opt/airflow/dags/01_hello_dag.py took 0.076 seconds
[2026-08-24T08:01:28.735+0000] {processor.py:186} INFO - Started process (PID=1265) to work on /opt/airflow/dags/01_hello_dag.py
[2026-08-24T08:01:28.736+0000] {processor.py:914} INFO - Processing file /opt/airflow/dags/01_hello_dag.py for tasks to queue
[2026-08-24T08:01:28.739+0000] {logging_mixin.py:190} INFO - [2026-08-24T08:01:28.738+0000] {dagbag.py:588} INFO - Filling up the DagBag from /opt/airflow/dags/01_hello_dag.py
[2026-08-24T08:01:28.755+0000] {processor.py:925} INFO - DAG(s) 'hello_dag' retrieved from /opt/airflow/dags/01_hello_dag.py
[2026-08-24T08:01:28.779+0000] {logging_mixin.py:190} INFO - [2026-08-24T08:01:28.778+0000] {dag.py:3239} INFO - Sync 1 DAGs
[2026-08-24T08:01:28.790+0000] {logging_mixin.py:190} INFO - [2026-08-24T08:01:28.790+0000] {dag.py:4180} INFO - Setting next_dagrun for hello_dag to None, run_after=None
[2026-08-24T08:01:28.810+0000] {processor.py:208} INFO - Processing /opt/airflow/dags/01_hello_dag.py took 0.081 seconds
[2026-08-24T08:01:59.633+0000] {processor.py:186} INFO - Started process (PID=1283) to work on /opt/airflow/dags/01_hello_dag.py
[2026-08-24T08:01:59.634+0000] {processor.py:914} INFO - Processing file /opt/airflow/dags/01_hello_dag.py for tasks to queue
[2026-08-24T08:01:59.636+0000] {logging_mixin.py:190} INFO - [2026-08-24T08:01:59.636+0000] {dagbag.py:588} INFO - Filling up the DagBag from /opt/airflow/dags/01_hello_dag.py
[2026-08-24T08:01:59.650+0000] {processor.py:925} INFO - DAG(s) 'hello_dag' retrieved from /opt/airflow/dags/01_hello_dag.py
[2026-08-24T08:01:59.675+0000] {logging_mixin.py:190} INFO - [2026-08-24T08:01:59.674+0000] {dag.py:3239} INFO - Sync 1 DAGs
[2026-08-24T08:01:59.685+0000] {logging_mixin.py:190} INFO - [2026-08-24T08:01:59.685+0000] {dag.py:4180} INFO - Setting next_dagrun for hello_dag to None, run_after=None
[2026-08-24T08:01:59.703+0000] {processor.py:208} INFO - Processing /opt/airflow/dags/01_hello_dag.py took 0.075 seconds
[2026-08-24T08:02:30.433+0000] {processor.py:186} INFO - Started process (PID=1294) to work on /opt/airflow/dags/01_hello_dag.py
[2026-08-24T08:02:30.436+0000] {processor.py:914} INFO - Processing file /opt/airflow/dags/01_hello_dag.py for tasks to queue
[2026-08-24T08:02:30.439+0000] {logging_mixin.py:190} INFO - [2026-08-24T08:02:30.439+0000] {dagbag.py:588} INFO - Filling up the DagBag from /opt/airflow/dags/01_hello_dag.py
[2026-08-24T08:02:30.462+0000] {processor.py:925} INFO - DAG(s) 'hello_dag' retrieved from /opt/airflow/dags/01_hello_dag.py
[2026-08-24T08:02:30.485+0000] {logging_mixin.py:190} INFO - [2026-08-24T08:02:30.485+0000] {dag.py:3239} INFO - Sync 1 DAGs
[2026-08-24T08:02:30.496+0000] {logging_mixin.py:190} INFO - [2026-08-24T08:02:30.496+0000] {dag.py:4180} INFO - Setting next_dagrun for hello_dag to None, run_after=None
[2026-08-24T08:02:30.515+0000] {processor.py:208} INFO - Processing /opt/airflow/dags/01_hello_dag.py took 0.088 seconds
[2026-08-24T08:03:00.593+0000] {processor.py:186} INFO - Started process (PID=1305) to work on /opt/airflow/dags/01_hello_dag.py
[2026-08-24T08:03:00.594+0000] {processor.py:914} INFO - Processing file /opt/airflow/dags/01_hello_dag.py for tasks to queue
[2026-08-24T08:03:00.596+0000] {logging_mixin.py:190} INFO - [2026-08-24T08:03:00.596+0000] {dagbag.py:588} INFO - Filling up the DagBag from /opt/airflow/dags/01_hello_dag.py
[2026-08-24T08:03:00.610+0000] {processor.py:925} INFO - DAG(s) 'hello_dag' retrieved from /opt/airflow/dags/01_hello_dag.py
[2026-08-24T08:03:00.632+0000] {logging_mixin.py:190} INFO - [2026-08-24T08:03:00.631+0000] {dag.py:3239} INFO - Sync 1 DAGs
[2026-08-24T08:03:00.642+0000] {logging_mixin.py:190} INFO - [2026-08-24T08:03:00.642+0000] {dag.py:4180} INFO - Setting next_dagrun for hello_dag to None, run_after=None
[2026-08-24T08:03:00.663+0000] {processor.py:208} INFO - Processing /opt/airflow/dags/01_hello_dag.py took 0.075 seconds
[2026-08-24T08:03:30.711+0000] {processor.py:186} INFO - Started process (PID=1316) to work on /opt/airflow/dags/01_hello_dag.py
[2026-08-24T08:03:30.712+0000] {processor.py:914} INFO - Processing file /opt/airflow/dags/01_hello_dag.py for tasks to queue
[2026-08-24T08:03:30.714+0000] {logging_mixin.py:190} INFO - [2026-08-24T08:03:30.714+0000] {dagbag.py:588} INFO - Filling up the DagBag from /opt/airflow/dags/01_hello_dag.py
[2026-08-24T08:03:30.734+0000] {processor.py:925} INFO - DAG(s) 'hello_dag' retrieved from /opt/airflow/dags/01_hello_dag.py
[2026-08-24T08:03:30.756+0000] {logging_mixin.py:190} INFO - [2026-08-24T08:03:30.755+0000] {dag.py:3239} INFO - Sync 1 DAGs
[2026-08-24T08:03:30.767+0000] {logging_mixin.py:190} INFO - [2026-08-24T08:03:30.767+0000] {dag.py:4180} INFO - Setting next_dagrun for hello_dag to None, run_after=None
[2026-08-24T08:03:30.788+0000] {processor.py:208} INFO - Processing /opt/airflow/dags/01_hello_dag.py took 0.084 seconds
[2026-08-24T08:04:01.595+0000] {processor.py:186} INFO - Started process (PID=1327) to work on /opt/airflow/dags/01_hello_dag.py
[2026-08-24T08:04:01.597+0000] {processor.py:914} INFO - Processing file /opt/airflow/dags/01_hello_dag.py for tasks to queue
[2026-08-24T08:04:01.600+0000] {logging_mixin.py:190} INFO - [2026-08-24T08:04:01.600+0000] {dagbag.py:588} INFO - Filling up the DagBag from /opt/airflow/dags/01_hello_dag.py
[2026-08-24T08:04:01.622+0000] {processor.py:925} INFO - DAG(s) 'hello_dag' retrieved from /opt/airflow/dags/01_hello_dag.py
[2026-08-24T08:04:01.651+0000] {logging_mixin.py:190} INFO - [2026-08-24T08:04:01.651+0000] {dag.py:3239} INFO - Sync 1 DAGs
[2026-08-24T08:04:01.666+0000] {logging_mixin.py:190} INFO - [2026-08-24T08:04:01.666+0000] {dag.py:4180} INFO - Setting next_dagrun for hello_dag to None, run_after=None
[2026-08-24T08:04:01.688+0000] {processor.py:208} INFO - Processing /opt/airflow/dags/01_hello_dag.py took 0.100 seconds
[2026-08-24T08:04:32.460+0000] {processor.py:186} INFO - Started process (PID=1338) to work on /opt/airflow/dags/01_hello_dag.py
[2026-08-24T08:04:32.462+0000] {processor.py:914} INFO - Processing file /opt/airflow/dags/01_hello_dag.py for tasks to queue
[2026-08-24T08:04:32.466+0000] {logging_mixin.py:190} INFO - [2026-08-24T08:04:32.465+0000] {dagbag.py:588} INFO - Filling up the DagBag from /opt/airflow/dags/01_hello_dag.py
[2026-08-24T08:04:32.489+0000] {processor.py:925} INFO - DAG(s) 'hello_dag' retrieved from /opt/airflow/dags/01_hello_dag.py
[2026-08-24T08:04:32.520+0000] {logging_mixin.py:190} INFO - [2026-08-24T08:04:32.520+0000] {dag.py:3239} INFO - Sync 1 DAGs
[2026-08-24T08:04:32.540+0000] {logging_mixin.py:190} INFO - [2026-08-24T08:04:32.539+0000] {dag.py:4180} INFO - Setting next_dagrun for hello_dag to None, run_after=None
[2026-08-24T08:04:32.565+0000] {processor.py:208} INFO - Processing /opt/airflow/dags/01_hello_dag.py took 0.112 seconds
[2026-08-24T08:05:03.321+0000] {processor.py:186} INFO - Started process (PID=1349) to work on /opt/airflow/dags/01_hello_dag.py
[2026-08-24T08:05:03.323+0000] {processor.py:914} INFO - Processing file /opt/airflow/dags/01_hello_dag.py for tasks to queue
[2026-08-24T08:05:03.326+0000] {logging_mixin.py:190} INFO - [2026-08-24T08:05:03.325+0000] {dagbag.py:588} INFO - Filling up the DagBag from /opt/airflow/dags/01_hello_dag.py
[2026-08-24T08:05:03.349+0000] {processor.py:925} INFO - DAG(s) 'hello_dag' retrieved from /opt/airflow/dags/01_hello_dag.py
[2026-08-24T08:05:03.377+0000] {logging_mixin.py:190} INFO - [2026-08-24T08:05:03.376+0000] {dag.py:3239} INFO - Sync 1 DAGs
[2026-08-24T08:05:03.395+0000] {logging_mixin.py:190} INFO - [2026-08-24T08:05:03.395+0000] {dag.py:4180} INFO - Setting next_dagrun for hello_dag to None, run_after=None
[2026-08-24T08:05:03.419+0000] {processor.py:208} INFO - Processing /opt/airflow/dags/01_hello_dag.py took 0.106 seconds
[2026-08-24T08:05:34.065+0000] {processor.py:186} INFO - Started process (PID=1360) to work on /opt/airflow/dags/01_hello_dag.py
[2026-08-24T08:05:34.066+0000] {processor.py:914} INFO - Processing file /opt/airflow/dags/01_hello_dag.py for tasks to queue
[2026-08-24T08:05:34.069+0000] {logging_mixin.py:190} INFO - [2026-08-24T08:05:34.069+0000] {dagbag.py:588} INFO - Filling up the DagBag from /opt/airflow/dags/01_hello_dag.py
[2026-08-24T08:05:34.091+0000] {processor.py:925} INFO - DAG(s) 'hello_dag' retrieved from /opt/airflow/dags/01_hello_dag.py
[2026-08-24T08:05:34.119+0000] {logging_mixin.py:190} INFO - [2026-08-24T08:05:34.119+0000] {dag.py:3239} INFO - Sync 1 DAGs
[2026-08-24T08:05:34.134+0000] {logging_mixin.py:190} INFO - [2026-08-24T08:05:34.134+0000] {dag.py:4180} INFO - Setting next_dagrun for hello_dag to None, run_after=None
[2026-08-24T08:05:34.164+0000] {processor.py:208} INFO - Processing /opt/airflow/dags/01_hello_dag.py took 0.106 seconds
[2026-08-24T08:05:59.547+0000] {processor.py:186} INFO - Started process (PID=1367) to work on /opt/airflow/dags/01_hello_dag.py
[2026-08-24T08:05:59.549+0000] {processor.py:914} INFO - Processing file /opt/airflow/dags/01_hello_dag.py for tasks to queue
[2026-08-24T08:05:59.552+0000] {logging_mixin.py:190} INFO - [2026-08-24T08:05:59.552+0000] {dagbag.py:588} INFO - Filling up the DagBag from /opt/airflow/dags/01_hello_dag.py
[2026-08-24T08:05:59.612+0000] {processor.py:925} INFO - DAG(s) 'hello_dag' retrieved from /opt/airflow/dags/01_hello_dag.py
[2026-08-24T08:05:59.655+0000] {logging_mixin.py:190} INFO - [2026-08-24T08:05:59.655+0000] {dag.py:3239} INFO - Sync 1 DAGs
[2026-08-24T08:05:59.672+0000] {logging_mixin.py:190} INFO - [2026-08-24T08:05:59.672+0000] {dag.py:4180} INFO - Setting next_dagrun for hello_dag to None, run_after=None
[2026-08-24T08:05:59.719+0000] {processor.py:208} INFO - Processing /opt/airflow/dags/01_hello_dag.py took 0.181 seconds
[2026-08-24T08:06:30.153+0000] {processor.py:186} INFO - Started process (PID=1378) to work on /opt/airflow/dags/01_hello_dag.py
[2026-08-24T08:06:30.155+0000] {processor.py:914} INFO - Processing file /opt/airflow/dags/01_hello_dag.py for tasks to queue
[2026-08-24T08:06:30.161+0000] {logging_mixin.py:190} INFO - [2026-08-24T08:06:30.161+0000] {dagbag.py:588} INFO - Filling up the DagBag from /opt/airflow/dags/01_hello_dag.py
[2026-08-24T08:06:30.192+0000] {processor.py:925} INFO - DAG(s) 'hello_dag' retrieved from /opt/airflow/dags/01_hello_dag.py
[2026-08-24T08:06:30.227+0000] {logging_mixin.py:190} INFO - [2026-08-24T08:06:30.226+0000] {dag.py:3239} INFO - Sync 1 DAGs
[2026-08-24T08:06:30.249+0000] {logging_mixin.py:190} INFO - [2026-08-24T08:06:30.249+0000] {dag.py:4180} INFO - Setting next_dagrun for hello_dag to None, run_after=None
[2026-08-24T08:06:30.277+0000] {processor.py:208} INFO - Processing /opt/airflow/dags/01_hello_dag.py took 0.132 seconds
[2026-08-24T08:07:01.092+0000] {processor.py:186} INFO - Started process (PID=1389) to work on /opt/airflow/dags/01_hello_dag.py
[2026-08-24T08:07:01.094+0000] {processor.py:914} INFO - Processing file /opt/airflow/dags/01_hello_dag.py for tasks to queue
[2026-08-24T08:07:01.096+0000] {logging_mixin.py:190} INFO - [2026-08-24T08:07:01.096+0000] {dagbag.py:588} INFO - Filling up the DagBag from /opt/airflow/dags/01_hello_dag.py
[2026-08-24T08:07:01.125+0000] {processor.py:925} INFO - DAG(s) 'hello_dag' retrieved from /opt/airflow/dags/01_hello_dag.py
[2026-08-24T08:07:01.159+0000] {logging_mixin.py:190} INFO - [2026-08-24T08:07:01.159+0000] {dag.py:3239} INFO - Sync 1 DAGs
[2026-08-24T08:07:01.177+0000] {logging_mixin.py:190} INFO - [2026-08-24T08:07:01.177+0000] {dag.py:4180} INFO - Setting next_dagrun for hello_dag to None, run_after=None
[2026-08-24T08:07:01.199+0000] {processor.py:208} INFO - Processing /opt/airflow/dags/01_hello_dag.py took 0.115 seconds
[2026-08-24T08:07:32.073+0000] {processor.py:186} INFO - Started process (PID=1400) to work on /opt/airflow/dags/01_hello_dag.py
[2026-08-24T08:07:32.075+0000] {processor.py:914} INFO - Processing file /opt/airflow/dags/01_hello_dag.py for tasks to queue
[2026-08-24T08:07:32.078+0000] {logging_mixin.py:190} INFO - [2026-08-24T08:07:32.078+0000] {dagbag.py:588} INFO - Filling up the DagBag from /opt/airflow/dags/01_hello_dag.py
[2026-08-24T08:07:32.113+0000] {processor.py:925} INFO - DAG(s) 'hello_dag' retrieved from /opt/airflow/dags/01_hello_dag.py
[2026-08-24T08:07:32.148+0000] {logging_mixin.py:190} INFO - [2026-08-24T08:07:32.147+0000] {dag.py:3239} INFO - Sync 1 DAGs
[2026-08-24T08:07:32.165+0000] {logging_mixin.py:190} INFO - [2026-08-24T08:07:32.165+0000] {dag.py:4180} INFO - Setting next_dagrun for hello_dag to None, run_after=None
[2026-08-24T08:07:32.193+0000] {processor.py:208} INFO - Processing /opt/airflow/dags/01_hello_dag.py took 0.128 seconds
