[2026-08-24T07:16:17.488+0000] {processor.py:186} INFO - Started process (PID=264) to work on /opt/airflow/dags/02_xcom_dag.py
[2026-08-24T07:16:17.490+0000] {processor.py:914} INFO - Processing file /opt/airflow/dags/02_xcom_dag.py for tasks to queue
[2026-08-24T07:16:17.500+0000] {logging_mixin.py:190} INFO - [2026-08-24T07:16:17.500+0000] {dagbag.py:588} INFO - Filling up the DagBag from /opt/airflow/dags/02_xcom_dag.py
[2026-08-24T07:16:17.688+0000] {processor.py:925} INFO - DAG(s) 'xcom_dag' retrieved from /opt/airflow/dags/02_xcom_dag.py
[2026-08-24T07:16:17.802+0000] {logging_mixin.py:190} INFO - [2026-08-24T07:16:17.802+0000] {override.py:1911} INFO - Created Permission View: can delete on DAG:xcom_dag
[2026-08-24T07:16:17.813+0000] {logging_mixin.py:190} INFO - [2026-08-24T07:16:17.812+0000] {override.py:1911} INFO - Created Permission View: can edit on DAG:xcom_dag
[2026-08-24T07:16:17.818+0000] {logging_mixin.py:190} INFO - [2026-08-24T07:16:17.817+0000] {override.py:1911} INFO - Created Permission View: can read on DAG:xcom_dag
[2026-08-24T07:16:17.826+0000] {logging_mixin.py:190} INFO - [2026-08-24T07:16:17.826+0000] {override.py:1911} INFO - Created Permission View: can delete on DAG Run:xcom_dag
[2026-08-24T07:16:17.833+0000] {logging_mixin.py:190} INFO - [2026-08-24T07:16:17.833+0000] {override.py:1911} INFO - Created Permission View: can create on DAG Run:xcom_dag
[2026-08-24T07:16:17.839+0000] {logging_mixin.py:190} INFO - [2026-08-24T07:16:17.839+0000] {override.py:1911} INFO - Created Permission View: menu access on DAG Run:xcom_dag
[2026-08-24T07:16:17.846+0000] {logging_mixin.py:190} INFO - [2026-08-24T07:16:17.845+0000] {override.py:1911} INFO - Created Permission View: can read on DAG Run:xcom_dag
[2026-08-24T07:16:17.847+0000] {logging_mixin.py:190} INFO - [2026-08-24T07:16:17.846+0000] {dag.py:3239} INFO - Sync 1 DAGs
[2026-08-24T07:16:17.856+0000] {logging_mixin.py:190} INFO - [2026-08-24T07:16:17.855+0000] {dag.py:3262} INFO - Creating ORM DAG for xcom_dag
[2026-08-24T07:16:17.857+0000] {logging_mixin.py:190} INFO - [2026-08-24T07:16:17.856+0000] {dag.py:4180} INFO - Setting next_dagrun for xcom_dag to None, run_after=None
[2026-08-24T07:16:17.884+0000] {processor.py:208} INFO - Processing /opt/airflow/dags/02_xcom_dag.py took 0.403 seconds
[2026-08-24T07:16:47.959+0000] {processor.py:186} INFO - Started process (PID=275) to work on /opt/airflow/dags/02_xcom_dag.py
[2026-08-24T07:16:47.960+0000] {processor.py:914} INFO - Processing file /opt/airflow/dags/02_xcom_dag.py for tasks to queue
[2026-08-24T07:16:47.963+0000] {logging_mixin.py:190} INFO - [2026-08-24T07:16:47.962+0000] {dagbag.py:588} INFO - Filling up the DagBag from /opt/airflow/dags/02_xcom_dag.py
[2026-08-24T07:16:47.986+0000] {processor.py:925} INFO - DAG(s) 'xcom_dag' retrieved from /opt/airflow/dags/02_xcom_dag.py
[2026-08-24T07:16:48.009+0000] {logging_mixin.py:190} INFO - [2026-08-24T07:16:48.009+0000] {dag.py:3239} INFO - Sync 1 DAGs
[2026-08-24T07:16:48.022+0000] {logging_mixin.py:190} INFO - [2026-08-24T07:16:48.021+0000] {dag.py:4180} INFO - Setting next_dagrun for xcom_dag to None, run_after=None
[2026-08-24T07:16:48.041+0000] {processor.py:208} INFO - Processing /opt/airflow/dags/02_xcom_dag.py took 0.086 seconds
[2026-08-24T07:17:18.961+0000] {processor.py:186} INFO - Started process (PID=286) to work on /opt/airflow/dags/02_xcom_dag.py
[2026-08-24T07:17:18.962+0000] {processor.py:914} INFO - Processing file /opt/airflow/dags/02_xcom_dag.py for tasks to queue
[2026-08-24T07:17:18.964+0000] {logging_mixin.py:190} INFO - [2026-08-24T07:17:18.964+0000] {dagbag.py:588} INFO - Filling up the DagBag from /opt/airflow/dags/02_xcom_dag.py
[2026-08-24T07:17:18.984+0000] {processor.py:925} INFO - DAG(s) 'xcom_dag' retrieved from /opt/airflow/dags/02_xcom_dag.py
[2026-08-24T07:17:19.007+0000] {logging_mixin.py:190} INFO - [2026-08-24T07:17:19.007+0000] {dag.py:3239} INFO - Sync 1 DAGs
[2026-08-24T07:17:19.019+0000] {logging_mixin.py:190} INFO - [2026-08-24T07:17:19.019+0000] {dag.py:4180} INFO - Setting next_dagrun for xcom_dag to None, run_after=None
[2026-08-24T07:17:19.037+0000] {processor.py:208} INFO - Processing /opt/airflow/dags/02_xcom_dag.py took 0.081 seconds
[2026-08-24T07:17:50.013+0000] {processor.py:186} INFO - Started process (PID=297) to work on /opt/airflow/dags/02_xcom_dag.py
[2026-08-24T07:17:50.016+0000] {processor.py:914} INFO - Processing file /opt/airflow/dags/02_xcom_dag.py for tasks to queue
[2026-08-24T07:17:50.020+0000] {logging_mixin.py:190} INFO - [2026-08-24T07:17:50.020+0000] {dagbag.py:588} INFO - Filling up the DagBag from /opt/airflow/dags/02_xcom_dag.py
[2026-08-24T07:17:50.053+0000] {processor.py:925} INFO - DAG(s) 'xcom_dag' retrieved from /opt/airflow/dags/02_xcom_dag.py
[2026-08-24T07:17:50.082+0000] {logging_mixin.py:190} INFO - [2026-08-24T07:17:50.082+0000] {dag.py:3239} INFO - Sync 1 DAGs
[2026-08-24T07:17:50.102+0000] {logging_mixin.py:190} INFO - [2026-08-24T07:17:50.101+0000] {dag.py:4180} INFO - Setting next_dagrun for xcom_dag to None, run_after=None
[2026-08-24T07:17:50.162+0000] {processor.py:208} INFO - Processing /opt/airflow/dags/02_xcom_dag.py took 0.157 seconds
[2026-08-24T07:18:21.027+0000] {processor.py:186} INFO - Started process (PID=308) to work on /opt/airflow/dags/02_xcom_dag.py
[2026-08-24T07:18:21.028+0000] {processor.py:914} INFO - Processing file /opt/airflow/dags/02_xcom_dag.py for tasks to queue
[2026-08-24T07:18:21.030+0000] {logging_mixin.py:190} INFO - [2026-08-24T07:18:21.030+0000] {dagbag.py:588} INFO - Filling up the DagBag from /opt/airflow/dags/02_xcom_dag.py
[2026-08-24T07:18:21.044+0000] {processor.py:925} INFO - DAG(s) 'xcom_dag' retrieved from /opt/airflow/dags/02_xcom_dag.py
[2026-08-24T07:18:21.065+0000] {logging_mixin.py:190} INFO - [2026-08-24T07:18:21.065+0000] {dag.py:3239} INFO - Sync 1 DAGs
[2026-08-24T07:18:21.076+0000] {logging_mixin.py:190} INFO - [2026-08-24T07:18:21.075+0000] {dag.py:4180} INFO - Setting next_dagrun for xcom_dag to None, run_after=None
[2026-08-24T07:18:21.097+0000] {processor.py:208} INFO - Processing /opt/airflow/dags/02_xcom_dag.py took 0.074 seconds
[2026-08-24T07:18:51.914+0000] {processor.py:186} INFO - Started process (PID=319) to work on /opt/airflow/dags/02_xcom_dag.py
[2026-08-24T07:18:51.915+0000] {processor.py:914} INFO - Processing file /opt/airflow/dags/02_xcom_dag.py for tasks to queue
[2026-08-24T07:18:51.917+0000] {logging_mixin.py:190} INFO - [2026-08-24T07:18:51.917+0000] {dagbag.py:588} INFO - Filling up the DagBag from /opt/airflow/dags/02_xcom_dag.py
[2026-08-24T07:18:51.932+0000] {processor.py:925} INFO - DAG(s) 'xcom_dag' retrieved from /opt/airflow/dags/02_xcom_dag.py
[2026-08-24T07:18:51.953+0000] {logging_mixin.py:190} INFO - [2026-08-24T07:18:51.953+0000] {dag.py:3239} INFO - Sync 1 DAGs
[2026-08-24T07:18:51.964+0000] {logging_mixin.py:190} INFO - [2026-08-24T07:18:51.964+0000] {dag.py:4180} INFO - Setting next_dagrun for xcom_dag to None, run_after=None
[2026-08-24T07:18:52.066+0000] {processor.py:208} INFO - Processing /opt/airflow/dags/02_xcom_dag.py took 0.157 seconds
[2026-08-24T07:19:22.906+0000] {processor.py:186} INFO - Started process (PID=330) to work on /opt/airflow/dags/02_xcom_dag.py
[2026-08-24T07:19:22.908+0000] {processor.py:914} INFO - Processing file /opt/airflow/dags/02_xcom_dag.py for tasks to queue
[2026-08-24T07:19:22.913+0000] {logging_mixin.py:190} INFO - [2026-08-24T07:19:22.913+0000] {dagbag.py:588} INFO - Filling up the DagBag from /opt/airflow/dags/02_xcom_dag.py
[2026-08-24T07:19:22.954+0000] {processor.py:925} INFO - DAG(s) 'xcom_dag' retrieved from /opt/airflow/dags/02_xcom_dag.py
[2026-08-24T07:19:22.990+0000] {logging_mixin.py:190} INFO - [2026-08-24T07:19:22.989+0000] {dag.py:3239} INFO - Sync 1 DAGs
[2026-08-24T07:19:23.008+0000] {logging_mixin.py:190} INFO - [2026-08-24T07:19:23.008+0000] {dag.py:4180} INFO - Setting next_dagrun for xcom_dag to None, run_after=None
[2026-08-24T07:19:23.033+0000] {processor.py:208} INFO - Processing /opt/airflow/dags/02_xcom_dag.py took 0.143 seconds
[2026-08-24T07:19:53.233+0000] {processor.py:186} INFO - Started process (PID=347) to work on /opt/airflow/dags/02_xcom_dag.py
[2026-08-24T07:19:53.234+0000] {processor.py:914} INFO - Processing file /opt/airflow/dags/02_xcom_dag.py for tasks to queue
[2026-08-24T07:19:53.237+0000] {logging_mixin.py:190} INFO - [2026-08-24T07:19:53.236+0000] {dagbag.py:588} INFO - Filling up the DagBag from /opt/airflow/dags/02_xcom_dag.py
[2026-08-24T07:19:53.256+0000] {processor.py:925} INFO - DAG(s) 'xcom_dag' retrieved from /opt/airflow/dags/02_xcom_dag.py
[2026-08-24T07:19:53.283+0000] {logging_mixin.py:190} INFO - [2026-08-24T07:19:53.283+0000] {dag.py:3239} INFO - Sync 1 DAGs
[2026-08-24T07:19:53.297+0000] {logging_mixin.py:190} INFO - [2026-08-24T07:19:53.297+0000] {dag.py:4180} INFO - Setting next_dagrun for xcom_dag to None, run_after=None
[2026-08-24T07:19:53.312+0000] {processor.py:208} INFO - Processing /opt/airflow/dags/02_xcom_dag.py took 0.086 seconds
[2026-08-24T07:20:24.289+0000] {processor.py:186} INFO - Started process (PID=358) to work on /opt/airflow/dags/02_xcom_dag.py
[2026-08-24T07:20:24.290+0000] {processor.py:914} INFO - Processing file /opt/airflow/dags/02_xcom_dag.py for tasks to queue
[2026-08-24T07:20:24.292+0000] {logging_mixin.py:190} INFO - [2026-08-24T07:20:24.292+0000] {dagbag.py:588} INFO - Filling up the DagBag from /opt/airflow/dags/02_xcom_dag.py
[2026-08-24T07:20:24.308+0000] {processor.py:925} INFO - DAG(s) 'xcom_dag' retrieved from /opt/airflow/dags/02_xcom_dag.py
[2026-08-24T07:20:24.329+0000] {logging_mixin.py:190} INFO - [2026-08-24T07:20:24.328+0000] {dag.py:3239} INFO - Sync 1 DAGs
[2026-08-24T07:20:24.340+0000] {logging_mixin.py:190} INFO - [2026-08-24T07:20:24.340+0000] {dag.py:4180} INFO - Setting next_dagrun for xcom_dag to None, run_after=None
[2026-08-24T07:20:24.362+0000] {processor.py:208} INFO - Processing /opt/airflow/dags/02_xcom_dag.py took 0.078 seconds
[2026-08-24T07:20:55.009+0000] {processor.py:186} INFO - Started process (PID=370) to work on /opt/airflow/dags/02_xcom_dag.py
[2026-08-24T07:20:55.010+0000] {processor.py:914} INFO - Processing file /opt/airflow/dags/02_xcom_dag.py for tasks to queue
[2026-08-24T07:20:55.012+0000] {logging_mixin.py:190} INFO - [2026-08-24T07:20:55.012+0000] {dagbag.py:588} INFO - Filling up the DagBag from /opt/airflow/dags/02_xcom_dag.py
[2026-08-24T07:20:55.030+0000] {processor.py:925} INFO - DAG(s) 'xcom_dag' retrieved from /opt/airflow/dags/02_xcom_dag.py
[2026-08-24T07:20:55.051+0000] {logging_mixin.py:190} INFO - [2026-08-24T07:20:55.051+0000] {dag.py:3239} INFO - Sync 1 DAGs
[2026-08-24T07:20:55.062+0000] {logging_mixin.py:190} INFO - [2026-08-24T07:20:55.062+0000] {dag.py:4180} INFO - Setting next_dagrun for xcom_dag to None, run_after=None
[2026-08-24T07:20:55.089+0000] {processor.py:208} INFO - Processing /opt/airflow/dags/02_xcom_dag.py took 0.086 seconds
[2026-08-24T07:21:26.473+0000] {processor.py:186} INFO - Started process (PID=381) to work on /opt/airflow/dags/02_xcom_dag.py
[2026-08-24T07:21:26.477+0000] {processor.py:914} INFO - Processing file /opt/airflow/dags/02_xcom_dag.py for tasks to queue
[2026-08-24T07:21:26.482+0000] {logging_mixin.py:190} INFO - [2026-08-24T07:21:26.482+0000] {dagbag.py:588} INFO - Filling up the DagBag from /opt/airflow/dags/02_xcom_dag.py
[2026-08-24T07:21:26.514+0000] {processor.py:925} INFO - DAG(s) 'xcom_dag' retrieved from /opt/airflow/dags/02_xcom_dag.py
[2026-08-24T07:21:26.537+0000] {logging_mixin.py:190} INFO - [2026-08-24T07:21:26.536+0000] {dag.py:3239} INFO - Sync 1 DAGs
[2026-08-24T07:21:26.548+0000] {logging_mixin.py:190} INFO - [2026-08-24T07:21:26.548+0000] {dag.py:4180} INFO - Setting next_dagrun for xcom_dag to None, run_after=None
[2026-08-24T07:21:26.568+0000] {processor.py:208} INFO - Processing /opt/airflow/dags/02_xcom_dag.py took 0.106 seconds
[2026-08-24T07:21:57.284+0000] {processor.py:186} INFO - Started process (PID=392) to work on /opt/airflow/dags/02_xcom_dag.py
[2026-08-24T07:21:57.289+0000] {processor.py:914} INFO - Processing file /opt/airflow/dags/02_xcom_dag.py for tasks to queue
[2026-08-24T07:21:57.292+0000] {logging_mixin.py:190} INFO - [2026-08-24T07:21:57.291+0000] {dagbag.py:588} INFO - Filling up the DagBag from /opt/airflow/dags/02_xcom_dag.py
[2026-08-24T07:21:57.308+0000] {processor.py:925} INFO - DAG(s) 'xcom_dag' retrieved from /opt/airflow/dags/02_xcom_dag.py
[2026-08-24T07:21:57.330+0000] {logging_mixin.py:190} INFO - [2026-08-24T07:21:57.330+0000] {dag.py:3239} INFO - Sync 1 DAGs
[2026-08-24T07:21:57.340+0000] {logging_mixin.py:190} INFO - [2026-08-24T07:21:57.340+0000] {dag.py:4180} INFO - Setting next_dagrun for xcom_dag to None, run_after=None
[2026-08-24T07:21:57.359+0000] {processor.py:208} INFO - Processing /opt/airflow/dags/02_xcom_dag.py took 0.080 seconds
[2026-08-24T07:22:27.947+0000] {processor.py:186} INFO - Started process (PID=403) to work on /opt/airflow/dags/02_xcom_dag.py
[2026-08-24T07:22:27.948+0000] {processor.py:914} INFO - Processing file /opt/airflow/dags/02_xcom_dag.py for tasks to queue
[2026-08-24T07:22:27.950+0000] {logging_mixin.py:190} INFO - [2026-08-24T07:22:27.949+0000] {dagbag.py:588} INFO - Filling up the DagBag from /opt/airflow/dags/02_xcom_dag.py
[2026-08-24T07:22:27.964+0000] {processor.py:925} INFO - DAG(s) 'xcom_dag' retrieved from /opt/airflow/dags/02_xcom_dag.py
[2026-08-24T07:22:27.985+0000] {logging_mixin.py:190} INFO - [2026-08-24T07:22:27.984+0000] {dag.py:3239} INFO - Sync 1 DAGs
[2026-08-24T07:22:27.995+0000] {logging_mixin.py:190} INFO - [2026-08-24T07:22:27.995+0000] {dag.py:4180} INFO - Setting next_dagrun for xcom_dag to None, run_after=None
[2026-08-24T07:22:28.010+0000] {processor.py:208} INFO - Processing /opt/airflow/dags/02_xcom_dag.py took 0.068 seconds
[2026-08-24T07:22:58.932+0000] {processor.py:186} INFO - Started process (PID=414) to work on /opt/airflow/dags/02_xcom_dag.py
[2026-08-24T07:22:58.933+0000] {processor.py:914} INFO - Processing file /opt/airflow/dags/02_xcom_dag.py for tasks to queue
[2026-08-24T07:22:58.935+0000] {logging_mixin.py:190} INFO - [2026-08-24T07:22:58.935+0000] {dagbag.py:588} INFO - Filling up the DagBag from /opt/airflow/dags/02_xcom_dag.py
[2026-08-24T07:22:58.950+0000] {processor.py:925} INFO - DAG(s) 'xcom_dag' retrieved from /opt/airflow/dags/02_xcom_dag.py
[2026-08-24T07:22:58.973+0000] {logging_mixin.py:190} INFO - [2026-08-24T07:22:58.973+0000] {dag.py:3239} INFO - Sync 1 DAGs
[2026-08-24T07:22:58.984+0000] {logging_mixin.py:190} INFO - [2026-08-24T07:22:58.984+0000] {dag.py:4180} INFO - Setting next_dagrun for xcom_dag to None, run_after=None
[2026-08-24T07:22:59.005+0000] {processor.py:208} INFO - Processing /opt/airflow/dags/02_xcom_dag.py took 0.077 seconds
[2026-08-24T07:23:29.701+0000] {processor.py:186} INFO - Started process (PID=425) to work on /opt/airflow/dags/02_xcom_dag.py
[2026-08-24T07:23:29.702+0000] {processor.py:914} INFO - Processing file /opt/airflow/dags/02_xcom_dag.py for tasks to queue
[2026-08-24T07:23:29.704+0000] {logging_mixin.py:190} INFO - [2026-08-24T07:23:29.703+0000] {dagbag.py:588} INFO - Filling up the DagBag from /opt/airflow/dags/02_xcom_dag.py
[2026-08-24T07:23:29.717+0000] {processor.py:925} INFO - DAG(s) 'xcom_dag' retrieved from /opt/airflow/dags/02_xcom_dag.py
[2026-08-24T07:23:29.739+0000] {logging_mixin.py:190} INFO - [2026-08-24T07:23:29.738+0000] {dag.py:3239} INFO - Sync 1 DAGs
[2026-08-24T07:23:29.750+0000] {logging_mixin.py:190} INFO - [2026-08-24T07:23:29.750+0000] {dag.py:4180} INFO - Setting next_dagrun for xcom_dag to None, run_after=None
[2026-08-24T07:23:29.769+0000] {processor.py:208} INFO - Processing /opt/airflow/dags/02_xcom_dag.py took 0.073 seconds
[2026-08-24T07:24:00.574+0000] {processor.py:186} INFO - Started process (PID=436) to work on /opt/airflow/dags/02_xcom_dag.py
[2026-08-24T07:24:00.575+0000] {processor.py:914} INFO - Processing file /opt/airflow/dags/02_xcom_dag.py for tasks to queue
[2026-08-24T07:24:00.579+0000] {logging_mixin.py:190} INFO - [2026-08-24T07:24:00.579+0000] {dagbag.py:588} INFO - Filling up the DagBag from /opt/airflow/dags/02_xcom_dag.py
[2026-08-24T07:24:00.605+0000] {processor.py:925} INFO - DAG(s) 'xcom_dag' retrieved from /opt/airflow/dags/02_xcom_dag.py
[2026-08-24T07:24:00.630+0000] {logging_mixin.py:190} INFO - [2026-08-24T07:24:00.630+0000] {dag.py:3239} INFO - Sync 1 DAGs
[2026-08-24T07:24:00.641+0000] {logging_mixin.py:190} INFO - [2026-08-24T07:24:00.641+0000] {dag.py:4180} INFO - Setting next_dagrun for xcom_dag to None, run_after=None
[2026-08-24T07:24:00.664+0000] {processor.py:208} INFO - Processing /opt/airflow/dags/02_xcom_dag.py took 0.096 seconds
[2026-08-24T07:24:31.675+0000] {processor.py:186} INFO - Started process (PID=447) to work on /opt/airflow/dags/02_xcom_dag.py
[2026-08-24T07:24:31.675+0000] {processor.py:914} INFO - Processing file /opt/airflow/dags/02_xcom_dag.py for tasks to queue
[2026-08-24T07:24:31.677+0000] {logging_mixin.py:190} INFO - [2026-08-24T07:24:31.677+0000] {dagbag.py:588} INFO - Filling up the DagBag from /opt/airflow/dags/02_xcom_dag.py
[2026-08-24T07:24:31.690+0000] {processor.py:925} INFO - DAG(s) 'xcom_dag' retrieved from /opt/airflow/dags/02_xcom_dag.py
[2026-08-24T07:24:31.717+0000] {logging_mixin.py:190} INFO - [2026-08-24T07:24:31.717+0000] {dag.py:3239} INFO - Sync 1 DAGs
[2026-08-24T07:24:31.729+0000] {logging_mixin.py:190} INFO - [2026-08-24T07:24:31.728+0000] {dag.py:4180} INFO - Setting next_dagrun for xcom_dag to None, run_after=None
[2026-08-24T07:24:31.749+0000] {processor.py:208} INFO - Processing /opt/airflow/dags/02_xcom_dag.py took 0.078 seconds
[2026-08-24T07:25:01.914+0000] {processor.py:186} INFO - Started process (PID=458) to work on /opt/airflow/dags/02_xcom_dag.py
[2026-08-24T07:25:01.915+0000] {processor.py:914} INFO - Processing file /opt/airflow/dags/02_xcom_dag.py for tasks to queue
[2026-08-24T07:25:01.917+0000] {logging_mixin.py:190} INFO - [2026-08-24T07:25:01.916+0000] {dagbag.py:588} INFO - Filling up the DagBag from /opt/airflow/dags/02_xcom_dag.py
[2026-08-24T07:25:01.932+0000] {processor.py:925} INFO - DAG(s) 'xcom_dag' retrieved from /opt/airflow/dags/02_xcom_dag.py
[2026-08-24T07:25:01.952+0000] {logging_mixin.py:190} INFO - [2026-08-24T07:25:01.952+0000] {dag.py:3239} INFO - Sync 1 DAGs
[2026-08-24T07:25:01.963+0000] {logging_mixin.py:190} INFO - [2026-08-24T07:25:01.963+0000] {dag.py:4180} INFO - Setting next_dagrun for xcom_dag to None, run_after=None
[2026-08-24T07:25:01.982+0000] {processor.py:208} INFO - Processing /opt/airflow/dags/02_xcom_dag.py took 0.074 seconds
[2026-08-24T07:25:32.852+0000] {processor.py:186} INFO - Started process (PID=469) to work on /opt/airflow/dags/02_xcom_dag.py
[2026-08-24T07:25:32.853+0000] {processor.py:914} INFO - Processing file /opt/airflow/dags/02_xcom_dag.py for tasks to queue
[2026-08-24T07:25:32.855+0000] {logging_mixin.py:190} INFO - [2026-08-24T07:25:32.855+0000] {dagbag.py:588} INFO - Filling up the DagBag from /opt/airflow/dags/02_xcom_dag.py
[2026-08-24T07:25:32.871+0000] {processor.py:925} INFO - DAG(s) 'xcom_dag' retrieved from /opt/airflow/dags/02_xcom_dag.py
[2026-08-24T07:25:32.893+0000] {logging_mixin.py:190} INFO - [2026-08-24T07:25:32.893+0000] {dag.py:3239} INFO - Sync 1 DAGs
[2026-08-24T07:25:32.904+0000] {logging_mixin.py:190} INFO - [2026-08-24T07:25:32.904+0000] {dag.py:4180} INFO - Setting next_dagrun for xcom_dag to None, run_after=None
[2026-08-24T07:25:32.923+0000] {processor.py:208} INFO - Processing /opt/airflow/dags/02_xcom_dag.py took 0.076 seconds
[2026-08-24T07:26:03.126+0000] {processor.py:186} INFO - Started process (PID=480) to work on /opt/airflow/dags/02_xcom_dag.py
[2026-08-24T07:26:03.129+0000] {processor.py:914} INFO - Processing file /opt/airflow/dags/02_xcom_dag.py for tasks to queue
[2026-08-24T07:26:03.132+0000] {logging_mixin.py:190} INFO - [2026-08-24T07:26:03.131+0000] {dagbag.py:588} INFO - Filling up the DagBag from /opt/airflow/dags/02_xcom_dag.py
[2026-08-24T07:26:03.164+0000] {processor.py:925} INFO - DAG(s) 'xcom_dag' retrieved from /opt/airflow/dags/02_xcom_dag.py
[2026-08-24T07:26:03.194+0000] {logging_mixin.py:190} INFO - [2026-08-24T07:26:03.194+0000] {dag.py:3239} INFO - Sync 1 DAGs
[2026-08-24T07:26:03.208+0000] {logging_mixin.py:190} INFO - [2026-08-24T07:26:03.207+0000] {dag.py:4180} INFO - Setting next_dagrun for xcom_dag to None, run_after=None
[2026-08-24T07:26:03.231+0000] {processor.py:208} INFO - Processing /opt/airflow/dags/02_xcom_dag.py took 0.110 seconds
[2026-08-24T07:26:33.302+0000] {processor.py:186} INFO - Started process (PID=491) to work on /opt/airflow/dags/02_xcom_dag.py
[2026-08-24T07:26:33.303+0000] {processor.py:914} INFO - Processing file /opt/airflow/dags/02_xcom_dag.py for tasks to queue
[2026-08-24T07:26:33.305+0000] {logging_mixin.py:190} INFO - [2026-08-24T07:26:33.305+0000] {dagbag.py:588} INFO - Filling up the DagBag from /opt/airflow/dags/02_xcom_dag.py
[2026-08-24T07:26:33.331+0000] {processor.py:925} INFO - DAG(s) 'xcom_dag' retrieved from /opt/airflow/dags/02_xcom_dag.py
[2026-08-24T07:26:33.387+0000] {logging_mixin.py:190} INFO - [2026-08-24T07:26:33.386+0000] {dag.py:3239} INFO - Sync 1 DAGs
[2026-08-24T07:26:33.418+0000] {logging_mixin.py:190} INFO - [2026-08-24T07:26:33.417+0000] {dag.py:4180} INFO - Setting next_dagrun for xcom_dag to None, run_after=None
[2026-08-24T07:26:33.453+0000] {processor.py:208} INFO - Processing /opt/airflow/dags/02_xcom_dag.py took 0.156 seconds
[2026-08-24T07:27:03.557+0000] {processor.py:186} INFO - Started process (PID=502) to work on /opt/airflow/dags/02_xcom_dag.py
[2026-08-24T07:27:03.558+0000] {processor.py:914} INFO - Processing file /opt/airflow/dags/02_xcom_dag.py for tasks to queue
[2026-08-24T07:27:03.560+0000] {logging_mixin.py:190} INFO - [2026-08-24T07:27:03.559+0000] {dagbag.py:588} INFO - Filling up the DagBag from /opt/airflow/dags/02_xcom_dag.py
[2026-08-24T07:27:03.591+0000] {processor.py:925} INFO - DAG(s) 'xcom_dag' retrieved from /opt/airflow/dags/02_xcom_dag.py
[2026-08-24T07:27:03.612+0000] {logging_mixin.py:190} INFO - [2026-08-24T07:27:03.612+0000] {dag.py:3239} INFO - Sync 1 DAGs
[2026-08-24T07:27:03.622+0000] {logging_mixin.py:190} INFO - [2026-08-24T07:27:03.622+0000] {dag.py:4180} INFO - Setting next_dagrun for xcom_dag to None, run_after=None
[2026-08-24T07:27:03.640+0000] {processor.py:208} INFO - Processing /opt/airflow/dags/02_xcom_dag.py took 0.089 seconds
[2026-08-24T07:27:34.240+0000] {processor.py:186} INFO - Started process (PID=513) to work on /opt/airflow/dags/02_xcom_dag.py
[2026-08-24T07:27:34.241+0000] {processor.py:914} INFO - Processing file /opt/airflow/dags/02_xcom_dag.py for tasks to queue
[2026-08-24T07:27:34.243+0000] {logging_mixin.py:190} INFO - [2026-08-24T07:27:34.242+0000] {dagbag.py:588} INFO - Filling up the DagBag from /opt/airflow/dags/02_xcom_dag.py
[2026-08-24T07:27:34.262+0000] {processor.py:925} INFO - DAG(s) 'xcom_dag' retrieved from /opt/airflow/dags/02_xcom_dag.py
[2026-08-24T07:27:34.282+0000] {logging_mixin.py:190} INFO - [2026-08-24T07:27:34.282+0000] {dag.py:3239} INFO - Sync 1 DAGs
[2026-08-24T07:27:34.293+0000] {logging_mixin.py:190} INFO - [2026-08-24T07:27:34.293+0000] {dag.py:4180} INFO - Setting next_dagrun for xcom_dag to None, run_after=None
[2026-08-24T07:27:34.311+0000] {processor.py:208} INFO - Processing /opt/airflow/dags/02_xcom_dag.py took 0.076 seconds
[2026-08-24T07:28:05.286+0000] {processor.py:186} INFO - Started process (PID=524) to work on /opt/airflow/dags/02_xcom_dag.py
[2026-08-24T07:28:05.287+0000] {processor.py:914} INFO - Processing file /opt/airflow/dags/02_xcom_dag.py for tasks to queue
[2026-08-24T07:28:05.289+0000] {logging_mixin.py:190} INFO - [2026-08-24T07:28:05.289+0000] {dagbag.py:588} INFO - Filling up the DagBag from /opt/airflow/dags/02_xcom_dag.py
[2026-08-24T07:28:05.302+0000] {processor.py:925} INFO - DAG(s) 'xcom_dag' retrieved from /opt/airflow/dags/02_xcom_dag.py
[2026-08-24T07:28:05.323+0000] {logging_mixin.py:190} INFO - [2026-08-24T07:28:05.323+0000] {dag.py:3239} INFO - Sync 1 DAGs
[2026-08-24T07:28:05.334+0000] {logging_mixin.py:190} INFO - [2026-08-24T07:28:05.334+0000] {dag.py:4180} INFO - Setting next_dagrun for xcom_dag to None, run_after=None
[2026-08-24T07:28:05.349+0000] {processor.py:208} INFO - Processing /opt/airflow/dags/02_xcom_dag.py took 0.068 seconds
[2026-08-24T07:28:36.345+0000] {processor.py:186} INFO - Started process (PID=536) to work on /opt/airflow/dags/02_xcom_dag.py
[2026-08-24T07:28:36.346+0000] {processor.py:914} INFO - Processing file /opt/airflow/dags/02_xcom_dag.py for tasks to queue
[2026-08-24T07:28:36.348+0000] {logging_mixin.py:190} INFO - [2026-08-24T07:28:36.347+0000] {dagbag.py:588} INFO - Filling up the DagBag from /opt/airflow/dags/02_xcom_dag.py
[2026-08-24T07:28:36.375+0000] {processor.py:925} INFO - DAG(s) 'xcom_dag' retrieved from /opt/airflow/dags/02_xcom_dag.py
[2026-08-24T07:28:36.402+0000] {logging_mixin.py:190} INFO - [2026-08-24T07:28:36.402+0000] {dag.py:3239} INFO - Sync 1 DAGs
[2026-08-24T07:28:36.422+0000] {logging_mixin.py:190} INFO - [2026-08-24T07:28:36.422+0000] {dag.py:4180} INFO - Setting next_dagrun for xcom_dag to None, run_after=None
[2026-08-24T07:28:36.443+0000] {processor.py:208} INFO - Processing /opt/airflow/dags/02_xcom_dag.py took 0.104 seconds
[2026-08-24T07:29:07.365+0000] {processor.py:186} INFO - Started process (PID=547) to work on /opt/airflow/dags/02_xcom_dag.py
[2026-08-24T07:29:07.366+0000] {processor.py:914} INFO - Processing file /opt/airflow/dags/02_xcom_dag.py for tasks to queue
[2026-08-24T07:29:07.371+0000] {logging_mixin.py:190} INFO - [2026-08-24T07:29:07.371+0000] {dagbag.py:588} INFO - Filling up the DagBag from /opt/airflow/dags/02_xcom_dag.py
[2026-08-24T07:29:07.398+0000] {processor.py:925} INFO - DAG(s) 'xcom_dag' retrieved from /opt/airflow/dags/02_xcom_dag.py
[2026-08-24T07:29:07.424+0000] {logging_mixin.py:190} INFO - [2026-08-24T07:29:07.423+0000] {dag.py:3239} INFO - Sync 1 DAGs
[2026-08-24T07:29:07.436+0000] {logging_mixin.py:190} INFO - [2026-08-24T07:29:07.436+0000] {dag.py:4180} INFO - Setting next_dagrun for xcom_dag to None, run_after=None
[2026-08-24T07:29:07.464+0000] {processor.py:208} INFO - Processing /opt/airflow/dags/02_xcom_dag.py took 0.108 seconds
[2026-08-24T07:29:38.127+0000] {processor.py:186} INFO - Started process (PID=558) to work on /opt/airflow/dags/02_xcom_dag.py
[2026-08-24T07:29:38.128+0000] {processor.py:914} INFO - Processing file /opt/airflow/dags/02_xcom_dag.py for tasks to queue
[2026-08-24T07:29:38.130+0000] {logging_mixin.py:190} INFO - [2026-08-24T07:29:38.129+0000] {dagbag.py:588} INFO - Filling up the DagBag from /opt/airflow/dags/02_xcom_dag.py
[2026-08-24T07:29:38.144+0000] {processor.py:925} INFO - DAG(s) 'xcom_dag' retrieved from /opt/airflow/dags/02_xcom_dag.py
[2026-08-24T07:29:38.164+0000] {logging_mixin.py:190} INFO - [2026-08-24T07:29:38.164+0000] {dag.py:3239} INFO - Sync 1 DAGs
[2026-08-24T07:29:38.175+0000] {logging_mixin.py:190} INFO - [2026-08-24T07:29:38.175+0000] {dag.py:4180} INFO - Setting next_dagrun for xcom_dag to None, run_after=None
[2026-08-24T07:29:38.199+0000] {processor.py:208} INFO - Processing /opt/airflow/dags/02_xcom_dag.py took 0.077 seconds
[2026-08-24T07:30:08.928+0000] {processor.py:186} INFO - Started process (PID=569) to work on /opt/airflow/dags/02_xcom_dag.py
[2026-08-24T07:30:08.929+0000] {processor.py:914} INFO - Processing file /opt/airflow/dags/02_xcom_dag.py for tasks to queue
[2026-08-24T07:30:08.931+0000] {logging_mixin.py:190} INFO - [2026-08-24T07:30:08.931+0000] {dagbag.py:588} INFO - Filling up the DagBag from /opt/airflow/dags/02_xcom_dag.py
[2026-08-24T07:30:08.947+0000] {processor.py:925} INFO - DAG(s) 'xcom_dag' retrieved from /opt/airflow/dags/02_xcom_dag.py
[2026-08-24T07:30:08.967+0000] {logging_mixin.py:190} INFO - [2026-08-24T07:30:08.967+0000] {dag.py:3239} INFO - Sync 1 DAGs
[2026-08-24T07:30:08.979+0000] {logging_mixin.py:190} INFO - [2026-08-24T07:30:08.979+0000] {dag.py:4180} INFO - Setting next_dagrun for xcom_dag to None, run_after=None
[2026-08-24T07:30:08.998+0000] {processor.py:208} INFO - Processing /opt/airflow/dags/02_xcom_dag.py took 0.074 seconds
[2026-08-24T07:30:39.245+0000] {processor.py:186} INFO - Started process (PID=580) to work on /opt/airflow/dags/02_xcom_dag.py
[2026-08-24T07:30:39.246+0000] {processor.py:914} INFO - Processing file /opt/airflow/dags/02_xcom_dag.py for tasks to queue
[2026-08-24T07:30:39.248+0000] {logging_mixin.py:190} INFO - [2026-08-24T07:30:39.248+0000] {dagbag.py:588} INFO - Filling up the DagBag from /opt/airflow/dags/02_xcom_dag.py
[2026-08-24T07:30:39.261+0000] {processor.py:925} INFO - DAG(s) 'xcom_dag' retrieved from /opt/airflow/dags/02_xcom_dag.py
[2026-08-24T07:30:39.281+0000] {logging_mixin.py:190} INFO - [2026-08-24T07:30:39.281+0000] {dag.py:3239} INFO - Sync 1 DAGs
[2026-08-24T07:30:39.291+0000] {logging_mixin.py:190} INFO - [2026-08-24T07:30:39.291+0000] {dag.py:4180} INFO - Setting next_dagrun for xcom_dag to None, run_after=None
[2026-08-24T07:30:39.305+0000] {processor.py:208} INFO - Processing /opt/airflow/dags/02_xcom_dag.py took 0.067 seconds
[2026-08-24T07:31:10.305+0000] {processor.py:186} INFO - Started process (PID=591) to work on /opt/airflow/dags/02_xcom_dag.py
[2026-08-24T07:31:10.306+0000] {processor.py:914} INFO - Processing file /opt/airflow/dags/02_xcom_dag.py for tasks to queue
[2026-08-24T07:31:10.309+0000] {logging_mixin.py:190} INFO - [2026-08-24T07:31:10.308+0000] {dagbag.py:588} INFO - Filling up the DagBag from /opt/airflow/dags/02_xcom_dag.py
[2026-08-24T07:31:10.330+0000] {processor.py:925} INFO - DAG(s) 'xcom_dag' retrieved from /opt/airflow/dags/02_xcom_dag.py
[2026-08-24T07:31:10.351+0000] {logging_mixin.py:190} INFO - [2026-08-24T07:31:10.351+0000] {dag.py:3239} INFO - Sync 1 DAGs
[2026-08-24T07:31:10.362+0000] {logging_mixin.py:190} INFO - [2026-08-24T07:31:10.362+0000] {dag.py:4180} INFO - Setting next_dagrun for xcom_dag to None, run_after=None
[2026-08-24T07:31:10.390+0000] {processor.py:208} INFO - Processing /opt/airflow/dags/02_xcom_dag.py took 0.091 seconds
[2026-08-24T07:31:40.497+0000] {processor.py:186} INFO - Started process (PID=602) to work on /opt/airflow/dags/02_xcom_dag.py
[2026-08-24T07:31:40.499+0000] {processor.py:914} INFO - Processing file /opt/airflow/dags/02_xcom_dag.py for tasks to queue
[2026-08-24T07:31:40.501+0000] {logging_mixin.py:190} INFO - [2026-08-24T07:31:40.501+0000] {dagbag.py:588} INFO - Filling up the DagBag from /opt/airflow/dags/02_xcom_dag.py
[2026-08-24T07:31:40.521+0000] {processor.py:925} INFO - DAG(s) 'xcom_dag' retrieved from /opt/airflow/dags/02_xcom_dag.py
[2026-08-24T07:31:40.541+0000] {logging_mixin.py:190} INFO - [2026-08-24T07:31:40.540+0000] {dag.py:3239} INFO - Sync 1 DAGs
[2026-08-24T07:31:40.552+0000] {logging_mixin.py:190} INFO - [2026-08-24T07:31:40.552+0000] {dag.py:4180} INFO - Setting next_dagrun for xcom_dag to None, run_after=None
[2026-08-24T07:31:40.578+0000] {processor.py:208} INFO - Processing /opt/airflow/dags/02_xcom_dag.py took 0.086 seconds
[2026-08-24T07:32:11.371+0000] {processor.py:186} INFO - Started process (PID=613) to work on /opt/airflow/dags/02_xcom_dag.py
[2026-08-24T07:32:11.371+0000] {processor.py:914} INFO - Processing file /opt/airflow/dags/02_xcom_dag.py for tasks to queue
[2026-08-24T07:32:11.373+0000] {logging_mixin.py:190} INFO - [2026-08-24T07:32:11.373+0000] {dagbag.py:588} INFO - Filling up the DagBag from /opt/airflow/dags/02_xcom_dag.py
[2026-08-24T07:32:11.389+0000] {processor.py:925} INFO - DAG(s) 'xcom_dag' retrieved from /opt/airflow/dags/02_xcom_dag.py
[2026-08-24T07:32:11.411+0000] {logging_mixin.py:190} INFO - [2026-08-24T07:32:11.411+0000] {dag.py:3239} INFO - Sync 1 DAGs
[2026-08-24T07:32:11.423+0000] {logging_mixin.py:190} INFO - [2026-08-24T07:32:11.423+0000] {dag.py:4180} INFO - Setting next_dagrun for xcom_dag to None, run_after=None
[2026-08-24T07:32:11.438+0000] {processor.py:208} INFO - Processing /opt/airflow/dags/02_xcom_dag.py took 0.073 seconds
[2026-08-24T07:32:41.659+0000] {processor.py:186} INFO - Started process (PID=624) to work on /opt/airflow/dags/02_xcom_dag.py
[2026-08-24T07:32:41.660+0000] {processor.py:914} INFO - Processing file /opt/airflow/dags/02_xcom_dag.py for tasks to queue
[2026-08-24T07:32:41.662+0000] {logging_mixin.py:190} INFO - [2026-08-24T07:32:41.662+0000] {dagbag.py:588} INFO - Filling up the DagBag from /opt/airflow/dags/02_xcom_dag.py
[2026-08-24T07:32:41.677+0000] {processor.py:925} INFO - DAG(s) 'xcom_dag' retrieved from /opt/airflow/dags/02_xcom_dag.py
[2026-08-24T07:32:41.698+0000] {logging_mixin.py:190} INFO - [2026-08-24T07:32:41.697+0000] {dag.py:3239} INFO - Sync 1 DAGs
[2026-08-24T07:32:41.708+0000] {logging_mixin.py:190} INFO - [2026-08-24T07:32:41.708+0000] {dag.py:4180} INFO - Setting next_dagrun for xcom_dag to None, run_after=None
[2026-08-24T07:32:41.729+0000] {processor.py:208} INFO - Processing /opt/airflow/dags/02_xcom_dag.py took 0.074 seconds
[2026-08-24T07:33:12.296+0000] {processor.py:186} INFO - Started process (PID=635) to work on /opt/airflow/dags/02_xcom_dag.py
[2026-08-24T07:33:12.297+0000] {processor.py:914} INFO - Processing file /opt/airflow/dags/02_xcom_dag.py for tasks to queue
[2026-08-24T07:33:12.299+0000] {logging_mixin.py:190} INFO - [2026-08-24T07:33:12.299+0000] {dagbag.py:588} INFO - Filling up the DagBag from /opt/airflow/dags/02_xcom_dag.py
[2026-08-24T07:33:12.318+0000] {processor.py:925} INFO - DAG(s) 'xcom_dag' retrieved from /opt/airflow/dags/02_xcom_dag.py
[2026-08-24T07:33:12.339+0000] {logging_mixin.py:190} INFO - [2026-08-24T07:33:12.338+0000] {dag.py:3239} INFO - Sync 1 DAGs
[2026-08-24T07:33:12.349+0000] {logging_mixin.py:190} INFO - [2026-08-24T07:33:12.349+0000] {dag.py:4180} INFO - Setting next_dagrun for xcom_dag to None, run_after=None
[2026-08-24T07:33:12.364+0000] {processor.py:208} INFO - Processing /opt/airflow/dags/02_xcom_dag.py took 0.077 seconds
[2026-08-24T07:33:43.143+0000] {processor.py:186} INFO - Started process (PID=646) to work on /opt/airflow/dags/02_xcom_dag.py
[2026-08-24T07:33:43.144+0000] {processor.py:914} INFO - Processing file /opt/airflow/dags/02_xcom_dag.py for tasks to queue
[2026-08-24T07:33:43.146+0000] {logging_mixin.py:190} INFO - [2026-08-24T07:33:43.146+0000] {dagbag.py:588} INFO - Filling up the DagBag from /opt/airflow/dags/02_xcom_dag.py
[2026-08-24T07:33:43.160+0000] {processor.py:925} INFO - DAG(s) 'xcom_dag' retrieved from /opt/airflow/dags/02_xcom_dag.py
[2026-08-24T07:33:43.180+0000] {logging_mixin.py:190} INFO - [2026-08-24T07:33:43.180+0000] {dag.py:3239} INFO - Sync 1 DAGs
[2026-08-24T07:33:43.191+0000] {logging_mixin.py:190} INFO - [2026-08-24T07:33:43.191+0000] {dag.py:4180} INFO - Setting next_dagrun for xcom_dag to None, run_after=None
[2026-08-24T07:33:43.211+0000] {processor.py:208} INFO - Processing /opt/airflow/dags/02_xcom_dag.py took 0.072 seconds
[2026-08-24T07:34:14.132+0000] {processor.py:186} INFO - Started process (PID=657) to work on /opt/airflow/dags/02_xcom_dag.py
[2026-08-24T07:34:14.133+0000] {processor.py:914} INFO - Processing file /opt/airflow/dags/02_xcom_dag.py for tasks to queue
[2026-08-24T07:34:14.135+0000] {logging_mixin.py:190} INFO - [2026-08-24T07:34:14.135+0000] {dagbag.py:588} INFO - Filling up the DagBag from /opt/airflow/dags/02_xcom_dag.py
[2026-08-24T07:34:14.148+0000] {processor.py:925} INFO - DAG(s) 'xcom_dag' retrieved from /opt/airflow/dags/02_xcom_dag.py
[2026-08-24T07:34:14.170+0000] {logging_mixin.py:190} INFO - [2026-08-24T07:34:14.170+0000] {dag.py:3239} INFO - Sync 1 DAGs
[2026-08-24T07:34:14.186+0000] {logging_mixin.py:190} INFO - [2026-08-24T07:34:14.186+0000] {dag.py:4180} INFO - Setting next_dagrun for xcom_dag to None, run_after=None
[2026-08-24T07:34:14.207+0000] {processor.py:208} INFO - Processing /opt/airflow/dags/02_xcom_dag.py took 0.079 seconds
[2026-08-24T07:34:44.940+0000] {processor.py:186} INFO - Started process (PID=668) to work on /opt/airflow/dags/02_xcom_dag.py
[2026-08-24T07:34:44.944+0000] {processor.py:914} INFO - Processing file /opt/airflow/dags/02_xcom_dag.py for tasks to queue
[2026-08-24T07:34:44.946+0000] {logging_mixin.py:190} INFO - [2026-08-24T07:34:44.946+0000] {dagbag.py:588} INFO - Filling up the DagBag from /opt/airflow/dags/02_xcom_dag.py
[2026-08-24T07:34:44.963+0000] {processor.py:925} INFO - DAG(s) 'xcom_dag' retrieved from /opt/airflow/dags/02_xcom_dag.py
[2026-08-24T07:34:44.996+0000] {logging_mixin.py:190} INFO - [2026-08-24T07:34:44.996+0000] {dag.py:3239} INFO - Sync 1 DAGs
[2026-08-24T07:34:45.012+0000] {logging_mixin.py:190} INFO - [2026-08-24T07:34:45.012+0000] {dag.py:4180} INFO - Setting next_dagrun for xcom_dag to None, run_after=None
[2026-08-24T07:34:45.031+0000] {processor.py:208} INFO - Processing /opt/airflow/dags/02_xcom_dag.py took 0.096 seconds
[2026-08-24T07:35:16.008+0000] {processor.py:186} INFO - Started process (PID=679) to work on /opt/airflow/dags/02_xcom_dag.py
[2026-08-24T07:35:16.009+0000] {processor.py:914} INFO - Processing file /opt/airflow/dags/02_xcom_dag.py for tasks to queue
[2026-08-24T07:35:16.011+0000] {logging_mixin.py:190} INFO - [2026-08-24T07:35:16.011+0000] {dagbag.py:588} INFO - Filling up the DagBag from /opt/airflow/dags/02_xcom_dag.py
[2026-08-24T07:35:16.039+0000] {processor.py:925} INFO - DAG(s) 'xcom_dag' retrieved from /opt/airflow/dags/02_xcom_dag.py
[2026-08-24T07:35:16.060+0000] {logging_mixin.py:190} INFO - [2026-08-24T07:35:16.060+0000] {dag.py:3239} INFO - Sync 1 DAGs
[2026-08-24T07:35:16.070+0000] {logging_mixin.py:190} INFO - [2026-08-24T07:35:16.070+0000] {dag.py:4180} INFO - Setting next_dagrun for xcom_dag to None, run_after=None
[2026-08-24T07:35:16.090+0000] {processor.py:208} INFO - Processing /opt/airflow/dags/02_xcom_dag.py took 0.088 seconds
[2026-08-24T07:35:46.908+0000] {processor.py:186} INFO - Started process (PID=689) to work on /opt/airflow/dags/02_xcom_dag.py
[2026-08-24T07:35:46.909+0000] {processor.py:914} INFO - Processing file /opt/airflow/dags/02_xcom_dag.py for tasks to queue
[2026-08-24T07:35:46.911+0000] {logging_mixin.py:190} INFO - [2026-08-24T07:35:46.910+0000] {dagbag.py:588} INFO - Filling up the DagBag from /opt/airflow/dags/02_xcom_dag.py
[2026-08-24T07:35:46.924+0000] {processor.py:925} INFO - DAG(s) 'xcom_dag' retrieved from /opt/airflow/dags/02_xcom_dag.py
[2026-08-24T07:35:46.944+0000] {logging_mixin.py:190} INFO - [2026-08-24T07:35:46.943+0000] {dag.py:3239} INFO - Sync 1 DAGs
[2026-08-24T07:35:46.955+0000] {logging_mixin.py:190} INFO - [2026-08-24T07:35:46.954+0000] {dag.py:4180} INFO - Setting next_dagrun for xcom_dag to None, run_after=None
[2026-08-24T07:35:46.972+0000] {processor.py:208} INFO - Processing /opt/airflow/dags/02_xcom_dag.py took 0.069 seconds
[2026-08-24T07:36:17.860+0000] {processor.py:186} INFO - Started process (PID=700) to work on /opt/airflow/dags/02_xcom_dag.py
[2026-08-24T07:36:17.861+0000] {processor.py:914} INFO - Processing file /opt/airflow/dags/02_xcom_dag.py for tasks to queue
[2026-08-24T07:36:17.864+0000] {logging_mixin.py:190} INFO - [2026-08-24T07:36:17.863+0000] {dagbag.py:588} INFO - Filling up the DagBag from /opt/airflow/dags/02_xcom_dag.py
[2026-08-24T07:36:17.900+0000] {processor.py:925} INFO - DAG(s) 'xcom_dag' retrieved from /opt/airflow/dags/02_xcom_dag.py
[2026-08-24T07:36:17.921+0000] {logging_mixin.py:190} INFO - [2026-08-24T07:36:17.921+0000] {dag.py:3239} INFO - Sync 1 DAGs
[2026-08-24T07:36:17.933+0000] {logging_mixin.py:190} INFO - [2026-08-24T07:36:17.933+0000] {dag.py:4180} INFO - Setting next_dagrun for xcom_dag to None, run_after=None
[2026-08-24T07:36:17.953+0000] {processor.py:208} INFO - Processing /opt/airflow/dags/02_xcom_dag.py took 0.099 seconds
[2026-08-24T07:36:48.594+0000] {processor.py:186} INFO - Started process (PID=711) to work on /opt/airflow/dags/02_xcom_dag.py
[2026-08-24T07:36:48.595+0000] {processor.py:914} INFO - Processing file /opt/airflow/dags/02_xcom_dag.py for tasks to queue
[2026-08-24T07:36:48.597+0000] {logging_mixin.py:190} INFO - [2026-08-24T07:36:48.597+0000] {dagbag.py:588} INFO - Filling up the DagBag from /opt/airflow/dags/02_xcom_dag.py
[2026-08-24T07:36:48.610+0000] {processor.py:925} INFO - DAG(s) 'xcom_dag' retrieved from /opt/airflow/dags/02_xcom_dag.py
[2026-08-24T07:36:48.630+0000] {logging_mixin.py:190} INFO - [2026-08-24T07:36:48.630+0000] {dag.py:3239} INFO - Sync 1 DAGs
[2026-08-24T07:36:48.641+0000] {logging_mixin.py:190} INFO - [2026-08-24T07:36:48.641+0000] {dag.py:4180} INFO - Setting next_dagrun for xcom_dag to None, run_after=None
[2026-08-24T07:36:48.660+0000] {processor.py:208} INFO - Processing /opt/airflow/dags/02_xcom_dag.py took 0.071 seconds
[2026-08-24T07:37:19.586+0000] {processor.py:186} INFO - Started process (PID=722) to work on /opt/airflow/dags/02_xcom_dag.py
[2026-08-24T07:37:19.587+0000] {processor.py:914} INFO - Processing file /opt/airflow/dags/02_xcom_dag.py for tasks to queue
[2026-08-24T07:37:19.589+0000] {logging_mixin.py:190} INFO - [2026-08-24T07:37:19.589+0000] {dagbag.py:588} INFO - Filling up the DagBag from /opt/airflow/dags/02_xcom_dag.py
[2026-08-24T07:37:19.604+0000] {processor.py:925} INFO - DAG(s) 'xcom_dag' retrieved from /opt/airflow/dags/02_xcom_dag.py
[2026-08-24T07:37:19.625+0000] {logging_mixin.py:190} INFO - [2026-08-24T07:37:19.625+0000] {dag.py:3239} INFO - Sync 1 DAGs
[2026-08-24T07:37:19.636+0000] {logging_mixin.py:190} INFO - [2026-08-24T07:37:19.635+0000] {dag.py:4180} INFO - Setting next_dagrun for xcom_dag to None, run_after=None
[2026-08-24T07:37:19.652+0000] {processor.py:208} INFO - Processing /opt/airflow/dags/02_xcom_dag.py took 0.071 seconds
[2026-08-24T07:37:50.385+0000] {processor.py:186} INFO - Started process (PID=733) to work on /opt/airflow/dags/02_xcom_dag.py
[2026-08-24T07:37:50.386+0000] {processor.py:914} INFO - Processing file /opt/airflow/dags/02_xcom_dag.py for tasks to queue
[2026-08-24T07:37:50.389+0000] {logging_mixin.py:190} INFO - [2026-08-24T07:37:50.388+0000] {dagbag.py:588} INFO - Filling up the DagBag from /opt/airflow/dags/02_xcom_dag.py
[2026-08-24T07:37:50.409+0000] {processor.py:925} INFO - DAG(s) 'xcom_dag' retrieved from /opt/airflow/dags/02_xcom_dag.py
[2026-08-24T07:37:50.429+0000] {logging_mixin.py:190} INFO - [2026-08-24T07:37:50.429+0000] {dag.py:3239} INFO - Sync 1 DAGs
[2026-08-24T07:37:50.440+0000] {logging_mixin.py:190} INFO - [2026-08-24T07:37:50.440+0000] {dag.py:4180} INFO - Setting next_dagrun for xcom_dag to None, run_after=None
[2026-08-24T07:37:50.456+0000] {processor.py:208} INFO - Processing /opt/airflow/dags/02_xcom_dag.py took 0.077 seconds
[2026-08-24T07:38:21.332+0000] {processor.py:186} INFO - Started process (PID=744) to work on /opt/airflow/dags/02_xcom_dag.py
[2026-08-24T07:38:21.333+0000] {processor.py:914} INFO - Processing file /opt/airflow/dags/02_xcom_dag.py for tasks to queue
[2026-08-24T07:38:21.335+0000] {logging_mixin.py:190} INFO - [2026-08-24T07:38:21.335+0000] {dagbag.py:588} INFO - Filling up the DagBag from /opt/airflow/dags/02_xcom_dag.py
[2026-08-24T07:38:21.354+0000] {processor.py:925} INFO - DAG(s) 'xcom_dag' retrieved from /opt/airflow/dags/02_xcom_dag.py
[2026-08-24T07:38:21.375+0000] {logging_mixin.py:190} INFO - [2026-08-24T07:38:21.375+0000] {dag.py:3239} INFO - Sync 1 DAGs
[2026-08-24T07:38:21.385+0000] {logging_mixin.py:190} INFO - [2026-08-24T07:38:21.385+0000] {dag.py:4180} INFO - Setting next_dagrun for xcom_dag to None, run_after=None
[2026-08-24T07:38:21.406+0000] {processor.py:208} INFO - Processing /opt/airflow/dags/02_xcom_dag.py took 0.080 seconds
[2026-08-24T07:38:52.235+0000] {processor.py:186} INFO - Started process (PID=755) to work on /opt/airflow/dags/02_xcom_dag.py
[2026-08-24T07:38:52.237+0000] {processor.py:914} INFO - Processing file /opt/airflow/dags/02_xcom_dag.py for tasks to queue
[2026-08-24T07:38:52.239+0000] {logging_mixin.py:190} INFO - [2026-08-24T07:38:52.238+0000] {dagbag.py:588} INFO - Filling up the DagBag from /opt/airflow/dags/02_xcom_dag.py
[2026-08-24T07:38:52.257+0000] {processor.py:925} INFO - DAG(s) 'xcom_dag' retrieved from /opt/airflow/dags/02_xcom_dag.py
[2026-08-24T07:38:52.277+0000] {logging_mixin.py:190} INFO - [2026-08-24T07:38:52.277+0000] {dag.py:3239} INFO - Sync 1 DAGs
[2026-08-24T07:38:52.288+0000] {logging_mixin.py:190} INFO - [2026-08-24T07:38:52.287+0000] {dag.py:4180} INFO - Setting next_dagrun for xcom_dag to None, run_after=None
[2026-08-24T07:38:52.304+0000] {processor.py:208} INFO - Processing /opt/airflow/dags/02_xcom_dag.py took 0.073 seconds
[2026-08-24T07:39:22.967+0000] {processor.py:186} INFO - Started process (PID=766) to work on /opt/airflow/dags/02_xcom_dag.py
[2026-08-24T07:39:22.968+0000] {processor.py:914} INFO - Processing file /opt/airflow/dags/02_xcom_dag.py for tasks to queue
[2026-08-24T07:39:22.970+0000] {logging_mixin.py:190} INFO - [2026-08-24T07:39:22.970+0000] {dagbag.py:588} INFO - Filling up the DagBag from /opt/airflow/dags/02_xcom_dag.py
[2026-08-24T07:39:23.005+0000] {processor.py:925} INFO - DAG(s) 'xcom_dag' retrieved from /opt/airflow/dags/02_xcom_dag.py
[2026-08-24T07:39:23.032+0000] {logging_mixin.py:190} INFO - [2026-08-24T07:39:23.032+0000] {dag.py:3239} INFO - Sync 1 DAGs
[2026-08-24T07:39:23.044+0000] {logging_mixin.py:190} INFO - [2026-08-24T07:39:23.043+0000] {dag.py:4180} INFO - Setting next_dagrun for xcom_dag to None, run_after=None
[2026-08-24T07:39:23.079+0000] {processor.py:208} INFO - Processing /opt/airflow/dags/02_xcom_dag.py took 0.118 seconds
[2026-08-24T07:39:54.031+0000] {processor.py:186} INFO - Started process (PID=777) to work on /opt/airflow/dags/02_xcom_dag.py
[2026-08-24T07:39:54.034+0000] {processor.py:914} INFO - Processing file /opt/airflow/dags/02_xcom_dag.py for tasks to queue
[2026-08-24T07:39:54.042+0000] {logging_mixin.py:190} INFO - [2026-08-24T07:39:54.041+0000] {dagbag.py:588} INFO - Filling up the DagBag from /opt/airflow/dags/02_xcom_dag.py
[2026-08-24T07:39:54.099+0000] {processor.py:925} INFO - DAG(s) 'xcom_dag' retrieved from /opt/airflow/dags/02_xcom_dag.py
[2026-08-24T07:39:54.135+0000] {logging_mixin.py:190} INFO - [2026-08-24T07:39:54.134+0000] {dag.py:3239} INFO - Sync 1 DAGs
[2026-08-24T07:39:54.153+0000] {logging_mixin.py:190} INFO - [2026-08-24T07:39:54.153+0000] {dag.py:4180} INFO - Setting next_dagrun for xcom_dag to None, run_after=None
[2026-08-24T07:39:54.176+0000] {processor.py:208} INFO - Processing /opt/airflow/dags/02_xcom_dag.py took 0.160 seconds
[2026-08-24T07:40:24.970+0000] {processor.py:186} INFO - Started process (PID=794) to work on /opt/airflow/dags/02_xcom_dag.py
[2026-08-24T07:40:24.972+0000] {processor.py:914} INFO - Processing file /opt/airflow/dags/02_xcom_dag.py for tasks to queue
[2026-08-24T07:40:24.976+0000] {logging_mixin.py:190} INFO - [2026-08-24T07:40:24.976+0000] {dagbag.py:588} INFO - Filling up the DagBag from /opt/airflow/dags/02_xcom_dag.py
[2026-08-24T07:40:25.007+0000] {processor.py:925} INFO - DAG(s) 'xcom_dag' retrieved from /opt/airflow/dags/02_xcom_dag.py
[2026-08-24T07:40:25.029+0000] {logging_mixin.py:190} INFO - [2026-08-24T07:40:25.029+0000] {dag.py:3239} INFO - Sync 1 DAGs
[2026-08-24T07:40:25.040+0000] {logging_mixin.py:190} INFO - [2026-08-24T07:40:25.039+0000] {dag.py:4180} INFO - Setting next_dagrun for xcom_dag to None, run_after=None
[2026-08-24T07:40:25.055+0000] {processor.py:208} INFO - Processing /opt/airflow/dags/02_xcom_dag.py took 0.096 seconds
[2026-08-24T07:40:55.321+0000] {processor.py:186} INFO - Started process (PID=805) to work on /opt/airflow/dags/02_xcom_dag.py
[2026-08-24T07:40:55.325+0000] {processor.py:914} INFO - Processing file /opt/airflow/dags/02_xcom_dag.py for tasks to queue
[2026-08-24T07:40:55.330+0000] {logging_mixin.py:190} INFO - [2026-08-24T07:40:55.330+0000] {dagbag.py:588} INFO - Filling up the DagBag from /opt/airflow/dags/02_xcom_dag.py
[2026-08-24T07:40:55.378+0000] {processor.py:925} INFO - DAG(s) 'xcom_dag' retrieved from /opt/airflow/dags/02_xcom_dag.py
[2026-08-24T07:40:55.413+0000] {logging_mixin.py:190} INFO - [2026-08-24T07:40:55.413+0000] {dag.py:3239} INFO - Sync 1 DAGs
[2026-08-24T07:40:55.426+0000] {logging_mixin.py:190} INFO - [2026-08-24T07:40:55.426+0000] {dag.py:4180} INFO - Setting next_dagrun for xcom_dag to None, run_after=None
[2026-08-24T07:40:55.447+0000] {processor.py:208} INFO - Processing /opt/airflow/dags/02_xcom_dag.py took 0.136 seconds
[2026-08-24T07:41:25.667+0000] {processor.py:186} INFO - Started process (PID=816) to work on /opt/airflow/dags/02_xcom_dag.py
[2026-08-24T07:41:25.669+0000] {processor.py:914} INFO - Processing file /opt/airflow/dags/02_xcom_dag.py for tasks to queue
[2026-08-24T07:41:25.674+0000] {logging_mixin.py:190} INFO - [2026-08-24T07:41:25.673+0000] {dagbag.py:588} INFO - Filling up the DagBag from /opt/airflow/dags/02_xcom_dag.py
[2026-08-24T07:41:25.698+0000] {processor.py:925} INFO - DAG(s) 'xcom_dag' retrieved from /opt/airflow/dags/02_xcom_dag.py
[2026-08-24T07:41:25.727+0000] {logging_mixin.py:190} INFO - [2026-08-24T07:41:25.727+0000] {dag.py:3239} INFO - Sync 1 DAGs
[2026-08-24T07:41:25.738+0000] {logging_mixin.py:190} INFO - [2026-08-24T07:41:25.737+0000] {dag.py:4180} INFO - Setting next_dagrun for xcom_dag to None, run_after=None
[2026-08-24T07:41:25.755+0000] {processor.py:208} INFO - Processing /opt/airflow/dags/02_xcom_dag.py took 0.097 seconds
[2026-08-24T07:41:55.924+0000] {processor.py:186} INFO - Started process (PID=827) to work on /opt/airflow/dags/02_xcom_dag.py
[2026-08-24T07:41:55.925+0000] {processor.py:914} INFO - Processing file /opt/airflow/dags/02_xcom_dag.py for tasks to queue
[2026-08-24T07:41:55.927+0000] {logging_mixin.py:190} INFO - [2026-08-24T07:41:55.927+0000] {dagbag.py:588} INFO - Filling up the DagBag from /opt/airflow/dags/02_xcom_dag.py
[2026-08-24T07:41:55.948+0000] {processor.py:925} INFO - DAG(s) 'xcom_dag' retrieved from /opt/airflow/dags/02_xcom_dag.py
[2026-08-24T07:41:55.970+0000] {logging_mixin.py:190} INFO - [2026-08-24T07:41:55.969+0000] {dag.py:3239} INFO - Sync 1 DAGs
[2026-08-24T07:41:55.981+0000] {logging_mixin.py:190} INFO - [2026-08-24T07:41:55.981+0000] {dag.py:4180} INFO - Setting next_dagrun for xcom_dag to None, run_after=None
[2026-08-24T07:41:56.027+0000] {processor.py:208} INFO - Processing /opt/airflow/dags/02_xcom_dag.py took 0.108 seconds
[2026-08-24T07:42:27.038+0000] {processor.py:186} INFO - Started process (PID=844) to work on /opt/airflow/dags/02_xcom_dag.py
[2026-08-24T07:42:27.039+0000] {processor.py:914} INFO - Processing file /opt/airflow/dags/02_xcom_dag.py for tasks to queue
[2026-08-24T07:42:27.041+0000] {logging_mixin.py:190} INFO - [2026-08-24T07:42:27.041+0000] {dagbag.py:588} INFO - Filling up the DagBag from /opt/airflow/dags/02_xcom_dag.py
[2026-08-24T07:42:27.065+0000] {processor.py:925} INFO - DAG(s) 'xcom_dag' retrieved from /opt/airflow/dags/02_xcom_dag.py
[2026-08-24T07:42:27.086+0000] {logging_mixin.py:190} INFO - [2026-08-24T07:42:27.085+0000] {dag.py:3239} INFO - Sync 1 DAGs
[2026-08-24T07:42:27.098+0000] {logging_mixin.py:190} INFO - [2026-08-24T07:42:27.098+0000] {dag.py:4180} INFO - Setting next_dagrun for xcom_dag to None, run_after=None
[2026-08-24T07:42:27.121+0000] {processor.py:208} INFO - Processing /opt/airflow/dags/02_xcom_dag.py took 0.090 seconds
[2026-08-24T07:42:58.117+0000] {processor.py:186} INFO - Started process (PID=855) to work on /opt/airflow/dags/02_xcom_dag.py
[2026-08-24T07:42:58.119+0000] {processor.py:914} INFO - Processing file /opt/airflow/dags/02_xcom_dag.py for tasks to queue
[2026-08-24T07:42:58.124+0000] {logging_mixin.py:190} INFO - [2026-08-24T07:42:58.123+0000] {dagbag.py:588} INFO - Filling up the DagBag from /opt/airflow/dags/02_xcom_dag.py
[2026-08-24T07:42:58.151+0000] {processor.py:925} INFO - DAG(s) 'xcom_dag' retrieved from /opt/airflow/dags/02_xcom_dag.py
[2026-08-24T07:42:58.178+0000] {logging_mixin.py:190} INFO - [2026-08-24T07:42:58.178+0000] {dag.py:3239} INFO - Sync 1 DAGs
[2026-08-24T07:42:58.191+0000] {logging_mixin.py:190} INFO - [2026-08-24T07:42:58.191+0000] {dag.py:4180} INFO - Setting next_dagrun for xcom_dag to None, run_after=None
[2026-08-24T07:42:58.215+0000] {processor.py:208} INFO - Processing /opt/airflow/dags/02_xcom_dag.py took 0.104 seconds
[2026-08-24T07:43:28.968+0000] {processor.py:186} INFO - Started process (PID=866) to work on /opt/airflow/dags/02_xcom_dag.py
[2026-08-24T07:43:28.970+0000] {processor.py:914} INFO - Processing file /opt/airflow/dags/02_xcom_dag.py for tasks to queue
[2026-08-24T07:43:28.972+0000] {logging_mixin.py:190} INFO - [2026-08-24T07:43:28.972+0000] {dagbag.py:588} INFO - Filling up the DagBag from /opt/airflow/dags/02_xcom_dag.py
[2026-08-24T07:43:28.996+0000] {processor.py:925} INFO - DAG(s) 'xcom_dag' retrieved from /opt/airflow/dags/02_xcom_dag.py
[2026-08-24T07:43:29.028+0000] {logging_mixin.py:190} INFO - [2026-08-24T07:43:29.028+0000] {dag.py:3239} INFO - Sync 1 DAGs
[2026-08-24T07:43:29.042+0000] {logging_mixin.py:190} INFO - [2026-08-24T07:43:29.042+0000] {dag.py:4180} INFO - Setting next_dagrun for xcom_dag to None, run_after=None
[2026-08-24T07:43:29.066+0000] {processor.py:208} INFO - Processing /opt/airflow/dags/02_xcom_dag.py took 0.104 seconds
[2026-08-24T07:43:59.838+0000] {processor.py:186} INFO - Started process (PID=877) to work on /opt/airflow/dags/02_xcom_dag.py
[2026-08-24T07:43:59.841+0000] {processor.py:914} INFO - Processing file /opt/airflow/dags/02_xcom_dag.py for tasks to queue
[2026-08-24T07:43:59.849+0000] {logging_mixin.py:190} INFO - [2026-08-24T07:43:59.848+0000] {dagbag.py:588} INFO - Filling up the DagBag from /opt/airflow/dags/02_xcom_dag.py
[2026-08-24T07:43:59.875+0000] {processor.py:925} INFO - DAG(s) 'xcom_dag' retrieved from /opt/airflow/dags/02_xcom_dag.py
[2026-08-24T07:43:59.898+0000] {logging_mixin.py:190} INFO - [2026-08-24T07:43:59.898+0000] {dag.py:3239} INFO - Sync 1 DAGs
[2026-08-24T07:43:59.909+0000] {logging_mixin.py:190} INFO - [2026-08-24T07:43:59.909+0000] {dag.py:4180} INFO - Setting next_dagrun for xcom_dag to None, run_after=None
[2026-08-24T07:43:59.933+0000] {processor.py:208} INFO - Processing /opt/airflow/dags/02_xcom_dag.py took 0.101 seconds
[2026-08-24T07:44:30.564+0000] {processor.py:186} INFO - Started process (PID=888) to work on /opt/airflow/dags/02_xcom_dag.py
[2026-08-24T07:44:30.565+0000] {processor.py:914} INFO - Processing file /opt/airflow/dags/02_xcom_dag.py for tasks to queue
[2026-08-24T07:44:30.568+0000] {logging_mixin.py:190} INFO - [2026-08-24T07:44:30.567+0000] {dagbag.py:588} INFO - Filling up the DagBag from /opt/airflow/dags/02_xcom_dag.py
[2026-08-24T07:44:30.581+0000] {processor.py:925} INFO - DAG(s) 'xcom_dag' retrieved from /opt/airflow/dags/02_xcom_dag.py
[2026-08-24T07:44:30.601+0000] {logging_mixin.py:190} INFO - [2026-08-24T07:44:30.601+0000] {dag.py:3239} INFO - Sync 1 DAGs
[2026-08-24T07:44:30.611+0000] {logging_mixin.py:190} INFO - [2026-08-24T07:44:30.611+0000] {dag.py:4180} INFO - Setting next_dagrun for xcom_dag to None, run_after=None
[2026-08-24T07:44:30.627+0000] {processor.py:208} INFO - Processing /opt/airflow/dags/02_xcom_dag.py took 0.067 seconds
[2026-08-24T07:45:01.444+0000] {processor.py:186} INFO - Started process (PID=899) to work on /opt/airflow/dags/02_xcom_dag.py
[2026-08-24T07:45:01.444+0000] {processor.py:914} INFO - Processing file /opt/airflow/dags/02_xcom_dag.py for tasks to queue
[2026-08-24T07:45:01.447+0000] {logging_mixin.py:190} INFO - [2026-08-24T07:45:01.446+0000] {dagbag.py:588} INFO - Filling up the DagBag from /opt/airflow/dags/02_xcom_dag.py
[2026-08-24T07:45:01.470+0000] {processor.py:925} INFO - DAG(s) 'xcom_dag' retrieved from /opt/airflow/dags/02_xcom_dag.py
[2026-08-24T07:45:01.494+0000] {logging_mixin.py:190} INFO - [2026-08-24T07:45:01.493+0000] {dag.py:3239} INFO - Sync 1 DAGs
[2026-08-24T07:45:01.506+0000] {logging_mixin.py:190} INFO - [2026-08-24T07:45:01.506+0000] {dag.py:4180} INFO - Setting next_dagrun for xcom_dag to None, run_after=None
[2026-08-24T07:45:01.523+0000] {processor.py:208} INFO - Processing /opt/airflow/dags/02_xcom_dag.py took 0.086 seconds
[2026-08-24T07:45:32.449+0000] {processor.py:186} INFO - Started process (PID=910) to work on /opt/airflow/dags/02_xcom_dag.py
[2026-08-24T07:45:32.450+0000] {processor.py:914} INFO - Processing file /opt/airflow/dags/02_xcom_dag.py for tasks to queue
[2026-08-24T07:45:32.452+0000] {logging_mixin.py:190} INFO - [2026-08-24T07:45:32.452+0000] {dagbag.py:588} INFO - Filling up the DagBag from /opt/airflow/dags/02_xcom_dag.py
[2026-08-24T07:45:32.466+0000] {processor.py:925} INFO - DAG(s) 'xcom_dag' retrieved from /opt/airflow/dags/02_xcom_dag.py
[2026-08-24T07:45:32.487+0000] {logging_mixin.py:190} INFO - [2026-08-24T07:45:32.487+0000] {dag.py:3239} INFO - Sync 1 DAGs
[2026-08-24T07:45:32.498+0000] {logging_mixin.py:190} INFO - [2026-08-24T07:45:32.498+0000] {dag.py:4180} INFO - Setting next_dagrun for xcom_dag to None, run_after=None
[2026-08-24T07:45:32.519+0000] {processor.py:208} INFO - Processing /opt/airflow/dags/02_xcom_dag.py took 0.074 seconds
[2026-08-24T07:46:03.369+0000] {processor.py:186} INFO - Started process (PID=921) to work on /opt/airflow/dags/02_xcom_dag.py
[2026-08-24T07:46:03.370+0000] {processor.py:914} INFO - Processing file /opt/airflow/dags/02_xcom_dag.py for tasks to queue
[2026-08-24T07:46:03.374+0000] {logging_mixin.py:190} INFO - [2026-08-24T07:46:03.373+0000] {dagbag.py:588} INFO - Filling up the DagBag from /opt/airflow/dags/02_xcom_dag.py
[2026-08-24T07:46:03.404+0000] {processor.py:925} INFO - DAG(s) 'xcom_dag' retrieved from /opt/airflow/dags/02_xcom_dag.py
[2026-08-24T07:46:03.445+0000] {logging_mixin.py:190} INFO - [2026-08-24T07:46:03.444+0000] {dag.py:3239} INFO - Sync 1 DAGs
[2026-08-24T07:46:03.459+0000] {logging_mixin.py:190} INFO - [2026-08-24T07:46:03.459+0000] {dag.py:4180} INFO - Setting next_dagrun for xcom_dag to None, run_after=None
[2026-08-24T07:46:03.486+0000] {processor.py:208} INFO - Processing /opt/airflow/dags/02_xcom_dag.py took 0.124 seconds
[2026-08-24T07:46:34.319+0000] {processor.py:186} INFO - Started process (PID=932) to work on /opt/airflow/dags/02_xcom_dag.py
[2026-08-24T07:46:34.320+0000] {processor.py:914} INFO - Processing file /opt/airflow/dags/02_xcom_dag.py for tasks to queue
[2026-08-24T07:46:34.322+0000] {logging_mixin.py:190} INFO - [2026-08-24T07:46:34.322+0000] {dagbag.py:588} INFO - Filling up the DagBag from /opt/airflow/dags/02_xcom_dag.py
[2026-08-24T07:46:34.346+0000] {processor.py:925} INFO - DAG(s) 'xcom_dag' retrieved from /opt/airflow/dags/02_xcom_dag.py
[2026-08-24T07:46:34.368+0000] {logging_mixin.py:190} INFO - [2026-08-24T07:46:34.368+0000] {dag.py:3239} INFO - Sync 1 DAGs
[2026-08-24T07:46:34.379+0000] {logging_mixin.py:190} INFO - [2026-08-24T07:46:34.379+0000] {dag.py:4180} INFO - Setting next_dagrun for xcom_dag to None, run_after=None
[2026-08-24T07:46:34.399+0000] {processor.py:208} INFO - Processing /opt/airflow/dags/02_xcom_dag.py took 0.085 seconds
[2026-08-24T07:47:04.548+0000] {processor.py:186} INFO - Started process (PID=950) to work on /opt/airflow/dags/02_xcom_dag.py
[2026-08-24T07:47:04.549+0000] {processor.py:914} INFO - Processing file /opt/airflow/dags/02_xcom_dag.py for tasks to queue
[2026-08-24T07:47:04.551+0000] {logging_mixin.py:190} INFO - [2026-08-24T07:47:04.551+0000] {dagbag.py:588} INFO - Filling up the DagBag from /opt/airflow/dags/02_xcom_dag.py
[2026-08-24T07:47:04.575+0000] {processor.py:925} INFO - DAG(s) 'xcom_dag' retrieved from /opt/airflow/dags/02_xcom_dag.py
[2026-08-24T07:47:04.599+0000] {logging_mixin.py:190} INFO - [2026-08-24T07:47:04.599+0000] {dag.py:3239} INFO - Sync 1 DAGs
[2026-08-24T07:47:04.611+0000] {logging_mixin.py:190} INFO - [2026-08-24T07:47:04.611+0000] {dag.py:4180} INFO - Setting next_dagrun for xcom_dag to None, run_after=None
[2026-08-24T07:47:04.632+0000] {processor.py:208} INFO - Processing /opt/airflow/dags/02_xcom_dag.py took 0.089 seconds
[2026-08-24T07:47:34.736+0000] {processor.py:186} INFO - Started process (PID=961) to work on /opt/airflow/dags/02_xcom_dag.py
[2026-08-24T07:47:34.737+0000] {processor.py:914} INFO - Processing file /opt/airflow/dags/02_xcom_dag.py for tasks to queue
[2026-08-24T07:47:34.739+0000] {logging_mixin.py:190} INFO - [2026-08-24T07:47:34.739+0000] {dagbag.py:588} INFO - Filling up the DagBag from /opt/airflow/dags/02_xcom_dag.py
[2026-08-24T07:47:34.753+0000] {processor.py:925} INFO - DAG(s) 'xcom_dag' retrieved from /opt/airflow/dags/02_xcom_dag.py
[2026-08-24T07:47:34.774+0000] {logging_mixin.py:190} INFO - [2026-08-24T07:47:34.773+0000] {dag.py:3239} INFO - Sync 1 DAGs
[2026-08-24T07:47:34.784+0000] {logging_mixin.py:190} INFO - [2026-08-24T07:47:34.784+0000] {dag.py:4180} INFO - Setting next_dagrun for xcom_dag to None, run_after=None
[2026-08-24T07:47:34.799+0000] {processor.py:208} INFO - Processing /opt/airflow/dags/02_xcom_dag.py took 0.068 seconds
[2026-08-24T07:48:05.742+0000] {processor.py:186} INFO - Started process (PID=972) to work on /opt/airflow/dags/02_xcom_dag.py
[2026-08-24T07:48:05.743+0000] {processor.py:914} INFO - Processing file /opt/airflow/dags/02_xcom_dag.py for tasks to queue
[2026-08-24T07:48:05.745+0000] {logging_mixin.py:190} INFO - [2026-08-24T07:48:05.745+0000] {dagbag.py:588} INFO - Filling up the DagBag from /opt/airflow/dags/02_xcom_dag.py
[2026-08-24T07:48:05.761+0000] {processor.py:925} INFO - DAG(s) 'xcom_dag' retrieved from /opt/airflow/dags/02_xcom_dag.py
[2026-08-24T07:48:05.783+0000] {logging_mixin.py:190} INFO - [2026-08-24T07:48:05.783+0000] {dag.py:3239} INFO - Sync 1 DAGs
[2026-08-24T07:48:05.796+0000] {logging_mixin.py:190} INFO - [2026-08-24T07:48:05.796+0000] {dag.py:4180} INFO - Setting next_dagrun for xcom_dag to None, run_after=None
[2026-08-24T07:48:05.821+0000] {processor.py:208} INFO - Processing /opt/airflow/dags/02_xcom_dag.py took 0.087 seconds
[2026-08-24T07:48:36.734+0000] {processor.py:186} INFO - Started process (PID=983) to work on /opt/airflow/dags/02_xcom_dag.py
[2026-08-24T07:48:36.735+0000] {processor.py:914} INFO - Processing file /opt/airflow/dags/02_xcom_dag.py for tasks to queue
[2026-08-24T07:48:36.737+0000] {logging_mixin.py:190} INFO - [2026-08-24T07:48:36.737+0000] {dagbag.py:588} INFO - Filling up the DagBag from /opt/airflow/dags/02_xcom_dag.py
[2026-08-24T07:48:36.755+0000] {processor.py:925} INFO - DAG(s) 'xcom_dag' retrieved from /opt/airflow/dags/02_xcom_dag.py
[2026-08-24T07:48:36.776+0000] {logging_mixin.py:190} INFO - [2026-08-24T07:48:36.776+0000] {dag.py:3239} INFO - Sync 1 DAGs
[2026-08-24T07:48:36.786+0000] {logging_mixin.py:190} INFO - [2026-08-24T07:48:36.786+0000] {dag.py:4180} INFO - Setting next_dagrun for xcom_dag to None, run_after=None
[2026-08-24T07:48:36.803+0000] {processor.py:208} INFO - Processing /opt/airflow/dags/02_xcom_dag.py took 0.074 seconds
[2026-08-24T07:49:07.760+0000] {processor.py:186} INFO - Started process (PID=994) to work on /opt/airflow/dags/02_xcom_dag.py
[2026-08-24T07:49:07.761+0000] {processor.py:914} INFO - Processing file /opt/airflow/dags/02_xcom_dag.py for tasks to queue
[2026-08-24T07:49:07.763+0000] {logging_mixin.py:190} INFO - [2026-08-24T07:49:07.763+0000] {dagbag.py:588} INFO - Filling up the DagBag from /opt/airflow/dags/02_xcom_dag.py
[2026-08-24T07:49:07.783+0000] {processor.py:925} INFO - DAG(s) 'xcom_dag' retrieved from /opt/airflow/dags/02_xcom_dag.py
[2026-08-24T07:49:07.808+0000] {logging_mixin.py:190} INFO - [2026-08-24T07:49:07.808+0000] {dag.py:3239} INFO - Sync 1 DAGs
[2026-08-24T07:49:07.819+0000] {logging_mixin.py:190} INFO - [2026-08-24T07:49:07.819+0000] {dag.py:4180} INFO - Setting next_dagrun for xcom_dag to None, run_after=None
[2026-08-24T07:49:07.837+0000] {processor.py:208} INFO - Processing /opt/airflow/dags/02_xcom_dag.py took 0.082 seconds
[2026-08-24T07:49:38.264+0000] {processor.py:186} INFO - Started process (PID=1005) to work on /opt/airflow/dags/02_xcom_dag.py
[2026-08-24T07:49:38.265+0000] {processor.py:914} INFO - Processing file /opt/airflow/dags/02_xcom_dag.py for tasks to queue
[2026-08-24T07:49:38.267+0000] {logging_mixin.py:190} INFO - [2026-08-24T07:49:38.267+0000] {dagbag.py:588} INFO - Filling up the DagBag from /opt/airflow/dags/02_xcom_dag.py
[2026-08-24T07:49:38.286+0000] {processor.py:925} INFO - DAG(s) 'xcom_dag' retrieved from /opt/airflow/dags/02_xcom_dag.py
[2026-08-24T07:49:38.311+0000] {logging_mixin.py:190} INFO - [2026-08-24T07:49:38.311+0000] {dag.py:3239} INFO - Sync 1 DAGs
[2026-08-24T07:49:38.322+0000] {logging_mixin.py:190} INFO - [2026-08-24T07:49:38.322+0000] {dag.py:4180} INFO - Setting next_dagrun for xcom_dag to None, run_after=None
[2026-08-24T07:49:38.338+0000] {processor.py:208} INFO - Processing /opt/airflow/dags/02_xcom_dag.py took 0.080 seconds
[2026-08-24T07:50:10.430+0000] {processor.py:186} INFO - Started process (PID=1016) to work on /opt/airflow/dags/02_xcom_dag.py
[2026-08-24T07:50:10.443+0000] {processor.py:914} INFO - Processing file /opt/airflow/dags/02_xcom_dag.py for tasks to queue
[2026-08-24T07:50:10.453+0000] {logging_mixin.py:190} INFO - [2026-08-24T07:50:10.453+0000] {dagbag.py:588} INFO - Filling up the DagBag from /opt/airflow/dags/02_xcom_dag.py
[2026-08-24T07:50:10.885+0000] {processor.py:925} INFO - DAG(s) 'xcom_dag' retrieved from /opt/airflow/dags/02_xcom_dag.py
[2026-08-24T07:50:10.969+0000] {logging_mixin.py:190} INFO - [2026-08-24T07:50:10.969+0000] {dag.py:3239} INFO - Sync 1 DAGs
[2026-08-24T07:50:11.002+0000] {logging_mixin.py:190} INFO - [2026-08-24T07:50:11.002+0000] {dag.py:4180} INFO - Setting next_dagrun for xcom_dag to None, run_after=None
[2026-08-24T07:50:11.066+0000] {processor.py:208} INFO - Processing /opt/airflow/dags/02_xcom_dag.py took 0.650 seconds
[2026-08-24T07:50:41.898+0000] {processor.py:186} INFO - Started process (PID=1027) to work on /opt/airflow/dags/02_xcom_dag.py
[2026-08-24T07:50:41.903+0000] {processor.py:914} INFO - Processing file /opt/airflow/dags/02_xcom_dag.py for tasks to queue
[2026-08-24T07:50:41.910+0000] {logging_mixin.py:190} INFO - [2026-08-24T07:50:41.910+0000] {dagbag.py:588} INFO - Filling up the DagBag from /opt/airflow/dags/02_xcom_dag.py
[2026-08-24T07:50:42.137+0000] {processor.py:925} INFO - DAG(s) 'xcom_dag' retrieved from /opt/airflow/dags/02_xcom_dag.py
[2026-08-24T07:50:42.192+0000] {logging_mixin.py:190} INFO - [2026-08-24T07:50:42.191+0000] {dag.py:3239} INFO - Sync 1 DAGs
[2026-08-24T07:50:42.231+0000] {logging_mixin.py:190} INFO - [2026-08-24T07:50:42.231+0000] {dag.py:4180} INFO - Setting next_dagrun for xcom_dag to None, run_after=None
[2026-08-24T07:50:42.283+0000] {processor.py:208} INFO - Processing /opt/airflow/dags/02_xcom_dag.py took 0.395 seconds
[2026-08-24T07:51:12.995+0000] {processor.py:186} INFO - Started process (PID=1038) to work on /opt/airflow/dags/02_xcom_dag.py
[2026-08-24T07:51:13.015+0000] {processor.py:914} INFO - Processing file /opt/airflow/dags/02_xcom_dag.py for tasks to queue
[2026-08-24T07:51:13.024+0000] {logging_mixin.py:190} INFO - [2026-08-24T07:51:13.024+0000] {dagbag.py:588} INFO - Filling up the DagBag from /opt/airflow/dags/02_xcom_dag.py
[2026-08-24T07:51:13.517+0000] {processor.py:925} INFO - DAG(s) 'xcom_dag' retrieved from /opt/airflow/dags/02_xcom_dag.py
[2026-08-24T07:51:13.588+0000] {logging_mixin.py:190} INFO - [2026-08-24T07:51:13.588+0000] {dag.py:3239} INFO - Sync 1 DAGs
[2026-08-24T07:51:13.629+0000] {logging_mixin.py:190} INFO - [2026-08-24T07:51:13.629+0000] {dag.py:4180} INFO - Setting next_dagrun for xcom_dag to None, run_after=None
[2026-08-24T07:51:13.709+0000] {processor.py:208} INFO - Processing /opt/airflow/dags/02_xcom_dag.py took 0.722 seconds
[2026-08-24T07:51:44.073+0000] {processor.py:186} INFO - Started process (PID=1049) to work on /opt/airflow/dags/02_xcom_dag.py
[2026-08-24T07:51:44.074+0000] {processor.py:914} INFO - Processing file /opt/airflow/dags/02_xcom_dag.py for tasks to queue
[2026-08-24T07:51:44.076+0000] {logging_mixin.py:190} INFO - [2026-08-24T07:51:44.076+0000] {dagbag.py:588} INFO - Filling up the DagBag from /opt/airflow/dags/02_xcom_dag.py
[2026-08-24T07:51:44.098+0000] {processor.py:925} INFO - DAG(s) 'xcom_dag' retrieved from /opt/airflow/dags/02_xcom_dag.py
[2026-08-24T07:51:44.122+0000] {logging_mixin.py:190} INFO - [2026-08-24T07:51:44.121+0000] {dag.py:3239} INFO - Sync 1 DAGs
[2026-08-24T07:51:44.133+0000] {logging_mixin.py:190} INFO - [2026-08-24T07:51:44.132+0000] {dag.py:4180} INFO - Setting next_dagrun for xcom_dag to None, run_after=None
[2026-08-24T07:51:44.148+0000] {processor.py:208} INFO - Processing /opt/airflow/dags/02_xcom_dag.py took 0.080 seconds
[2026-08-24T07:52:14.833+0000] {processor.py:186} INFO - Started process (PID=1060) to work on /opt/airflow/dags/02_xcom_dag.py
[2026-08-24T07:52:14.835+0000] {processor.py:914} INFO - Processing file /opt/airflow/dags/02_xcom_dag.py for tasks to queue
[2026-08-24T07:52:14.838+0000] {logging_mixin.py:190} INFO - [2026-08-24T07:52:14.838+0000] {dagbag.py:588} INFO - Filling up the DagBag from /opt/airflow/dags/02_xcom_dag.py
[2026-08-24T07:52:14.862+0000] {processor.py:925} INFO - DAG(s) 'xcom_dag' retrieved from /opt/airflow/dags/02_xcom_dag.py
[2026-08-24T07:52:14.888+0000] {logging_mixin.py:190} INFO - [2026-08-24T07:52:14.888+0000] {dag.py:3239} INFO - Sync 1 DAGs
[2026-08-24T07:52:14.901+0000] {logging_mixin.py:190} INFO - [2026-08-24T07:52:14.901+0000] {dag.py:4180} INFO - Setting next_dagrun for xcom_dag to None, run_after=None
[2026-08-24T07:52:14.921+0000] {processor.py:208} INFO - Processing /opt/airflow/dags/02_xcom_dag.py took 0.096 seconds
[2026-08-24T07:52:45.458+0000] {processor.py:186} INFO - Started process (PID=1071) to work on /opt/airflow/dags/02_xcom_dag.py
[2026-08-24T07:52:45.459+0000] {processor.py:914} INFO - Processing file /opt/airflow/dags/02_xcom_dag.py for tasks to queue
[2026-08-24T07:52:45.464+0000] {logging_mixin.py:190} INFO - [2026-08-24T07:52:45.464+0000] {dagbag.py:588} INFO - Filling up the DagBag from /opt/airflow/dags/02_xcom_dag.py
[2026-08-24T07:52:45.490+0000] {processor.py:925} INFO - DAG(s) 'xcom_dag' retrieved from /opt/airflow/dags/02_xcom_dag.py
[2026-08-24T07:52:45.514+0000] {logging_mixin.py:190} INFO - [2026-08-24T07:52:45.513+0000] {dag.py:3239} INFO - Sync 1 DAGs
[2026-08-24T07:52:45.527+0000] {logging_mixin.py:190} INFO - [2026-08-24T07:52:45.527+0000] {dag.py:4180} INFO - Setting next_dagrun for xcom_dag to None, run_after=None
[2026-08-24T07:52:45.543+0000] {processor.py:208} INFO - Processing /opt/airflow/dags/02_xcom_dag.py took 0.090 seconds
[2026-08-24T07:53:16.260+0000] {processor.py:186} INFO - Started process (PID=1082) to work on /opt/airflow/dags/02_xcom_dag.py
[2026-08-24T07:53:16.260+0000] {processor.py:914} INFO - Processing file /opt/airflow/dags/02_xcom_dag.py for tasks to queue
[2026-08-24T07:53:16.262+0000] {logging_mixin.py:190} INFO - [2026-08-24T07:53:16.262+0000] {dagbag.py:588} INFO - Filling up the DagBag from /opt/airflow/dags/02_xcom_dag.py
[2026-08-24T07:53:16.277+0000] {processor.py:925} INFO - DAG(s) 'xcom_dag' retrieved from /opt/airflow/dags/02_xcom_dag.py
[2026-08-24T07:53:16.297+0000] {logging_mixin.py:190} INFO - [2026-08-24T07:53:16.297+0000] {dag.py:3239} INFO - Sync 1 DAGs
[2026-08-24T07:53:16.308+0000] {logging_mixin.py:190} INFO - [2026-08-24T07:53:16.307+0000] {dag.py:4180} INFO - Setting next_dagrun for xcom_dag to None, run_after=None
[2026-08-24T07:53:16.325+0000] {processor.py:208} INFO - Processing /opt/airflow/dags/02_xcom_dag.py took 0.070 seconds
[2026-08-24T07:53:46.945+0000] {processor.py:186} INFO - Started process (PID=1093) to work on /opt/airflow/dags/02_xcom_dag.py
[2026-08-24T07:53:46.947+0000] {processor.py:914} INFO - Processing file /opt/airflow/dags/02_xcom_dag.py for tasks to queue
[2026-08-24T07:53:46.953+0000] {logging_mixin.py:190} INFO - [2026-08-24T07:53:46.952+0000] {dagbag.py:588} INFO - Filling up the DagBag from /opt/airflow/dags/02_xcom_dag.py
[2026-08-24T07:53:46.980+0000] {processor.py:925} INFO - DAG(s) 'xcom_dag' retrieved from /opt/airflow/dags/02_xcom_dag.py
[2026-08-24T07:53:47.007+0000] {logging_mixin.py:190} INFO - [2026-08-24T07:53:47.007+0000] {dag.py:3239} INFO - Sync 1 DAGs
[2026-08-24T07:53:47.022+0000] {logging_mixin.py:190} INFO - [2026-08-24T07:53:47.021+0000] {dag.py:4180} INFO - Setting next_dagrun for xcom_dag to None, run_after=None
[2026-08-24T07:53:47.037+0000] {processor.py:208} INFO - Processing /opt/airflow/dags/02_xcom_dag.py took 0.101 seconds
[2026-08-24T07:54:17.705+0000] {processor.py:186} INFO - Started process (PID=1104) to work on /opt/airflow/dags/02_xcom_dag.py
[2026-08-24T07:54:17.706+0000] {processor.py:914} INFO - Processing file /opt/airflow/dags/02_xcom_dag.py for tasks to queue
[2026-08-24T07:54:17.708+0000] {logging_mixin.py:190} INFO - [2026-08-24T07:54:17.708+0000] {dagbag.py:588} INFO - Filling up the DagBag from /opt/airflow/dags/02_xcom_dag.py
[2026-08-24T07:54:17.726+0000] {processor.py:925} INFO - DAG(s) 'xcom_dag' retrieved from /opt/airflow/dags/02_xcom_dag.py
[2026-08-24T07:54:17.745+0000] {logging_mixin.py:190} INFO - [2026-08-24T07:54:17.745+0000] {dag.py:3239} INFO - Sync 1 DAGs
[2026-08-24T07:54:17.756+0000] {logging_mixin.py:190} INFO - [2026-08-24T07:54:17.756+0000] {dag.py:4180} INFO - Setting next_dagrun for xcom_dag to None, run_after=None
[2026-08-24T07:54:17.773+0000] {processor.py:208} INFO - Processing /opt/airflow/dags/02_xcom_dag.py took 0.072 seconds
[2026-08-24T07:54:48.484+0000] {processor.py:186} INFO - Started process (PID=1115) to work on /opt/airflow/dags/02_xcom_dag.py
[2026-08-24T07:54:48.485+0000] {processor.py:914} INFO - Processing file /opt/airflow/dags/02_xcom_dag.py for tasks to queue
[2026-08-24T07:54:48.487+0000] {logging_mixin.py:190} INFO - [2026-08-24T07:54:48.487+0000] {dagbag.py:588} INFO - Filling up the DagBag from /opt/airflow/dags/02_xcom_dag.py
[2026-08-24T07:54:48.502+0000] {processor.py:925} INFO - DAG(s) 'xcom_dag' retrieved from /opt/airflow/dags/02_xcom_dag.py
[2026-08-24T07:54:48.525+0000] {logging_mixin.py:190} INFO - [2026-08-24T07:54:48.525+0000] {dag.py:3239} INFO - Sync 1 DAGs
[2026-08-24T07:54:48.537+0000] {logging_mixin.py:190} INFO - [2026-08-24T07:54:48.537+0000] {dag.py:4180} INFO - Setting next_dagrun for xcom_dag to None, run_after=None
[2026-08-24T07:54:48.572+0000] {processor.py:208} INFO - Processing /opt/airflow/dags/02_xcom_dag.py took 0.093 seconds
[2026-08-24T07:55:19.276+0000] {processor.py:186} INFO - Started process (PID=1126) to work on /opt/airflow/dags/02_xcom_dag.py
[2026-08-24T07:55:19.277+0000] {processor.py:914} INFO - Processing file /opt/airflow/dags/02_xcom_dag.py for tasks to queue
[2026-08-24T07:55:19.280+0000] {logging_mixin.py:190} INFO - [2026-08-24T07:55:19.279+0000] {dagbag.py:588} INFO - Filling up the DagBag from /opt/airflow/dags/02_xcom_dag.py
[2026-08-24T07:55:19.294+0000] {processor.py:925} INFO - DAG(s) 'xcom_dag' retrieved from /opt/airflow/dags/02_xcom_dag.py
[2026-08-24T07:55:19.313+0000] {logging_mixin.py:190} INFO - [2026-08-24T07:55:19.313+0000] {dag.py:3239} INFO - Sync 1 DAGs
[2026-08-24T07:55:19.323+0000] {logging_mixin.py:190} INFO - [2026-08-24T07:55:19.323+0000] {dag.py:4180} INFO - Setting next_dagrun for xcom_dag to None, run_after=None
[2026-08-24T07:55:19.344+0000] {processor.py:208} INFO - Processing /opt/airflow/dags/02_xcom_dag.py took 0.073 seconds
[2026-08-24T07:55:50.212+0000] {processor.py:186} INFO - Started process (PID=1137) to work on /opt/airflow/dags/02_xcom_dag.py
[2026-08-24T07:55:50.213+0000] {processor.py:914} INFO - Processing file /opt/airflow/dags/02_xcom_dag.py for tasks to queue
[2026-08-24T07:55:50.215+0000] {logging_mixin.py:190} INFO - [2026-08-24T07:55:50.215+0000] {dagbag.py:588} INFO - Filling up the DagBag from /opt/airflow/dags/02_xcom_dag.py
[2026-08-24T07:55:50.236+0000] {processor.py:925} INFO - DAG(s) 'xcom_dag' retrieved from /opt/airflow/dags/02_xcom_dag.py
[2026-08-24T07:55:50.256+0000] {logging_mixin.py:190} INFO - [2026-08-24T07:55:50.256+0000] {dag.py:3239} INFO - Sync 1 DAGs
[2026-08-24T07:55:50.268+0000] {logging_mixin.py:190} INFO - [2026-08-24T07:55:50.268+0000] {dag.py:4180} INFO - Setting next_dagrun for xcom_dag to None, run_after=None
[2026-08-24T07:55:50.285+0000] {processor.py:208} INFO - Processing /opt/airflow/dags/02_xcom_dag.py took 0.077 seconds
[2026-08-24T07:56:20.427+0000] {processor.py:186} INFO - Started process (PID=1148) to work on /opt/airflow/dags/02_xcom_dag.py
[2026-08-24T07:56:20.428+0000] {processor.py:914} INFO - Processing file /opt/airflow/dags/02_xcom_dag.py for tasks to queue
[2026-08-24T07:56:20.430+0000] {logging_mixin.py:190} INFO - [2026-08-24T07:56:20.430+0000] {dagbag.py:588} INFO - Filling up the DagBag from /opt/airflow/dags/02_xcom_dag.py
[2026-08-24T07:56:20.450+0000] {processor.py:925} INFO - DAG(s) 'xcom_dag' retrieved from /opt/airflow/dags/02_xcom_dag.py
[2026-08-24T07:56:20.470+0000] {logging_mixin.py:190} INFO - [2026-08-24T07:56:20.470+0000] {dag.py:3239} INFO - Sync 1 DAGs
[2026-08-24T07:56:20.481+0000] {logging_mixin.py:190} INFO - [2026-08-24T07:56:20.481+0000] {dag.py:4180} INFO - Setting next_dagrun for xcom_dag to None, run_after=None
[2026-08-24T07:56:20.496+0000] {processor.py:208} INFO - Processing /opt/airflow/dags/02_xcom_dag.py took 0.073 seconds
[2026-08-24T07:56:50.892+0000] {processor.py:186} INFO - Started process (PID=1159) to work on /opt/airflow/dags/02_xcom_dag.py
[2026-08-24T07:56:50.894+0000] {processor.py:914} INFO - Processing file /opt/airflow/dags/02_xcom_dag.py for tasks to queue
[2026-08-24T07:56:50.896+0000] {logging_mixin.py:190} INFO - [2026-08-24T07:56:50.896+0000] {dagbag.py:588} INFO - Filling up the DagBag from /opt/airflow/dags/02_xcom_dag.py
[2026-08-24T07:56:50.940+0000] {processor.py:925} INFO - DAG(s) 'xcom_dag' retrieved from /opt/airflow/dags/02_xcom_dag.py
[2026-08-24T07:56:50.967+0000] {logging_mixin.py:190} INFO - [2026-08-24T07:56:50.967+0000] {dag.py:3239} INFO - Sync 1 DAGs
[2026-08-24T07:56:50.979+0000] {logging_mixin.py:190} INFO - [2026-08-24T07:56:50.979+0000] {dag.py:4180} INFO - Setting next_dagrun for xcom_dag to None, run_after=None
[2026-08-24T07:56:51.003+0000] {processor.py:208} INFO - Processing /opt/airflow/dags/02_xcom_dag.py took 0.117 seconds
[2026-08-24T07:57:21.463+0000] {processor.py:186} INFO - Started process (PID=1170) to work on /opt/airflow/dags/02_xcom_dag.py
[2026-08-24T07:57:21.464+0000] {processor.py:914} INFO - Processing file /opt/airflow/dags/02_xcom_dag.py for tasks to queue
[2026-08-24T07:57:21.467+0000] {logging_mixin.py:190} INFO - [2026-08-24T07:57:21.466+0000] {dagbag.py:588} INFO - Filling up the DagBag from /opt/airflow/dags/02_xcom_dag.py
[2026-08-24T07:57:21.515+0000] {processor.py:925} INFO - DAG(s) 'xcom_dag' retrieved from /opt/airflow/dags/02_xcom_dag.py
[2026-08-24T07:57:21.552+0000] {logging_mixin.py:190} INFO - [2026-08-24T07:57:21.551+0000] {dag.py:3239} INFO - Sync 1 DAGs
[2026-08-24T07:57:21.563+0000] {logging_mixin.py:190} INFO - [2026-08-24T07:57:21.563+0000] {dag.py:4180} INFO - Setting next_dagrun for xcom_dag to None, run_after=None
[2026-08-24T07:57:21.587+0000] {processor.py:208} INFO - Processing /opt/airflow/dags/02_xcom_dag.py took 0.130 seconds
[2026-08-24T07:57:52.566+0000] {processor.py:186} INFO - Started process (PID=1181) to work on /opt/airflow/dags/02_xcom_dag.py
[2026-08-24T07:57:52.567+0000] {processor.py:914} INFO - Processing file /opt/airflow/dags/02_xcom_dag.py for tasks to queue
[2026-08-24T07:57:52.569+0000] {logging_mixin.py:190} INFO - [2026-08-24T07:57:52.569+0000] {dagbag.py:588} INFO - Filling up the DagBag from /opt/airflow/dags/02_xcom_dag.py
[2026-08-24T07:57:52.588+0000] {processor.py:925} INFO - DAG(s) 'xcom_dag' retrieved from /opt/airflow/dags/02_xcom_dag.py
[2026-08-24T07:57:52.608+0000] {logging_mixin.py:190} INFO - [2026-08-24T07:57:52.608+0000] {dag.py:3239} INFO - Sync 1 DAGs
[2026-08-24T07:57:52.619+0000] {logging_mixin.py:190} INFO - [2026-08-24T07:57:52.618+0000] {dag.py:4180} INFO - Setting next_dagrun for xcom_dag to None, run_after=None
[2026-08-24T07:57:52.640+0000] {processor.py:208} INFO - Processing /opt/airflow/dags/02_xcom_dag.py took 0.080 seconds
[2026-08-24T07:58:23.153+0000] {processor.py:186} INFO - Started process (PID=1192) to work on /opt/airflow/dags/02_xcom_dag.py
[2026-08-24T07:58:23.156+0000] {processor.py:914} INFO - Processing file /opt/airflow/dags/02_xcom_dag.py for tasks to queue
[2026-08-24T07:58:23.159+0000] {logging_mixin.py:190} INFO - [2026-08-24T07:58:23.158+0000] {dagbag.py:588} INFO - Filling up the DagBag from /opt/airflow/dags/02_xcom_dag.py
[2026-08-24T07:58:23.191+0000] {processor.py:925} INFO - DAG(s) 'xcom_dag' retrieved from /opt/airflow/dags/02_xcom_dag.py
[2026-08-24T07:58:23.217+0000] {logging_mixin.py:190} INFO - [2026-08-24T07:58:23.217+0000] {dag.py:3239} INFO - Sync 1 DAGs
[2026-08-24T07:58:23.230+0000] {logging_mixin.py:190} INFO - [2026-08-24T07:58:23.230+0000] {dag.py:4180} INFO - Setting next_dagrun for xcom_dag to None, run_after=None
[2026-08-24T07:58:23.259+0000] {processor.py:208} INFO - Processing /opt/airflow/dags/02_xcom_dag.py took 0.116 seconds
[2026-08-24T07:58:54.176+0000] {processor.py:186} INFO - Started process (PID=1203) to work on /opt/airflow/dags/02_xcom_dag.py
[2026-08-24T07:58:54.177+0000] {processor.py:914} INFO - Processing file /opt/airflow/dags/02_xcom_dag.py for tasks to queue
[2026-08-24T07:58:54.179+0000] {logging_mixin.py:190} INFO - [2026-08-24T07:58:54.179+0000] {dagbag.py:588} INFO - Filling up the DagBag from /opt/airflow/dags/02_xcom_dag.py
[2026-08-24T07:58:54.201+0000] {processor.py:925} INFO - DAG(s) 'xcom_dag' retrieved from /opt/airflow/dags/02_xcom_dag.py
[2026-08-24T07:58:54.222+0000] {logging_mixin.py:190} INFO - [2026-08-24T07:58:54.222+0000] {dag.py:3239} INFO - Sync 1 DAGs
[2026-08-24T07:58:54.234+0000] {logging_mixin.py:190} INFO - [2026-08-24T07:58:54.234+0000] {dag.py:4180} INFO - Setting next_dagrun for xcom_dag to None, run_after=None
[2026-08-24T07:58:54.255+0000] {processor.py:208} INFO - Processing /opt/airflow/dags/02_xcom_dag.py took 0.087 seconds
[2026-08-24T07:59:24.907+0000] {processor.py:186} INFO - Started process (PID=1214) to work on /opt/airflow/dags/02_xcom_dag.py
[2026-08-24T07:59:24.908+0000] {processor.py:914} INFO - Processing file /opt/airflow/dags/02_xcom_dag.py for tasks to queue
[2026-08-24T07:59:24.910+0000] {logging_mixin.py:190} INFO - [2026-08-24T07:59:24.910+0000] {dagbag.py:588} INFO - Filling up the DagBag from /opt/airflow/dags/02_xcom_dag.py
[2026-08-24T07:59:24.923+0000] {processor.py:925} INFO - DAG(s) 'xcom_dag' retrieved from /opt/airflow/dags/02_xcom_dag.py
[2026-08-24T07:59:24.945+0000] {logging_mixin.py:190} INFO - [2026-08-24T07:59:24.945+0000] {dag.py:3239} INFO - Sync 1 DAGs
[2026-08-24T07:59:24.956+0000] {logging_mixin.py:190} INFO - [2026-08-24T07:59:24.956+0000] {dag.py:4180} INFO - Setting next_dagrun for xcom_dag to None, run_after=None
[2026-08-24T07:59:24.973+0000] {processor.py:208} INFO - Processing /opt/airflow/dags/02_xcom_dag.py took 0.071 seconds
[2026-08-24T07:59:55.768+0000] {processor.py:186} INFO - Started process (PID=1225) to work on /opt/airflow/dags/02_xcom_dag.py
[2026-08-24T07:59:55.769+0000] {processor.py:914} INFO - Processing file /opt/airflow/dags/02_xcom_dag.py for tasks to queue
[2026-08-24T07:59:55.772+0000] {logging_mixin.py:190} INFO - [2026-08-24T07:59:55.771+0000] {dagbag.py:588} INFO - Filling up the DagBag from /opt/airflow/dags/02_xcom_dag.py
[2026-08-24T07:59:55.797+0000] {processor.py:925} INFO - DAG(s) 'xcom_dag' retrieved from /opt/airflow/dags/02_xcom_dag.py
[2026-08-24T07:59:55.821+0000] {logging_mixin.py:190} INFO - [2026-08-24T07:59:55.820+0000] {dag.py:3239} INFO - Sync 1 DAGs
[2026-08-24T07:59:55.833+0000] {logging_mixin.py:190} INFO - [2026-08-24T07:59:55.833+0000] {dag.py:4180} INFO - Setting next_dagrun for xcom_dag to None, run_after=None
[2026-08-24T07:59:55.849+0000] {processor.py:208} INFO - Processing /opt/airflow/dags/02_xcom_dag.py took 0.088 seconds
[2026-08-24T08:00:26.619+0000] {processor.py:186} INFO - Started process (PID=1236) to work on /opt/airflow/dags/02_xcom_dag.py
[2026-08-24T08:00:26.620+0000] {processor.py:914} INFO - Processing file /opt/airflow/dags/02_xcom_dag.py for tasks to queue
[2026-08-24T08:00:26.622+0000] {logging_mixin.py:190} INFO - [2026-08-24T08:00:26.622+0000] {dagbag.py:588} INFO - Filling up the DagBag from /opt/airflow/dags/02_xcom_dag.py
[2026-08-24T08:00:26.636+0000] {processor.py:925} INFO - DAG(s) 'xcom_dag' retrieved from /opt/airflow/dags/02_xcom_dag.py
[2026-08-24T08:00:26.658+0000] {logging_mixin.py:190} INFO - [2026-08-24T08:00:26.657+0000] {dag.py:3239} INFO - Sync 1 DAGs
[2026-08-24T08:00:26.668+0000] {logging_mixin.py:190} INFO - [2026-08-24T08:00:26.668+0000] {dag.py:4180} INFO - Setting next_dagrun for xcom_dag to None, run_after=None
[2026-08-24T08:00:26.687+0000] {processor.py:208} INFO - Processing /opt/airflow/dags/02_xcom_dag.py took 0.072 seconds
[2026-08-24T08:00:56.785+0000] {processor.py:186} INFO - Started process (PID=1247) to work on /opt/airflow/dags/02_xcom_dag.py
[2026-08-24T08:00:56.786+0000] {processor.py:914} INFO - Processing file /opt/airflow/dags/02_xcom_dag.py for tasks to queue
[2026-08-24T08:00:56.788+0000] {logging_mixin.py:190} INFO - [2026-08-24T08:00:56.788+0000] {dagbag.py:588} INFO - Filling up the DagBag from /opt/airflow/dags/02_xcom_dag.py
[2026-08-24T08:00:56.806+0000] {processor.py:925} INFO - DAG(s) 'xcom_dag' retrieved from /opt/airflow/dags/02_xcom_dag.py
[2026-08-24T08:00:56.830+0000] {logging_mixin.py:190} INFO - [2026-08-24T08:00:56.830+0000] {dag.py:3239} INFO - Sync 1 DAGs
[2026-08-24T08:00:56.842+0000] {logging_mixin.py:190} INFO - [2026-08-24T08:00:56.841+0000] {dag.py:4180} INFO - Setting next_dagrun for xcom_dag to None, run_after=None
[2026-08-24T08:00:56.868+0000] {processor.py:208} INFO - Processing /opt/airflow/dags/02_xcom_dag.py took 0.087 seconds
[2026-08-24T08:01:27.720+0000] {processor.py:186} INFO - Started process (PID=1258) to work on /opt/airflow/dags/02_xcom_dag.py
[2026-08-24T08:01:27.721+0000] {processor.py:914} INFO - Processing file /opt/airflow/dags/02_xcom_dag.py for tasks to queue
[2026-08-24T08:01:27.723+0000] {logging_mixin.py:190} INFO - [2026-08-24T08:01:27.723+0000] {dagbag.py:588} INFO - Filling up the DagBag from /opt/airflow/dags/02_xcom_dag.py
[2026-08-24T08:01:27.742+0000] {processor.py:925} INFO - DAG(s) 'xcom_dag' retrieved from /opt/airflow/dags/02_xcom_dag.py
[2026-08-24T08:01:27.762+0000] {logging_mixin.py:190} INFO - [2026-08-24T08:01:27.762+0000] {dag.py:3239} INFO - Sync 1 DAGs
[2026-08-24T08:01:27.775+0000] {logging_mixin.py:190} INFO - [2026-08-24T08:01:27.775+0000] {dag.py:4180} INFO - Setting next_dagrun for xcom_dag to None, run_after=None
[2026-08-24T08:01:27.790+0000] {processor.py:208} INFO - Processing /opt/airflow/dags/02_xcom_dag.py took 0.076 seconds
[2026-08-24T08:01:58.623+0000] {processor.py:186} INFO - Started process (PID=1282) to work on /opt/airflow/dags/02_xcom_dag.py
[2026-08-24T08:01:58.627+0000] {processor.py:914} INFO - Processing file /opt/airflow/dags/02_xcom_dag.py for tasks to queue
[2026-08-24T08:01:58.629+0000] {logging_mixin.py:190} INFO - [2026-08-24T08:01:58.629+0000] {dagbag.py:588} INFO - Filling up the DagBag from /opt/airflow/dags/02_xcom_dag.py
[2026-08-24T08:01:58.663+0000] {processor.py:925} INFO - DAG(s) 'xcom_dag' retrieved from /opt/airflow/dags/02_xcom_dag.py
[2026-08-24T08:01:58.684+0000] {logging_mixin.py:190} INFO - [2026-08-24T08:01:58.684+0000] {dag.py:3239} INFO - Sync 1 DAGs
[2026-08-24T08:01:58.694+0000] {logging_mixin.py:190} INFO - [2026-08-24T08:01:58.694+0000] {dag.py:4180} INFO - Setting next_dagrun for xcom_dag to None, run_after=None
[2026-08-24T08:01:58.715+0000] {processor.py:208} INFO - Processing /opt/airflow/dags/02_xcom_dag.py took 0.099 seconds
[2026-08-24T08:02:29.296+0000] {processor.py:186} INFO - Started process (PID=1293) to work on /opt/airflow/dags/02_xcom_dag.py
[2026-08-24T08:02:29.297+0000] {processor.py:914} INFO - Processing file /opt/airflow/dags/02_xcom_dag.py for tasks to queue
[2026-08-24T08:02:29.299+0000] {logging_mixin.py:190} INFO - [2026-08-24T08:02:29.298+0000] {dagbag.py:588} INFO - Filling up the DagBag from /opt/airflow/dags/02_xcom_dag.py
[2026-08-24T08:02:29.314+0000] {processor.py:925} INFO - DAG(s) 'xcom_dag' retrieved from /opt/airflow/dags/02_xcom_dag.py
[2026-08-24T08:02:29.347+0000] {logging_mixin.py:190} INFO - [2026-08-24T08:02:29.347+0000] {dag.py:3239} INFO - Sync 1 DAGs
[2026-08-24T08:02:29.359+0000] {logging_mixin.py:190} INFO - [2026-08-24T08:02:29.358+0000] {dag.py:4180} INFO - Setting next_dagrun for xcom_dag to None, run_after=None
[2026-08-24T08:02:29.373+0000] {processor.py:208} INFO - Processing /opt/airflow/dags/02_xcom_dag.py took 0.082 seconds
[2026-08-24T08:02:59.573+0000] {processor.py:186} INFO - Started process (PID=1304) to work on /opt/airflow/dags/02_xcom_dag.py
[2026-08-24T08:02:59.573+0000] {processor.py:914} INFO - Processing file /opt/airflow/dags/02_xcom_dag.py for tasks to queue
[2026-08-24T08:02:59.575+0000] {logging_mixin.py:190} INFO - [2026-08-24T08:02:59.575+0000] {dagbag.py:588} INFO - Filling up the DagBag from /opt/airflow/dags/02_xcom_dag.py
[2026-08-24T08:02:59.595+0000] {processor.py:925} INFO - DAG(s) 'xcom_dag' retrieved from /opt/airflow/dags/02_xcom_dag.py
[2026-08-24T08:02:59.617+0000] {logging_mixin.py:190} INFO - [2026-08-24T08:02:59.617+0000] {dag.py:3239} INFO - Sync 1 DAGs
[2026-08-24T08:02:59.627+0000] {logging_mixin.py:190} INFO - [2026-08-24T08:02:59.627+0000] {dag.py:4180} INFO - Setting next_dagrun for xcom_dag to None, run_after=None
[2026-08-24T08:02:59.642+0000] {processor.py:208} INFO - Processing /opt/airflow/dags/02_xcom_dag.py took 0.074 seconds
[2026-08-24T08:03:30.583+0000] {processor.py:186} INFO - Started process (PID=1315) to work on /opt/airflow/dags/02_xcom_dag.py
[2026-08-24T08:03:30.592+0000] {processor.py:914} INFO - Processing file /opt/airflow/dags/02_xcom_dag.py for tasks to queue
[2026-08-24T08:03:30.595+0000] {logging_mixin.py:190} INFO - [2026-08-24T08:03:30.595+0000] {dagbag.py:588} INFO - Filling up the DagBag from /opt/airflow/dags/02_xcom_dag.py
[2026-08-24T08:03:30.613+0000] {processor.py:925} INFO - DAG(s) 'xcom_dag' retrieved from /opt/airflow/dags/02_xcom_dag.py
[2026-08-24T08:03:30.634+0000] {logging_mixin.py:190} INFO - [2026-08-24T08:03:30.634+0000] {dag.py:3239} INFO - Sync 1 DAGs
[2026-08-24T08:03:30.645+0000] {logging_mixin.py:190} INFO - [2026-08-24T08:03:30.645+0000] {dag.py:4180} INFO - Setting next_dagrun for xcom_dag to None, run_after=None
[2026-08-24T08:03:30.668+0000] {processor.py:208} INFO - Processing /opt/airflow/dags/02_xcom_dag.py took 0.095 seconds
[2026-08-24T08:04:01.460+0000] {processor.py:186} INFO - Started process (PID=1326) to work on /opt/airflow/dags/02_xcom_dag.py
[2026-08-24T08:04:01.461+0000] {processor.py:914} INFO - Processing file /opt/airflow/dags/02_xcom_dag.py for tasks to queue
[2026-08-24T08:04:01.464+0000] {logging_mixin.py:190} INFO - [2026-08-24T08:04:01.463+0000] {dagbag.py:588} INFO - Filling up the DagBag from /opt/airflow/dags/02_xcom_dag.py
[2026-08-24T08:04:01.484+0000] {processor.py:925} INFO - DAG(s) 'xcom_dag' retrieved from /opt/airflow/dags/02_xcom_dag.py
[2026-08-24T08:04:01.517+0000] {logging_mixin.py:190} INFO - [2026-08-24T08:04:01.516+0000] {dag.py:3239} INFO - Sync 1 DAGs
[2026-08-24T08:04:01.532+0000] {logging_mixin.py:190} INFO - [2026-08-24T08:04:01.532+0000] {dag.py:4180} INFO - Setting next_dagrun for xcom_dag to None, run_after=None
[2026-08-24T08:04:01.553+0000] {processor.py:208} INFO - Processing /opt/airflow/dags/02_xcom_dag.py took 0.099 seconds
[2026-08-24T08:04:32.452+0000] {processor.py:186} INFO - Started process (PID=1337) to work on /opt/airflow/dags/02_xcom_dag.py
[2026-08-24T08:04:32.453+0000] {processor.py:914} INFO - Processing file /opt/airflow/dags/02_xcom_dag.py for tasks to queue
[2026-08-24T08:04:32.457+0000] {logging_mixin.py:190} INFO - [2026-08-24T08:04:32.457+0000] {dagbag.py:588} INFO - Filling up the DagBag from /opt/airflow/dags/02_xcom_dag.py
[2026-08-24T08:04:32.484+0000] {processor.py:925} INFO - DAG(s) 'xcom_dag' retrieved from /opt/airflow/dags/02_xcom_dag.py
[2026-08-24T08:04:32.516+0000] {logging_mixin.py:190} INFO - [2026-08-24T08:04:32.516+0000] {dag.py:3239} INFO - Sync 1 DAGs
[2026-08-24T08:04:32.533+0000] {logging_mixin.py:190} INFO - [2026-08-24T08:04:32.533+0000] {dag.py:4180} INFO - Setting next_dagrun for xcom_dag to None, run_after=None
[2026-08-24T08:04:32.564+0000] {processor.py:208} INFO - Processing /opt/airflow/dags/02_xcom_dag.py took 0.120 seconds
[2026-08-24T08:05:03.311+0000] {processor.py:186} INFO - Started process (PID=1348) to work on /opt/airflow/dags/02_xcom_dag.py
[2026-08-24T08:05:03.313+0000] {processor.py:914} INFO - Processing file /opt/airflow/dags/02_xcom_dag.py for tasks to queue
[2026-08-24T08:05:03.316+0000] {logging_mixin.py:190} INFO - [2026-08-24T08:05:03.316+0000] {dagbag.py:588} INFO - Filling up the DagBag from /opt/airflow/dags/02_xcom_dag.py
[2026-08-24T08:05:03.341+0000] {processor.py:925} INFO - DAG(s) 'xcom_dag' retrieved from /opt/airflow/dags/02_xcom_dag.py
[2026-08-24T08:05:03.371+0000] {logging_mixin.py:190} INFO - [2026-08-24T08:05:03.370+0000] {dag.py:3239} INFO - Sync 1 DAGs
[2026-08-24T08:05:03.385+0000] {logging_mixin.py:190} INFO - [2026-08-24T08:05:03.385+0000] {dag.py:4180} INFO - Setting next_dagrun for xcom_dag to None, run_after=None
[2026-08-24T08:05:03.406+0000] {processor.py:208} INFO - Processing /opt/airflow/dags/02_xcom_dag.py took 0.103 seconds
[2026-08-24T08:05:33.925+0000] {processor.py:186} INFO - Started process (PID=1359) to work on /opt/airflow/dags/02_xcom_dag.py
[2026-08-24T08:05:33.927+0000] {processor.py:914} INFO - Processing file /opt/airflow/dags/02_xcom_dag.py for tasks to queue
[2026-08-24T08:05:33.929+0000] {logging_mixin.py:190} INFO - [2026-08-24T08:05:33.929+0000] {dagbag.py:588} INFO - Filling up the DagBag from /opt/airflow/dags/02_xcom_dag.py
[2026-08-24T08:05:33.950+0000] {processor.py:925} INFO - DAG(s) 'xcom_dag' retrieved from /opt/airflow/dags/02_xcom_dag.py
[2026-08-24T08:05:33.982+0000] {logging_mixin.py:190} INFO - [2026-08-24T08:05:33.981+0000] {dag.py:3239} INFO - Sync 1 DAGs
[2026-08-24T08:05:33.996+0000] {logging_mixin.py:190} INFO - [2026-08-24T08:05:33.995+0000] {dag.py:4180} INFO - Setting next_dagrun for xcom_dag to None, run_after=None
[2026-08-24T08:05:34.019+0000] {processor.py:208} INFO - Processing /opt/airflow/dags/02_xcom_dag.py took 0.100 seconds
[2026-08-24T08:06:05.472+0000] {processor.py:186} INFO - Started process (PID=1371) to work on /opt/airflow/dags/02_xcom_dag.py
[2026-08-24T08:06:05.474+0000] {processor.py:914} INFO - Processing file /opt/airflow/dags/02_xcom_dag.py for tasks to queue
[2026-08-24T08:06:05.477+0000] {logging_mixin.py:190} INFO - [2026-08-24T08:06:05.477+0000] {dagbag.py:588} INFO - Filling up the DagBag from /opt/airflow/dags/02_xcom_dag.py
[2026-08-24T08:06:05.531+0000] {processor.py:925} INFO - DAG(s) 'xcom_dag' retrieved from /opt/airflow/dags/02_xcom_dag.py
[2026-08-24T08:06:05.573+0000] {logging_mixin.py:190} INFO - [2026-08-24T08:06:05.573+0000] {dag.py:3239} INFO - Sync 1 DAGs
[2026-08-24T08:06:05.588+0000] {logging_mixin.py:190} INFO - [2026-08-24T08:06:05.588+0000] {dag.py:4180} INFO - Setting next_dagrun for xcom_dag to None, run_after=None
[2026-08-24T08:06:05.620+0000] {processor.py:208} INFO - Processing /opt/airflow/dags/02_xcom_dag.py took 0.154 seconds
[2026-08-24T08:06:36.527+0000] {processor.py:186} INFO - Started process (PID=1382) to work on /opt/airflow/dags/02_xcom_dag.py
[2026-08-24T08:06:36.529+0000] {processor.py:914} INFO - Processing file /opt/airflow/dags/02_xcom_dag.py for tasks to queue
[2026-08-24T08:06:36.532+0000] {logging_mixin.py:190} INFO - [2026-08-24T08:06:36.532+0000] {dagbag.py:588} INFO - Filling up the DagBag from /opt/airflow/dags/02_xcom_dag.py
[2026-08-24T08:06:36.568+0000] {processor.py:925} INFO - DAG(s) 'xcom_dag' retrieved from /opt/airflow/dags/02_xcom_dag.py
[2026-08-24T08:06:36.597+0000] {logging_mixin.py:190} INFO - [2026-08-24T08:06:36.597+0000] {dag.py:3239} INFO - Sync 1 DAGs
[2026-08-24T08:06:36.615+0000] {logging_mixin.py:190} INFO - [2026-08-24T08:06:36.614+0000] {dag.py:4180} INFO - Setting next_dagrun for xcom_dag to None, run_after=None
[2026-08-24T08:06:36.637+0000] {processor.py:208} INFO - Processing /opt/airflow/dags/02_xcom_dag.py took 0.116 seconds
[2026-08-24T08:07:07.460+0000] {processor.py:186} INFO - Started process (PID=1393) to work on /opt/airflow/dags/02_xcom_dag.py
[2026-08-24T08:07:07.462+0000] {processor.py:914} INFO - Processing file /opt/airflow/dags/02_xcom_dag.py for tasks to queue
[2026-08-24T08:07:07.466+0000] {logging_mixin.py:190} INFO - [2026-08-24T08:07:07.465+0000] {dagbag.py:588} INFO - Filling up the DagBag from /opt/airflow/dags/02_xcom_dag.py
[2026-08-24T08:07:07.515+0000] {processor.py:925} INFO - DAG(s) 'xcom_dag' retrieved from /opt/airflow/dags/02_xcom_dag.py
[2026-08-24T08:07:07.583+0000] {logging_mixin.py:190} INFO - [2026-08-24T08:07:07.583+0000] {dag.py:3239} INFO - Sync 1 DAGs
[2026-08-24T08:07:07.610+0000] {logging_mixin.py:190} INFO - [2026-08-24T08:07:07.610+0000] {dag.py:4180} INFO - Setting next_dagrun for xcom_dag to None, run_after=None
[2026-08-24T08:07:07.658+0000] {processor.py:208} INFO - Processing /opt/airflow/dags/02_xcom_dag.py took 0.206 seconds
[2026-08-24T08:07:38.433+0000] {processor.py:186} INFO - Started process (PID=1404) to work on /opt/airflow/dags/02_xcom_dag.py
[2026-08-24T08:07:38.435+0000] {processor.py:914} INFO - Processing file /opt/airflow/dags/02_xcom_dag.py for tasks to queue
[2026-08-24T08:07:38.439+0000] {logging_mixin.py:190} INFO - [2026-08-24T08:07:38.438+0000] {dagbag.py:588} INFO - Filling up the DagBag from /opt/airflow/dags/02_xcom_dag.py
[2026-08-24T08:07:38.467+0000] {processor.py:925} INFO - DAG(s) 'xcom_dag' retrieved from /opt/airflow/dags/02_xcom_dag.py
[2026-08-24T08:07:38.502+0000] {logging_mixin.py:190} INFO - [2026-08-24T08:07:38.502+0000] {dag.py:3239} INFO - Sync 1 DAGs
[2026-08-24T08:07:38.520+0000] {logging_mixin.py:190} INFO - [2026-08-24T08:07:38.519+0000] {dag.py:4180} INFO - Setting next_dagrun for xcom_dag to None, run_after=None
[2026-08-24T08:07:38.552+0000] {processor.py:208} INFO - Processing /opt/airflow/dags/02_xcom_dag.py took 0.126 seconds
