[2026-08-31T07:56:10.921+0000] {processor.py:186} INFO - Started process (PID=98) to work on /opt/airflow/dags/01_hello_dag.py
[2026-08-31T07:56:10.923+0000] {processor.py:914} INFO - Processing file /opt/airflow/dags/01_hello_dag.py for tasks to queue
[2026-08-31T07:56:10.932+0000] {logging_mixin.py:190} INFO - [2026-08-31T07:56:10.931+0000] {dagbag.py:588} INFO - Filling up the DagBag from /opt/airflow/dags/01_hello_dag.py
[2026-08-31T07:56:10.988+0000] {processor.py:925} INFO - DAG(s) 'hello_dag' retrieved from /opt/airflow/dags/01_hello_dag.py
[2026-08-31T07:56:11.046+0000] {logging_mixin.py:190} INFO - [2026-08-31T07:56:11.046+0000] {dag.py:3239} INFO - Sync 1 DAGs
[2026-08-31T07:56:11.071+0000] {logging_mixin.py:190} INFO - [2026-08-31T07:56:11.071+0000] {dag.py:4180} INFO - Setting next_dagrun for hello_dag to None, run_after=None
[2026-08-31T07:56:11.115+0000] {processor.py:208} INFO - Processing /opt/airflow/dags/01_hello_dag.py took 0.201 seconds
[2026-08-31T07:56:41.746+0000] {processor.py:186} INFO - Started process (PID=110) to work on /opt/airflow/dags/01_hello_dag.py
[2026-08-31T07:56:41.747+0000] {processor.py:914} INFO - Processing file /opt/airflow/dags/01_hello_dag.py for tasks to queue
[2026-08-31T07:56:41.749+0000] {logging_mixin.py:190} INFO - [2026-08-31T07:56:41.748+0000] {dagbag.py:588} INFO - Filling up the DagBag from /opt/airflow/dags/01_hello_dag.py
[2026-08-31T07:56:41.770+0000] {processor.py:925} INFO - DAG(s) 'hello_dag' retrieved from /opt/airflow/dags/01_hello_dag.py
[2026-08-31T07:56:41.791+0000] {logging_mixin.py:190} INFO - [2026-08-31T07:56:41.791+0000] {dag.py:3239} INFO - Sync 1 DAGs
[2026-08-31T07:56:41.803+0000] {logging_mixin.py:190} INFO - [2026-08-31T07:56:41.803+0000] {dag.py:4180} INFO - Setting next_dagrun for hello_dag to None, run_after=None
[2026-08-31T07:56:41.818+0000] {processor.py:208} INFO - Processing /opt/airflow/dags/01_hello_dag.py took 0.077 seconds
[2026-08-31T07:57:11.929+0000] {processor.py:186} INFO - Started process (PID=124) to work on /opt/airflow/dags/01_hello_dag.py
[2026-08-31T07:57:11.931+0000] {processor.py:914} INFO - Processing file /opt/airflow/dags/01_hello_dag.py for tasks to queue
[2026-08-31T07:57:11.933+0000] {logging_mixin.py:190} INFO - [2026-08-31T07:57:11.933+0000] {dagbag.py:588} INFO - Filling up the DagBag from /opt/airflow/dags/01_hello_dag.py
[2026-08-31T07:57:11.952+0000] {processor.py:925} INFO - DAG(s) 'hello_dag' retrieved from /opt/airflow/dags/01_hello_dag.py
[2026-08-31T07:57:11.977+0000] {logging_mixin.py:190} INFO - [2026-08-31T07:57:11.977+0000] {dag.py:3239} INFO - Sync 1 DAGs
[2026-08-31T07:57:11.991+0000] {logging_mixin.py:190} INFO - [2026-08-31T07:57:11.990+0000] {dag.py:4180} INFO - Setting next_dagrun for hello_dag to None, run_after=None
[2026-08-31T07:57:12.007+0000] {processor.py:208} INFO - Processing /opt/airflow/dags/01_hello_dag.py took 0.084 seconds
[2026-08-31T07:57:42.370+0000] {processor.py:186} INFO - Started process (PID=138) to work on /opt/airflow/dags/01_hello_dag.py
[2026-08-31T07:57:42.371+0000] {processor.py:914} INFO - Processing file /opt/airflow/dags/01_hello_dag.py for tasks to queue
[2026-08-31T07:57:42.373+0000] {logging_mixin.py:190} INFO - [2026-08-31T07:57:42.373+0000] {dagbag.py:588} INFO - Filling up the DagBag from /opt/airflow/dags/01_hello_dag.py
[2026-08-31T07:57:42.424+0000] {processor.py:925} INFO - DAG(s) 'hello_dag' retrieved from /opt/airflow/dags/01_hello_dag.py
[2026-08-31T07:57:42.479+0000] {logging_mixin.py:190} INFO - [2026-08-31T07:57:42.478+0000] {dag.py:3239} INFO - Sync 1 DAGs
[2026-08-31T07:57:42.515+0000] {logging_mixin.py:190} INFO - [2026-08-31T07:57:42.515+0000] {dag.py:4180} INFO - Setting next_dagrun for hello_dag to None, run_after=None
[2026-08-31T07:57:42.539+0000] {processor.py:208} INFO - Processing /opt/airflow/dags/01_hello_dag.py took 0.176 seconds
[2026-08-31T07:58:13.036+0000] {processor.py:186} INFO - Started process (PID=152) to work on /opt/airflow/dags/01_hello_dag.py
[2026-08-31T07:58:13.038+0000] {processor.py:914} INFO - Processing file /opt/airflow/dags/01_hello_dag.py for tasks to queue
[2026-08-31T07:58:13.042+0000] {logging_mixin.py:190} INFO - [2026-08-31T07:58:13.042+0000] {dagbag.py:588} INFO - Filling up the DagBag from /opt/airflow/dags/01_hello_dag.py
[2026-08-31T07:58:13.064+0000] {processor.py:925} INFO - DAG(s) 'hello_dag' retrieved from /opt/airflow/dags/01_hello_dag.py
[2026-08-31T07:58:13.085+0000] {logging_mixin.py:190} INFO - [2026-08-31T07:58:13.085+0000] {dag.py:3239} INFO - Sync 1 DAGs
[2026-08-31T07:58:13.098+0000] {logging_mixin.py:190} INFO - [2026-08-31T07:58:13.098+0000] {dag.py:4180} INFO - Setting next_dagrun for hello_dag to None, run_after=None
[2026-08-31T07:58:13.117+0000] {processor.py:208} INFO - Processing /opt/airflow/dags/01_hello_dag.py took 0.090 seconds
[2026-08-31T07:58:43.763+0000] {processor.py:186} INFO - Started process (PID=166) to work on /opt/airflow/dags/01_hello_dag.py
[2026-08-31T07:58:43.764+0000] {processor.py:914} INFO - Processing file /opt/airflow/dags/01_hello_dag.py for tasks to queue
[2026-08-31T07:58:43.768+0000] {logging_mixin.py:190} INFO - [2026-08-31T07:58:43.767+0000] {dagbag.py:588} INFO - Filling up the DagBag from /opt/airflow/dags/01_hello_dag.py
[2026-08-31T07:58:43.809+0000] {processor.py:925} INFO - DAG(s) 'hello_dag' retrieved from /opt/airflow/dags/01_hello_dag.py
[2026-08-31T07:58:43.838+0000] {logging_mixin.py:190} INFO - [2026-08-31T07:58:43.837+0000] {dag.py:3239} INFO - Sync 1 DAGs
[2026-08-31T07:58:44.048+0000] {logging_mixin.py:190} INFO - [2026-08-31T07:58:44.048+0000] {dag.py:4180} INFO - Setting next_dagrun for hello_dag to None, run_after=None
[2026-08-31T07:58:44.093+0000] {processor.py:208} INFO - Processing /opt/airflow/dags/01_hello_dag.py took 0.341 seconds
[2026-08-31T07:59:14.202+0000] {processor.py:186} INFO - Started process (PID=180) to work on /opt/airflow/dags/01_hello_dag.py
[2026-08-31T07:59:14.203+0000] {processor.py:914} INFO - Processing file /opt/airflow/dags/01_hello_dag.py for tasks to queue
[2026-08-31T07:59:14.208+0000] {logging_mixin.py:190} INFO - [2026-08-31T07:59:14.208+0000] {dagbag.py:588} INFO - Filling up the DagBag from /opt/airflow/dags/01_hello_dag.py
[2026-08-31T07:59:14.515+0000] {processor.py:925} INFO - DAG(s) 'hello_dag' retrieved from /opt/airflow/dags/01_hello_dag.py
[2026-08-31T07:59:14.567+0000] {logging_mixin.py:190} INFO - [2026-08-31T07:59:14.567+0000] {dag.py:3239} INFO - Sync 1 DAGs
[2026-08-31T07:59:14.583+0000] {logging_mixin.py:190} INFO - [2026-08-31T07:59:14.583+0000] {dag.py:4180} INFO - Setting next_dagrun for hello_dag to None, run_after=None
[2026-08-31T07:59:14.602+0000] {processor.py:208} INFO - Processing /opt/airflow/dags/01_hello_dag.py took 0.409 seconds
[2026-08-31T07:59:44.672+0000] {processor.py:186} INFO - Started process (PID=193) to work on /opt/airflow/dags/01_hello_dag.py
[2026-08-31T07:59:44.673+0000] {processor.py:914} INFO - Processing file /opt/airflow/dags/01_hello_dag.py for tasks to queue
[2026-08-31T07:59:44.676+0000] {logging_mixin.py:190} INFO - [2026-08-31T07:59:44.675+0000] {dagbag.py:588} INFO - Filling up the DagBag from /opt/airflow/dags/01_hello_dag.py
[2026-08-31T07:59:44.693+0000] {processor.py:925} INFO - DAG(s) 'hello_dag' retrieved from /opt/airflow/dags/01_hello_dag.py
[2026-08-31T07:59:44.719+0000] {logging_mixin.py:190} INFO - [2026-08-31T07:59:44.719+0000] {dag.py:3239} INFO - Sync 1 DAGs
[2026-08-31T07:59:44.732+0000] {logging_mixin.py:190} INFO - [2026-08-31T07:59:44.732+0000] {dag.py:4180} INFO - Setting next_dagrun for hello_dag to None, run_after=None
[2026-08-31T07:59:44.757+0000] {processor.py:208} INFO - Processing /opt/airflow/dags/01_hello_dag.py took 0.094 seconds
[2026-08-31T08:00:14.909+0000] {processor.py:186} INFO - Started process (PID=207) to work on /opt/airflow/dags/01_hello_dag.py
[2026-08-31T08:00:14.910+0000] {processor.py:914} INFO - Processing file /opt/airflow/dags/01_hello_dag.py for tasks to queue
[2026-08-31T08:00:14.917+0000] {logging_mixin.py:190} INFO - [2026-08-31T08:00:14.917+0000] {dagbag.py:588} INFO - Filling up the DagBag from /opt/airflow/dags/01_hello_dag.py
[2026-08-31T08:00:14.933+0000] {processor.py:925} INFO - DAG(s) 'hello_dag' retrieved from /opt/airflow/dags/01_hello_dag.py
[2026-08-31T08:00:14.954+0000] {logging_mixin.py:190} INFO - [2026-08-31T08:00:14.954+0000] {dag.py:3239} INFO - Sync 1 DAGs
[2026-08-31T08:00:14.965+0000] {logging_mixin.py:190} INFO - [2026-08-31T08:00:14.965+0000] {dag.py:4180} INFO - Setting next_dagrun for hello_dag to None, run_after=None
[2026-08-31T08:00:14.984+0000] {processor.py:208} INFO - Processing /opt/airflow/dags/01_hello_dag.py took 0.081 seconds
[2026-08-31T08:00:45.086+0000] {processor.py:186} INFO - Started process (PID=221) to work on /opt/airflow/dags/01_hello_dag.py
[2026-08-31T08:00:45.087+0000] {processor.py:914} INFO - Processing file /opt/airflow/dags/01_hello_dag.py for tasks to queue
[2026-08-31T08:00:45.090+0000] {logging_mixin.py:190} INFO - [2026-08-31T08:00:45.089+0000] {dagbag.py:588} INFO - Filling up the DagBag from /opt/airflow/dags/01_hello_dag.py
[2026-08-31T08:00:45.143+0000] {processor.py:925} INFO - DAG(s) 'hello_dag' retrieved from /opt/airflow/dags/01_hello_dag.py
[2026-08-31T08:00:45.174+0000] {logging_mixin.py:190} INFO - [2026-08-31T08:00:45.174+0000] {dag.py:3239} INFO - Sync 1 DAGs
[2026-08-31T08:00:45.185+0000] {logging_mixin.py:190} INFO - [2026-08-31T08:00:45.185+0000] {dag.py:4180} INFO - Setting next_dagrun for hello_dag to None, run_after=None
[2026-08-31T08:00:45.209+0000] {processor.py:208} INFO - Processing /opt/airflow/dags/01_hello_dag.py took 0.132 seconds
[2026-08-31T08:01:15.605+0000] {processor.py:186} INFO - Started process (PID=236) to work on /opt/airflow/dags/01_hello_dag.py
[2026-08-31T08:01:15.609+0000] {processor.py:914} INFO - Processing file /opt/airflow/dags/01_hello_dag.py for tasks to queue
[2026-08-31T08:01:15.611+0000] {logging_mixin.py:190} INFO - [2026-08-31T08:01:15.611+0000] {dagbag.py:588} INFO - Filling up the DagBag from /opt/airflow/dags/01_hello_dag.py
[2026-08-31T08:01:15.634+0000] {processor.py:925} INFO - DAG(s) 'hello_dag' retrieved from /opt/airflow/dags/01_hello_dag.py
[2026-08-31T08:01:15.655+0000] {logging_mixin.py:190} INFO - [2026-08-31T08:01:15.655+0000] {dag.py:3239} INFO - Sync 1 DAGs
[2026-08-31T08:01:15.667+0000] {logging_mixin.py:190} INFO - [2026-08-31T08:01:15.667+0000] {dag.py:4180} INFO - Setting next_dagrun for hello_dag to None, run_after=None
[2026-08-31T08:01:15.686+0000] {processor.py:208} INFO - Processing /opt/airflow/dags/01_hello_dag.py took 0.087 seconds
[2026-08-31T08:01:45.920+0000] {processor.py:186} INFO - Started process (PID=250) to work on /opt/airflow/dags/01_hello_dag.py
[2026-08-31T08:01:45.921+0000] {processor.py:914} INFO - Processing file /opt/airflow/dags/01_hello_dag.py for tasks to queue
[2026-08-31T08:01:45.926+0000] {logging_mixin.py:190} INFO - [2026-08-31T08:01:45.926+0000] {dagbag.py:588} INFO - Filling up the DagBag from /opt/airflow/dags/01_hello_dag.py
[2026-08-31T08:01:46.017+0000] {processor.py:925} INFO - DAG(s) 'hello_dag' retrieved from /opt/airflow/dags/01_hello_dag.py
[2026-08-31T08:01:46.043+0000] {logging_mixin.py:190} INFO - [2026-08-31T08:01:46.043+0000] {dag.py:3239} INFO - Sync 1 DAGs
[2026-08-31T08:01:46.055+0000] {logging_mixin.py:190} INFO - [2026-08-31T08:01:46.055+0000] {dag.py:4180} INFO - Setting next_dagrun for hello_dag to None, run_after=None
[2026-08-31T08:01:46.077+0000] {processor.py:208} INFO - Processing /opt/airflow/dags/01_hello_dag.py took 0.163 seconds
[2026-08-31T08:02:16.410+0000] {processor.py:186} INFO - Started process (PID=264) to work on /opt/airflow/dags/01_hello_dag.py
[2026-08-31T08:02:16.413+0000] {processor.py:914} INFO - Processing file /opt/airflow/dags/01_hello_dag.py for tasks to queue
[2026-08-31T08:02:16.418+0000] {logging_mixin.py:190} INFO - [2026-08-31T08:02:16.417+0000] {dagbag.py:588} INFO - Filling up the DagBag from /opt/airflow/dags/01_hello_dag.py
[2026-08-31T08:02:16.485+0000] {processor.py:925} INFO - DAG(s) 'hello_dag' retrieved from /opt/airflow/dags/01_hello_dag.py
[2026-08-31T08:02:16.528+0000] {logging_mixin.py:190} INFO - [2026-08-31T08:02:16.528+0000] {dag.py:3239} INFO - Sync 1 DAGs
[2026-08-31T08:02:16.541+0000] {logging_mixin.py:190} INFO - [2026-08-31T08:02:16.541+0000] {dag.py:4180} INFO - Setting next_dagrun for hello_dag to None, run_after=None
[2026-08-31T08:02:16.567+0000] {processor.py:208} INFO - Processing /opt/airflow/dags/01_hello_dag.py took 0.166 seconds
[2026-08-31T08:02:47.245+0000] {processor.py:186} INFO - Started process (PID=278) to work on /opt/airflow/dags/01_hello_dag.py
[2026-08-31T08:02:47.246+0000] {processor.py:914} INFO - Processing file /opt/airflow/dags/01_hello_dag.py for tasks to queue
[2026-08-31T08:02:47.249+0000] {logging_mixin.py:190} INFO - [2026-08-31T08:02:47.249+0000] {dagbag.py:588} INFO - Filling up the DagBag from /opt/airflow/dags/01_hello_dag.py
[2026-08-31T08:02:47.272+0000] {processor.py:925} INFO - DAG(s) 'hello_dag' retrieved from /opt/airflow/dags/01_hello_dag.py
[2026-08-31T08:02:47.301+0000] {logging_mixin.py:190} INFO - [2026-08-31T08:02:47.301+0000] {dag.py:3239} INFO - Sync 1 DAGs
[2026-08-31T08:02:47.316+0000] {logging_mixin.py:190} INFO - [2026-08-31T08:02:47.316+0000] {dag.py:4180} INFO - Setting next_dagrun for hello_dag to None, run_after=None
[2026-08-31T08:02:47.342+0000] {processor.py:208} INFO - Processing /opt/airflow/dags/01_hello_dag.py took 0.107 seconds
[2026-08-31T08:03:17.519+0000] {processor.py:186} INFO - Started process (PID=292) to work on /opt/airflow/dags/01_hello_dag.py
[2026-08-31T08:03:17.520+0000] {processor.py:914} INFO - Processing file /opt/airflow/dags/01_hello_dag.py for tasks to queue
[2026-08-31T08:03:17.523+0000] {logging_mixin.py:190} INFO - [2026-08-31T08:03:17.523+0000] {dagbag.py:588} INFO - Filling up the DagBag from /opt/airflow/dags/01_hello_dag.py
[2026-08-31T08:03:17.549+0000] {processor.py:925} INFO - DAG(s) 'hello_dag' retrieved from /opt/airflow/dags/01_hello_dag.py
[2026-08-31T08:03:17.579+0000] {logging_mixin.py:190} INFO - [2026-08-31T08:03:17.579+0000] {dag.py:3239} INFO - Sync 1 DAGs
[2026-08-31T08:03:17.593+0000] {logging_mixin.py:190} INFO - [2026-08-31T08:03:17.593+0000] {dag.py:4180} INFO - Setting next_dagrun for hello_dag to None, run_after=None
[2026-08-31T08:03:17.613+0000] {processor.py:208} INFO - Processing /opt/airflow/dags/01_hello_dag.py took 0.099 seconds
[2026-08-31T08:03:47.675+0000] {processor.py:186} INFO - Started process (PID=306) to work on /opt/airflow/dags/01_hello_dag.py
[2026-08-31T08:03:47.675+0000] {processor.py:914} INFO - Processing file /opt/airflow/dags/01_hello_dag.py for tasks to queue
[2026-08-31T08:03:47.678+0000] {logging_mixin.py:190} INFO - [2026-08-31T08:03:47.677+0000] {dagbag.py:588} INFO - Filling up the DagBag from /opt/airflow/dags/01_hello_dag.py
[2026-08-31T08:03:47.693+0000] {processor.py:925} INFO - DAG(s) 'hello_dag' retrieved from /opt/airflow/dags/01_hello_dag.py
[2026-08-31T08:03:47.719+0000] {logging_mixin.py:190} INFO - [2026-08-31T08:03:47.719+0000] {dag.py:3239} INFO - Sync 1 DAGs
[2026-08-31T08:03:47.736+0000] {logging_mixin.py:190} INFO - [2026-08-31T08:03:47.735+0000] {dag.py:4180} INFO - Setting next_dagrun for hello_dag to None, run_after=None
[2026-08-31T08:03:47.759+0000] {processor.py:208} INFO - Processing /opt/airflow/dags/01_hello_dag.py took 0.089 seconds
[2026-08-31T08:04:17.906+0000] {processor.py:186} INFO - Started process (PID=320) to work on /opt/airflow/dags/01_hello_dag.py
[2026-08-31T08:04:17.907+0000] {processor.py:914} INFO - Processing file /opt/airflow/dags/01_hello_dag.py for tasks to queue
[2026-08-31T08:04:17.910+0000] {logging_mixin.py:190} INFO - [2026-08-31T08:04:17.909+0000] {dagbag.py:588} INFO - Filling up the DagBag from /opt/airflow/dags/01_hello_dag.py
[2026-08-31T08:04:17.938+0000] {processor.py:925} INFO - DAG(s) 'hello_dag' retrieved from /opt/airflow/dags/01_hello_dag.py
[2026-08-31T08:04:17.974+0000] {logging_mixin.py:190} INFO - [2026-08-31T08:04:17.973+0000] {dag.py:3239} INFO - Sync 1 DAGs
[2026-08-31T08:04:17.993+0000] {logging_mixin.py:190} INFO - [2026-08-31T08:04:17.993+0000] {dag.py:4180} INFO - Setting next_dagrun for hello_dag to None, run_after=None
[2026-08-31T08:04:18.015+0000] {processor.py:208} INFO - Processing /opt/airflow/dags/01_hello_dag.py took 0.120 seconds
[2026-08-31T08:04:48.253+0000] {processor.py:186} INFO - Started process (PID=334) to work on /opt/airflow/dags/01_hello_dag.py
[2026-08-31T08:04:48.254+0000] {processor.py:914} INFO - Processing file /opt/airflow/dags/01_hello_dag.py for tasks to queue
[2026-08-31T08:04:48.257+0000] {logging_mixin.py:190} INFO - [2026-08-31T08:04:48.257+0000] {dagbag.py:588} INFO - Filling up the DagBag from /opt/airflow/dags/01_hello_dag.py
[2026-08-31T08:04:48.285+0000] {processor.py:925} INFO - DAG(s) 'hello_dag' retrieved from /opt/airflow/dags/01_hello_dag.py
[2026-08-31T08:04:48.325+0000] {logging_mixin.py:190} INFO - [2026-08-31T08:04:48.324+0000] {dag.py:3239} INFO - Sync 1 DAGs
[2026-08-31T08:04:48.346+0000] {logging_mixin.py:190} INFO - [2026-08-31T08:04:48.346+0000] {dag.py:4180} INFO - Setting next_dagrun for hello_dag to None, run_after=None
[2026-08-31T08:04:48.367+0000] {processor.py:208} INFO - Processing /opt/airflow/dags/01_hello_dag.py took 0.120 seconds
[2026-08-31T08:05:18.700+0000] {processor.py:186} INFO - Started process (PID=348) to work on /opt/airflow/dags/01_hello_dag.py
[2026-08-31T08:05:18.701+0000] {processor.py:914} INFO - Processing file /opt/airflow/dags/01_hello_dag.py for tasks to queue
[2026-08-31T08:05:18.703+0000] {logging_mixin.py:190} INFO - [2026-08-31T08:05:18.703+0000] {dagbag.py:588} INFO - Filling up the DagBag from /opt/airflow/dags/01_hello_dag.py
[2026-08-31T08:05:18.726+0000] {processor.py:925} INFO - DAG(s) 'hello_dag' retrieved from /opt/airflow/dags/01_hello_dag.py
[2026-08-31T08:05:18.756+0000] {logging_mixin.py:190} INFO - [2026-08-31T08:05:18.756+0000] {dag.py:3239} INFO - Sync 1 DAGs
[2026-08-31T08:05:18.770+0000] {logging_mixin.py:190} INFO - [2026-08-31T08:05:18.770+0000] {dag.py:4180} INFO - Setting next_dagrun for hello_dag to None, run_after=None
[2026-08-31T08:05:18.788+0000] {processor.py:208} INFO - Processing /opt/airflow/dags/01_hello_dag.py took 0.092 seconds
[2026-08-31T08:05:49.554+0000] {processor.py:186} INFO - Started process (PID=362) to work on /opt/airflow/dags/01_hello_dag.py
[2026-08-31T08:05:49.555+0000] {processor.py:914} INFO - Processing file /opt/airflow/dags/01_hello_dag.py for tasks to queue
[2026-08-31T08:05:49.557+0000] {logging_mixin.py:190} INFO - [2026-08-31T08:05:49.557+0000] {dagbag.py:588} INFO - Filling up the DagBag from /opt/airflow/dags/01_hello_dag.py
[2026-08-31T08:05:49.571+0000] {processor.py:925} INFO - DAG(s) 'hello_dag' retrieved from /opt/airflow/dags/01_hello_dag.py
[2026-08-31T08:05:49.594+0000] {logging_mixin.py:190} INFO - [2026-08-31T08:05:49.594+0000] {dag.py:3239} INFO - Sync 1 DAGs
[2026-08-31T08:05:49.606+0000] {logging_mixin.py:190} INFO - [2026-08-31T08:05:49.606+0000] {dag.py:4180} INFO - Setting next_dagrun for hello_dag to None, run_after=None
[2026-08-31T08:05:49.627+0000] {processor.py:208} INFO - Processing /opt/airflow/dags/01_hello_dag.py took 0.078 seconds
[2026-08-31T08:06:19.695+0000] {processor.py:186} INFO - Started process (PID=377) to work on /opt/airflow/dags/01_hello_dag.py
[2026-08-31T08:06:19.696+0000] {processor.py:914} INFO - Processing file /opt/airflow/dags/01_hello_dag.py for tasks to queue
[2026-08-31T08:06:19.698+0000] {logging_mixin.py:190} INFO - [2026-08-31T08:06:19.698+0000] {dagbag.py:588} INFO - Filling up the DagBag from /opt/airflow/dags/01_hello_dag.py
[2026-08-31T08:06:19.717+0000] {processor.py:925} INFO - DAG(s) 'hello_dag' retrieved from /opt/airflow/dags/01_hello_dag.py
[2026-08-31T08:06:19.741+0000] {logging_mixin.py:190} INFO - [2026-08-31T08:06:19.741+0000] {dag.py:3239} INFO - Sync 1 DAGs
[2026-08-31T08:06:19.753+0000] {logging_mixin.py:190} INFO - [2026-08-31T08:06:19.753+0000] {dag.py:4180} INFO - Setting next_dagrun for hello_dag to None, run_after=None
[2026-08-31T08:06:19.770+0000] {processor.py:208} INFO - Processing /opt/airflow/dags/01_hello_dag.py took 0.080 seconds
[2026-08-31T08:06:50.078+0000] {processor.py:186} INFO - Started process (PID=391) to work on /opt/airflow/dags/01_hello_dag.py
[2026-08-31T08:06:50.081+0000] {processor.py:914} INFO - Processing file /opt/airflow/dags/01_hello_dag.py for tasks to queue
[2026-08-31T08:06:50.084+0000] {logging_mixin.py:190} INFO - [2026-08-31T08:06:50.083+0000] {dagbag.py:588} INFO - Filling up the DagBag from /opt/airflow/dags/01_hello_dag.py
[2026-08-31T08:06:50.107+0000] {processor.py:925} INFO - DAG(s) 'hello_dag' retrieved from /opt/airflow/dags/01_hello_dag.py
[2026-08-31T08:06:50.133+0000] {logging_mixin.py:190} INFO - [2026-08-31T08:06:50.132+0000] {dag.py:3239} INFO - Sync 1 DAGs
[2026-08-31T08:06:50.144+0000] {logging_mixin.py:190} INFO - [2026-08-31T08:06:50.144+0000] {dag.py:4180} INFO - Setting next_dagrun for hello_dag to None, run_after=None
[2026-08-31T08:06:50.160+0000] {processor.py:208} INFO - Processing /opt/airflow/dags/01_hello_dag.py took 0.089 seconds
[2026-08-31T08:07:20.358+0000] {processor.py:186} INFO - Started process (PID=405) to work on /opt/airflow/dags/01_hello_dag.py
[2026-08-31T08:07:20.360+0000] {processor.py:914} INFO - Processing file /opt/airflow/dags/01_hello_dag.py for tasks to queue
[2026-08-31T08:07:20.364+0000] {logging_mixin.py:190} INFO - [2026-08-31T08:07:20.364+0000] {dagbag.py:588} INFO - Filling up the DagBag from /opt/airflow/dags/01_hello_dag.py
[2026-08-31T08:07:20.398+0000] {processor.py:925} INFO - DAG(s) 'hello_dag' retrieved from /opt/airflow/dags/01_hello_dag.py
[2026-08-31T08:07:20.435+0000] {logging_mixin.py:190} INFO - [2026-08-31T08:07:20.434+0000] {dag.py:3239} INFO - Sync 1 DAGs
[2026-08-31T08:07:20.457+0000] {logging_mixin.py:190} INFO - [2026-08-31T08:07:20.457+0000] {dag.py:4180} INFO - Setting next_dagrun for hello_dag to None, run_after=None
[2026-08-31T08:07:20.484+0000] {processor.py:208} INFO - Processing /opt/airflow/dags/01_hello_dag.py took 0.135 seconds
[2026-08-31T08:07:50.648+0000] {processor.py:186} INFO - Started process (PID=419) to work on /opt/airflow/dags/01_hello_dag.py
[2026-08-31T08:07:50.649+0000] {processor.py:914} INFO - Processing file /opt/airflow/dags/01_hello_dag.py for tasks to queue
[2026-08-31T08:07:50.653+0000] {logging_mixin.py:190} INFO - [2026-08-31T08:07:50.652+0000] {dagbag.py:588} INFO - Filling up the DagBag from /opt/airflow/dags/01_hello_dag.py
[2026-08-31T08:07:50.674+0000] {processor.py:925} INFO - DAG(s) 'hello_dag' retrieved from /opt/airflow/dags/01_hello_dag.py
[2026-08-31T08:07:50.702+0000] {logging_mixin.py:190} INFO - [2026-08-31T08:07:50.702+0000] {dag.py:3239} INFO - Sync 1 DAGs
[2026-08-31T08:07:50.716+0000] {logging_mixin.py:190} INFO - [2026-08-31T08:07:50.715+0000] {dag.py:4180} INFO - Setting next_dagrun for hello_dag to None, run_after=None
[2026-08-31T08:07:50.733+0000] {processor.py:208} INFO - Processing /opt/airflow/dags/01_hello_dag.py took 0.093 seconds
[2026-08-31T08:08:20.907+0000] {processor.py:186} INFO - Started process (PID=433) to work on /opt/airflow/dags/01_hello_dag.py
[2026-08-31T08:08:20.908+0000] {processor.py:914} INFO - Processing file /opt/airflow/dags/01_hello_dag.py for tasks to queue
[2026-08-31T08:08:20.911+0000] {logging_mixin.py:190} INFO - [2026-08-31T08:08:20.911+0000] {dagbag.py:588} INFO - Filling up the DagBag from /opt/airflow/dags/01_hello_dag.py
[2026-08-31T08:08:20.928+0000] {processor.py:925} INFO - DAG(s) 'hello_dag' retrieved from /opt/airflow/dags/01_hello_dag.py
[2026-08-31T08:08:20.954+0000] {logging_mixin.py:190} INFO - [2026-08-31T08:08:20.954+0000] {dag.py:3239} INFO - Sync 1 DAGs
[2026-08-31T08:08:20.966+0000] {logging_mixin.py:190} INFO - [2026-08-31T08:08:20.965+0000] {dag.py:4180} INFO - Setting next_dagrun for hello_dag to None, run_after=None
[2026-08-31T08:08:20.981+0000] {processor.py:208} INFO - Processing /opt/airflow/dags/01_hello_dag.py took 0.081 seconds
[2026-08-31T08:08:51.208+0000] {processor.py:186} INFO - Started process (PID=447) to work on /opt/airflow/dags/01_hello_dag.py
[2026-08-31T08:08:51.209+0000] {processor.py:914} INFO - Processing file /opt/airflow/dags/01_hello_dag.py for tasks to queue
[2026-08-31T08:08:51.212+0000] {logging_mixin.py:190} INFO - [2026-08-31T08:08:51.212+0000] {dagbag.py:588} INFO - Filling up the DagBag from /opt/airflow/dags/01_hello_dag.py
[2026-08-31T08:08:51.235+0000] {processor.py:925} INFO - DAG(s) 'hello_dag' retrieved from /opt/airflow/dags/01_hello_dag.py
[2026-08-31T08:08:51.261+0000] {logging_mixin.py:190} INFO - [2026-08-31T08:08:51.261+0000] {dag.py:3239} INFO - Sync 1 DAGs
[2026-08-31T08:08:51.277+0000] {logging_mixin.py:190} INFO - [2026-08-31T08:08:51.276+0000] {dag.py:4180} INFO - Setting next_dagrun for hello_dag to None, run_after=None
[2026-08-31T08:08:51.298+0000] {processor.py:208} INFO - Processing /opt/airflow/dags/01_hello_dag.py took 0.096 seconds
[2026-08-31T08:09:21.474+0000] {processor.py:186} INFO - Started process (PID=461) to work on /opt/airflow/dags/01_hello_dag.py
[2026-08-31T08:09:21.474+0000] {processor.py:914} INFO - Processing file /opt/airflow/dags/01_hello_dag.py for tasks to queue
[2026-08-31T08:09:21.477+0000] {logging_mixin.py:190} INFO - [2026-08-31T08:09:21.476+0000] {dagbag.py:588} INFO - Filling up the DagBag from /opt/airflow/dags/01_hello_dag.py
[2026-08-31T08:09:21.491+0000] {processor.py:925} INFO - DAG(s) 'hello_dag' retrieved from /opt/airflow/dags/01_hello_dag.py
[2026-08-31T08:09:21.515+0000] {logging_mixin.py:190} INFO - [2026-08-31T08:09:21.515+0000] {dag.py:3239} INFO - Sync 1 DAGs
[2026-08-31T08:09:21.526+0000] {logging_mixin.py:190} INFO - [2026-08-31T08:09:21.526+0000] {dag.py:4180} INFO - Setting next_dagrun for hello_dag to None, run_after=None
[2026-08-31T08:09:21.547+0000] {processor.py:208} INFO - Processing /opt/airflow/dags/01_hello_dag.py took 0.081 seconds
[2026-08-31T08:09:51.657+0000] {processor.py:186} INFO - Started process (PID=475) to work on /opt/airflow/dags/01_hello_dag.py
[2026-08-31T08:09:51.659+0000] {processor.py:914} INFO - Processing file /opt/airflow/dags/01_hello_dag.py for tasks to queue
[2026-08-31T08:09:51.662+0000] {logging_mixin.py:190} INFO - [2026-08-31T08:09:51.661+0000] {dagbag.py:588} INFO - Filling up the DagBag from /opt/airflow/dags/01_hello_dag.py
[2026-08-31T08:09:51.691+0000] {processor.py:925} INFO - DAG(s) 'hello_dag' retrieved from /opt/airflow/dags/01_hello_dag.py
[2026-08-31T08:09:51.728+0000] {logging_mixin.py:190} INFO - [2026-08-31T08:09:51.727+0000] {dag.py:3239} INFO - Sync 1 DAGs
[2026-08-31T08:09:51.744+0000] {logging_mixin.py:190} INFO - [2026-08-31T08:09:51.744+0000] {dag.py:4180} INFO - Setting next_dagrun for hello_dag to None, run_after=None
[2026-08-31T08:09:51.774+0000] {processor.py:208} INFO - Processing /opt/airflow/dags/01_hello_dag.py took 0.122 seconds
[2026-08-31T08:10:22.511+0000] {processor.py:186} INFO - Started process (PID=489) to work on /opt/airflow/dags/01_hello_dag.py
[2026-08-31T08:10:22.514+0000] {processor.py:914} INFO - Processing file /opt/airflow/dags/01_hello_dag.py for tasks to queue
[2026-08-31T08:10:22.517+0000] {logging_mixin.py:190} INFO - [2026-08-31T08:10:22.517+0000] {dagbag.py:588} INFO - Filling up the DagBag from /opt/airflow/dags/01_hello_dag.py
[2026-08-31T08:10:22.545+0000] {processor.py:925} INFO - DAG(s) 'hello_dag' retrieved from /opt/airflow/dags/01_hello_dag.py
[2026-08-31T08:10:22.569+0000] {logging_mixin.py:190} INFO - [2026-08-31T08:10:22.568+0000] {dag.py:3239} INFO - Sync 1 DAGs
[2026-08-31T08:10:22.580+0000] {logging_mixin.py:190} INFO - [2026-08-31T08:10:22.580+0000] {dag.py:4180} INFO - Setting next_dagrun for hello_dag to None, run_after=None
[2026-08-31T08:10:22.598+0000] {processor.py:208} INFO - Processing /opt/airflow/dags/01_hello_dag.py took 0.096 seconds
[2026-08-31T08:10:52.748+0000] {processor.py:186} INFO - Started process (PID=503) to work on /opt/airflow/dags/01_hello_dag.py
[2026-08-31T08:10:52.749+0000] {processor.py:914} INFO - Processing file /opt/airflow/dags/01_hello_dag.py for tasks to queue
[2026-08-31T08:10:52.753+0000] {logging_mixin.py:190} INFO - [2026-08-31T08:10:52.753+0000] {dagbag.py:588} INFO - Filling up the DagBag from /opt/airflow/dags/01_hello_dag.py
[2026-08-31T08:10:52.784+0000] {processor.py:925} INFO - DAG(s) 'hello_dag' retrieved from /opt/airflow/dags/01_hello_dag.py
[2026-08-31T08:10:52.821+0000] {logging_mixin.py:190} INFO - [2026-08-31T08:10:52.821+0000] {dag.py:3239} INFO - Sync 1 DAGs
[2026-08-31T08:10:52.835+0000] {logging_mixin.py:190} INFO - [2026-08-31T08:10:52.835+0000] {dag.py:4180} INFO - Setting next_dagrun for hello_dag to None, run_after=None
[2026-08-31T08:10:52.854+0000] {processor.py:208} INFO - Processing /opt/airflow/dags/01_hello_dag.py took 0.113 seconds
[2026-08-31T08:11:22.957+0000] {processor.py:186} INFO - Started process (PID=517) to work on /opt/airflow/dags/01_hello_dag.py
[2026-08-31T08:11:22.959+0000] {processor.py:914} INFO - Processing file /opt/airflow/dags/01_hello_dag.py for tasks to queue
[2026-08-31T08:11:22.961+0000] {logging_mixin.py:190} INFO - [2026-08-31T08:11:22.961+0000] {dagbag.py:588} INFO - Filling up the DagBag from /opt/airflow/dags/01_hello_dag.py
[2026-08-31T08:11:22.994+0000] {processor.py:925} INFO - DAG(s) 'hello_dag' retrieved from /opt/airflow/dags/01_hello_dag.py
[2026-08-31T08:11:23.033+0000] {logging_mixin.py:190} INFO - [2026-08-31T08:11:23.033+0000] {dag.py:3239} INFO - Sync 1 DAGs
[2026-08-31T08:11:23.045+0000] {logging_mixin.py:190} INFO - [2026-08-31T08:11:23.045+0000] {dag.py:4180} INFO - Setting next_dagrun for hello_dag to None, run_after=None
[2026-08-31T08:11:23.061+0000] {processor.py:208} INFO - Processing /opt/airflow/dags/01_hello_dag.py took 0.112 seconds
[2026-08-31T08:11:53.340+0000] {processor.py:186} INFO - Started process (PID=531) to work on /opt/airflow/dags/01_hello_dag.py
[2026-08-31T08:11:53.341+0000] {processor.py:914} INFO - Processing file /opt/airflow/dags/01_hello_dag.py for tasks to queue
[2026-08-31T08:11:53.343+0000] {logging_mixin.py:190} INFO - [2026-08-31T08:11:53.343+0000] {dagbag.py:588} INFO - Filling up the DagBag from /opt/airflow/dags/01_hello_dag.py
[2026-08-31T08:11:53.364+0000] {processor.py:925} INFO - DAG(s) 'hello_dag' retrieved from /opt/airflow/dags/01_hello_dag.py
[2026-08-31T08:11:53.389+0000] {logging_mixin.py:190} INFO - [2026-08-31T08:11:53.389+0000] {dag.py:3239} INFO - Sync 1 DAGs
[2026-08-31T08:11:53.404+0000] {logging_mixin.py:190} INFO - [2026-08-31T08:11:53.404+0000] {dag.py:4180} INFO - Setting next_dagrun for hello_dag to None, run_after=None
[2026-08-31T08:11:53.423+0000] {processor.py:208} INFO - Processing /opt/airflow/dags/01_hello_dag.py took 0.089 seconds
[2026-08-31T08:12:23.504+0000] {processor.py:186} INFO - Started process (PID=545) to work on /opt/airflow/dags/01_hello_dag.py
[2026-08-31T08:12:23.505+0000] {processor.py:914} INFO - Processing file /opt/airflow/dags/01_hello_dag.py for tasks to queue
[2026-08-31T08:12:23.507+0000] {logging_mixin.py:190} INFO - [2026-08-31T08:12:23.507+0000] {dagbag.py:588} INFO - Filling up the DagBag from /opt/airflow/dags/01_hello_dag.py
[2026-08-31T08:12:23.543+0000] {processor.py:925} INFO - DAG(s) 'hello_dag' retrieved from /opt/airflow/dags/01_hello_dag.py
[2026-08-31T08:12:23.574+0000] {logging_mixin.py:190} INFO - [2026-08-31T08:12:23.573+0000] {dag.py:3239} INFO - Sync 1 DAGs
[2026-08-31T08:12:23.586+0000] {logging_mixin.py:190} INFO - [2026-08-31T08:12:23.586+0000] {dag.py:4180} INFO - Setting next_dagrun for hello_dag to None, run_after=None
[2026-08-31T08:12:23.602+0000] {processor.py:208} INFO - Processing /opt/airflow/dags/01_hello_dag.py took 0.103 seconds
[2026-08-31T08:12:53.879+0000] {processor.py:186} INFO - Started process (PID=559) to work on /opt/airflow/dags/01_hello_dag.py
[2026-08-31T08:12:53.881+0000] {processor.py:914} INFO - Processing file /opt/airflow/dags/01_hello_dag.py for tasks to queue
[2026-08-31T08:12:53.886+0000] {logging_mixin.py:190} INFO - [2026-08-31T08:12:53.886+0000] {dagbag.py:588} INFO - Filling up the DagBag from /opt/airflow/dags/01_hello_dag.py
[2026-08-31T08:12:53.910+0000] {processor.py:925} INFO - DAG(s) 'hello_dag' retrieved from /opt/airflow/dags/01_hello_dag.py
[2026-08-31T08:12:53.934+0000] {logging_mixin.py:190} INFO - [2026-08-31T08:12:53.934+0000] {dag.py:3239} INFO - Sync 1 DAGs
[2026-08-31T08:12:53.946+0000] {logging_mixin.py:190} INFO - [2026-08-31T08:12:53.946+0000] {dag.py:4180} INFO - Setting next_dagrun for hello_dag to None, run_after=None
[2026-08-31T08:12:53.966+0000] {processor.py:208} INFO - Processing /opt/airflow/dags/01_hello_dag.py took 0.095 seconds
[2026-08-31T08:13:24.033+0000] {processor.py:186} INFO - Started process (PID=573) to work on /opt/airflow/dags/01_hello_dag.py
[2026-08-31T08:13:24.034+0000] {processor.py:914} INFO - Processing file /opt/airflow/dags/01_hello_dag.py for tasks to queue
[2026-08-31T08:13:24.037+0000] {logging_mixin.py:190} INFO - [2026-08-31T08:13:24.036+0000] {dagbag.py:588} INFO - Filling up the DagBag from /opt/airflow/dags/01_hello_dag.py
[2026-08-31T08:13:24.063+0000] {processor.py:925} INFO - DAG(s) 'hello_dag' retrieved from /opt/airflow/dags/01_hello_dag.py
[2026-08-31T08:13:24.089+0000] {logging_mixin.py:190} INFO - [2026-08-31T08:13:24.089+0000] {dag.py:3239} INFO - Sync 1 DAGs
[2026-08-31T08:13:24.100+0000] {logging_mixin.py:190} INFO - [2026-08-31T08:13:24.100+0000] {dag.py:4180} INFO - Setting next_dagrun for hello_dag to None, run_after=None
[2026-08-31T08:13:24.118+0000] {processor.py:208} INFO - Processing /opt/airflow/dags/01_hello_dag.py took 0.090 seconds
[2026-08-31T08:13:54.886+0000] {processor.py:186} INFO - Started process (PID=587) to work on /opt/airflow/dags/01_hello_dag.py
[2026-08-31T08:13:54.889+0000] {processor.py:914} INFO - Processing file /opt/airflow/dags/01_hello_dag.py for tasks to queue
[2026-08-31T08:13:54.897+0000] {logging_mixin.py:190} INFO - [2026-08-31T08:13:54.896+0000] {dagbag.py:588} INFO - Filling up the DagBag from /opt/airflow/dags/01_hello_dag.py
[2026-08-31T08:13:54.940+0000] {processor.py:925} INFO - DAG(s) 'hello_dag' retrieved from /opt/airflow/dags/01_hello_dag.py
[2026-08-31T08:13:54.987+0000] {logging_mixin.py:190} INFO - [2026-08-31T08:13:54.986+0000] {dag.py:3239} INFO - Sync 1 DAGs
[2026-08-31T08:13:55.005+0000] {logging_mixin.py:190} INFO - [2026-08-31T08:13:55.005+0000] {dag.py:4180} INFO - Setting next_dagrun for hello_dag to None, run_after=None
[2026-08-31T08:13:55.053+0000] {processor.py:208} INFO - Processing /opt/airflow/dags/01_hello_dag.py took 0.180 seconds
[2026-08-31T08:14:25.438+0000] {processor.py:186} INFO - Started process (PID=601) to work on /opt/airflow/dags/01_hello_dag.py
[2026-08-31T08:14:25.439+0000] {processor.py:914} INFO - Processing file /opt/airflow/dags/01_hello_dag.py for tasks to queue
[2026-08-31T08:14:25.441+0000] {logging_mixin.py:190} INFO - [2026-08-31T08:14:25.441+0000] {dagbag.py:588} INFO - Filling up the DagBag from /opt/airflow/dags/01_hello_dag.py
[2026-08-31T08:14:25.463+0000] {processor.py:925} INFO - DAG(s) 'hello_dag' retrieved from /opt/airflow/dags/01_hello_dag.py
[2026-08-31T08:14:25.487+0000] {logging_mixin.py:190} INFO - [2026-08-31T08:14:25.487+0000] {dag.py:3239} INFO - Sync 1 DAGs
[2026-08-31T08:14:25.498+0000] {logging_mixin.py:190} INFO - [2026-08-31T08:14:25.498+0000] {dag.py:4180} INFO - Setting next_dagrun for hello_dag to None, run_after=None
[2026-08-31T08:14:25.514+0000] {processor.py:208} INFO - Processing /opt/airflow/dags/01_hello_dag.py took 0.082 seconds
[2026-08-31T08:14:55.586+0000] {processor.py:186} INFO - Started process (PID=615) to work on /opt/airflow/dags/01_hello_dag.py
[2026-08-31T08:14:55.587+0000] {processor.py:914} INFO - Processing file /opt/airflow/dags/01_hello_dag.py for tasks to queue
[2026-08-31T08:14:55.589+0000] {logging_mixin.py:190} INFO - [2026-08-31T08:14:55.588+0000] {dagbag.py:588} INFO - Filling up the DagBag from /opt/airflow/dags/01_hello_dag.py
[2026-08-31T08:14:55.604+0000] {processor.py:925} INFO - DAG(s) 'hello_dag' retrieved from /opt/airflow/dags/01_hello_dag.py
[2026-08-31T08:14:55.624+0000] {logging_mixin.py:190} INFO - [2026-08-31T08:14:55.624+0000] {dag.py:3239} INFO - Sync 1 DAGs
[2026-08-31T08:14:55.634+0000] {logging_mixin.py:190} INFO - [2026-08-31T08:14:55.634+0000] {dag.py:4180} INFO - Setting next_dagrun for hello_dag to None, run_after=None
[2026-08-31T08:14:55.648+0000] {processor.py:208} INFO - Processing /opt/airflow/dags/01_hello_dag.py took 0.069 seconds
[2026-08-31T08:15:25.902+0000] {processor.py:186} INFO - Started process (PID=629) to work on /opt/airflow/dags/01_hello_dag.py
[2026-08-31T08:15:25.903+0000] {processor.py:914} INFO - Processing file /opt/airflow/dags/01_hello_dag.py for tasks to queue
[2026-08-31T08:15:25.905+0000] {logging_mixin.py:190} INFO - [2026-08-31T08:15:25.904+0000] {dagbag.py:588} INFO - Filling up the DagBag from /opt/airflow/dags/01_hello_dag.py
[2026-08-31T08:15:25.918+0000] {processor.py:925} INFO - DAG(s) 'hello_dag' retrieved from /opt/airflow/dags/01_hello_dag.py
[2026-08-31T08:15:25.939+0000] {logging_mixin.py:190} INFO - [2026-08-31T08:15:25.939+0000] {dag.py:3239} INFO - Sync 1 DAGs
[2026-08-31T08:15:25.951+0000] {logging_mixin.py:190} INFO - [2026-08-31T08:15:25.951+0000] {dag.py:4180} INFO - Setting next_dagrun for hello_dag to None, run_after=None
[2026-08-31T08:15:25.975+0000] {processor.py:208} INFO - Processing /opt/airflow/dags/01_hello_dag.py took 0.078 seconds
[2026-08-31T08:15:56.203+0000] {processor.py:186} INFO - Started process (PID=643) to work on /opt/airflow/dags/01_hello_dag.py
[2026-08-31T08:15:56.206+0000] {processor.py:914} INFO - Processing file /opt/airflow/dags/01_hello_dag.py for tasks to queue
[2026-08-31T08:15:56.213+0000] {logging_mixin.py:190} INFO - [2026-08-31T08:15:56.211+0000] {dagbag.py:588} INFO - Filling up the DagBag from /opt/airflow/dags/01_hello_dag.py
[2026-08-31T08:15:56.240+0000] {processor.py:925} INFO - DAG(s) 'hello_dag' retrieved from /opt/airflow/dags/01_hello_dag.py
[2026-08-31T08:15:56.264+0000] {logging_mixin.py:190} INFO - [2026-08-31T08:15:56.264+0000] {dag.py:3239} INFO - Sync 1 DAGs
[2026-08-31T08:15:56.277+0000] {logging_mixin.py:190} INFO - [2026-08-31T08:15:56.277+0000] {dag.py:4180} INFO - Setting next_dagrun for hello_dag to None, run_after=None
[2026-08-31T08:15:56.295+0000] {processor.py:208} INFO - Processing /opt/airflow/dags/01_hello_dag.py took 0.106 seconds
[2026-08-31T08:16:26.923+0000] {processor.py:186} INFO - Started process (PID=657) to work on /opt/airflow/dags/01_hello_dag.py
[2026-08-31T08:16:26.924+0000] {processor.py:914} INFO - Processing file /opt/airflow/dags/01_hello_dag.py for tasks to queue
[2026-08-31T08:16:26.926+0000] {logging_mixin.py:190} INFO - [2026-08-31T08:16:26.925+0000] {dagbag.py:588} INFO - Filling up the DagBag from /opt/airflow/dags/01_hello_dag.py
[2026-08-31T08:16:26.952+0000] {processor.py:925} INFO - DAG(s) 'hello_dag' retrieved from /opt/airflow/dags/01_hello_dag.py
[2026-08-31T08:16:26.994+0000] {logging_mixin.py:190} INFO - [2026-08-31T08:16:26.994+0000] {dag.py:3239} INFO - Sync 1 DAGs
[2026-08-31T08:16:27.005+0000] {logging_mixin.py:190} INFO - [2026-08-31T08:16:27.005+0000] {dag.py:4180} INFO - Setting next_dagrun for hello_dag to None, run_after=None
[2026-08-31T08:16:27.021+0000] {processor.py:208} INFO - Processing /opt/airflow/dags/01_hello_dag.py took 0.103 seconds
[2026-08-31T08:16:57.191+0000] {processor.py:186} INFO - Started process (PID=671) to work on /opt/airflow/dags/01_hello_dag.py
[2026-08-31T08:16:57.192+0000] {processor.py:914} INFO - Processing file /opt/airflow/dags/01_hello_dag.py for tasks to queue
[2026-08-31T08:16:57.194+0000] {logging_mixin.py:190} INFO - [2026-08-31T08:16:57.194+0000] {dagbag.py:588} INFO - Filling up the DagBag from /opt/airflow/dags/01_hello_dag.py
[2026-08-31T08:16:57.212+0000] {processor.py:925} INFO - DAG(s) 'hello_dag' retrieved from /opt/airflow/dags/01_hello_dag.py
[2026-08-31T08:16:57.237+0000] {logging_mixin.py:190} INFO - [2026-08-31T08:16:57.236+0000] {dag.py:3239} INFO - Sync 1 DAGs
[2026-08-31T08:16:57.247+0000] {logging_mixin.py:190} INFO - [2026-08-31T08:16:57.247+0000] {dag.py:4180} INFO - Setting next_dagrun for hello_dag to None, run_after=None
[2026-08-31T08:16:57.264+0000] {processor.py:208} INFO - Processing /opt/airflow/dags/01_hello_dag.py took 0.078 seconds
[2026-08-31T08:17:27.519+0000] {processor.py:186} INFO - Started process (PID=685) to work on /opt/airflow/dags/01_hello_dag.py
[2026-08-31T08:17:27.520+0000] {processor.py:914} INFO - Processing file /opt/airflow/dags/01_hello_dag.py for tasks to queue
[2026-08-31T08:17:27.523+0000] {logging_mixin.py:190} INFO - [2026-08-31T08:17:27.523+0000] {dagbag.py:588} INFO - Filling up the DagBag from /opt/airflow/dags/01_hello_dag.py
[2026-08-31T08:17:27.545+0000] {processor.py:925} INFO - DAG(s) 'hello_dag' retrieved from /opt/airflow/dags/01_hello_dag.py
[2026-08-31T08:17:27.567+0000] {logging_mixin.py:190} INFO - [2026-08-31T08:17:27.567+0000] {dag.py:3239} INFO - Sync 1 DAGs
[2026-08-31T08:17:27.578+0000] {logging_mixin.py:190} INFO - [2026-08-31T08:17:27.578+0000] {dag.py:4180} INFO - Setting next_dagrun for hello_dag to None, run_after=None
[2026-08-31T08:17:27.596+0000] {processor.py:208} INFO - Processing /opt/airflow/dags/01_hello_dag.py took 0.082 seconds
[2026-08-31T08:17:57.708+0000] {processor.py:186} INFO - Started process (PID=699) to work on /opt/airflow/dags/01_hello_dag.py
[2026-08-31T08:17:57.709+0000] {processor.py:914} INFO - Processing file /opt/airflow/dags/01_hello_dag.py for tasks to queue
[2026-08-31T08:17:57.711+0000] {logging_mixin.py:190} INFO - [2026-08-31T08:17:57.711+0000] {dagbag.py:588} INFO - Filling up the DagBag from /opt/airflow/dags/01_hello_dag.py
[2026-08-31T08:17:57.735+0000] {processor.py:925} INFO - DAG(s) 'hello_dag' retrieved from /opt/airflow/dags/01_hello_dag.py
[2026-08-31T08:17:57.756+0000] {logging_mixin.py:190} INFO - [2026-08-31T08:17:57.755+0000] {dag.py:3239} INFO - Sync 1 DAGs
[2026-08-31T08:17:57.767+0000] {logging_mixin.py:190} INFO - [2026-08-31T08:17:57.767+0000] {dag.py:4180} INFO - Setting next_dagrun for hello_dag to None, run_after=None
[2026-08-31T08:17:57.783+0000] {processor.py:208} INFO - Processing /opt/airflow/dags/01_hello_dag.py took 0.080 seconds
[2026-08-31T08:18:27.963+0000] {processor.py:186} INFO - Started process (PID=713) to work on /opt/airflow/dags/01_hello_dag.py
[2026-08-31T08:18:27.964+0000] {processor.py:914} INFO - Processing file /opt/airflow/dags/01_hello_dag.py for tasks to queue
[2026-08-31T08:18:27.966+0000] {logging_mixin.py:190} INFO - [2026-08-31T08:18:27.966+0000] {dagbag.py:588} INFO - Filling up the DagBag from /opt/airflow/dags/01_hello_dag.py
[2026-08-31T08:18:27.979+0000] {processor.py:925} INFO - DAG(s) 'hello_dag' retrieved from /opt/airflow/dags/01_hello_dag.py
[2026-08-31T08:18:27.999+0000] {logging_mixin.py:190} INFO - [2026-08-31T08:18:27.999+0000] {dag.py:3239} INFO - Sync 1 DAGs
[2026-08-31T08:18:28.010+0000] {logging_mixin.py:190} INFO - [2026-08-31T08:18:28.010+0000] {dag.py:4180} INFO - Setting next_dagrun for hello_dag to None, run_after=None
[2026-08-31T08:18:28.027+0000] {processor.py:208} INFO - Processing /opt/airflow/dags/01_hello_dag.py took 0.070 seconds
[2026-08-31T08:18:58.210+0000] {processor.py:186} INFO - Started process (PID=727) to work on /opt/airflow/dags/01_hello_dag.py
[2026-08-31T08:18:58.211+0000] {processor.py:914} INFO - Processing file /opt/airflow/dags/01_hello_dag.py for tasks to queue
[2026-08-31T08:18:58.213+0000] {logging_mixin.py:190} INFO - [2026-08-31T08:18:58.212+0000] {dagbag.py:588} INFO - Filling up the DagBag from /opt/airflow/dags/01_hello_dag.py
[2026-08-31T08:18:58.230+0000] {processor.py:925} INFO - DAG(s) 'hello_dag' retrieved from /opt/airflow/dags/01_hello_dag.py
[2026-08-31T08:18:58.252+0000] {logging_mixin.py:190} INFO - [2026-08-31T08:18:58.252+0000] {dag.py:3239} INFO - Sync 1 DAGs
[2026-08-31T08:18:58.264+0000] {logging_mixin.py:190} INFO - [2026-08-31T08:18:58.264+0000] {dag.py:4180} INFO - Setting next_dagrun for hello_dag to None, run_after=None
[2026-08-31T08:18:58.285+0000] {processor.py:208} INFO - Processing /opt/airflow/dags/01_hello_dag.py took 0.083 seconds
[2026-08-31T08:19:28.401+0000] {processor.py:186} INFO - Started process (PID=741) to work on /opt/airflow/dags/01_hello_dag.py
[2026-08-31T08:19:28.402+0000] {processor.py:914} INFO - Processing file /opt/airflow/dags/01_hello_dag.py for tasks to queue
[2026-08-31T08:19:28.404+0000] {logging_mixin.py:190} INFO - [2026-08-31T08:19:28.404+0000] {dagbag.py:588} INFO - Filling up the DagBag from /opt/airflow/dags/01_hello_dag.py
[2026-08-31T08:19:28.419+0000] {processor.py:925} INFO - DAG(s) 'hello_dag' retrieved from /opt/airflow/dags/01_hello_dag.py
[2026-08-31T08:19:28.439+0000] {logging_mixin.py:190} INFO - [2026-08-31T08:19:28.439+0000] {dag.py:3239} INFO - Sync 1 DAGs
[2026-08-31T08:19:28.450+0000] {logging_mixin.py:190} INFO - [2026-08-31T08:19:28.450+0000] {dag.py:4180} INFO - Setting next_dagrun for hello_dag to None, run_after=None
[2026-08-31T08:19:28.466+0000] {processor.py:208} INFO - Processing /opt/airflow/dags/01_hello_dag.py took 0.070 seconds
[2026-08-31T08:19:58.608+0000] {processor.py:186} INFO - Started process (PID=755) to work on /opt/airflow/dags/01_hello_dag.py
[2026-08-31T08:19:58.609+0000] {processor.py:914} INFO - Processing file /opt/airflow/dags/01_hello_dag.py for tasks to queue
[2026-08-31T08:19:58.611+0000] {logging_mixin.py:190} INFO - [2026-08-31T08:19:58.611+0000] {dagbag.py:588} INFO - Filling up the DagBag from /opt/airflow/dags/01_hello_dag.py
[2026-08-31T08:19:58.627+0000] {processor.py:925} INFO - DAG(s) 'hello_dag' retrieved from /opt/airflow/dags/01_hello_dag.py
[2026-08-31T08:19:58.648+0000] {logging_mixin.py:190} INFO - [2026-08-31T08:19:58.648+0000] {dag.py:3239} INFO - Sync 1 DAGs
[2026-08-31T08:19:58.658+0000] {logging_mixin.py:190} INFO - [2026-08-31T08:19:58.658+0000] {dag.py:4180} INFO - Setting next_dagrun for hello_dag to None, run_after=None
[2026-08-31T08:19:58.675+0000] {processor.py:208} INFO - Processing /opt/airflow/dags/01_hello_dag.py took 0.071 seconds
[2026-08-31T08:20:29.026+0000] {processor.py:186} INFO - Started process (PID=769) to work on /opt/airflow/dags/01_hello_dag.py
[2026-08-31T08:20:29.028+0000] {processor.py:914} INFO - Processing file /opt/airflow/dags/01_hello_dag.py for tasks to queue
[2026-08-31T08:20:29.031+0000] {logging_mixin.py:190} INFO - [2026-08-31T08:20:29.031+0000] {dagbag.py:588} INFO - Filling up the DagBag from /opt/airflow/dags/01_hello_dag.py
[2026-08-31T08:20:29.054+0000] {processor.py:925} INFO - DAG(s) 'hello_dag' retrieved from /opt/airflow/dags/01_hello_dag.py
[2026-08-31T08:20:29.080+0000] {logging_mixin.py:190} INFO - [2026-08-31T08:20:29.079+0000] {dag.py:3239} INFO - Sync 1 DAGs
[2026-08-31T08:20:29.092+0000] {logging_mixin.py:190} INFO - [2026-08-31T08:20:29.092+0000] {dag.py:4180} INFO - Setting next_dagrun for hello_dag to None, run_after=None
[2026-08-31T08:20:29.110+0000] {processor.py:208} INFO - Processing /opt/airflow/dags/01_hello_dag.py took 0.089 seconds
[2026-08-31T08:21:00.057+0000] {processor.py:186} INFO - Started process (PID=783) to work on /opt/airflow/dags/01_hello_dag.py
[2026-08-31T08:21:00.059+0000] {processor.py:914} INFO - Processing file /opt/airflow/dags/01_hello_dag.py for tasks to queue
[2026-08-31T08:21:00.065+0000] {logging_mixin.py:190} INFO - [2026-08-31T08:21:00.065+0000] {dagbag.py:588} INFO - Filling up the DagBag from /opt/airflow/dags/01_hello_dag.py
[2026-08-31T08:21:00.107+0000] {processor.py:925} INFO - DAG(s) 'hello_dag' retrieved from /opt/airflow/dags/01_hello_dag.py
[2026-08-31T08:21:00.129+0000] {logging_mixin.py:190} INFO - [2026-08-31T08:21:00.128+0000] {dag.py:3239} INFO - Sync 1 DAGs
[2026-08-31T08:21:00.146+0000] {logging_mixin.py:190} INFO - [2026-08-31T08:21:00.146+0000] {dag.py:4180} INFO - Setting next_dagrun for hello_dag to None, run_after=None
[2026-08-31T08:21:00.173+0000] {processor.py:208} INFO - Processing /opt/airflow/dags/01_hello_dag.py took 0.125 seconds
[2026-08-31T08:21:30.309+0000] {processor.py:186} INFO - Started process (PID=796) to work on /opt/airflow/dags/01_hello_dag.py
[2026-08-31T08:21:30.311+0000] {processor.py:914} INFO - Processing file /opt/airflow/dags/01_hello_dag.py for tasks to queue
[2026-08-31T08:21:30.313+0000] {logging_mixin.py:190} INFO - [2026-08-31T08:21:30.312+0000] {dagbag.py:588} INFO - Filling up the DagBag from /opt/airflow/dags/01_hello_dag.py
[2026-08-31T08:21:30.330+0000] {processor.py:925} INFO - DAG(s) 'hello_dag' retrieved from /opt/airflow/dags/01_hello_dag.py
[2026-08-31T08:21:30.355+0000] {logging_mixin.py:190} INFO - [2026-08-31T08:21:30.355+0000] {dag.py:3239} INFO - Sync 1 DAGs
[2026-08-31T08:21:30.366+0000] {logging_mixin.py:190} INFO - [2026-08-31T08:21:30.366+0000] {dag.py:4180} INFO - Setting next_dagrun for hello_dag to None, run_after=None
[2026-08-31T08:21:30.390+0000] {processor.py:208} INFO - Processing /opt/airflow/dags/01_hello_dag.py took 0.088 seconds
[2026-08-31T08:22:00.505+0000] {processor.py:186} INFO - Started process (PID=810) to work on /opt/airflow/dags/01_hello_dag.py
[2026-08-31T08:22:00.506+0000] {processor.py:914} INFO - Processing file /opt/airflow/dags/01_hello_dag.py for tasks to queue
[2026-08-31T08:22:00.508+0000] {logging_mixin.py:190} INFO - [2026-08-31T08:22:00.508+0000] {dagbag.py:588} INFO - Filling up the DagBag from /opt/airflow/dags/01_hello_dag.py
[2026-08-31T08:22:00.522+0000] {processor.py:925} INFO - DAG(s) 'hello_dag' retrieved from /opt/airflow/dags/01_hello_dag.py
[2026-08-31T08:22:00.541+0000] {logging_mixin.py:190} INFO - [2026-08-31T08:22:00.541+0000] {dag.py:3239} INFO - Sync 1 DAGs
[2026-08-31T08:22:00.553+0000] {logging_mixin.py:190} INFO - [2026-08-31T08:22:00.552+0000] {dag.py:4180} INFO - Setting next_dagrun for hello_dag to None, run_after=None
[2026-08-31T08:22:00.575+0000] {processor.py:208} INFO - Processing /opt/airflow/dags/01_hello_dag.py took 0.074 seconds
[2026-08-31T08:22:30.806+0000] {processor.py:186} INFO - Started process (PID=824) to work on /opt/airflow/dags/01_hello_dag.py
[2026-08-31T08:22:30.807+0000] {processor.py:914} INFO - Processing file /opt/airflow/dags/01_hello_dag.py for tasks to queue
[2026-08-31T08:22:30.809+0000] {logging_mixin.py:190} INFO - [2026-08-31T08:22:30.809+0000] {dagbag.py:588} INFO - Filling up the DagBag from /opt/airflow/dags/01_hello_dag.py
[2026-08-31T08:22:30.828+0000] {processor.py:925} INFO - DAG(s) 'hello_dag' retrieved from /opt/airflow/dags/01_hello_dag.py
[2026-08-31T08:22:30.852+0000] {logging_mixin.py:190} INFO - [2026-08-31T08:22:30.852+0000] {dag.py:3239} INFO - Sync 1 DAGs
[2026-08-31T08:22:30.864+0000] {logging_mixin.py:190} INFO - [2026-08-31T08:22:30.864+0000] {dag.py:4180} INFO - Setting next_dagrun for hello_dag to None, run_after=None
[2026-08-31T08:22:30.884+0000] {processor.py:208} INFO - Processing /opt/airflow/dags/01_hello_dag.py took 0.086 seconds
[2026-08-31T08:23:01.249+0000] {processor.py:186} INFO - Started process (PID=838) to work on /opt/airflow/dags/01_hello_dag.py
[2026-08-31T08:23:01.250+0000] {processor.py:914} INFO - Processing file /opt/airflow/dags/01_hello_dag.py for tasks to queue
[2026-08-31T08:23:01.253+0000] {logging_mixin.py:190} INFO - [2026-08-31T08:23:01.253+0000] {dagbag.py:588} INFO - Filling up the DagBag from /opt/airflow/dags/01_hello_dag.py
[2026-08-31T08:23:01.279+0000] {processor.py:925} INFO - DAG(s) 'hello_dag' retrieved from /opt/airflow/dags/01_hello_dag.py
[2026-08-31T08:23:01.301+0000] {logging_mixin.py:190} INFO - [2026-08-31T08:23:01.301+0000] {dag.py:3239} INFO - Sync 1 DAGs
[2026-08-31T08:23:01.313+0000] {logging_mixin.py:190} INFO - [2026-08-31T08:23:01.312+0000] {dag.py:4180} INFO - Setting next_dagrun for hello_dag to None, run_after=None
[2026-08-31T08:23:01.329+0000] {processor.py:208} INFO - Processing /opt/airflow/dags/01_hello_dag.py took 0.090 seconds
[2026-08-31T08:23:31.418+0000] {processor.py:186} INFO - Started process (PID=852) to work on /opt/airflow/dags/01_hello_dag.py
[2026-08-31T08:23:31.419+0000] {processor.py:914} INFO - Processing file /opt/airflow/dags/01_hello_dag.py for tasks to queue
[2026-08-31T08:23:31.422+0000] {logging_mixin.py:190} INFO - [2026-08-31T08:23:31.421+0000] {dagbag.py:588} INFO - Filling up the DagBag from /opt/airflow/dags/01_hello_dag.py
[2026-08-31T08:23:31.441+0000] {processor.py:925} INFO - DAG(s) 'hello_dag' retrieved from /opt/airflow/dags/01_hello_dag.py
[2026-08-31T08:23:31.465+0000] {logging_mixin.py:190} INFO - [2026-08-31T08:23:31.465+0000] {dag.py:3239} INFO - Sync 1 DAGs
[2026-08-31T08:23:31.477+0000] {logging_mixin.py:190} INFO - [2026-08-31T08:23:31.477+0000] {dag.py:4180} INFO - Setting next_dagrun for hello_dag to None, run_after=None
[2026-08-31T08:23:31.497+0000] {processor.py:208} INFO - Processing /opt/airflow/dags/01_hello_dag.py took 0.086 seconds
[2026-08-31T08:24:01.588+0000] {processor.py:186} INFO - Started process (PID=867) to work on /opt/airflow/dags/01_hello_dag.py
[2026-08-31T08:24:01.589+0000] {processor.py:914} INFO - Processing file /opt/airflow/dags/01_hello_dag.py for tasks to queue
[2026-08-31T08:24:01.591+0000] {logging_mixin.py:190} INFO - [2026-08-31T08:24:01.591+0000] {dagbag.py:588} INFO - Filling up the DagBag from /opt/airflow/dags/01_hello_dag.py
[2026-08-31T08:24:01.607+0000] {processor.py:925} INFO - DAG(s) 'hello_dag' retrieved from /opt/airflow/dags/01_hello_dag.py
[2026-08-31T08:24:01.630+0000] {logging_mixin.py:190} INFO - [2026-08-31T08:24:01.630+0000] {dag.py:3239} INFO - Sync 1 DAGs
[2026-08-31T08:24:01.641+0000] {logging_mixin.py:190} INFO - [2026-08-31T08:24:01.641+0000] {dag.py:4180} INFO - Setting next_dagrun for hello_dag to None, run_after=None
[2026-08-31T08:24:01.657+0000] {processor.py:208} INFO - Processing /opt/airflow/dags/01_hello_dag.py took 0.075 seconds
[2026-08-31T08:24:31.849+0000] {processor.py:186} INFO - Started process (PID=881) to work on /opt/airflow/dags/01_hello_dag.py
[2026-08-31T08:24:31.850+0000] {processor.py:914} INFO - Processing file /opt/airflow/dags/01_hello_dag.py for tasks to queue
[2026-08-31T08:24:31.852+0000] {logging_mixin.py:190} INFO - [2026-08-31T08:24:31.852+0000] {dagbag.py:588} INFO - Filling up the DagBag from /opt/airflow/dags/01_hello_dag.py
[2026-08-31T08:24:31.868+0000] {processor.py:925} INFO - DAG(s) 'hello_dag' retrieved from /opt/airflow/dags/01_hello_dag.py
[2026-08-31T08:24:31.892+0000] {logging_mixin.py:190} INFO - [2026-08-31T08:24:31.892+0000] {dag.py:3239} INFO - Sync 1 DAGs
[2026-08-31T08:24:31.904+0000] {logging_mixin.py:190} INFO - [2026-08-31T08:24:31.904+0000] {dag.py:4180} INFO - Setting next_dagrun for hello_dag to None, run_after=None
[2026-08-31T08:24:31.920+0000] {processor.py:208} INFO - Processing /opt/airflow/dags/01_hello_dag.py took 0.076 seconds
[2026-08-31T08:25:02.278+0000] {processor.py:186} INFO - Started process (PID=895) to work on /opt/airflow/dags/01_hello_dag.py
[2026-08-31T08:25:02.279+0000] {processor.py:914} INFO - Processing file /opt/airflow/dags/01_hello_dag.py for tasks to queue
[2026-08-31T08:25:02.283+0000] {logging_mixin.py:190} INFO - [2026-08-31T08:25:02.283+0000] {dagbag.py:588} INFO - Filling up the DagBag from /opt/airflow/dags/01_hello_dag.py
[2026-08-31T08:25:02.306+0000] {processor.py:925} INFO - DAG(s) 'hello_dag' retrieved from /opt/airflow/dags/01_hello_dag.py
[2026-08-31T08:25:02.331+0000] {logging_mixin.py:190} INFO - [2026-08-31T08:25:02.331+0000] {dag.py:3239} INFO - Sync 1 DAGs
[2026-08-31T08:25:02.350+0000] {logging_mixin.py:190} INFO - [2026-08-31T08:25:02.350+0000] {dag.py:4180} INFO - Setting next_dagrun for hello_dag to None, run_after=None
[2026-08-31T08:25:02.375+0000] {processor.py:208} INFO - Processing /opt/airflow/dags/01_hello_dag.py took 0.102 seconds
[2026-08-31T08:25:32.600+0000] {processor.py:186} INFO - Started process (PID=909) to work on /opt/airflow/dags/01_hello_dag.py
[2026-08-31T08:25:32.602+0000] {processor.py:914} INFO - Processing file /opt/airflow/dags/01_hello_dag.py for tasks to queue
[2026-08-31T08:25:32.605+0000] {logging_mixin.py:190} INFO - [2026-08-31T08:25:32.605+0000] {dagbag.py:588} INFO - Filling up the DagBag from /opt/airflow/dags/01_hello_dag.py
[2026-08-31T08:25:32.638+0000] {processor.py:925} INFO - DAG(s) 'hello_dag' retrieved from /opt/airflow/dags/01_hello_dag.py
[2026-08-31T08:25:32.671+0000] {logging_mixin.py:190} INFO - [2026-08-31T08:25:32.671+0000] {dag.py:3239} INFO - Sync 1 DAGs
[2026-08-31T08:25:32.688+0000] {logging_mixin.py:190} INFO - [2026-08-31T08:25:32.688+0000] {dag.py:4180} INFO - Setting next_dagrun for hello_dag to None, run_after=None
[2026-08-31T08:25:32.716+0000] {processor.py:208} INFO - Processing /opt/airflow/dags/01_hello_dag.py took 0.125 seconds
[2026-08-31T08:26:02.813+0000] {processor.py:186} INFO - Started process (PID=923) to work on /opt/airflow/dags/01_hello_dag.py
[2026-08-31T08:26:02.814+0000] {processor.py:914} INFO - Processing file /opt/airflow/dags/01_hello_dag.py for tasks to queue
[2026-08-31T08:26:02.817+0000] {logging_mixin.py:190} INFO - [2026-08-31T08:26:02.816+0000] {dagbag.py:588} INFO - Filling up the DagBag from /opt/airflow/dags/01_hello_dag.py
[2026-08-31T08:26:02.840+0000] {processor.py:925} INFO - DAG(s) 'hello_dag' retrieved from /opt/airflow/dags/01_hello_dag.py
[2026-08-31T08:26:02.864+0000] {logging_mixin.py:190} INFO - [2026-08-31T08:26:02.864+0000] {dag.py:3239} INFO - Sync 1 DAGs
[2026-08-31T08:26:02.875+0000] {logging_mixin.py:190} INFO - [2026-08-31T08:26:02.874+0000] {dag.py:4180} INFO - Setting next_dagrun for hello_dag to None, run_after=None
[2026-08-31T08:26:02.898+0000] {processor.py:208} INFO - Processing /opt/airflow/dags/01_hello_dag.py took 0.090 seconds
[2026-08-31T08:26:33.092+0000] {processor.py:186} INFO - Started process (PID=937) to work on /opt/airflow/dags/01_hello_dag.py
[2026-08-31T08:26:33.093+0000] {processor.py:914} INFO - Processing file /opt/airflow/dags/01_hello_dag.py for tasks to queue
[2026-08-31T08:26:33.095+0000] {logging_mixin.py:190} INFO - [2026-08-31T08:26:33.095+0000] {dagbag.py:588} INFO - Filling up the DagBag from /opt/airflow/dags/01_hello_dag.py
[2026-08-31T08:26:33.109+0000] {processor.py:925} INFO - DAG(s) 'hello_dag' retrieved from /opt/airflow/dags/01_hello_dag.py
[2026-08-31T08:26:33.129+0000] {logging_mixin.py:190} INFO - [2026-08-31T08:26:33.129+0000] {dag.py:3239} INFO - Sync 1 DAGs
[2026-08-31T08:26:33.140+0000] {logging_mixin.py:190} INFO - [2026-08-31T08:26:33.139+0000] {dag.py:4180} INFO - Setting next_dagrun for hello_dag to None, run_after=None
[2026-08-31T08:26:33.160+0000] {processor.py:208} INFO - Processing /opt/airflow/dags/01_hello_dag.py took 0.072 seconds
[2026-08-31T08:27:04.121+0000] {processor.py:186} INFO - Started process (PID=951) to work on /opt/airflow/dags/01_hello_dag.py
[2026-08-31T08:27:04.126+0000] {processor.py:914} INFO - Processing file /opt/airflow/dags/01_hello_dag.py for tasks to queue
[2026-08-31T08:27:04.139+0000] {logging_mixin.py:190} INFO - [2026-08-31T08:27:04.137+0000] {dagbag.py:588} INFO - Filling up the DagBag from /opt/airflow/dags/01_hello_dag.py
[2026-08-31T08:27:04.217+0000] {processor.py:925} INFO - DAG(s) 'hello_dag' retrieved from /opt/airflow/dags/01_hello_dag.py
[2026-08-31T08:27:04.259+0000] {logging_mixin.py:190} INFO - [2026-08-31T08:27:04.259+0000] {dag.py:3239} INFO - Sync 1 DAGs
[2026-08-31T08:27:04.282+0000] {logging_mixin.py:190} INFO - [2026-08-31T08:27:04.281+0000] {dag.py:4180} INFO - Setting next_dagrun for hello_dag to None, run_after=None
[2026-08-31T08:27:04.307+0000] {processor.py:208} INFO - Processing /opt/airflow/dags/01_hello_dag.py took 0.214 seconds
[2026-08-31T08:27:34.382+0000] {processor.py:186} INFO - Started process (PID=965) to work on /opt/airflow/dags/01_hello_dag.py
[2026-08-31T08:27:34.383+0000] {processor.py:914} INFO - Processing file /opt/airflow/dags/01_hello_dag.py for tasks to queue
[2026-08-31T08:27:34.386+0000] {logging_mixin.py:190} INFO - [2026-08-31T08:27:34.385+0000] {dagbag.py:588} INFO - Filling up the DagBag from /opt/airflow/dags/01_hello_dag.py
[2026-08-31T08:27:34.401+0000] {processor.py:925} INFO - DAG(s) 'hello_dag' retrieved from /opt/airflow/dags/01_hello_dag.py
[2026-08-31T08:27:34.424+0000] {logging_mixin.py:190} INFO - [2026-08-31T08:27:34.424+0000] {dag.py:3239} INFO - Sync 1 DAGs
[2026-08-31T08:27:34.436+0000] {logging_mixin.py:190} INFO - [2026-08-31T08:27:34.436+0000] {dag.py:4180} INFO - Setting next_dagrun for hello_dag to None, run_after=None
[2026-08-31T08:27:34.457+0000] {processor.py:208} INFO - Processing /opt/airflow/dags/01_hello_dag.py took 0.081 seconds
[2026-08-31T08:28:04.558+0000] {processor.py:186} INFO - Started process (PID=979) to work on /opt/airflow/dags/01_hello_dag.py
[2026-08-31T08:28:04.559+0000] {processor.py:914} INFO - Processing file /opt/airflow/dags/01_hello_dag.py for tasks to queue
[2026-08-31T08:28:04.562+0000] {logging_mixin.py:190} INFO - [2026-08-31T08:28:04.562+0000] {dagbag.py:588} INFO - Filling up the DagBag from /opt/airflow/dags/01_hello_dag.py
[2026-08-31T08:28:04.577+0000] {processor.py:925} INFO - DAG(s) 'hello_dag' retrieved from /opt/airflow/dags/01_hello_dag.py
[2026-08-31T08:28:04.600+0000] {logging_mixin.py:190} INFO - [2026-08-31T08:28:04.600+0000] {dag.py:3239} INFO - Sync 1 DAGs
[2026-08-31T08:28:04.611+0000] {logging_mixin.py:190} INFO - [2026-08-31T08:28:04.611+0000] {dag.py:4180} INFO - Setting next_dagrun for hello_dag to None, run_after=None
[2026-08-31T08:28:04.633+0000] {processor.py:208} INFO - Processing /opt/airflow/dags/01_hello_dag.py took 0.080 seconds
[2026-08-31T08:28:34.846+0000] {processor.py:186} INFO - Started process (PID=993) to work on /opt/airflow/dags/01_hello_dag.py
[2026-08-31T08:28:34.847+0000] {processor.py:914} INFO - Processing file /opt/airflow/dags/01_hello_dag.py for tasks to queue
[2026-08-31T08:28:34.850+0000] {logging_mixin.py:190} INFO - [2026-08-31T08:28:34.850+0000] {dagbag.py:588} INFO - Filling up the DagBag from /opt/airflow/dags/01_hello_dag.py
[2026-08-31T08:28:34.868+0000] {processor.py:925} INFO - DAG(s) 'hello_dag' retrieved from /opt/airflow/dags/01_hello_dag.py
[2026-08-31T08:28:34.895+0000] {logging_mixin.py:190} INFO - [2026-08-31T08:28:34.895+0000] {dag.py:3239} INFO - Sync 1 DAGs
[2026-08-31T08:28:34.907+0000] {logging_mixin.py:190} INFO - [2026-08-31T08:28:34.906+0000] {dag.py:4180} INFO - Setting next_dagrun for hello_dag to None, run_after=None
[2026-08-31T08:28:34.922+0000] {processor.py:208} INFO - Processing /opt/airflow/dags/01_hello_dag.py took 0.082 seconds
[2026-08-31T08:29:05.035+0000] {processor.py:186} INFO - Started process (PID=1007) to work on /opt/airflow/dags/01_hello_dag.py
[2026-08-31T08:29:05.036+0000] {processor.py:914} INFO - Processing file /opt/airflow/dags/01_hello_dag.py for tasks to queue
[2026-08-31T08:29:05.039+0000] {logging_mixin.py:190} INFO - [2026-08-31T08:29:05.039+0000] {dagbag.py:588} INFO - Filling up the DagBag from /opt/airflow/dags/01_hello_dag.py
[2026-08-31T08:29:05.059+0000] {processor.py:925} INFO - DAG(s) 'hello_dag' retrieved from /opt/airflow/dags/01_hello_dag.py
[2026-08-31T08:29:05.083+0000] {logging_mixin.py:190} INFO - [2026-08-31T08:29:05.083+0000] {dag.py:3239} INFO - Sync 1 DAGs
[2026-08-31T08:29:05.095+0000] {logging_mixin.py:190} INFO - [2026-08-31T08:29:05.095+0000] {dag.py:4180} INFO - Setting next_dagrun for hello_dag to None, run_after=None
[2026-08-31T08:29:05.115+0000] {processor.py:208} INFO - Processing /opt/airflow/dags/01_hello_dag.py took 0.086 seconds
[2026-08-31T08:29:35.519+0000] {processor.py:186} INFO - Started process (PID=1027) to work on /opt/airflow/dags/01_hello_dag.py
[2026-08-31T08:29:35.520+0000] {processor.py:914} INFO - Processing file /opt/airflow/dags/01_hello_dag.py for tasks to queue
[2026-08-31T08:29:35.523+0000] {logging_mixin.py:190} INFO - [2026-08-31T08:29:35.522+0000] {dagbag.py:588} INFO - Filling up the DagBag from /opt/airflow/dags/01_hello_dag.py
[2026-08-31T08:29:35.551+0000] {processor.py:925} INFO - DAG(s) 'hello_dag' retrieved from /opt/airflow/dags/01_hello_dag.py
[2026-08-31T08:29:35.576+0000] {logging_mixin.py:190} INFO - [2026-08-31T08:29:35.576+0000] {dag.py:3239} INFO - Sync 1 DAGs
[2026-08-31T08:29:35.588+0000] {logging_mixin.py:190} INFO - [2026-08-31T08:29:35.588+0000] {dag.py:4180} INFO - Setting next_dagrun for hello_dag to None, run_after=None
[2026-08-31T08:29:35.616+0000] {processor.py:208} INFO - Processing /opt/airflow/dags/01_hello_dag.py took 0.107 seconds
[2026-08-31T08:30:06.438+0000] {processor.py:186} INFO - Started process (PID=1041) to work on /opt/airflow/dags/01_hello_dag.py
[2026-08-31T08:30:06.439+0000] {processor.py:914} INFO - Processing file /opt/airflow/dags/01_hello_dag.py for tasks to queue
[2026-08-31T08:30:06.442+0000] {logging_mixin.py:190} INFO - [2026-08-31T08:30:06.442+0000] {dagbag.py:588} INFO - Filling up the DagBag from /opt/airflow/dags/01_hello_dag.py
[2026-08-31T08:30:06.499+0000] {processor.py:925} INFO - DAG(s) 'hello_dag' retrieved from /opt/airflow/dags/01_hello_dag.py
[2026-08-31T08:30:06.537+0000] {logging_mixin.py:190} INFO - [2026-08-31T08:30:06.536+0000] {dag.py:3239} INFO - Sync 1 DAGs
[2026-08-31T08:30:06.549+0000] {logging_mixin.py:190} INFO - [2026-08-31T08:30:06.548+0000] {dag.py:4180} INFO - Setting next_dagrun for hello_dag to None, run_after=None
[2026-08-31T08:30:06.571+0000] {processor.py:208} INFO - Processing /opt/airflow/dags/01_hello_dag.py took 0.138 seconds
[2026-08-31T08:30:36.817+0000] {processor.py:186} INFO - Started process (PID=1055) to work on /opt/airflow/dags/01_hello_dag.py
[2026-08-31T08:30:36.819+0000] {processor.py:914} INFO - Processing file /opt/airflow/dags/01_hello_dag.py for tasks to queue
[2026-08-31T08:30:36.823+0000] {logging_mixin.py:190} INFO - [2026-08-31T08:30:36.823+0000] {dagbag.py:588} INFO - Filling up the DagBag from /opt/airflow/dags/01_hello_dag.py
[2026-08-31T08:30:36.847+0000] {processor.py:925} INFO - DAG(s) 'hello_dag' retrieved from /opt/airflow/dags/01_hello_dag.py
[2026-08-31T08:30:36.877+0000] {logging_mixin.py:190} INFO - [2026-08-31T08:30:36.876+0000] {dag.py:3239} INFO - Sync 1 DAGs
[2026-08-31T08:30:36.889+0000] {logging_mixin.py:190} INFO - [2026-08-31T08:30:36.888+0000] {dag.py:4180} INFO - Setting next_dagrun for hello_dag to None, run_after=None
[2026-08-31T08:30:36.912+0000] {processor.py:208} INFO - Processing /opt/airflow/dags/01_hello_dag.py took 0.103 seconds
[2026-08-31T08:31:07.796+0000] {processor.py:186} INFO - Started process (PID=1069) to work on /opt/airflow/dags/01_hello_dag.py
[2026-08-31T08:31:07.797+0000] {processor.py:914} INFO - Processing file /opt/airflow/dags/01_hello_dag.py for tasks to queue
[2026-08-31T08:31:07.800+0000] {logging_mixin.py:190} INFO - [2026-08-31T08:31:07.800+0000] {dagbag.py:588} INFO - Filling up the DagBag from /opt/airflow/dags/01_hello_dag.py
[2026-08-31T08:31:07.821+0000] {processor.py:925} INFO - DAG(s) 'hello_dag' retrieved from /opt/airflow/dags/01_hello_dag.py
[2026-08-31T08:31:07.846+0000] {logging_mixin.py:190} INFO - [2026-08-31T08:31:07.845+0000] {dag.py:3239} INFO - Sync 1 DAGs
[2026-08-31T08:31:07.857+0000] {logging_mixin.py:190} INFO - [2026-08-31T08:31:07.857+0000] {dag.py:4180} INFO - Setting next_dagrun for hello_dag to None, run_after=None
[2026-08-31T08:31:07.884+0000] {processor.py:208} INFO - Processing /opt/airflow/dags/01_hello_dag.py took 0.093 seconds
[2026-08-31T08:31:38.076+0000] {processor.py:186} INFO - Started process (PID=1083) to work on /opt/airflow/dags/01_hello_dag.py
[2026-08-31T08:31:38.078+0000] {processor.py:914} INFO - Processing file /opt/airflow/dags/01_hello_dag.py for tasks to queue
[2026-08-31T08:31:38.080+0000] {logging_mixin.py:190} INFO - [2026-08-31T08:31:38.080+0000] {dagbag.py:588} INFO - Filling up the DagBag from /opt/airflow/dags/01_hello_dag.py
[2026-08-31T08:31:38.104+0000] {processor.py:925} INFO - DAG(s) 'hello_dag' retrieved from /opt/airflow/dags/01_hello_dag.py
[2026-08-31T08:31:38.125+0000] {logging_mixin.py:190} INFO - [2026-08-31T08:31:38.125+0000] {dag.py:3239} INFO - Sync 1 DAGs
[2026-08-31T08:31:38.138+0000] {logging_mixin.py:190} INFO - [2026-08-31T08:31:38.138+0000] {dag.py:4180} INFO - Setting next_dagrun for hello_dag to None, run_after=None
[2026-08-31T08:31:38.159+0000] {processor.py:208} INFO - Processing /opt/airflow/dags/01_hello_dag.py took 0.088 seconds
[2026-08-31T08:32:09.062+0000] {processor.py:186} INFO - Started process (PID=1097) to work on /opt/airflow/dags/01_hello_dag.py
[2026-08-31T08:32:09.063+0000] {processor.py:914} INFO - Processing file /opt/airflow/dags/01_hello_dag.py for tasks to queue
[2026-08-31T08:32:09.066+0000] {logging_mixin.py:190} INFO - [2026-08-31T08:32:09.066+0000] {dagbag.py:588} INFO - Filling up the DagBag from /opt/airflow/dags/01_hello_dag.py
[2026-08-31T08:32:09.093+0000] {processor.py:925} INFO - DAG(s) 'hello_dag' retrieved from /opt/airflow/dags/01_hello_dag.py
[2026-08-31T08:32:09.117+0000] {logging_mixin.py:190} INFO - [2026-08-31T08:32:09.117+0000] {dag.py:3239} INFO - Sync 1 DAGs
[2026-08-31T08:32:09.131+0000] {logging_mixin.py:190} INFO - [2026-08-31T08:32:09.131+0000] {dag.py:4180} INFO - Setting next_dagrun for hello_dag to None, run_after=None
[2026-08-31T08:32:09.149+0000] {processor.py:208} INFO - Processing /opt/airflow/dags/01_hello_dag.py took 0.094 seconds
[2026-08-31T08:32:39.289+0000] {processor.py:186} INFO - Started process (PID=1111) to work on /opt/airflow/dags/01_hello_dag.py
[2026-08-31T08:32:39.290+0000] {processor.py:914} INFO - Processing file /opt/airflow/dags/01_hello_dag.py for tasks to queue
[2026-08-31T08:32:39.291+0000] {logging_mixin.py:190} INFO - [2026-08-31T08:32:39.291+0000] {dagbag.py:588} INFO - Filling up the DagBag from /opt/airflow/dags/01_hello_dag.py
[2026-08-31T08:32:39.307+0000] {processor.py:925} INFO - DAG(s) 'hello_dag' retrieved from /opt/airflow/dags/01_hello_dag.py
[2026-08-31T08:32:39.330+0000] {logging_mixin.py:190} INFO - [2026-08-31T08:32:39.330+0000] {dag.py:3239} INFO - Sync 1 DAGs
[2026-08-31T08:32:39.341+0000] {logging_mixin.py:190} INFO - [2026-08-31T08:32:39.341+0000] {dag.py:4180} INFO - Setting next_dagrun for hello_dag to None, run_after=None
[2026-08-31T08:32:39.361+0000] {processor.py:208} INFO - Processing /opt/airflow/dags/01_hello_dag.py took 0.077 seconds
[2026-08-31T08:33:09.539+0000] {processor.py:186} INFO - Started process (PID=1125) to work on /opt/airflow/dags/01_hello_dag.py
[2026-08-31T08:33:09.539+0000] {processor.py:914} INFO - Processing file /opt/airflow/dags/01_hello_dag.py for tasks to queue
[2026-08-31T08:33:09.542+0000] {logging_mixin.py:190} INFO - [2026-08-31T08:33:09.542+0000] {dagbag.py:588} INFO - Filling up the DagBag from /opt/airflow/dags/01_hello_dag.py
[2026-08-31T08:33:09.557+0000] {processor.py:925} INFO - DAG(s) 'hello_dag' retrieved from /opt/airflow/dags/01_hello_dag.py
[2026-08-31T08:33:09.580+0000] {logging_mixin.py:190} INFO - [2026-08-31T08:33:09.580+0000] {dag.py:3239} INFO - Sync 1 DAGs
[2026-08-31T08:33:09.591+0000] {logging_mixin.py:190} INFO - [2026-08-31T08:33:09.591+0000] {dag.py:4180} INFO - Setting next_dagrun for hello_dag to None, run_after=None
[2026-08-31T08:33:09.609+0000] {processor.py:208} INFO - Processing /opt/airflow/dags/01_hello_dag.py took 0.076 seconds
[2026-08-31T08:33:39.848+0000] {processor.py:186} INFO - Started process (PID=1139) to work on /opt/airflow/dags/01_hello_dag.py
[2026-08-31T08:33:39.849+0000] {processor.py:914} INFO - Processing file /opt/airflow/dags/01_hello_dag.py for tasks to queue
[2026-08-31T08:33:39.851+0000] {logging_mixin.py:190} INFO - [2026-08-31T08:33:39.851+0000] {dagbag.py:588} INFO - Filling up the DagBag from /opt/airflow/dags/01_hello_dag.py
[2026-08-31T08:33:39.864+0000] {processor.py:925} INFO - DAG(s) 'hello_dag' retrieved from /opt/airflow/dags/01_hello_dag.py
[2026-08-31T08:33:39.885+0000] {logging_mixin.py:190} INFO - [2026-08-31T08:33:39.884+0000] {dag.py:3239} INFO - Sync 1 DAGs
[2026-08-31T08:33:39.895+0000] {logging_mixin.py:190} INFO - [2026-08-31T08:33:39.895+0000] {dag.py:4180} INFO - Setting next_dagrun for hello_dag to None, run_after=None
[2026-08-31T08:33:39.915+0000] {processor.py:208} INFO - Processing /opt/airflow/dags/01_hello_dag.py took 0.071 seconds
[2026-08-31T08:34:09.975+0000] {processor.py:186} INFO - Started process (PID=1153) to work on /opt/airflow/dags/01_hello_dag.py
[2026-08-31T08:34:09.976+0000] {processor.py:914} INFO - Processing file /opt/airflow/dags/01_hello_dag.py for tasks to queue
[2026-08-31T08:34:09.979+0000] {logging_mixin.py:190} INFO - [2026-08-31T08:34:09.978+0000] {dagbag.py:588} INFO - Filling up the DagBag from /opt/airflow/dags/01_hello_dag.py
[2026-08-31T08:34:10.002+0000] {processor.py:925} INFO - DAG(s) 'hello_dag' retrieved from /opt/airflow/dags/01_hello_dag.py
[2026-08-31T08:34:10.031+0000] {logging_mixin.py:190} INFO - [2026-08-31T08:34:10.031+0000] {dag.py:3239} INFO - Sync 1 DAGs
[2026-08-31T08:34:10.044+0000] {logging_mixin.py:190} INFO - [2026-08-31T08:34:10.044+0000] {dag.py:4180} INFO - Setting next_dagrun for hello_dag to None, run_after=None
[2026-08-31T08:34:10.066+0000] {processor.py:208} INFO - Processing /opt/airflow/dags/01_hello_dag.py took 0.098 seconds
[2026-08-31T08:34:40.319+0000] {processor.py:186} INFO - Started process (PID=1167) to work on /opt/airflow/dags/01_hello_dag.py
[2026-08-31T08:34:40.321+0000] {processor.py:914} INFO - Processing file /opt/airflow/dags/01_hello_dag.py for tasks to queue
[2026-08-31T08:34:40.324+0000] {logging_mixin.py:190} INFO - [2026-08-31T08:34:40.323+0000] {dagbag.py:588} INFO - Filling up the DagBag from /opt/airflow/dags/01_hello_dag.py
[2026-08-31T08:34:40.364+0000] {processor.py:925} INFO - DAG(s) 'hello_dag' retrieved from /opt/airflow/dags/01_hello_dag.py
[2026-08-31T08:34:40.387+0000] {logging_mixin.py:190} INFO - [2026-08-31T08:34:40.387+0000] {dag.py:3239} INFO - Sync 1 DAGs
[2026-08-31T08:34:40.399+0000] {logging_mixin.py:190} INFO - [2026-08-31T08:34:40.399+0000] {dag.py:4180} INFO - Setting next_dagrun for hello_dag to None, run_after=None
[2026-08-31T08:34:40.417+0000] {processor.py:208} INFO - Processing /opt/airflow/dags/01_hello_dag.py took 0.103 seconds
[2026-08-31T08:35:10.924+0000] {processor.py:186} INFO - Started process (PID=1181) to work on /opt/airflow/dags/01_hello_dag.py
[2026-08-31T08:35:10.925+0000] {processor.py:914} INFO - Processing file /opt/airflow/dags/01_hello_dag.py for tasks to queue
[2026-08-31T08:35:10.927+0000] {logging_mixin.py:190} INFO - [2026-08-31T08:35:10.927+0000] {dagbag.py:588} INFO - Filling up the DagBag from /opt/airflow/dags/01_hello_dag.py
[2026-08-31T08:35:10.962+0000] {processor.py:925} INFO - DAG(s) 'hello_dag' retrieved from /opt/airflow/dags/01_hello_dag.py
[2026-08-31T08:35:10.986+0000] {logging_mixin.py:190} INFO - [2026-08-31T08:35:10.986+0000] {dag.py:3239} INFO - Sync 1 DAGs
[2026-08-31T08:35:10.998+0000] {logging_mixin.py:190} INFO - [2026-08-31T08:35:10.997+0000] {dag.py:4180} INFO - Setting next_dagrun for hello_dag to None, run_after=None
[2026-08-31T08:35:11.013+0000] {processor.py:208} INFO - Processing /opt/airflow/dags/01_hello_dag.py took 0.095 seconds
[2026-08-31T08:35:41.259+0000] {processor.py:186} INFO - Started process (PID=1195) to work on /opt/airflow/dags/01_hello_dag.py
[2026-08-31T08:35:41.260+0000] {processor.py:914} INFO - Processing file /opt/airflow/dags/01_hello_dag.py for tasks to queue
[2026-08-31T08:35:41.262+0000] {logging_mixin.py:190} INFO - [2026-08-31T08:35:41.262+0000] {dagbag.py:588} INFO - Filling up the DagBag from /opt/airflow/dags/01_hello_dag.py
[2026-08-31T08:35:41.281+0000] {processor.py:925} INFO - DAG(s) 'hello_dag' retrieved from /opt/airflow/dags/01_hello_dag.py
[2026-08-31T08:35:41.305+0000] {logging_mixin.py:190} INFO - [2026-08-31T08:35:41.305+0000] {dag.py:3239} INFO - Sync 1 DAGs
[2026-08-31T08:35:41.316+0000] {logging_mixin.py:190} INFO - [2026-08-31T08:35:41.316+0000] {dag.py:4180} INFO - Setting next_dagrun for hello_dag to None, run_after=None
[2026-08-31T08:35:41.337+0000] {processor.py:208} INFO - Processing /opt/airflow/dags/01_hello_dag.py took 0.083 seconds
[2026-08-31T08:36:11.614+0000] {processor.py:186} INFO - Started process (PID=1209) to work on /opt/airflow/dags/01_hello_dag.py
[2026-08-31T08:36:11.615+0000] {processor.py:914} INFO - Processing file /opt/airflow/dags/01_hello_dag.py for tasks to queue
[2026-08-31T08:36:11.618+0000] {logging_mixin.py:190} INFO - [2026-08-31T08:36:11.618+0000] {dagbag.py:588} INFO - Filling up the DagBag from /opt/airflow/dags/01_hello_dag.py
[2026-08-31T08:36:11.643+0000] {processor.py:925} INFO - DAG(s) 'hello_dag' retrieved from /opt/airflow/dags/01_hello_dag.py
[2026-08-31T08:36:11.672+0000] {logging_mixin.py:190} INFO - [2026-08-31T08:36:11.672+0000] {dag.py:3239} INFO - Sync 1 DAGs
[2026-08-31T08:36:11.685+0000] {logging_mixin.py:190} INFO - [2026-08-31T08:36:11.685+0000] {dag.py:4180} INFO - Setting next_dagrun for hello_dag to None, run_after=None
[2026-08-31T08:36:11.702+0000] {processor.py:208} INFO - Processing /opt/airflow/dags/01_hello_dag.py took 0.094 seconds
[2026-08-31T08:36:42.006+0000] {processor.py:186} INFO - Started process (PID=1223) to work on /opt/airflow/dags/01_hello_dag.py
[2026-08-31T08:36:42.008+0000] {processor.py:914} INFO - Processing file /opt/airflow/dags/01_hello_dag.py for tasks to queue
[2026-08-31T08:36:42.010+0000] {logging_mixin.py:190} INFO - [2026-08-31T08:36:42.010+0000] {dagbag.py:588} INFO - Filling up the DagBag from /opt/airflow/dags/01_hello_dag.py
[2026-08-31T08:36:42.025+0000] {processor.py:925} INFO - DAG(s) 'hello_dag' retrieved from /opt/airflow/dags/01_hello_dag.py
[2026-08-31T08:36:42.048+0000] {logging_mixin.py:190} INFO - [2026-08-31T08:36:42.048+0000] {dag.py:3239} INFO - Sync 1 DAGs
[2026-08-31T08:36:42.060+0000] {logging_mixin.py:190} INFO - [2026-08-31T08:36:42.060+0000] {dag.py:4180} INFO - Setting next_dagrun for hello_dag to None, run_after=None
[2026-08-31T08:36:42.078+0000] {processor.py:208} INFO - Processing /opt/airflow/dags/01_hello_dag.py took 0.077 seconds
[2026-08-31T08:37:12.449+0000] {processor.py:186} INFO - Started process (PID=1237) to work on /opt/airflow/dags/01_hello_dag.py
[2026-08-31T08:37:12.450+0000] {processor.py:914} INFO - Processing file /opt/airflow/dags/01_hello_dag.py for tasks to queue
[2026-08-31T08:37:12.452+0000] {logging_mixin.py:190} INFO - [2026-08-31T08:37:12.452+0000] {dagbag.py:588} INFO - Filling up the DagBag from /opt/airflow/dags/01_hello_dag.py
[2026-08-31T08:37:12.471+0000] {processor.py:925} INFO - DAG(s) 'hello_dag' retrieved from /opt/airflow/dags/01_hello_dag.py
[2026-08-31T08:37:12.491+0000] {logging_mixin.py:190} INFO - [2026-08-31T08:37:12.491+0000] {dag.py:3239} INFO - Sync 1 DAGs
[2026-08-31T08:37:12.502+0000] {logging_mixin.py:190} INFO - [2026-08-31T08:37:12.502+0000] {dag.py:4180} INFO - Setting next_dagrun for hello_dag to None, run_after=None
[2026-08-31T08:37:12.522+0000] {processor.py:208} INFO - Processing /opt/airflow/dags/01_hello_dag.py took 0.079 seconds
[2026-08-31T08:37:43.224+0000] {processor.py:186} INFO - Started process (PID=1251) to work on /opt/airflow/dags/01_hello_dag.py
[2026-08-31T08:37:43.226+0000] {processor.py:914} INFO - Processing file /opt/airflow/dags/01_hello_dag.py for tasks to queue
[2026-08-31T08:37:43.232+0000] {logging_mixin.py:190} INFO - [2026-08-31T08:37:43.231+0000] {dagbag.py:588} INFO - Filling up the DagBag from /opt/airflow/dags/01_hello_dag.py
[2026-08-31T08:37:43.265+0000] {processor.py:925} INFO - DAG(s) 'hello_dag' retrieved from /opt/airflow/dags/01_hello_dag.py
[2026-08-31T08:37:43.301+0000] {logging_mixin.py:190} INFO - [2026-08-31T08:37:43.301+0000] {dag.py:3239} INFO - Sync 1 DAGs
[2026-08-31T08:37:43.317+0000] {logging_mixin.py:190} INFO - [2026-08-31T08:37:43.316+0000] {dag.py:4180} INFO - Setting next_dagrun for hello_dag to None, run_after=None
[2026-08-31T08:37:43.344+0000] {processor.py:208} INFO - Processing /opt/airflow/dags/01_hello_dag.py took 0.131 seconds
[2026-08-31T08:38:13.635+0000] {processor.py:186} INFO - Started process (PID=1265) to work on /opt/airflow/dags/01_hello_dag.py
[2026-08-31T08:38:13.637+0000] {processor.py:914} INFO - Processing file /opt/airflow/dags/01_hello_dag.py for tasks to queue
[2026-08-31T08:38:13.641+0000] {logging_mixin.py:190} INFO - [2026-08-31T08:38:13.641+0000] {dagbag.py:588} INFO - Filling up the DagBag from /opt/airflow/dags/01_hello_dag.py
[2026-08-31T08:38:13.676+0000] {processor.py:925} INFO - DAG(s) 'hello_dag' retrieved from /opt/airflow/dags/01_hello_dag.py
[2026-08-31T08:38:13.702+0000] {logging_mixin.py:190} INFO - [2026-08-31T08:38:13.702+0000] {dag.py:3239} INFO - Sync 1 DAGs
[2026-08-31T08:38:13.715+0000] {logging_mixin.py:190} INFO - [2026-08-31T08:38:13.714+0000] {dag.py:4180} INFO - Setting next_dagrun for hello_dag to None, run_after=None
[2026-08-31T08:38:13.733+0000] {processor.py:208} INFO - Processing /opt/airflow/dags/01_hello_dag.py took 0.108 seconds
[2026-08-31T08:38:43.936+0000] {processor.py:186} INFO - Started process (PID=1279) to work on /opt/airflow/dags/01_hello_dag.py
[2026-08-31T08:38:43.936+0000] {processor.py:914} INFO - Processing file /opt/airflow/dags/01_hello_dag.py for tasks to queue
[2026-08-31T08:38:43.939+0000] {logging_mixin.py:190} INFO - [2026-08-31T08:38:43.938+0000] {dagbag.py:588} INFO - Filling up the DagBag from /opt/airflow/dags/01_hello_dag.py
[2026-08-31T08:38:43.951+0000] {processor.py:925} INFO - DAG(s) 'hello_dag' retrieved from /opt/airflow/dags/01_hello_dag.py
[2026-08-31T08:38:43.974+0000] {logging_mixin.py:190} INFO - [2026-08-31T08:38:43.974+0000] {dag.py:3239} INFO - Sync 1 DAGs
[2026-08-31T08:38:43.985+0000] {logging_mixin.py:190} INFO - [2026-08-31T08:38:43.985+0000] {dag.py:4180} INFO - Setting next_dagrun for hello_dag to None, run_after=None
[2026-08-31T08:38:44.003+0000] {processor.py:208} INFO - Processing /opt/airflow/dags/01_hello_dag.py took 0.073 seconds
[2026-08-31T08:39:14.178+0000] {processor.py:186} INFO - Started process (PID=1294) to work on /opt/airflow/dags/01_hello_dag.py
[2026-08-31T08:39:14.179+0000] {processor.py:914} INFO - Processing file /opt/airflow/dags/01_hello_dag.py for tasks to queue
[2026-08-31T08:39:14.181+0000] {logging_mixin.py:190} INFO - [2026-08-31T08:39:14.181+0000] {dagbag.py:588} INFO - Filling up the DagBag from /opt/airflow/dags/01_hello_dag.py
[2026-08-31T08:39:14.194+0000] {processor.py:925} INFO - DAG(s) 'hello_dag' retrieved from /opt/airflow/dags/01_hello_dag.py
[2026-08-31T08:39:14.215+0000] {logging_mixin.py:190} INFO - [2026-08-31T08:39:14.214+0000] {dag.py:3239} INFO - Sync 1 DAGs
[2026-08-31T08:39:14.228+0000] {logging_mixin.py:190} INFO - [2026-08-31T08:39:14.228+0000] {dag.py:4180} INFO - Setting next_dagrun for hello_dag to None, run_after=None
[2026-08-31T08:39:14.252+0000] {processor.py:208} INFO - Processing /opt/airflow/dags/01_hello_dag.py took 0.078 seconds
[2026-08-31T08:39:44.942+0000] {processor.py:186} INFO - Started process (PID=1308) to work on /opt/airflow/dags/01_hello_dag.py
[2026-08-31T08:39:44.943+0000] {processor.py:914} INFO - Processing file /opt/airflow/dags/01_hello_dag.py for tasks to queue
[2026-08-31T08:39:44.945+0000] {logging_mixin.py:190} INFO - [2026-08-31T08:39:44.945+0000] {dagbag.py:588} INFO - Filling up the DagBag from /opt/airflow/dags/01_hello_dag.py
[2026-08-31T08:39:44.960+0000] {processor.py:925} INFO - DAG(s) 'hello_dag' retrieved from /opt/airflow/dags/01_hello_dag.py
[2026-08-31T08:39:44.984+0000] {logging_mixin.py:190} INFO - [2026-08-31T08:39:44.984+0000] {dag.py:3239} INFO - Sync 1 DAGs
[2026-08-31T08:39:44.995+0000] {logging_mixin.py:190} INFO - [2026-08-31T08:39:44.994+0000] {dag.py:4180} INFO - Setting next_dagrun for hello_dag to None, run_after=None
[2026-08-31T08:39:45.013+0000] {processor.py:208} INFO - Processing /opt/airflow/dags/01_hello_dag.py took 0.076 seconds
[2026-08-31T08:40:15.080+0000] {processor.py:186} INFO - Started process (PID=1322) to work on /opt/airflow/dags/01_hello_dag.py
[2026-08-31T08:40:15.081+0000] {processor.py:914} INFO - Processing file /opt/airflow/dags/01_hello_dag.py for tasks to queue
[2026-08-31T08:40:15.084+0000] {logging_mixin.py:190} INFO - [2026-08-31T08:40:15.084+0000] {dagbag.py:588} INFO - Filling up the DagBag from /opt/airflow/dags/01_hello_dag.py
[2026-08-31T08:40:15.108+0000] {processor.py:925} INFO - DAG(s) 'hello_dag' retrieved from /opt/airflow/dags/01_hello_dag.py
[2026-08-31T08:40:15.131+0000] {logging_mixin.py:190} INFO - [2026-08-31T08:40:15.131+0000] {dag.py:3239} INFO - Sync 1 DAGs
[2026-08-31T08:40:15.143+0000] {logging_mixin.py:190} INFO - [2026-08-31T08:40:15.143+0000] {dag.py:4180} INFO - Setting next_dagrun for hello_dag to None, run_after=None
[2026-08-31T08:40:15.165+0000] {processor.py:208} INFO - Processing /opt/airflow/dags/01_hello_dag.py took 0.090 seconds
[2026-08-31T08:40:45.293+0000] {processor.py:186} INFO - Started process (PID=1336) to work on /opt/airflow/dags/01_hello_dag.py
[2026-08-31T08:40:45.294+0000] {processor.py:914} INFO - Processing file /opt/airflow/dags/01_hello_dag.py for tasks to queue
[2026-08-31T08:40:45.298+0000] {logging_mixin.py:190} INFO - [2026-08-31T08:40:45.297+0000] {dagbag.py:588} INFO - Filling up the DagBag from /opt/airflow/dags/01_hello_dag.py
[2026-08-31T08:40:45.313+0000] {processor.py:925} INFO - DAG(s) 'hello_dag' retrieved from /opt/airflow/dags/01_hello_dag.py
[2026-08-31T08:40:45.337+0000] {logging_mixin.py:190} INFO - [2026-08-31T08:40:45.337+0000] {dag.py:3239} INFO - Sync 1 DAGs
[2026-08-31T08:40:45.349+0000] {logging_mixin.py:190} INFO - [2026-08-31T08:40:45.348+0000] {dag.py:4180} INFO - Setting next_dagrun for hello_dag to None, run_after=None
[2026-08-31T08:40:45.377+0000] {processor.py:208} INFO - Processing /opt/airflow/dags/01_hello_dag.py took 0.089 seconds
[2026-08-31T08:41:16.229+0000] {processor.py:186} INFO - Started process (PID=1350) to work on /opt/airflow/dags/01_hello_dag.py
[2026-08-31T08:41:16.231+0000] {processor.py:914} INFO - Processing file /opt/airflow/dags/01_hello_dag.py for tasks to queue
[2026-08-31T08:41:16.236+0000] {logging_mixin.py:190} INFO - [2026-08-31T08:41:16.236+0000] {dagbag.py:588} INFO - Filling up the DagBag from /opt/airflow/dags/01_hello_dag.py
[2026-08-31T08:41:16.287+0000] {processor.py:925} INFO - DAG(s) 'hello_dag' retrieved from /opt/airflow/dags/01_hello_dag.py
[2026-08-31T08:41:16.344+0000] {logging_mixin.py:190} INFO - [2026-08-31T08:41:16.344+0000] {dag.py:3239} INFO - Sync 1 DAGs
[2026-08-31T08:41:16.367+0000] {logging_mixin.py:190} INFO - [2026-08-31T08:41:16.367+0000] {dag.py:4180} INFO - Setting next_dagrun for hello_dag to None, run_after=None
[2026-08-31T08:41:16.414+0000] {processor.py:208} INFO - Processing /opt/airflow/dags/01_hello_dag.py took 0.191 seconds
[2026-08-31T08:41:46.680+0000] {processor.py:186} INFO - Started process (PID=1364) to work on /opt/airflow/dags/01_hello_dag.py
[2026-08-31T08:41:46.681+0000] {processor.py:914} INFO - Processing file /opt/airflow/dags/01_hello_dag.py for tasks to queue
[2026-08-31T08:41:46.683+0000] {logging_mixin.py:190} INFO - [2026-08-31T08:41:46.683+0000] {dagbag.py:588} INFO - Filling up the DagBag from /opt/airflow/dags/01_hello_dag.py
[2026-08-31T08:41:46.703+0000] {processor.py:925} INFO - DAG(s) 'hello_dag' retrieved from /opt/airflow/dags/01_hello_dag.py
[2026-08-31T08:41:46.726+0000] {logging_mixin.py:190} INFO - [2026-08-31T08:41:46.726+0000] {dag.py:3239} INFO - Sync 1 DAGs
[2026-08-31T08:41:46.739+0000] {logging_mixin.py:190} INFO - [2026-08-31T08:41:46.738+0000] {dag.py:4180} INFO - Setting next_dagrun for hello_dag to None, run_after=None
[2026-08-31T08:41:46.759+0000] {processor.py:208} INFO - Processing /opt/airflow/dags/01_hello_dag.py took 0.084 seconds
[2026-08-31T08:42:16.867+0000] {processor.py:186} INFO - Started process (PID=1378) to work on /opt/airflow/dags/01_hello_dag.py
[2026-08-31T08:42:16.868+0000] {processor.py:914} INFO - Processing file /opt/airflow/dags/01_hello_dag.py for tasks to queue
[2026-08-31T08:42:16.870+0000] {logging_mixin.py:190} INFO - [2026-08-31T08:42:16.870+0000] {dagbag.py:588} INFO - Filling up the DagBag from /opt/airflow/dags/01_hello_dag.py
[2026-08-31T08:42:16.883+0000] {processor.py:925} INFO - DAG(s) 'hello_dag' retrieved from /opt/airflow/dags/01_hello_dag.py
[2026-08-31T08:42:16.904+0000] {logging_mixin.py:190} INFO - [2026-08-31T08:42:16.904+0000] {dag.py:3239} INFO - Sync 1 DAGs
[2026-08-31T08:42:16.915+0000] {logging_mixin.py:190} INFO - [2026-08-31T08:42:16.915+0000] {dag.py:4180} INFO - Setting next_dagrun for hello_dag to None, run_after=None
[2026-08-31T08:42:16.937+0000] {processor.py:208} INFO - Processing /opt/airflow/dags/01_hello_dag.py took 0.075 seconds
[2026-08-31T08:42:47.057+0000] {processor.py:186} INFO - Started process (PID=1392) to work on /opt/airflow/dags/01_hello_dag.py
[2026-08-31T08:42:47.058+0000] {processor.py:914} INFO - Processing file /opt/airflow/dags/01_hello_dag.py for tasks to queue
[2026-08-31T08:42:47.060+0000] {logging_mixin.py:190} INFO - [2026-08-31T08:42:47.060+0000] {dagbag.py:588} INFO - Filling up the DagBag from /opt/airflow/dags/01_hello_dag.py
[2026-08-31T08:42:47.073+0000] {processor.py:925} INFO - DAG(s) 'hello_dag' retrieved from /opt/airflow/dags/01_hello_dag.py
[2026-08-31T08:42:47.093+0000] {logging_mixin.py:190} INFO - [2026-08-31T08:42:47.092+0000] {dag.py:3239} INFO - Sync 1 DAGs
[2026-08-31T08:42:47.103+0000] {logging_mixin.py:190} INFO - [2026-08-31T08:42:47.103+0000] {dag.py:4180} INFO - Setting next_dagrun for hello_dag to None, run_after=None
[2026-08-31T08:42:47.119+0000] {processor.py:208} INFO - Processing /opt/airflow/dags/01_hello_dag.py took 0.067 seconds
[2026-08-31T08:43:17.859+0000] {processor.py:186} INFO - Started process (PID=1406) to work on /opt/airflow/dags/01_hello_dag.py
[2026-08-31T08:43:17.861+0000] {processor.py:914} INFO - Processing file /opt/airflow/dags/01_hello_dag.py for tasks to queue
[2026-08-31T08:43:17.863+0000] {logging_mixin.py:190} INFO - [2026-08-31T08:43:17.863+0000] {dagbag.py:588} INFO - Filling up the DagBag from /opt/airflow/dags/01_hello_dag.py
[2026-08-31T08:43:17.881+0000] {processor.py:925} INFO - DAG(s) 'hello_dag' retrieved from /opt/airflow/dags/01_hello_dag.py
[2026-08-31T08:43:17.905+0000] {logging_mixin.py:190} INFO - [2026-08-31T08:43:17.905+0000] {dag.py:3239} INFO - Sync 1 DAGs
[2026-08-31T08:43:17.918+0000] {logging_mixin.py:190} INFO - [2026-08-31T08:43:17.918+0000] {dag.py:4180} INFO - Setting next_dagrun for hello_dag to None, run_after=None
[2026-08-31T08:43:17.937+0000] {processor.py:208} INFO - Processing /opt/airflow/dags/01_hello_dag.py took 0.084 seconds
[2026-08-31T08:43:48.124+0000] {processor.py:186} INFO - Started process (PID=1420) to work on /opt/airflow/dags/01_hello_dag.py
[2026-08-31T08:43:48.125+0000] {processor.py:914} INFO - Processing file /opt/airflow/dags/01_hello_dag.py for tasks to queue
[2026-08-31T08:43:48.127+0000] {logging_mixin.py:190} INFO - [2026-08-31T08:43:48.127+0000] {dagbag.py:588} INFO - Filling up the DagBag from /opt/airflow/dags/01_hello_dag.py
[2026-08-31T08:43:48.141+0000] {processor.py:925} INFO - DAG(s) 'hello_dag' retrieved from /opt/airflow/dags/01_hello_dag.py
[2026-08-31T08:43:48.165+0000] {logging_mixin.py:190} INFO - [2026-08-31T08:43:48.165+0000] {dag.py:3239} INFO - Sync 1 DAGs
[2026-08-31T08:43:48.177+0000] {logging_mixin.py:190} INFO - [2026-08-31T08:43:48.177+0000] {dag.py:4180} INFO - Setting next_dagrun for hello_dag to None, run_after=None
[2026-08-31T08:43:48.198+0000] {processor.py:208} INFO - Processing /opt/airflow/dags/01_hello_dag.py took 0.078 seconds
[2026-08-31T08:44:18.323+0000] {processor.py:186} INFO - Started process (PID=1434) to work on /opt/airflow/dags/01_hello_dag.py
[2026-08-31T08:44:18.324+0000] {processor.py:914} INFO - Processing file /opt/airflow/dags/01_hello_dag.py for tasks to queue
[2026-08-31T08:44:18.326+0000] {logging_mixin.py:190} INFO - [2026-08-31T08:44:18.326+0000] {dagbag.py:588} INFO - Filling up the DagBag from /opt/airflow/dags/01_hello_dag.py
[2026-08-31T08:44:18.342+0000] {processor.py:925} INFO - DAG(s) 'hello_dag' retrieved from /opt/airflow/dags/01_hello_dag.py
[2026-08-31T08:44:18.367+0000] {logging_mixin.py:190} INFO - [2026-08-31T08:44:18.367+0000] {dag.py:3239} INFO - Sync 1 DAGs
[2026-08-31T08:44:18.379+0000] {logging_mixin.py:190} INFO - [2026-08-31T08:44:18.379+0000] {dag.py:4180} INFO - Setting next_dagrun for hello_dag to None, run_after=None
[2026-08-31T08:44:18.397+0000] {processor.py:208} INFO - Processing /opt/airflow/dags/01_hello_dag.py took 0.080 seconds
[2026-08-31T08:44:48.771+0000] {processor.py:186} INFO - Started process (PID=1448) to work on /opt/airflow/dags/01_hello_dag.py
[2026-08-31T08:44:48.772+0000] {processor.py:914} INFO - Processing file /opt/airflow/dags/01_hello_dag.py for tasks to queue
[2026-08-31T08:44:48.774+0000] {logging_mixin.py:190} INFO - [2026-08-31T08:44:48.774+0000] {dagbag.py:588} INFO - Filling up the DagBag from /opt/airflow/dags/01_hello_dag.py
[2026-08-31T08:44:48.790+0000] {processor.py:925} INFO - DAG(s) 'hello_dag' retrieved from /opt/airflow/dags/01_hello_dag.py
[2026-08-31T08:44:48.814+0000] {logging_mixin.py:190} INFO - [2026-08-31T08:44:48.814+0000] {dag.py:3239} INFO - Sync 1 DAGs
[2026-08-31T08:44:48.827+0000] {logging_mixin.py:190} INFO - [2026-08-31T08:44:48.827+0000] {dag.py:4180} INFO - Setting next_dagrun for hello_dag to None, run_after=None
[2026-08-31T08:44:48.843+0000] {processor.py:208} INFO - Processing /opt/airflow/dags/01_hello_dag.py took 0.079 seconds
[2026-08-31T08:45:19.090+0000] {processor.py:186} INFO - Started process (PID=1462) to work on /opt/airflow/dags/01_hello_dag.py
[2026-08-31T08:45:19.092+0000] {processor.py:914} INFO - Processing file /opt/airflow/dags/01_hello_dag.py for tasks to queue
[2026-08-31T08:45:19.094+0000] {logging_mixin.py:190} INFO - [2026-08-31T08:45:19.094+0000] {dagbag.py:588} INFO - Filling up the DagBag from /opt/airflow/dags/01_hello_dag.py
[2026-08-31T08:45:19.131+0000] {processor.py:925} INFO - DAG(s) 'hello_dag' retrieved from /opt/airflow/dags/01_hello_dag.py
[2026-08-31T08:45:19.156+0000] {logging_mixin.py:190} INFO - [2026-08-31T08:45:19.156+0000] {dag.py:3239} INFO - Sync 1 DAGs
[2026-08-31T08:45:19.168+0000] {logging_mixin.py:190} INFO - [2026-08-31T08:45:19.168+0000] {dag.py:4180} INFO - Setting next_dagrun for hello_dag to None, run_after=None
[2026-08-31T08:45:19.190+0000] {processor.py:208} INFO - Processing /opt/airflow/dags/01_hello_dag.py took 0.107 seconds
