[2026-08-31T07:56:12.126+0000] {processor.py:186} INFO - Started process (PID=102) to work on /opt/airflow/dags/02_xcom_dag.py
[2026-08-31T07:56:12.128+0000] {processor.py:914} INFO - Processing file /opt/airflow/dags/02_xcom_dag.py for tasks to queue
[2026-08-31T07:56:12.131+0000] {logging_mixin.py:190} INFO - [2026-08-31T07:56:12.131+0000] {dagbag.py:588} INFO - Filling up the DagBag from /opt/airflow/dags/02_xcom_dag.py
[2026-08-31T07:56:12.168+0000] {processor.py:925} INFO - DAG(s) 'xcom_dag' retrieved from /opt/airflow/dags/02_xcom_dag.py
[2026-08-31T07:56:12.268+0000] {logging_mixin.py:190} INFO - [2026-08-31T07:56:12.267+0000] {dag.py:3239} INFO - Sync 1 DAGs
[2026-08-31T07:56:12.304+0000] {logging_mixin.py:190} INFO - [2026-08-31T07:56:12.303+0000] {dag.py:4180} INFO - Setting next_dagrun for xcom_dag to None, run_after=None
[2026-08-31T07:56:12.375+0000] {processor.py:208} INFO - Processing /opt/airflow/dags/02_xcom_dag.py took 0.257 seconds
[2026-08-31T07:56:43.279+0000] {processor.py:186} INFO - Started process (PID=115) to work on /opt/airflow/dags/02_xcom_dag.py
[2026-08-31T07:56:43.280+0000] {processor.py:914} INFO - Processing file /opt/airflow/dags/02_xcom_dag.py for tasks to queue
[2026-08-31T07:56:43.284+0000] {logging_mixin.py:190} INFO - [2026-08-31T07:56:43.283+0000] {dagbag.py:588} INFO - Filling up the DagBag from /opt/airflow/dags/02_xcom_dag.py
[2026-08-31T07:56:43.307+0000] {processor.py:925} INFO - DAG(s) 'xcom_dag' retrieved from /opt/airflow/dags/02_xcom_dag.py
[2026-08-31T07:56:43.336+0000] {logging_mixin.py:190} INFO - [2026-08-31T07:56:43.335+0000] {dag.py:3239} INFO - Sync 1 DAGs
[2026-08-31T07:56:43.350+0000] {logging_mixin.py:190} INFO - [2026-08-31T07:56:43.350+0000] {dag.py:4180} INFO - Setting next_dagrun for xcom_dag to None, run_after=None
[2026-08-31T07:56:43.372+0000] {processor.py:208} INFO - Processing /opt/airflow/dags/02_xcom_dag.py took 0.101 seconds
[2026-08-31T07:57:14.255+0000] {processor.py:186} INFO - Started process (PID=129) to work on /opt/airflow/dags/02_xcom_dag.py
[2026-08-31T07:57:14.256+0000] {processor.py:914} INFO - Processing file /opt/airflow/dags/02_xcom_dag.py for tasks to queue
[2026-08-31T07:57:14.258+0000] {logging_mixin.py:190} INFO - [2026-08-31T07:57:14.258+0000] {dagbag.py:588} INFO - Filling up the DagBag from /opt/airflow/dags/02_xcom_dag.py
[2026-08-31T07:57:14.290+0000] {processor.py:925} INFO - DAG(s) 'xcom_dag' retrieved from /opt/airflow/dags/02_xcom_dag.py
[2026-08-31T07:57:14.342+0000] {logging_mixin.py:190} INFO - [2026-08-31T07:57:14.342+0000] {dag.py:3239} INFO - Sync 1 DAGs
[2026-08-31T07:57:14.358+0000] {logging_mixin.py:190} INFO - [2026-08-31T07:57:14.357+0000] {dag.py:4180} INFO - Setting next_dagrun for xcom_dag to None, run_after=None
[2026-08-31T07:57:14.382+0000] {processor.py:208} INFO - Processing /opt/airflow/dags/02_xcom_dag.py took 0.133 seconds
[2026-08-31T07:57:44.749+0000] {processor.py:186} INFO - Started process (PID=142) to work on /opt/airflow/dags/02_xcom_dag.py
[2026-08-31T07:57:44.750+0000] {processor.py:914} INFO - Processing file /opt/airflow/dags/02_xcom_dag.py for tasks to queue
[2026-08-31T07:57:44.753+0000] {logging_mixin.py:190} INFO - [2026-08-31T07:57:44.753+0000] {dagbag.py:588} INFO - Filling up the DagBag from /opt/airflow/dags/02_xcom_dag.py
[2026-08-31T07:57:44.782+0000] {processor.py:925} INFO - DAG(s) 'xcom_dag' retrieved from /opt/airflow/dags/02_xcom_dag.py
[2026-08-31T07:57:44.804+0000] {logging_mixin.py:190} INFO - [2026-08-31T07:57:44.804+0000] {dag.py:3239} INFO - Sync 1 DAGs
[2026-08-31T07:57:44.828+0000] {logging_mixin.py:190} INFO - [2026-08-31T07:57:44.828+0000] {dag.py:4180} INFO - Setting next_dagrun for xcom_dag to None, run_after=None
[2026-08-31T07:57:44.848+0000] {processor.py:208} INFO - Processing /opt/airflow/dags/02_xcom_dag.py took 0.105 seconds
[2026-08-31T07:58:15.329+0000] {processor.py:186} INFO - Started process (PID=156) to work on /opt/airflow/dags/02_xcom_dag.py
[2026-08-31T07:58:15.331+0000] {processor.py:914} INFO - Processing file /opt/airflow/dags/02_xcom_dag.py for tasks to queue
[2026-08-31T07:58:15.333+0000] {logging_mixin.py:190} INFO - [2026-08-31T07:58:15.333+0000] {dagbag.py:588} INFO - Filling up the DagBag from /opt/airflow/dags/02_xcom_dag.py
[2026-08-31T07:58:15.358+0000] {processor.py:925} INFO - DAG(s) 'xcom_dag' retrieved from /opt/airflow/dags/02_xcom_dag.py
[2026-08-31T07:58:15.380+0000] {logging_mixin.py:190} INFO - [2026-08-31T07:58:15.379+0000] {dag.py:3239} INFO - Sync 1 DAGs
[2026-08-31T07:58:15.391+0000] {logging_mixin.py:190} INFO - [2026-08-31T07:58:15.391+0000] {dag.py:4180} INFO - Setting next_dagrun for xcom_dag to None, run_after=None
[2026-08-31T07:58:15.413+0000] {processor.py:208} INFO - Processing /opt/airflow/dags/02_xcom_dag.py took 0.089 seconds
[2026-08-31T07:58:45.491+0000] {processor.py:186} INFO - Started process (PID=170) to work on /opt/airflow/dags/02_xcom_dag.py
[2026-08-31T07:58:45.493+0000] {processor.py:914} INFO - Processing file /opt/airflow/dags/02_xcom_dag.py for tasks to queue
[2026-08-31T07:58:45.495+0000] {logging_mixin.py:190} INFO - [2026-08-31T07:58:45.494+0000] {dagbag.py:588} INFO - Filling up the DagBag from /opt/airflow/dags/02_xcom_dag.py
[2026-08-31T07:58:45.514+0000] {processor.py:925} INFO - DAG(s) 'xcom_dag' retrieved from /opt/airflow/dags/02_xcom_dag.py
[2026-08-31T07:58:45.547+0000] {logging_mixin.py:190} INFO - [2026-08-31T07:58:45.547+0000] {dag.py:3239} INFO - Sync 1 DAGs
[2026-08-31T07:58:45.704+0000] {logging_mixin.py:190} INFO - [2026-08-31T07:58:45.704+0000] {dag.py:4180} INFO - Setting next_dagrun for xcom_dag to None, run_after=None
[2026-08-31T07:58:45.721+0000] {processor.py:208} INFO - Processing /opt/airflow/dags/02_xcom_dag.py took 0.238 seconds
[2026-08-31T07:59:15.924+0000] {processor.py:186} INFO - Started process (PID=184) to work on /opt/airflow/dags/02_xcom_dag.py
[2026-08-31T07:59:15.925+0000] {processor.py:914} INFO - Processing file /opt/airflow/dags/02_xcom_dag.py for tasks to queue
[2026-08-31T07:59:15.927+0000] {logging_mixin.py:190} INFO - [2026-08-31T07:59:15.927+0000] {dagbag.py:588} INFO - Filling up the DagBag from /opt/airflow/dags/02_xcom_dag.py
[2026-08-31T07:59:15.947+0000] {processor.py:925} INFO - DAG(s) 'xcom_dag' retrieved from /opt/airflow/dags/02_xcom_dag.py
[2026-08-31T07:59:15.967+0000] {logging_mixin.py:190} INFO - [2026-08-31T07:59:15.967+0000] {dag.py:3239} INFO - Sync 1 DAGs
[2026-08-31T07:59:15.984+0000] {logging_mixin.py:190} INFO - [2026-08-31T07:59:15.984+0000] {dag.py:4180} INFO - Setting next_dagrun for xcom_dag to None, run_after=None
[2026-08-31T07:59:16.005+0000] {processor.py:208} INFO - Processing /opt/airflow/dags/02_xcom_dag.py took 0.087 seconds
[2026-08-31T07:59:46.121+0000] {processor.py:186} INFO - Started process (PID=198) to work on /opt/airflow/dags/02_xcom_dag.py
[2026-08-31T07:59:46.123+0000] {processor.py:914} INFO - Processing file /opt/airflow/dags/02_xcom_dag.py for tasks to queue
[2026-08-31T07:59:46.126+0000] {logging_mixin.py:190} INFO - [2026-08-31T07:59:46.125+0000] {dagbag.py:588} INFO - Filling up the DagBag from /opt/airflow/dags/02_xcom_dag.py
[2026-08-31T07:59:46.145+0000] {processor.py:925} INFO - DAG(s) 'xcom_dag' retrieved from /opt/airflow/dags/02_xcom_dag.py
[2026-08-31T07:59:46.166+0000] {logging_mixin.py:190} INFO - [2026-08-31T07:59:46.166+0000] {dag.py:3239} INFO - Sync 1 DAGs
[2026-08-31T07:59:46.177+0000] {logging_mixin.py:190} INFO - [2026-08-31T07:59:46.177+0000] {dag.py:4180} INFO - Setting next_dagrun for xcom_dag to None, run_after=None
[2026-08-31T07:59:46.198+0000] {processor.py:208} INFO - Processing /opt/airflow/dags/02_xcom_dag.py took 0.082 seconds
[2026-08-31T08:00:16.373+0000] {processor.py:186} INFO - Started process (PID=212) to work on /opt/airflow/dags/02_xcom_dag.py
[2026-08-31T08:00:16.374+0000] {processor.py:914} INFO - Processing file /opt/airflow/dags/02_xcom_dag.py for tasks to queue
[2026-08-31T08:00:16.376+0000] {logging_mixin.py:190} INFO - [2026-08-31T08:00:16.376+0000] {dagbag.py:588} INFO - Filling up the DagBag from /opt/airflow/dags/02_xcom_dag.py
[2026-08-31T08:00:16.394+0000] {processor.py:925} INFO - DAG(s) 'xcom_dag' retrieved from /opt/airflow/dags/02_xcom_dag.py
[2026-08-31T08:00:16.417+0000] {logging_mixin.py:190} INFO - [2026-08-31T08:00:16.416+0000] {dag.py:3239} INFO - Sync 1 DAGs
[2026-08-31T08:00:16.428+0000] {logging_mixin.py:190} INFO - [2026-08-31T08:00:16.428+0000] {dag.py:4180} INFO - Setting next_dagrun for xcom_dag to None, run_after=None
[2026-08-31T08:00:16.451+0000] {processor.py:208} INFO - Processing /opt/airflow/dags/02_xcom_dag.py took 0.083 seconds
[2026-08-31T08:00:46.942+0000] {processor.py:186} INFO - Started process (PID=226) to work on /opt/airflow/dags/02_xcom_dag.py
[2026-08-31T08:00:46.944+0000] {processor.py:914} INFO - Processing file /opt/airflow/dags/02_xcom_dag.py for tasks to queue
[2026-08-31T08:00:46.947+0000] {logging_mixin.py:190} INFO - [2026-08-31T08:00:46.946+0000] {dagbag.py:588} INFO - Filling up the DagBag from /opt/airflow/dags/02_xcom_dag.py
[2026-08-31T08:00:46.976+0000] {processor.py:925} INFO - DAG(s) 'xcom_dag' retrieved from /opt/airflow/dags/02_xcom_dag.py
[2026-08-31T08:00:46.999+0000] {logging_mixin.py:190} INFO - [2026-08-31T08:00:46.998+0000] {dag.py:3239} INFO - Sync 1 DAGs
[2026-08-31T08:00:47.010+0000] {logging_mixin.py:190} INFO - [2026-08-31T08:00:47.010+0000] {dag.py:4180} INFO - Setting next_dagrun for xcom_dag to None, run_after=None
[2026-08-31T08:00:47.030+0000] {processor.py:208} INFO - Processing /opt/airflow/dags/02_xcom_dag.py took 0.096 seconds
[2026-08-31T08:01:17.226+0000] {processor.py:186} INFO - Started process (PID=240) to work on /opt/airflow/dags/02_xcom_dag.py
[2026-08-31T08:01:17.227+0000] {processor.py:914} INFO - Processing file /opt/airflow/dags/02_xcom_dag.py for tasks to queue
[2026-08-31T08:01:17.230+0000] {logging_mixin.py:190} INFO - [2026-08-31T08:01:17.230+0000] {dagbag.py:588} INFO - Filling up the DagBag from /opt/airflow/dags/02_xcom_dag.py
[2026-08-31T08:01:17.253+0000] {processor.py:925} INFO - DAG(s) 'xcom_dag' retrieved from /opt/airflow/dags/02_xcom_dag.py
[2026-08-31T08:01:17.274+0000] {logging_mixin.py:190} INFO - [2026-08-31T08:01:17.274+0000] {dag.py:3239} INFO - Sync 1 DAGs
[2026-08-31T08:01:17.285+0000] {logging_mixin.py:190} INFO - [2026-08-31T08:01:17.285+0000] {dag.py:4180} INFO - Setting next_dagrun for xcom_dag to None, run_after=None
[2026-08-31T08:01:17.302+0000] {processor.py:208} INFO - Processing /opt/airflow/dags/02_xcom_dag.py took 0.082 seconds
[2026-08-31T08:01:47.534+0000] {processor.py:186} INFO - Started process (PID=254) to work on /opt/airflow/dags/02_xcom_dag.py
[2026-08-31T08:01:47.536+0000] {processor.py:914} INFO - Processing file /opt/airflow/dags/02_xcom_dag.py for tasks to queue
[2026-08-31T08:01:47.539+0000] {logging_mixin.py:190} INFO - [2026-08-31T08:01:47.538+0000] {dagbag.py:588} INFO - Filling up the DagBag from /opt/airflow/dags/02_xcom_dag.py
[2026-08-31T08:01:47.562+0000] {processor.py:925} INFO - DAG(s) 'xcom_dag' retrieved from /opt/airflow/dags/02_xcom_dag.py
[2026-08-31T08:01:47.586+0000] {logging_mixin.py:190} INFO - [2026-08-31T08:01:47.586+0000] {dag.py:3239} INFO - Sync 1 DAGs
[2026-08-31T08:01:47.599+0000] {logging_mixin.py:190} INFO - [2026-08-31T08:01:47.599+0000] {dag.py:4180} INFO - Setting next_dagrun for xcom_dag to None, run_after=None
[2026-08-31T08:01:47.632+0000] {processor.py:208} INFO - Processing /opt/airflow/dags/02_xcom_dag.py took 0.105 seconds
[2026-08-31T08:02:18.559+0000] {processor.py:186} INFO - Started process (PID=268) to work on /opt/airflow/dags/02_xcom_dag.py
[2026-08-31T08:02:18.561+0000] {processor.py:914} INFO - Processing file /opt/airflow/dags/02_xcom_dag.py for tasks to queue
[2026-08-31T08:02:18.563+0000] {logging_mixin.py:190} INFO - [2026-08-31T08:02:18.563+0000] {dagbag.py:588} INFO - Filling up the DagBag from /opt/airflow/dags/02_xcom_dag.py
[2026-08-31T08:02:18.576+0000] {processor.py:925} INFO - DAG(s) 'xcom_dag' retrieved from /opt/airflow/dags/02_xcom_dag.py
[2026-08-31T08:02:18.602+0000] {logging_mixin.py:190} INFO - [2026-08-31T08:02:18.602+0000] {dag.py:3239} INFO - Sync 1 DAGs
[2026-08-31T08:02:18.616+0000] {logging_mixin.py:190} INFO - [2026-08-31T08:02:18.615+0000] {dag.py:4180} INFO - Setting next_dagrun for xcom_dag to None, run_after=None
[2026-08-31T08:02:18.638+0000] {processor.py:208} INFO - Processing /opt/airflow/dags/02_xcom_dag.py took 0.083 seconds
[2026-08-31T08:02:49.400+0000] {processor.py:186} INFO - Started process (PID=282) to work on /opt/airflow/dags/02_xcom_dag.py
[2026-08-31T08:02:49.401+0000] {processor.py:914} INFO - Processing file /opt/airflow/dags/02_xcom_dag.py for tasks to queue
[2026-08-31T08:02:49.403+0000] {logging_mixin.py:190} INFO - [2026-08-31T08:02:49.403+0000] {dagbag.py:588} INFO - Filling up the DagBag from /opt/airflow/dags/02_xcom_dag.py
[2026-08-31T08:02:49.416+0000] {processor.py:925} INFO - DAG(s) 'xcom_dag' retrieved from /opt/airflow/dags/02_xcom_dag.py
[2026-08-31T08:02:49.437+0000] {logging_mixin.py:190} INFO - [2026-08-31T08:02:49.437+0000] {dag.py:3239} INFO - Sync 1 DAGs
[2026-08-31T08:02:49.449+0000] {logging_mixin.py:190} INFO - [2026-08-31T08:02:49.449+0000] {dag.py:4180} INFO - Setting next_dagrun for xcom_dag to None, run_after=None
[2026-08-31T08:02:49.471+0000] {processor.py:208} INFO - Processing /opt/airflow/dags/02_xcom_dag.py took 0.077 seconds
[2026-08-31T08:03:19.715+0000] {processor.py:186} INFO - Started process (PID=296) to work on /opt/airflow/dags/02_xcom_dag.py
[2026-08-31T08:03:19.716+0000] {processor.py:914} INFO - Processing file /opt/airflow/dags/02_xcom_dag.py for tasks to queue
[2026-08-31T08:03:19.718+0000] {logging_mixin.py:190} INFO - [2026-08-31T08:03:19.718+0000] {dagbag.py:588} INFO - Filling up the DagBag from /opt/airflow/dags/02_xcom_dag.py
[2026-08-31T08:03:19.737+0000] {processor.py:925} INFO - DAG(s) 'xcom_dag' retrieved from /opt/airflow/dags/02_xcom_dag.py
[2026-08-31T08:03:19.761+0000] {logging_mixin.py:190} INFO - [2026-08-31T08:03:19.761+0000] {dag.py:3239} INFO - Sync 1 DAGs
[2026-08-31T08:03:19.772+0000] {logging_mixin.py:190} INFO - [2026-08-31T08:03:19.771+0000] {dag.py:4180} INFO - Setting next_dagrun for xcom_dag to None, run_after=None
[2026-08-31T08:03:19.793+0000] {processor.py:208} INFO - Processing /opt/airflow/dags/02_xcom_dag.py took 0.084 seconds
[2026-08-31T08:03:49.876+0000] {processor.py:186} INFO - Started process (PID=310) to work on /opt/airflow/dags/02_xcom_dag.py
[2026-08-31T08:03:49.877+0000] {processor.py:914} INFO - Processing file /opt/airflow/dags/02_xcom_dag.py for tasks to queue
[2026-08-31T08:03:49.880+0000] {logging_mixin.py:190} INFO - [2026-08-31T08:03:49.880+0000] {dagbag.py:588} INFO - Filling up the DagBag from /opt/airflow/dags/02_xcom_dag.py
[2026-08-31T08:03:49.894+0000] {processor.py:925} INFO - DAG(s) 'xcom_dag' retrieved from /opt/airflow/dags/02_xcom_dag.py
[2026-08-31T08:03:49.922+0000] {logging_mixin.py:190} INFO - [2026-08-31T08:03:49.922+0000] {dag.py:3239} INFO - Sync 1 DAGs
[2026-08-31T08:03:49.932+0000] {logging_mixin.py:190} INFO - [2026-08-31T08:03:49.932+0000] {dag.py:4180} INFO - Setting next_dagrun for xcom_dag to None, run_after=None
[2026-08-31T08:03:49.948+0000] {processor.py:208} INFO - Processing /opt/airflow/dags/02_xcom_dag.py took 0.077 seconds
[2026-08-31T08:04:20.212+0000] {processor.py:186} INFO - Started process (PID=324) to work on /opt/airflow/dags/02_xcom_dag.py
[2026-08-31T08:04:20.214+0000] {processor.py:914} INFO - Processing file /opt/airflow/dags/02_xcom_dag.py for tasks to queue
[2026-08-31T08:04:20.216+0000] {logging_mixin.py:190} INFO - [2026-08-31T08:04:20.216+0000] {dagbag.py:588} INFO - Filling up the DagBag from /opt/airflow/dags/02_xcom_dag.py
[2026-08-31T08:04:20.240+0000] {processor.py:925} INFO - DAG(s) 'xcom_dag' retrieved from /opt/airflow/dags/02_xcom_dag.py
[2026-08-31T08:04:20.287+0000] {logging_mixin.py:190} INFO - [2026-08-31T08:04:20.287+0000] {dag.py:3239} INFO - Sync 1 DAGs
[2026-08-31T08:04:20.299+0000] {logging_mixin.py:190} INFO - [2026-08-31T08:04:20.299+0000] {dag.py:4180} INFO - Setting next_dagrun for xcom_dag to None, run_after=None
[2026-08-31T08:04:20.321+0000] {processor.py:208} INFO - Processing /opt/airflow/dags/02_xcom_dag.py took 0.117 seconds
[2026-08-31T08:04:50.505+0000] {processor.py:186} INFO - Started process (PID=338) to work on /opt/airflow/dags/02_xcom_dag.py
[2026-08-31T08:04:50.506+0000] {processor.py:914} INFO - Processing file /opt/airflow/dags/02_xcom_dag.py for tasks to queue
[2026-08-31T08:04:50.509+0000] {logging_mixin.py:190} INFO - [2026-08-31T08:04:50.509+0000] {dagbag.py:588} INFO - Filling up the DagBag from /opt/airflow/dags/02_xcom_dag.py
[2026-08-31T08:04:50.541+0000] {processor.py:925} INFO - DAG(s) 'xcom_dag' retrieved from /opt/airflow/dags/02_xcom_dag.py
[2026-08-31T08:04:50.598+0000] {logging_mixin.py:190} INFO - [2026-08-31T08:04:50.598+0000] {dag.py:3239} INFO - Sync 1 DAGs
[2026-08-31T08:04:50.615+0000] {logging_mixin.py:190} INFO - [2026-08-31T08:04:50.615+0000] {dag.py:4180} INFO - Setting next_dagrun for xcom_dag to None, run_after=None
[2026-08-31T08:04:50.639+0000] {processor.py:208} INFO - Processing /opt/airflow/dags/02_xcom_dag.py took 0.141 seconds
[2026-08-31T08:05:20.901+0000] {processor.py:186} INFO - Started process (PID=352) to work on /opt/airflow/dags/02_xcom_dag.py
[2026-08-31T08:05:20.902+0000] {processor.py:914} INFO - Processing file /opt/airflow/dags/02_xcom_dag.py for tasks to queue
[2026-08-31T08:05:20.905+0000] {logging_mixin.py:190} INFO - [2026-08-31T08:05:20.904+0000] {dagbag.py:588} INFO - Filling up the DagBag from /opt/airflow/dags/02_xcom_dag.py
[2026-08-31T08:05:20.917+0000] {processor.py:925} INFO - DAG(s) 'xcom_dag' retrieved from /opt/airflow/dags/02_xcom_dag.py
[2026-08-31T08:05:20.938+0000] {logging_mixin.py:190} INFO - [2026-08-31T08:05:20.938+0000] {dag.py:3239} INFO - Sync 1 DAGs
[2026-08-31T08:05:20.948+0000] {logging_mixin.py:190} INFO - [2026-08-31T08:05:20.948+0000] {dag.py:4180} INFO - Setting next_dagrun for xcom_dag to None, run_after=None
[2026-08-31T08:05:20.967+0000] {processor.py:208} INFO - Processing /opt/airflow/dags/02_xcom_dag.py took 0.070 seconds
[2026-08-31T08:05:51.796+0000] {processor.py:186} INFO - Started process (PID=366) to work on /opt/airflow/dags/02_xcom_dag.py
[2026-08-31T08:05:51.797+0000] {processor.py:914} INFO - Processing file /opt/airflow/dags/02_xcom_dag.py for tasks to queue
[2026-08-31T08:05:51.799+0000] {logging_mixin.py:190} INFO - [2026-08-31T08:05:51.799+0000] {dagbag.py:588} INFO - Filling up the DagBag from /opt/airflow/dags/02_xcom_dag.py
[2026-08-31T08:05:51.824+0000] {processor.py:925} INFO - DAG(s) 'xcom_dag' retrieved from /opt/airflow/dags/02_xcom_dag.py
[2026-08-31T08:05:51.853+0000] {logging_mixin.py:190} INFO - [2026-08-31T08:05:51.853+0000] {dag.py:3239} INFO - Sync 1 DAGs
[2026-08-31T08:05:51.868+0000] {logging_mixin.py:190} INFO - [2026-08-31T08:05:51.867+0000] {dag.py:4180} INFO - Setting next_dagrun for xcom_dag to None, run_after=None
[2026-08-31T08:05:51.890+0000] {processor.py:208} INFO - Processing /opt/airflow/dags/02_xcom_dag.py took 0.100 seconds
[2026-08-31T08:06:22.057+0000] {processor.py:186} INFO - Started process (PID=381) to work on /opt/airflow/dags/02_xcom_dag.py
[2026-08-31T08:06:22.058+0000] {processor.py:914} INFO - Processing file /opt/airflow/dags/02_xcom_dag.py for tasks to queue
[2026-08-31T08:06:22.061+0000] {logging_mixin.py:190} INFO - [2026-08-31T08:06:22.061+0000] {dagbag.py:588} INFO - Filling up the DagBag from /opt/airflow/dags/02_xcom_dag.py
[2026-08-31T08:06:22.076+0000] {processor.py:925} INFO - DAG(s) 'xcom_dag' retrieved from /opt/airflow/dags/02_xcom_dag.py
[2026-08-31T08:06:22.096+0000] {logging_mixin.py:190} INFO - [2026-08-31T08:06:22.096+0000] {dag.py:3239} INFO - Sync 1 DAGs
[2026-08-31T08:06:22.106+0000] {logging_mixin.py:190} INFO - [2026-08-31T08:06:22.106+0000] {dag.py:4180} INFO - Setting next_dagrun for xcom_dag to None, run_after=None
[2026-08-31T08:06:22.122+0000] {processor.py:208} INFO - Processing /opt/airflow/dags/02_xcom_dag.py took 0.070 seconds
[2026-08-31T08:06:52.300+0000] {processor.py:186} INFO - Started process (PID=395) to work on /opt/airflow/dags/02_xcom_dag.py
[2026-08-31T08:06:52.302+0000] {processor.py:914} INFO - Processing file /opt/airflow/dags/02_xcom_dag.py for tasks to queue
[2026-08-31T08:06:52.304+0000] {logging_mixin.py:190} INFO - [2026-08-31T08:06:52.304+0000] {dagbag.py:588} INFO - Filling up the DagBag from /opt/airflow/dags/02_xcom_dag.py
[2026-08-31T08:06:52.334+0000] {processor.py:925} INFO - DAG(s) 'xcom_dag' retrieved from /opt/airflow/dags/02_xcom_dag.py
[2026-08-31T08:06:52.353+0000] {logging_mixin.py:190} INFO - [2026-08-31T08:06:52.353+0000] {dag.py:3239} INFO - Sync 1 DAGs
[2026-08-31T08:06:52.363+0000] {logging_mixin.py:190} INFO - [2026-08-31T08:06:52.363+0000] {dag.py:4180} INFO - Setting next_dagrun for xcom_dag to None, run_after=None
[2026-08-31T08:06:52.383+0000] {processor.py:208} INFO - Processing /opt/airflow/dags/02_xcom_dag.py took 0.088 seconds
[2026-08-31T08:07:22.565+0000] {processor.py:186} INFO - Started process (PID=409) to work on /opt/airflow/dags/02_xcom_dag.py
[2026-08-31T08:07:22.566+0000] {processor.py:914} INFO - Processing file /opt/airflow/dags/02_xcom_dag.py for tasks to queue
[2026-08-31T08:07:22.569+0000] {logging_mixin.py:190} INFO - [2026-08-31T08:07:22.569+0000] {dagbag.py:588} INFO - Filling up the DagBag from /opt/airflow/dags/02_xcom_dag.py
[2026-08-31T08:07:22.592+0000] {processor.py:925} INFO - DAG(s) 'xcom_dag' retrieved from /opt/airflow/dags/02_xcom_dag.py
[2026-08-31T08:07:22.616+0000] {logging_mixin.py:190} INFO - [2026-08-31T08:07:22.616+0000] {dag.py:3239} INFO - Sync 1 DAGs
[2026-08-31T08:07:22.627+0000] {logging_mixin.py:190} INFO - [2026-08-31T08:07:22.627+0000] {dag.py:4180} INFO - Setting next_dagrun for xcom_dag to None, run_after=None
[2026-08-31T08:07:22.650+0000] {processor.py:208} INFO - Processing /opt/airflow/dags/02_xcom_dag.py took 0.092 seconds
[2026-08-31T08:07:52.887+0000] {processor.py:186} INFO - Started process (PID=423) to work on /opt/airflow/dags/02_xcom_dag.py
[2026-08-31T08:07:52.888+0000] {processor.py:914} INFO - Processing file /opt/airflow/dags/02_xcom_dag.py for tasks to queue
[2026-08-31T08:07:52.891+0000] {logging_mixin.py:190} INFO - [2026-08-31T08:07:52.890+0000] {dagbag.py:588} INFO - Filling up the DagBag from /opt/airflow/dags/02_xcom_dag.py
[2026-08-31T08:07:52.905+0000] {processor.py:925} INFO - DAG(s) 'xcom_dag' retrieved from /opt/airflow/dags/02_xcom_dag.py
[2026-08-31T08:07:52.926+0000] {logging_mixin.py:190} INFO - [2026-08-31T08:07:52.926+0000] {dag.py:3239} INFO - Sync 1 DAGs
[2026-08-31T08:07:52.937+0000] {logging_mixin.py:190} INFO - [2026-08-31T08:07:52.937+0000] {dag.py:4180} INFO - Setting next_dagrun for xcom_dag to None, run_after=None
[2026-08-31T08:07:52.954+0000] {processor.py:208} INFO - Processing /opt/airflow/dags/02_xcom_dag.py took 0.073 seconds
[2026-08-31T08:08:23.148+0000] {processor.py:186} INFO - Started process (PID=437) to work on /opt/airflow/dags/02_xcom_dag.py
[2026-08-31T08:08:23.151+0000] {processor.py:914} INFO - Processing file /opt/airflow/dags/02_xcom_dag.py for tasks to queue
[2026-08-31T08:08:23.154+0000] {logging_mixin.py:190} INFO - [2026-08-31T08:08:23.154+0000] {dagbag.py:588} INFO - Filling up the DagBag from /opt/airflow/dags/02_xcom_dag.py
[2026-08-31T08:08:23.182+0000] {processor.py:925} INFO - DAG(s) 'xcom_dag' retrieved from /opt/airflow/dags/02_xcom_dag.py
[2026-08-31T08:08:23.208+0000] {logging_mixin.py:190} INFO - [2026-08-31T08:08:23.208+0000] {dag.py:3239} INFO - Sync 1 DAGs
[2026-08-31T08:08:23.220+0000] {logging_mixin.py:190} INFO - [2026-08-31T08:08:23.220+0000] {dag.py:4180} INFO - Setting next_dagrun for xcom_dag to None, run_after=None
[2026-08-31T08:08:23.242+0000] {processor.py:208} INFO - Processing /opt/airflow/dags/02_xcom_dag.py took 0.102 seconds
[2026-08-31T08:08:53.507+0000] {processor.py:186} INFO - Started process (PID=451) to work on /opt/airflow/dags/02_xcom_dag.py
[2026-08-31T08:08:53.508+0000] {processor.py:914} INFO - Processing file /opt/airflow/dags/02_xcom_dag.py for tasks to queue
[2026-08-31T08:08:53.510+0000] {logging_mixin.py:190} INFO - [2026-08-31T08:08:53.510+0000] {dagbag.py:588} INFO - Filling up the DagBag from /opt/airflow/dags/02_xcom_dag.py
[2026-08-31T08:08:53.533+0000] {processor.py:925} INFO - DAG(s) 'xcom_dag' retrieved from /opt/airflow/dags/02_xcom_dag.py
[2026-08-31T08:08:53.572+0000] {logging_mixin.py:190} INFO - [2026-08-31T08:08:53.572+0000] {dag.py:3239} INFO - Sync 1 DAGs
[2026-08-31T08:08:53.583+0000] {logging_mixin.py:190} INFO - [2026-08-31T08:08:53.582+0000] {dag.py:4180} INFO - Setting next_dagrun for xcom_dag to None, run_after=None
[2026-08-31T08:08:53.599+0000] {processor.py:208} INFO - Processing /opt/airflow/dags/02_xcom_dag.py took 0.102 seconds
[2026-08-31T08:09:23.673+0000] {processor.py:186} INFO - Started process (PID=465) to work on /opt/airflow/dags/02_xcom_dag.py
[2026-08-31T08:09:23.675+0000] {processor.py:914} INFO - Processing file /opt/airflow/dags/02_xcom_dag.py for tasks to queue
[2026-08-31T08:09:23.678+0000] {logging_mixin.py:190} INFO - [2026-08-31T08:09:23.678+0000] {dagbag.py:588} INFO - Filling up the DagBag from /opt/airflow/dags/02_xcom_dag.py
[2026-08-31T08:09:23.695+0000] {processor.py:925} INFO - DAG(s) 'xcom_dag' retrieved from /opt/airflow/dags/02_xcom_dag.py
[2026-08-31T08:09:23.722+0000] {logging_mixin.py:190} INFO - [2026-08-31T08:09:23.722+0000] {dag.py:3239} INFO - Sync 1 DAGs
[2026-08-31T08:09:23.736+0000] {logging_mixin.py:190} INFO - [2026-08-31T08:09:23.736+0000] {dag.py:4180} INFO - Setting next_dagrun for xcom_dag to None, run_after=None
[2026-08-31T08:09:23.763+0000] {processor.py:208} INFO - Processing /opt/airflow/dags/02_xcom_dag.py took 0.096 seconds
[2026-08-31T08:09:53.880+0000] {processor.py:186} INFO - Started process (PID=479) to work on /opt/airflow/dags/02_xcom_dag.py
[2026-08-31T08:09:53.881+0000] {processor.py:914} INFO - Processing file /opt/airflow/dags/02_xcom_dag.py for tasks to queue
[2026-08-31T08:09:53.884+0000] {logging_mixin.py:190} INFO - [2026-08-31T08:09:53.883+0000] {dagbag.py:588} INFO - Filling up the DagBag from /opt/airflow/dags/02_xcom_dag.py
[2026-08-31T08:09:53.904+0000] {processor.py:925} INFO - DAG(s) 'xcom_dag' retrieved from /opt/airflow/dags/02_xcom_dag.py
[2026-08-31T08:09:53.923+0000] {logging_mixin.py:190} INFO - [2026-08-31T08:09:53.923+0000] {dag.py:3239} INFO - Sync 1 DAGs
[2026-08-31T08:09:53.935+0000] {logging_mixin.py:190} INFO - [2026-08-31T08:09:53.934+0000] {dag.py:4180} INFO - Setting next_dagrun for xcom_dag to None, run_after=None
[2026-08-31T08:09:53.956+0000] {processor.py:208} INFO - Processing /opt/airflow/dags/02_xcom_dag.py took 0.081 seconds
[2026-08-31T08:10:24.695+0000] {processor.py:186} INFO - Started process (PID=493) to work on /opt/airflow/dags/02_xcom_dag.py
[2026-08-31T08:10:24.697+0000] {processor.py:914} INFO - Processing file /opt/airflow/dags/02_xcom_dag.py for tasks to queue
[2026-08-31T08:10:24.699+0000] {logging_mixin.py:190} INFO - [2026-08-31T08:10:24.699+0000] {dagbag.py:588} INFO - Filling up the DagBag from /opt/airflow/dags/02_xcom_dag.py
[2026-08-31T08:10:24.721+0000] {processor.py:925} INFO - DAG(s) 'xcom_dag' retrieved from /opt/airflow/dags/02_xcom_dag.py
[2026-08-31T08:10:24.745+0000] {logging_mixin.py:190} INFO - [2026-08-31T08:10:24.745+0000] {dag.py:3239} INFO - Sync 1 DAGs
[2026-08-31T08:10:24.757+0000] {logging_mixin.py:190} INFO - [2026-08-31T08:10:24.757+0000] {dag.py:4180} INFO - Setting next_dagrun for xcom_dag to None, run_after=None
[2026-08-31T08:10:24.778+0000] {processor.py:208} INFO - Processing /opt/airflow/dags/02_xcom_dag.py took 0.090 seconds
[2026-08-31T08:10:55.125+0000] {processor.py:186} INFO - Started process (PID=507) to work on /opt/airflow/dags/02_xcom_dag.py
[2026-08-31T08:10:55.126+0000] {processor.py:914} INFO - Processing file /opt/airflow/dags/02_xcom_dag.py for tasks to queue
[2026-08-31T08:10:55.129+0000] {logging_mixin.py:190} INFO - [2026-08-31T08:10:55.129+0000] {dagbag.py:588} INFO - Filling up the DagBag from /opt/airflow/dags/02_xcom_dag.py
[2026-08-31T08:10:55.153+0000] {processor.py:925} INFO - DAG(s) 'xcom_dag' retrieved from /opt/airflow/dags/02_xcom_dag.py
[2026-08-31T08:10:55.179+0000] {logging_mixin.py:190} INFO - [2026-08-31T08:10:55.179+0000] {dag.py:3239} INFO - Sync 1 DAGs
[2026-08-31T08:10:55.192+0000] {logging_mixin.py:190} INFO - [2026-08-31T08:10:55.192+0000] {dag.py:4180} INFO - Setting next_dagrun for xcom_dag to None, run_after=None
[2026-08-31T08:10:55.218+0000] {processor.py:208} INFO - Processing /opt/airflow/dags/02_xcom_dag.py took 0.102 seconds
[2026-08-31T08:11:25.270+0000] {processor.py:186} INFO - Started process (PID=521) to work on /opt/airflow/dags/02_xcom_dag.py
[2026-08-31T08:11:25.272+0000] {processor.py:914} INFO - Processing file /opt/airflow/dags/02_xcom_dag.py for tasks to queue
[2026-08-31T08:11:25.274+0000] {logging_mixin.py:190} INFO - [2026-08-31T08:11:25.274+0000] {dagbag.py:588} INFO - Filling up the DagBag from /opt/airflow/dags/02_xcom_dag.py
[2026-08-31T08:11:25.292+0000] {processor.py:925} INFO - DAG(s) 'xcom_dag' retrieved from /opt/airflow/dags/02_xcom_dag.py
[2026-08-31T08:11:25.317+0000] {logging_mixin.py:190} INFO - [2026-08-31T08:11:25.317+0000] {dag.py:3239} INFO - Sync 1 DAGs
[2026-08-31T08:11:25.329+0000] {logging_mixin.py:190} INFO - [2026-08-31T08:11:25.329+0000] {dag.py:4180} INFO - Setting next_dagrun for xcom_dag to None, run_after=None
[2026-08-31T08:11:25.349+0000] {processor.py:208} INFO - Processing /opt/airflow/dags/02_xcom_dag.py took 0.083 seconds
[2026-08-31T08:11:55.439+0000] {processor.py:186} INFO - Started process (PID=535) to work on /opt/airflow/dags/02_xcom_dag.py
[2026-08-31T08:11:55.440+0000] {processor.py:914} INFO - Processing file /opt/airflow/dags/02_xcom_dag.py for tasks to queue
[2026-08-31T08:11:55.442+0000] {logging_mixin.py:190} INFO - [2026-08-31T08:11:55.441+0000] {dagbag.py:588} INFO - Filling up the DagBag from /opt/airflow/dags/02_xcom_dag.py
[2026-08-31T08:11:55.465+0000] {processor.py:925} INFO - DAG(s) 'xcom_dag' retrieved from /opt/airflow/dags/02_xcom_dag.py
[2026-08-31T08:11:55.485+0000] {logging_mixin.py:190} INFO - [2026-08-31T08:11:55.485+0000] {dag.py:3239} INFO - Sync 1 DAGs
[2026-08-31T08:11:55.496+0000] {logging_mixin.py:190} INFO - [2026-08-31T08:11:55.496+0000] {dag.py:4180} INFO - Setting next_dagrun for xcom_dag to None, run_after=None
[2026-08-31T08:11:55.512+0000] {processor.py:208} INFO - Processing /opt/airflow/dags/02_xcom_dag.py took 0.078 seconds
[2026-08-31T08:12:25.703+0000] {processor.py:186} INFO - Started process (PID=549) to work on /opt/airflow/dags/02_xcom_dag.py
[2026-08-31T08:12:25.704+0000] {processor.py:914} INFO - Processing file /opt/airflow/dags/02_xcom_dag.py for tasks to queue
[2026-08-31T08:12:25.706+0000] {logging_mixin.py:190} INFO - [2026-08-31T08:12:25.706+0000] {dagbag.py:588} INFO - Filling up the DagBag from /opt/airflow/dags/02_xcom_dag.py
[2026-08-31T08:12:25.721+0000] {processor.py:925} INFO - DAG(s) 'xcom_dag' retrieved from /opt/airflow/dags/02_xcom_dag.py
[2026-08-31T08:12:25.741+0000] {logging_mixin.py:190} INFO - [2026-08-31T08:12:25.741+0000] {dag.py:3239} INFO - Sync 1 DAGs
[2026-08-31T08:12:25.752+0000] {logging_mixin.py:190} INFO - [2026-08-31T08:12:25.752+0000] {dag.py:4180} INFO - Setting next_dagrun for xcom_dag to None, run_after=None
[2026-08-31T08:12:25.770+0000] {processor.py:208} INFO - Processing /opt/airflow/dags/02_xcom_dag.py took 0.072 seconds
[2026-08-31T08:12:55.939+0000] {processor.py:186} INFO - Started process (PID=563) to work on /opt/airflow/dags/02_xcom_dag.py
[2026-08-31T08:12:55.940+0000] {processor.py:914} INFO - Processing file /opt/airflow/dags/02_xcom_dag.py for tasks to queue
[2026-08-31T08:12:55.942+0000] {logging_mixin.py:190} INFO - [2026-08-31T08:12:55.942+0000] {dagbag.py:588} INFO - Filling up the DagBag from /opt/airflow/dags/02_xcom_dag.py
[2026-08-31T08:12:55.960+0000] {processor.py:925} INFO - DAG(s) 'xcom_dag' retrieved from /opt/airflow/dags/02_xcom_dag.py
[2026-08-31T08:12:55.979+0000] {logging_mixin.py:190} INFO - [2026-08-31T08:12:55.979+0000] {dag.py:3239} INFO - Sync 1 DAGs
[2026-08-31T08:12:55.992+0000] {logging_mixin.py:190} INFO - [2026-08-31T08:12:55.992+0000] {dag.py:4180} INFO - Setting next_dagrun for xcom_dag to None, run_after=None
[2026-08-31T08:12:56.007+0000] {processor.py:208} INFO - Processing /opt/airflow/dags/02_xcom_dag.py took 0.074 seconds
[2026-08-31T08:13:26.189+0000] {processor.py:186} INFO - Started process (PID=577) to work on /opt/airflow/dags/02_xcom_dag.py
[2026-08-31T08:13:26.190+0000] {processor.py:914} INFO - Processing file /opt/airflow/dags/02_xcom_dag.py for tasks to queue
[2026-08-31T08:13:26.193+0000] {logging_mixin.py:190} INFO - [2026-08-31T08:13:26.192+0000] {dagbag.py:588} INFO - Filling up the DagBag from /opt/airflow/dags/02_xcom_dag.py
[2026-08-31T08:13:26.207+0000] {processor.py:925} INFO - DAG(s) 'xcom_dag' retrieved from /opt/airflow/dags/02_xcom_dag.py
[2026-08-31T08:13:26.231+0000] {logging_mixin.py:190} INFO - [2026-08-31T08:13:26.231+0000] {dag.py:3239} INFO - Sync 1 DAGs
[2026-08-31T08:13:26.243+0000] {logging_mixin.py:190} INFO - [2026-08-31T08:13:26.243+0000] {dag.py:4180} INFO - Setting next_dagrun for xcom_dag to None, run_after=None
[2026-08-31T08:13:26.261+0000] {processor.py:208} INFO - Processing /opt/airflow/dags/02_xcom_dag.py took 0.076 seconds
[2026-08-31T08:13:56.942+0000] {processor.py:186} INFO - Started process (PID=591) to work on /opt/airflow/dags/02_xcom_dag.py
[2026-08-31T08:13:56.943+0000] {processor.py:914} INFO - Processing file /opt/airflow/dags/02_xcom_dag.py for tasks to queue
[2026-08-31T08:13:56.945+0000] {logging_mixin.py:190} INFO - [2026-08-31T08:13:56.944+0000] {dagbag.py:588} INFO - Filling up the DagBag from /opt/airflow/dags/02_xcom_dag.py
[2026-08-31T08:13:56.975+0000] {processor.py:925} INFO - DAG(s) 'xcom_dag' retrieved from /opt/airflow/dags/02_xcom_dag.py
[2026-08-31T08:13:56.999+0000] {logging_mixin.py:190} INFO - [2026-08-31T08:13:56.999+0000] {dag.py:3239} INFO - Sync 1 DAGs
[2026-08-31T08:13:57.010+0000] {logging_mixin.py:190} INFO - [2026-08-31T08:13:57.010+0000] {dag.py:4180} INFO - Setting next_dagrun for xcom_dag to None, run_after=None
[2026-08-31T08:13:57.025+0000] {processor.py:208} INFO - Processing /opt/airflow/dags/02_xcom_dag.py took 0.088 seconds
[2026-08-31T08:14:27.689+0000] {processor.py:186} INFO - Started process (PID=605) to work on /opt/airflow/dags/02_xcom_dag.py
[2026-08-31T08:14:27.692+0000] {processor.py:914} INFO - Processing file /opt/airflow/dags/02_xcom_dag.py for tasks to queue
[2026-08-31T08:14:27.697+0000] {logging_mixin.py:190} INFO - [2026-08-31T08:14:27.696+0000] {dagbag.py:588} INFO - Filling up the DagBag from /opt/airflow/dags/02_xcom_dag.py
[2026-08-31T08:14:27.731+0000] {processor.py:925} INFO - DAG(s) 'xcom_dag' retrieved from /opt/airflow/dags/02_xcom_dag.py
[2026-08-31T08:14:27.760+0000] {logging_mixin.py:190} INFO - [2026-08-31T08:14:27.760+0000] {dag.py:3239} INFO - Sync 1 DAGs
[2026-08-31T08:14:27.771+0000] {logging_mixin.py:190} INFO - [2026-08-31T08:14:27.771+0000] {dag.py:4180} INFO - Setting next_dagrun for xcom_dag to None, run_after=None
[2026-08-31T08:14:27.788+0000] {processor.py:208} INFO - Processing /opt/airflow/dags/02_xcom_dag.py took 0.105 seconds
[2026-08-31T08:14:58.161+0000] {processor.py:186} INFO - Started process (PID=619) to work on /opt/airflow/dags/02_xcom_dag.py
[2026-08-31T08:14:58.162+0000] {processor.py:914} INFO - Processing file /opt/airflow/dags/02_xcom_dag.py for tasks to queue
[2026-08-31T08:14:58.165+0000] {logging_mixin.py:190} INFO - [2026-08-31T08:14:58.164+0000] {dagbag.py:588} INFO - Filling up the DagBag from /opt/airflow/dags/02_xcom_dag.py
[2026-08-31T08:14:58.190+0000] {processor.py:925} INFO - DAG(s) 'xcom_dag' retrieved from /opt/airflow/dags/02_xcom_dag.py
[2026-08-31T08:14:58.218+0000] {logging_mixin.py:190} INFO - [2026-08-31T08:14:58.217+0000] {dag.py:3239} INFO - Sync 1 DAGs
[2026-08-31T08:14:58.235+0000] {logging_mixin.py:190} INFO - [2026-08-31T08:14:58.235+0000] {dag.py:4180} INFO - Setting next_dagrun for xcom_dag to None, run_after=None
[2026-08-31T08:14:58.254+0000] {processor.py:208} INFO - Processing /opt/airflow/dags/02_xcom_dag.py took 0.100 seconds
[2026-08-31T08:15:29.074+0000] {processor.py:186} INFO - Started process (PID=633) to work on /opt/airflow/dags/02_xcom_dag.py
[2026-08-31T08:15:29.075+0000] {processor.py:914} INFO - Processing file /opt/airflow/dags/02_xcom_dag.py for tasks to queue
[2026-08-31T08:15:29.078+0000] {logging_mixin.py:190} INFO - [2026-08-31T08:15:29.078+0000] {dagbag.py:588} INFO - Filling up the DagBag from /opt/airflow/dags/02_xcom_dag.py
[2026-08-31T08:15:29.093+0000] {processor.py:925} INFO - DAG(s) 'xcom_dag' retrieved from /opt/airflow/dags/02_xcom_dag.py
[2026-08-31T08:15:29.116+0000] {logging_mixin.py:190} INFO - [2026-08-31T08:15:29.116+0000] {dag.py:3239} INFO - Sync 1 DAGs
[2026-08-31T08:15:29.129+0000] {logging_mixin.py:190} INFO - [2026-08-31T08:15:29.128+0000] {dag.py:4180} INFO - Setting next_dagrun for xcom_dag to None, run_after=None
[2026-08-31T08:15:29.143+0000] {processor.py:208} INFO - Processing /opt/airflow/dags/02_xcom_dag.py took 0.074 seconds
[2026-08-31T08:15:59.267+0000] {processor.py:186} INFO - Started process (PID=647) to work on /opt/airflow/dags/02_xcom_dag.py
[2026-08-31T08:15:59.268+0000] {processor.py:914} INFO - Processing file /opt/airflow/dags/02_xcom_dag.py for tasks to queue
[2026-08-31T08:15:59.270+0000] {logging_mixin.py:190} INFO - [2026-08-31T08:15:59.270+0000] {dagbag.py:588} INFO - Filling up the DagBag from /opt/airflow/dags/02_xcom_dag.py
[2026-08-31T08:15:59.283+0000] {processor.py:925} INFO - DAG(s) 'xcom_dag' retrieved from /opt/airflow/dags/02_xcom_dag.py
[2026-08-31T08:15:59.302+0000] {logging_mixin.py:190} INFO - [2026-08-31T08:15:59.302+0000] {dag.py:3239} INFO - Sync 1 DAGs
[2026-08-31T08:15:59.313+0000] {logging_mixin.py:190} INFO - [2026-08-31T08:15:59.312+0000] {dag.py:4180} INFO - Setting next_dagrun for xcom_dag to None, run_after=None
[2026-08-31T08:15:59.331+0000] {processor.py:208} INFO - Processing /opt/airflow/dags/02_xcom_dag.py took 0.071 seconds
[2026-08-31T08:16:30.116+0000] {processor.py:186} INFO - Started process (PID=661) to work on /opt/airflow/dags/02_xcom_dag.py
[2026-08-31T08:16:30.117+0000] {processor.py:914} INFO - Processing file /opt/airflow/dags/02_xcom_dag.py for tasks to queue
[2026-08-31T08:16:30.119+0000] {logging_mixin.py:190} INFO - [2026-08-31T08:16:30.119+0000] {dagbag.py:588} INFO - Filling up the DagBag from /opt/airflow/dags/02_xcom_dag.py
[2026-08-31T08:16:30.137+0000] {processor.py:925} INFO - DAG(s) 'xcom_dag' retrieved from /opt/airflow/dags/02_xcom_dag.py
[2026-08-31T08:16:30.157+0000] {logging_mixin.py:190} INFO - [2026-08-31T08:16:30.156+0000] {dag.py:3239} INFO - Sync 1 DAGs
[2026-08-31T08:16:30.167+0000] {logging_mixin.py:190} INFO - [2026-08-31T08:16:30.167+0000] {dag.py:4180} INFO - Setting next_dagrun for xcom_dag to None, run_after=None
[2026-08-31T08:16:30.186+0000] {processor.py:208} INFO - Processing /opt/airflow/dags/02_xcom_dag.py took 0.075 seconds
[2026-08-31T08:17:00.380+0000] {processor.py:186} INFO - Started process (PID=675) to work on /opt/airflow/dags/02_xcom_dag.py
[2026-08-31T08:17:00.381+0000] {processor.py:914} INFO - Processing file /opt/airflow/dags/02_xcom_dag.py for tasks to queue
[2026-08-31T08:17:00.384+0000] {logging_mixin.py:190} INFO - [2026-08-31T08:17:00.384+0000] {dagbag.py:588} INFO - Filling up the DagBag from /opt/airflow/dags/02_xcom_dag.py
[2026-08-31T08:17:00.406+0000] {processor.py:925} INFO - DAG(s) 'xcom_dag' retrieved from /opt/airflow/dags/02_xcom_dag.py
[2026-08-31T08:17:00.431+0000] {logging_mixin.py:190} INFO - [2026-08-31T08:17:00.431+0000] {dag.py:3239} INFO - Sync 1 DAGs
[2026-08-31T08:17:00.443+0000] {logging_mixin.py:190} INFO - [2026-08-31T08:17:00.443+0000] {dag.py:4180} INFO - Setting next_dagrun for xcom_dag to None, run_after=None
[2026-08-31T08:17:00.458+0000] {processor.py:208} INFO - Processing /opt/airflow/dags/02_xcom_dag.py took 0.084 seconds
[2026-08-31T08:17:30.708+0000] {processor.py:186} INFO - Started process (PID=689) to work on /opt/airflow/dags/02_xcom_dag.py
[2026-08-31T08:17:30.709+0000] {processor.py:914} INFO - Processing file /opt/airflow/dags/02_xcom_dag.py for tasks to queue
[2026-08-31T08:17:30.712+0000] {logging_mixin.py:190} INFO - [2026-08-31T08:17:30.711+0000] {dagbag.py:588} INFO - Filling up the DagBag from /opt/airflow/dags/02_xcom_dag.py
[2026-08-31T08:17:30.739+0000] {processor.py:925} INFO - DAG(s) 'xcom_dag' retrieved from /opt/airflow/dags/02_xcom_dag.py
[2026-08-31T08:17:30.760+0000] {logging_mixin.py:190} INFO - [2026-08-31T08:17:30.760+0000] {dag.py:3239} INFO - Sync 1 DAGs
[2026-08-31T08:17:30.771+0000] {logging_mixin.py:190} INFO - [2026-08-31T08:17:30.771+0000] {dag.py:4180} INFO - Setting next_dagrun for xcom_dag to None, run_after=None
[2026-08-31T08:17:30.787+0000] {processor.py:208} INFO - Processing /opt/airflow/dags/02_xcom_dag.py took 0.089 seconds
[2026-08-31T08:18:00.908+0000] {processor.py:186} INFO - Started process (PID=703) to work on /opt/airflow/dags/02_xcom_dag.py
[2026-08-31T08:18:00.909+0000] {processor.py:914} INFO - Processing file /opt/airflow/dags/02_xcom_dag.py for tasks to queue
[2026-08-31T08:18:00.911+0000] {logging_mixin.py:190} INFO - [2026-08-31T08:18:00.911+0000] {dagbag.py:588} INFO - Filling up the DagBag from /opt/airflow/dags/02_xcom_dag.py
[2026-08-31T08:18:00.933+0000] {processor.py:925} INFO - DAG(s) 'xcom_dag' retrieved from /opt/airflow/dags/02_xcom_dag.py
[2026-08-31T08:18:00.954+0000] {logging_mixin.py:190} INFO - [2026-08-31T08:18:00.954+0000] {dag.py:3239} INFO - Sync 1 DAGs
[2026-08-31T08:18:00.964+0000] {logging_mixin.py:190} INFO - [2026-08-31T08:18:00.964+0000] {dag.py:4180} INFO - Setting next_dagrun for xcom_dag to None, run_after=None
[2026-08-31T08:18:00.980+0000] {processor.py:208} INFO - Processing /opt/airflow/dags/02_xcom_dag.py took 0.078 seconds
[2026-08-31T08:18:31.159+0000] {processor.py:186} INFO - Started process (PID=717) to work on /opt/airflow/dags/02_xcom_dag.py
[2026-08-31T08:18:31.160+0000] {processor.py:914} INFO - Processing file /opt/airflow/dags/02_xcom_dag.py for tasks to queue
[2026-08-31T08:18:31.163+0000] {logging_mixin.py:190} INFO - [2026-08-31T08:18:31.162+0000] {dagbag.py:588} INFO - Filling up the DagBag from /opt/airflow/dags/02_xcom_dag.py
[2026-08-31T08:18:31.183+0000] {processor.py:925} INFO - DAG(s) 'xcom_dag' retrieved from /opt/airflow/dags/02_xcom_dag.py
[2026-08-31T08:18:31.206+0000] {logging_mixin.py:190} INFO - [2026-08-31T08:18:31.205+0000] {dag.py:3239} INFO - Sync 1 DAGs
[2026-08-31T08:18:31.217+0000] {logging_mixin.py:190} INFO - [2026-08-31T08:18:31.217+0000] {dag.py:4180} INFO - Setting next_dagrun for xcom_dag to None, run_after=None
[2026-08-31T08:18:31.238+0000] {processor.py:208} INFO - Processing /opt/airflow/dags/02_xcom_dag.py took 0.087 seconds
[2026-08-31T08:19:01.303+0000] {processor.py:186} INFO - Started process (PID=731) to work on /opt/airflow/dags/02_xcom_dag.py
[2026-08-31T08:19:01.304+0000] {processor.py:914} INFO - Processing file /opt/airflow/dags/02_xcom_dag.py for tasks to queue
[2026-08-31T08:19:01.305+0000] {logging_mixin.py:190} INFO - [2026-08-31T08:19:01.305+0000] {dagbag.py:588} INFO - Filling up the DagBag from /opt/airflow/dags/02_xcom_dag.py
[2026-08-31T08:19:01.320+0000] {processor.py:925} INFO - DAG(s) 'xcom_dag' retrieved from /opt/airflow/dags/02_xcom_dag.py
[2026-08-31T08:19:01.344+0000] {logging_mixin.py:190} INFO - [2026-08-31T08:19:01.344+0000] {dag.py:3239} INFO - Sync 1 DAGs
[2026-08-31T08:19:01.356+0000] {logging_mixin.py:190} INFO - [2026-08-31T08:19:01.356+0000] {dag.py:4180} INFO - Setting next_dagrun for xcom_dag to None, run_after=None
[2026-08-31T08:19:01.371+0000] {processor.py:208} INFO - Processing /opt/airflow/dags/02_xcom_dag.py took 0.073 seconds
[2026-08-31T08:19:31.575+0000] {processor.py:186} INFO - Started process (PID=745) to work on /opt/airflow/dags/02_xcom_dag.py
[2026-08-31T08:19:31.576+0000] {processor.py:914} INFO - Processing file /opt/airflow/dags/02_xcom_dag.py for tasks to queue
[2026-08-31T08:19:31.578+0000] {logging_mixin.py:190} INFO - [2026-08-31T08:19:31.578+0000] {dagbag.py:588} INFO - Filling up the DagBag from /opt/airflow/dags/02_xcom_dag.py
[2026-08-31T08:19:31.591+0000] {processor.py:925} INFO - DAG(s) 'xcom_dag' retrieved from /opt/airflow/dags/02_xcom_dag.py
[2026-08-31T08:19:31.610+0000] {logging_mixin.py:190} INFO - [2026-08-31T08:19:31.610+0000] {dag.py:3239} INFO - Sync 1 DAGs
[2026-08-31T08:19:31.621+0000] {logging_mixin.py:190} INFO - [2026-08-31T08:19:31.621+0000] {dag.py:4180} INFO - Setting next_dagrun for xcom_dag to None, run_after=None
[2026-08-31T08:19:31.635+0000] {processor.py:208} INFO - Processing /opt/airflow/dags/02_xcom_dag.py took 0.065 seconds
[2026-08-31T08:20:01.681+0000] {processor.py:186} INFO - Started process (PID=758) to work on /opt/airflow/dags/02_xcom_dag.py
[2026-08-31T08:20:01.682+0000] {processor.py:914} INFO - Processing file /opt/airflow/dags/02_xcom_dag.py for tasks to queue
[2026-08-31T08:20:01.684+0000] {logging_mixin.py:190} INFO - [2026-08-31T08:20:01.684+0000] {dagbag.py:588} INFO - Filling up the DagBag from /opt/airflow/dags/02_xcom_dag.py
[2026-08-31T08:20:01.698+0000] {processor.py:925} INFO - DAG(s) 'xcom_dag' retrieved from /opt/airflow/dags/02_xcom_dag.py
[2026-08-31T08:20:01.719+0000] {logging_mixin.py:190} INFO - [2026-08-31T08:20:01.718+0000] {dag.py:3239} INFO - Sync 1 DAGs
[2026-08-31T08:20:01.729+0000] {logging_mixin.py:190} INFO - [2026-08-31T08:20:01.729+0000] {dag.py:4180} INFO - Setting next_dagrun for xcom_dag to None, run_after=None
[2026-08-31T08:20:01.745+0000] {processor.py:208} INFO - Processing /opt/airflow/dags/02_xcom_dag.py took 0.069 seconds
[2026-08-31T08:20:32.333+0000] {processor.py:186} INFO - Started process (PID=773) to work on /opt/airflow/dags/02_xcom_dag.py
[2026-08-31T08:20:32.334+0000] {processor.py:914} INFO - Processing file /opt/airflow/dags/02_xcom_dag.py for tasks to queue
[2026-08-31T08:20:32.336+0000] {logging_mixin.py:190} INFO - [2026-08-31T08:20:32.336+0000] {dagbag.py:588} INFO - Filling up the DagBag from /opt/airflow/dags/02_xcom_dag.py
[2026-08-31T08:20:32.364+0000] {processor.py:925} INFO - DAG(s) 'xcom_dag' retrieved from /opt/airflow/dags/02_xcom_dag.py
[2026-08-31T08:20:32.392+0000] {logging_mixin.py:190} INFO - [2026-08-31T08:20:32.392+0000] {dag.py:3239} INFO - Sync 1 DAGs
[2026-08-31T08:20:32.405+0000] {logging_mixin.py:190} INFO - [2026-08-31T08:20:32.405+0000] {dag.py:4180} INFO - Setting next_dagrun for xcom_dag to None, run_after=None
[2026-08-31T08:20:32.429+0000] {processor.py:208} INFO - Processing /opt/airflow/dags/02_xcom_dag.py took 0.103 seconds
[2026-08-31T08:21:02.497+0000] {processor.py:186} INFO - Started process (PID=787) to work on /opt/airflow/dags/02_xcom_dag.py
[2026-08-31T08:21:02.498+0000] {processor.py:914} INFO - Processing file /opt/airflow/dags/02_xcom_dag.py for tasks to queue
[2026-08-31T08:21:02.500+0000] {logging_mixin.py:190} INFO - [2026-08-31T08:21:02.500+0000] {dagbag.py:588} INFO - Filling up the DagBag from /opt/airflow/dags/02_xcom_dag.py
[2026-08-31T08:21:02.519+0000] {processor.py:925} INFO - DAG(s) 'xcom_dag' retrieved from /opt/airflow/dags/02_xcom_dag.py
[2026-08-31T08:21:02.548+0000] {logging_mixin.py:190} INFO - [2026-08-31T08:21:02.547+0000] {dag.py:3239} INFO - Sync 1 DAGs
[2026-08-31T08:21:02.559+0000] {logging_mixin.py:190} INFO - [2026-08-31T08:21:02.559+0000] {dag.py:4180} INFO - Setting next_dagrun for xcom_dag to None, run_after=None
[2026-08-31T08:21:02.577+0000] {processor.py:208} INFO - Processing /opt/airflow/dags/02_xcom_dag.py took 0.086 seconds
[2026-08-31T08:21:32.901+0000] {processor.py:186} INFO - Started process (PID=802) to work on /opt/airflow/dags/02_xcom_dag.py
[2026-08-31T08:21:32.902+0000] {processor.py:914} INFO - Processing file /opt/airflow/dags/02_xcom_dag.py for tasks to queue
[2026-08-31T08:21:32.905+0000] {logging_mixin.py:190} INFO - [2026-08-31T08:21:32.905+0000] {dagbag.py:588} INFO - Filling up the DagBag from /opt/airflow/dags/02_xcom_dag.py
[2026-08-31T08:21:32.935+0000] {processor.py:925} INFO - DAG(s) 'xcom_dag' retrieved from /opt/airflow/dags/02_xcom_dag.py
[2026-08-31T08:21:32.961+0000] {logging_mixin.py:190} INFO - [2026-08-31T08:21:32.960+0000] {dag.py:3239} INFO - Sync 1 DAGs
[2026-08-31T08:21:32.973+0000] {logging_mixin.py:190} INFO - [2026-08-31T08:21:32.973+0000] {dag.py:4180} INFO - Setting next_dagrun for xcom_dag to None, run_after=None
[2026-08-31T08:21:32.997+0000] {processor.py:208} INFO - Processing /opt/airflow/dags/02_xcom_dag.py took 0.106 seconds
[2026-08-31T08:22:03.184+0000] {processor.py:186} INFO - Started process (PID=816) to work on /opt/airflow/dags/02_xcom_dag.py
[2026-08-31T08:22:03.186+0000] {processor.py:914} INFO - Processing file /opt/airflow/dags/02_xcom_dag.py for tasks to queue
[2026-08-31T08:22:03.188+0000] {logging_mixin.py:190} INFO - [2026-08-31T08:22:03.188+0000] {dagbag.py:588} INFO - Filling up the DagBag from /opt/airflow/dags/02_xcom_dag.py
[2026-08-31T08:22:03.209+0000] {processor.py:925} INFO - DAG(s) 'xcom_dag' retrieved from /opt/airflow/dags/02_xcom_dag.py
[2026-08-31T08:22:03.235+0000] {logging_mixin.py:190} INFO - [2026-08-31T08:22:03.235+0000] {dag.py:3239} INFO - Sync 1 DAGs
[2026-08-31T08:22:03.248+0000] {logging_mixin.py:190} INFO - [2026-08-31T08:22:03.248+0000] {dag.py:4180} INFO - Setting next_dagrun for xcom_dag to None, run_after=None
[2026-08-31T08:22:03.268+0000] {processor.py:208} INFO - Processing /opt/airflow/dags/02_xcom_dag.py took 0.093 seconds
[2026-08-31T08:22:33.580+0000] {processor.py:186} INFO - Started process (PID=830) to work on /opt/airflow/dags/02_xcom_dag.py
[2026-08-31T08:22:33.581+0000] {processor.py:914} INFO - Processing file /opt/airflow/dags/02_xcom_dag.py for tasks to queue
[2026-08-31T08:22:33.583+0000] {logging_mixin.py:190} INFO - [2026-08-31T08:22:33.583+0000] {dagbag.py:588} INFO - Filling up the DagBag from /opt/airflow/dags/02_xcom_dag.py
[2026-08-31T08:22:33.597+0000] {processor.py:925} INFO - DAG(s) 'xcom_dag' retrieved from /opt/airflow/dags/02_xcom_dag.py
[2026-08-31T08:22:33.617+0000] {logging_mixin.py:190} INFO - [2026-08-31T08:22:33.617+0000] {dag.py:3239} INFO - Sync 1 DAGs
[2026-08-31T08:22:33.629+0000] {logging_mixin.py:190} INFO - [2026-08-31T08:22:33.628+0000] {dag.py:4180} INFO - Setting next_dagrun for xcom_dag to None, run_after=None
[2026-08-31T08:22:33.654+0000] {processor.py:208} INFO - Processing /opt/airflow/dags/02_xcom_dag.py took 0.079 seconds
[2026-08-31T08:23:03.937+0000] {processor.py:186} INFO - Started process (PID=844) to work on /opt/airflow/dags/02_xcom_dag.py
[2026-08-31T08:23:03.938+0000] {processor.py:914} INFO - Processing file /opt/airflow/dags/02_xcom_dag.py for tasks to queue
[2026-08-31T08:23:03.940+0000] {logging_mixin.py:190} INFO - [2026-08-31T08:23:03.940+0000] {dagbag.py:588} INFO - Filling up the DagBag from /opt/airflow/dags/02_xcom_dag.py
[2026-08-31T08:23:03.953+0000] {processor.py:925} INFO - DAG(s) 'xcom_dag' retrieved from /opt/airflow/dags/02_xcom_dag.py
[2026-08-31T08:23:03.974+0000] {logging_mixin.py:190} INFO - [2026-08-31T08:23:03.974+0000] {dag.py:3239} INFO - Sync 1 DAGs
[2026-08-31T08:23:03.986+0000] {logging_mixin.py:190} INFO - [2026-08-31T08:23:03.986+0000] {dag.py:4180} INFO - Setting next_dagrun for xcom_dag to None, run_after=None
[2026-08-31T08:23:04.000+0000] {processor.py:208} INFO - Processing /opt/airflow/dags/02_xcom_dag.py took 0.067 seconds
[2026-08-31T08:23:34.910+0000] {processor.py:186} INFO - Started process (PID=865) to work on /opt/airflow/dags/02_xcom_dag.py
[2026-08-31T08:23:34.912+0000] {processor.py:914} INFO - Processing file /opt/airflow/dags/02_xcom_dag.py for tasks to queue
[2026-08-31T08:23:34.915+0000] {logging_mixin.py:190} INFO - [2026-08-31T08:23:34.914+0000] {dagbag.py:588} INFO - Filling up the DagBag from /opt/airflow/dags/02_xcom_dag.py
[2026-08-31T08:23:34.929+0000] {processor.py:925} INFO - DAG(s) 'xcom_dag' retrieved from /opt/airflow/dags/02_xcom_dag.py
[2026-08-31T08:23:34.951+0000] {logging_mixin.py:190} INFO - [2026-08-31T08:23:34.951+0000] {dag.py:3239} INFO - Sync 1 DAGs
[2026-08-31T08:23:34.964+0000] {logging_mixin.py:190} INFO - [2026-08-31T08:23:34.964+0000] {dag.py:4180} INFO - Setting next_dagrun for xcom_dag to None, run_after=None
[2026-08-31T08:23:34.988+0000] {processor.py:208} INFO - Processing /opt/airflow/dags/02_xcom_dag.py took 0.084 seconds
[2026-08-31T08:24:05.273+0000] {processor.py:186} INFO - Started process (PID=879) to work on /opt/airflow/dags/02_xcom_dag.py
[2026-08-31T08:24:05.274+0000] {processor.py:914} INFO - Processing file /opt/airflow/dags/02_xcom_dag.py for tasks to queue
[2026-08-31T08:24:05.277+0000] {logging_mixin.py:190} INFO - [2026-08-31T08:24:05.276+0000] {dagbag.py:588} INFO - Filling up the DagBag from /opt/airflow/dags/02_xcom_dag.py
[2026-08-31T08:24:05.304+0000] {processor.py:925} INFO - DAG(s) 'xcom_dag' retrieved from /opt/airflow/dags/02_xcom_dag.py
[2026-08-31T08:24:05.326+0000] {logging_mixin.py:190} INFO - [2026-08-31T08:24:05.325+0000] {dag.py:3239} INFO - Sync 1 DAGs
[2026-08-31T08:24:05.336+0000] {logging_mixin.py:190} INFO - [2026-08-31T08:24:05.336+0000] {dag.py:4180} INFO - Setting next_dagrun for xcom_dag to None, run_after=None
[2026-08-31T08:24:05.357+0000] {processor.py:208} INFO - Processing /opt/airflow/dags/02_xcom_dag.py took 0.089 seconds
[2026-08-31T08:24:35.745+0000] {processor.py:186} INFO - Started process (PID=893) to work on /opt/airflow/dags/02_xcom_dag.py
[2026-08-31T08:24:35.746+0000] {processor.py:914} INFO - Processing file /opt/airflow/dags/02_xcom_dag.py for tasks to queue
[2026-08-31T08:24:35.749+0000] {logging_mixin.py:190} INFO - [2026-08-31T08:24:35.749+0000] {dagbag.py:588} INFO - Filling up the DagBag from /opt/airflow/dags/02_xcom_dag.py
[2026-08-31T08:24:35.775+0000] {processor.py:925} INFO - DAG(s) 'xcom_dag' retrieved from /opt/airflow/dags/02_xcom_dag.py
[2026-08-31T08:24:35.798+0000] {logging_mixin.py:190} INFO - [2026-08-31T08:24:35.798+0000] {dag.py:3239} INFO - Sync 1 DAGs
[2026-08-31T08:24:35.810+0000] {logging_mixin.py:190} INFO - [2026-08-31T08:24:35.810+0000] {dag.py:4180} INFO - Setting next_dagrun for xcom_dag to None, run_after=None
[2026-08-31T08:24:35.832+0000] {processor.py:208} INFO - Processing /opt/airflow/dags/02_xcom_dag.py took 0.093 seconds
[2026-08-31T08:25:06.629+0000] {processor.py:186} INFO - Started process (PID=907) to work on /opt/airflow/dags/02_xcom_dag.py
[2026-08-31T08:25:06.632+0000] {processor.py:914} INFO - Processing file /opt/airflow/dags/02_xcom_dag.py for tasks to queue
[2026-08-31T08:25:06.634+0000] {logging_mixin.py:190} INFO - [2026-08-31T08:25:06.634+0000] {dagbag.py:588} INFO - Filling up the DagBag from /opt/airflow/dags/02_xcom_dag.py
[2026-08-31T08:25:06.652+0000] {processor.py:925} INFO - DAG(s) 'xcom_dag' retrieved from /opt/airflow/dags/02_xcom_dag.py
[2026-08-31T08:25:06.674+0000] {logging_mixin.py:190} INFO - [2026-08-31T08:25:06.674+0000] {dag.py:3239} INFO - Sync 1 DAGs
[2026-08-31T08:25:06.690+0000] {logging_mixin.py:190} INFO - [2026-08-31T08:25:06.690+0000] {dag.py:4180} INFO - Setting next_dagrun for xcom_dag to None, run_after=None
[2026-08-31T08:25:06.712+0000] {processor.py:208} INFO - Processing /opt/airflow/dags/02_xcom_dag.py took 0.087 seconds
[2026-08-31T08:25:36.812+0000] {processor.py:186} INFO - Started process (PID=919) to work on /opt/airflow/dags/02_xcom_dag.py
[2026-08-31T08:25:36.813+0000] {processor.py:914} INFO - Processing file /opt/airflow/dags/02_xcom_dag.py for tasks to queue
[2026-08-31T08:25:36.815+0000] {logging_mixin.py:190} INFO - [2026-08-31T08:25:36.815+0000] {dagbag.py:588} INFO - Filling up the DagBag from /opt/airflow/dags/02_xcom_dag.py
[2026-08-31T08:25:36.828+0000] {processor.py:925} INFO - DAG(s) 'xcom_dag' retrieved from /opt/airflow/dags/02_xcom_dag.py
[2026-08-31T08:25:36.849+0000] {logging_mixin.py:190} INFO - [2026-08-31T08:25:36.849+0000] {dag.py:3239} INFO - Sync 1 DAGs
[2026-08-31T08:25:36.861+0000] {logging_mixin.py:190} INFO - [2026-08-31T08:25:36.860+0000] {dag.py:4180} INFO - Setting next_dagrun for xcom_dag to None, run_after=None
[2026-08-31T08:25:36.878+0000] {processor.py:208} INFO - Processing /opt/airflow/dags/02_xcom_dag.py took 0.070 seconds
[2026-08-31T08:26:07.146+0000] {processor.py:186} INFO - Started process (PID=933) to work on /opt/airflow/dags/02_xcom_dag.py
[2026-08-31T08:26:07.148+0000] {processor.py:914} INFO - Processing file /opt/airflow/dags/02_xcom_dag.py for tasks to queue
[2026-08-31T08:26:07.150+0000] {logging_mixin.py:190} INFO - [2026-08-31T08:26:07.150+0000] {dagbag.py:588} INFO - Filling up the DagBag from /opt/airflow/dags/02_xcom_dag.py
[2026-08-31T08:26:07.175+0000] {processor.py:925} INFO - DAG(s) 'xcom_dag' retrieved from /opt/airflow/dags/02_xcom_dag.py
[2026-08-31T08:26:07.198+0000] {logging_mixin.py:190} INFO - [2026-08-31T08:26:07.198+0000] {dag.py:3239} INFO - Sync 1 DAGs
[2026-08-31T08:26:07.211+0000] {logging_mixin.py:190} INFO - [2026-08-31T08:26:07.211+0000] {dag.py:4180} INFO - Setting next_dagrun for xcom_dag to None, run_after=None
[2026-08-31T08:26:07.231+0000] {processor.py:208} INFO - Processing /opt/airflow/dags/02_xcom_dag.py took 0.098 seconds
[2026-08-31T08:26:37.318+0000] {processor.py:186} INFO - Started process (PID=947) to work on /opt/airflow/dags/02_xcom_dag.py
[2026-08-31T08:26:37.319+0000] {processor.py:914} INFO - Processing file /opt/airflow/dags/02_xcom_dag.py for tasks to queue
[2026-08-31T08:26:37.321+0000] {logging_mixin.py:190} INFO - [2026-08-31T08:26:37.321+0000] {dagbag.py:588} INFO - Filling up the DagBag from /opt/airflow/dags/02_xcom_dag.py
[2026-08-31T08:26:37.342+0000] {processor.py:925} INFO - DAG(s) 'xcom_dag' retrieved from /opt/airflow/dags/02_xcom_dag.py
[2026-08-31T08:26:37.363+0000] {logging_mixin.py:190} INFO - [2026-08-31T08:26:37.363+0000] {dag.py:3239} INFO - Sync 1 DAGs
[2026-08-31T08:26:37.375+0000] {logging_mixin.py:190} INFO - [2026-08-31T08:26:37.375+0000] {dag.py:4180} INFO - Setting next_dagrun for xcom_dag to None, run_after=None
[2026-08-31T08:26:37.389+0000] {processor.py:208} INFO - Processing /opt/airflow/dags/02_xcom_dag.py took 0.076 seconds
[2026-08-31T08:27:07.701+0000] {processor.py:186} INFO - Started process (PID=961) to work on /opt/airflow/dags/02_xcom_dag.py
[2026-08-31T08:27:07.704+0000] {processor.py:914} INFO - Processing file /opt/airflow/dags/02_xcom_dag.py for tasks to queue
[2026-08-31T08:27:07.709+0000] {logging_mixin.py:190} INFO - [2026-08-31T08:27:07.709+0000] {dagbag.py:588} INFO - Filling up the DagBag from /opt/airflow/dags/02_xcom_dag.py
[2026-08-31T08:27:07.742+0000] {processor.py:925} INFO - DAG(s) 'xcom_dag' retrieved from /opt/airflow/dags/02_xcom_dag.py
[2026-08-31T08:27:07.761+0000] {logging_mixin.py:190} INFO - [2026-08-31T08:27:07.761+0000] {dag.py:3239} INFO - Sync 1 DAGs
[2026-08-31T08:27:07.771+0000] {logging_mixin.py:190} INFO - [2026-08-31T08:27:07.771+0000] {dag.py:4180} INFO - Setting next_dagrun for xcom_dag to None, run_after=None
[2026-08-31T08:27:07.808+0000] {processor.py:208} INFO - Processing /opt/airflow/dags/02_xcom_dag.py took 0.115 seconds
[2026-08-31T08:27:38.827+0000] {processor.py:186} INFO - Started process (PID=975) to work on /opt/airflow/dags/02_xcom_dag.py
[2026-08-31T08:27:38.829+0000] {processor.py:914} INFO - Processing file /opt/airflow/dags/02_xcom_dag.py for tasks to queue
[2026-08-31T08:27:38.831+0000] {logging_mixin.py:190} INFO - [2026-08-31T08:27:38.830+0000] {dagbag.py:588} INFO - Filling up the DagBag from /opt/airflow/dags/02_xcom_dag.py
[2026-08-31T08:27:38.845+0000] {processor.py:925} INFO - DAG(s) 'xcom_dag' retrieved from /opt/airflow/dags/02_xcom_dag.py
[2026-08-31T08:27:38.868+0000] {logging_mixin.py:190} INFO - [2026-08-31T08:27:38.868+0000] {dag.py:3239} INFO - Sync 1 DAGs
[2026-08-31T08:27:38.888+0000] {logging_mixin.py:190} INFO - [2026-08-31T08:27:38.887+0000] {dag.py:4180} INFO - Setting next_dagrun for xcom_dag to None, run_after=None
[2026-08-31T08:27:38.907+0000] {processor.py:208} INFO - Processing /opt/airflow/dags/02_xcom_dag.py took 0.085 seconds
[2026-08-31T08:28:09.823+0000] {processor.py:186} INFO - Started process (PID=989) to work on /opt/airflow/dags/02_xcom_dag.py
[2026-08-31T08:28:09.826+0000] {processor.py:914} INFO - Processing file /opt/airflow/dags/02_xcom_dag.py for tasks to queue
[2026-08-31T08:28:09.828+0000] {logging_mixin.py:190} INFO - [2026-08-31T08:28:09.828+0000] {dagbag.py:588} INFO - Filling up the DagBag from /opt/airflow/dags/02_xcom_dag.py
[2026-08-31T08:28:09.848+0000] {processor.py:925} INFO - DAG(s) 'xcom_dag' retrieved from /opt/airflow/dags/02_xcom_dag.py
[2026-08-31T08:28:09.904+0000] {logging_mixin.py:190} INFO - [2026-08-31T08:28:09.903+0000] {dag.py:3239} INFO - Sync 1 DAGs
[2026-08-31T08:28:09.943+0000] {logging_mixin.py:190} INFO - [2026-08-31T08:28:09.942+0000] {dag.py:4180} INFO - Setting next_dagrun for xcom_dag to None, run_after=None
[2026-08-31T08:28:09.991+0000] {processor.py:208} INFO - Processing /opt/airflow/dags/02_xcom_dag.py took 0.179 seconds
[2026-08-31T08:28:40.095+0000] {processor.py:186} INFO - Started process (PID=1003) to work on /opt/airflow/dags/02_xcom_dag.py
[2026-08-31T08:28:40.097+0000] {processor.py:914} INFO - Processing file /opt/airflow/dags/02_xcom_dag.py for tasks to queue
[2026-08-31T08:28:40.100+0000] {logging_mixin.py:190} INFO - [2026-08-31T08:28:40.100+0000] {dagbag.py:588} INFO - Filling up the DagBag from /opt/airflow/dags/02_xcom_dag.py
[2026-08-31T08:28:40.121+0000] {processor.py:925} INFO - DAG(s) 'xcom_dag' retrieved from /opt/airflow/dags/02_xcom_dag.py
[2026-08-31T08:28:40.143+0000] {logging_mixin.py:190} INFO - [2026-08-31T08:28:40.143+0000] {dag.py:3239} INFO - Sync 1 DAGs
[2026-08-31T08:28:40.163+0000] {logging_mixin.py:190} INFO - [2026-08-31T08:28:40.163+0000] {dag.py:4180} INFO - Setting next_dagrun for xcom_dag to None, run_after=None
[2026-08-31T08:28:40.179+0000] {processor.py:208} INFO - Processing /opt/airflow/dags/02_xcom_dag.py took 0.090 seconds
[2026-08-31T08:29:10.282+0000] {processor.py:186} INFO - Started process (PID=1017) to work on /opt/airflow/dags/02_xcom_dag.py
[2026-08-31T08:29:10.283+0000] {processor.py:914} INFO - Processing file /opt/airflow/dags/02_xcom_dag.py for tasks to queue
[2026-08-31T08:29:10.285+0000] {logging_mixin.py:190} INFO - [2026-08-31T08:29:10.285+0000] {dagbag.py:588} INFO - Filling up the DagBag from /opt/airflow/dags/02_xcom_dag.py
[2026-08-31T08:29:10.300+0000] {processor.py:925} INFO - DAG(s) 'xcom_dag' retrieved from /opt/airflow/dags/02_xcom_dag.py
[2026-08-31T08:29:10.322+0000] {logging_mixin.py:190} INFO - [2026-08-31T08:29:10.322+0000] {dag.py:3239} INFO - Sync 1 DAGs
[2026-08-31T08:29:10.335+0000] {logging_mixin.py:190} INFO - [2026-08-31T08:29:10.335+0000] {dag.py:4180} INFO - Setting next_dagrun for xcom_dag to None, run_after=None
[2026-08-31T08:29:10.355+0000] {processor.py:208} INFO - Processing /opt/airflow/dags/02_xcom_dag.py took 0.078 seconds
[2026-08-31T08:29:40.858+0000] {processor.py:186} INFO - Started process (PID=1031) to work on /opt/airflow/dags/02_xcom_dag.py
[2026-08-31T08:29:40.859+0000] {processor.py:914} INFO - Processing file /opt/airflow/dags/02_xcom_dag.py for tasks to queue
[2026-08-31T08:29:40.862+0000] {logging_mixin.py:190} INFO - [2026-08-31T08:29:40.861+0000] {dagbag.py:588} INFO - Filling up the DagBag from /opt/airflow/dags/02_xcom_dag.py
[2026-08-31T08:29:40.876+0000] {processor.py:925} INFO - DAG(s) 'xcom_dag' retrieved from /opt/airflow/dags/02_xcom_dag.py
[2026-08-31T08:29:40.899+0000] {logging_mixin.py:190} INFO - [2026-08-31T08:29:40.898+0000] {dag.py:3239} INFO - Sync 1 DAGs
[2026-08-31T08:29:40.909+0000] {logging_mixin.py:190} INFO - [2026-08-31T08:29:40.909+0000] {dag.py:4180} INFO - Setting next_dagrun for xcom_dag to None, run_after=None
[2026-08-31T08:29:40.931+0000] {processor.py:208} INFO - Processing /opt/airflow/dags/02_xcom_dag.py took 0.077 seconds
[2026-08-31T08:30:11.708+0000] {processor.py:186} INFO - Started process (PID=1045) to work on /opt/airflow/dags/02_xcom_dag.py
[2026-08-31T08:30:11.709+0000] {processor.py:914} INFO - Processing file /opt/airflow/dags/02_xcom_dag.py for tasks to queue
[2026-08-31T08:30:11.711+0000] {logging_mixin.py:190} INFO - [2026-08-31T08:30:11.710+0000] {dagbag.py:588} INFO - Filling up the DagBag from /opt/airflow/dags/02_xcom_dag.py
[2026-08-31T08:30:11.729+0000] {processor.py:925} INFO - DAG(s) 'xcom_dag' retrieved from /opt/airflow/dags/02_xcom_dag.py
[2026-08-31T08:30:11.753+0000] {logging_mixin.py:190} INFO - [2026-08-31T08:30:11.753+0000] {dag.py:3239} INFO - Sync 1 DAGs
[2026-08-31T08:30:11.765+0000] {logging_mixin.py:190} INFO - [2026-08-31T08:30:11.764+0000] {dag.py:4180} INFO - Setting next_dagrun for xcom_dag to None, run_after=None
[2026-08-31T08:30:11.781+0000] {processor.py:208} INFO - Processing /opt/airflow/dags/02_xcom_dag.py took 0.078 seconds
[2026-08-31T08:30:41.954+0000] {processor.py:186} INFO - Started process (PID=1059) to work on /opt/airflow/dags/02_xcom_dag.py
[2026-08-31T08:30:41.955+0000] {processor.py:914} INFO - Processing file /opt/airflow/dags/02_xcom_dag.py for tasks to queue
[2026-08-31T08:30:41.957+0000] {logging_mixin.py:190} INFO - [2026-08-31T08:30:41.957+0000] {dagbag.py:588} INFO - Filling up the DagBag from /opt/airflow/dags/02_xcom_dag.py
[2026-08-31T08:30:41.969+0000] {processor.py:925} INFO - DAG(s) 'xcom_dag' retrieved from /opt/airflow/dags/02_xcom_dag.py
[2026-08-31T08:30:41.989+0000] {logging_mixin.py:190} INFO - [2026-08-31T08:30:41.988+0000] {dag.py:3239} INFO - Sync 1 DAGs
[2026-08-31T08:30:42.000+0000] {logging_mixin.py:190} INFO - [2026-08-31T08:30:42.000+0000] {dag.py:4180} INFO - Setting next_dagrun for xcom_dag to None, run_after=None
[2026-08-31T08:30:42.020+0000] {processor.py:208} INFO - Processing /opt/airflow/dags/02_xcom_dag.py took 0.071 seconds
[2026-08-31T08:31:12.167+0000] {processor.py:186} INFO - Started process (PID=1073) to work on /opt/airflow/dags/02_xcom_dag.py
[2026-08-31T08:31:12.168+0000] {processor.py:914} INFO - Processing file /opt/airflow/dags/02_xcom_dag.py for tasks to queue
[2026-08-31T08:31:12.170+0000] {logging_mixin.py:190} INFO - [2026-08-31T08:31:12.170+0000] {dagbag.py:588} INFO - Filling up the DagBag from /opt/airflow/dags/02_xcom_dag.py
[2026-08-31T08:31:12.189+0000] {processor.py:925} INFO - DAG(s) 'xcom_dag' retrieved from /opt/airflow/dags/02_xcom_dag.py
[2026-08-31T08:31:12.213+0000] {logging_mixin.py:190} INFO - [2026-08-31T08:31:12.212+0000] {dag.py:3239} INFO - Sync 1 DAGs
[2026-08-31T08:31:12.234+0000] {logging_mixin.py:190} INFO - [2026-08-31T08:31:12.234+0000] {dag.py:4180} INFO - Setting next_dagrun for xcom_dag to None, run_after=None
[2026-08-31T08:31:12.270+0000] {processor.py:208} INFO - Processing /opt/airflow/dags/02_xcom_dag.py took 0.109 seconds
[2026-08-31T08:31:42.332+0000] {processor.py:186} INFO - Started process (PID=1087) to work on /opt/airflow/dags/02_xcom_dag.py
[2026-08-31T08:31:42.338+0000] {processor.py:914} INFO - Processing file /opt/airflow/dags/02_xcom_dag.py for tasks to queue
[2026-08-31T08:31:42.341+0000] {logging_mixin.py:190} INFO - [2026-08-31T08:31:42.340+0000] {dagbag.py:588} INFO - Filling up the DagBag from /opt/airflow/dags/02_xcom_dag.py
[2026-08-31T08:31:42.360+0000] {processor.py:925} INFO - DAG(s) 'xcom_dag' retrieved from /opt/airflow/dags/02_xcom_dag.py
[2026-08-31T08:31:42.382+0000] {logging_mixin.py:190} INFO - [2026-08-31T08:31:42.382+0000] {dag.py:3239} INFO - Sync 1 DAGs
[2026-08-31T08:31:42.393+0000] {logging_mixin.py:190} INFO - [2026-08-31T08:31:42.393+0000] {dag.py:4180} INFO - Setting next_dagrun for xcom_dag to None, run_after=None
[2026-08-31T08:31:42.414+0000] {processor.py:208} INFO - Processing /opt/airflow/dags/02_xcom_dag.py took 0.087 seconds
[2026-08-31T08:32:13.273+0000] {processor.py:186} INFO - Started process (PID=1101) to work on /opt/airflow/dags/02_xcom_dag.py
[2026-08-31T08:32:13.275+0000] {processor.py:914} INFO - Processing file /opt/airflow/dags/02_xcom_dag.py for tasks to queue
[2026-08-31T08:32:13.280+0000] {logging_mixin.py:190} INFO - [2026-08-31T08:32:13.279+0000] {dagbag.py:588} INFO - Filling up the DagBag from /opt/airflow/dags/02_xcom_dag.py
[2026-08-31T08:32:13.320+0000] {processor.py:925} INFO - DAG(s) 'xcom_dag' retrieved from /opt/airflow/dags/02_xcom_dag.py
[2026-08-31T08:32:13.344+0000] {logging_mixin.py:190} INFO - [2026-08-31T08:32:13.344+0000] {dag.py:3239} INFO - Sync 1 DAGs
[2026-08-31T08:32:13.356+0000] {logging_mixin.py:190} INFO - [2026-08-31T08:32:13.356+0000] {dag.py:4180} INFO - Setting next_dagrun for xcom_dag to None, run_after=None
[2026-08-31T08:32:13.377+0000] {processor.py:208} INFO - Processing /opt/airflow/dags/02_xcom_dag.py took 0.109 seconds
[2026-08-31T08:32:43.643+0000] {processor.py:186} INFO - Started process (PID=1115) to work on /opt/airflow/dags/02_xcom_dag.py
[2026-08-31T08:32:43.644+0000] {processor.py:914} INFO - Processing file /opt/airflow/dags/02_xcom_dag.py for tasks to queue
[2026-08-31T08:32:43.646+0000] {logging_mixin.py:190} INFO - [2026-08-31T08:32:43.646+0000] {dagbag.py:588} INFO - Filling up the DagBag from /opt/airflow/dags/02_xcom_dag.py
[2026-08-31T08:32:43.661+0000] {processor.py:925} INFO - DAG(s) 'xcom_dag' retrieved from /opt/airflow/dags/02_xcom_dag.py
[2026-08-31T08:32:43.684+0000] {logging_mixin.py:190} INFO - [2026-08-31T08:32:43.684+0000] {dag.py:3239} INFO - Sync 1 DAGs
[2026-08-31T08:32:43.695+0000] {logging_mixin.py:190} INFO - [2026-08-31T08:32:43.695+0000] {dag.py:4180} INFO - Setting next_dagrun for xcom_dag to None, run_after=None
[2026-08-31T08:32:43.710+0000] {processor.py:208} INFO - Processing /opt/airflow/dags/02_xcom_dag.py took 0.072 seconds
[2026-08-31T08:33:13.873+0000] {processor.py:186} INFO - Started process (PID=1129) to work on /opt/airflow/dags/02_xcom_dag.py
[2026-08-31T08:33:13.874+0000] {processor.py:914} INFO - Processing file /opt/airflow/dags/02_xcom_dag.py for tasks to queue
[2026-08-31T08:33:13.876+0000] {logging_mixin.py:190} INFO - [2026-08-31T08:33:13.875+0000] {dagbag.py:588} INFO - Filling up the DagBag from /opt/airflow/dags/02_xcom_dag.py
[2026-08-31T08:33:13.891+0000] {processor.py:925} INFO - DAG(s) 'xcom_dag' retrieved from /opt/airflow/dags/02_xcom_dag.py
[2026-08-31T08:33:13.914+0000] {logging_mixin.py:190} INFO - [2026-08-31T08:33:13.913+0000] {dag.py:3239} INFO - Sync 1 DAGs
[2026-08-31T08:33:13.925+0000] {logging_mixin.py:190} INFO - [2026-08-31T08:33:13.925+0000] {dag.py:4180} INFO - Setting next_dagrun for xcom_dag to None, run_after=None
[2026-08-31T08:33:13.944+0000] {processor.py:208} INFO - Processing /opt/airflow/dags/02_xcom_dag.py took 0.076 seconds
[2026-08-31T08:33:44.081+0000] {processor.py:186} INFO - Started process (PID=1143) to work on /opt/airflow/dags/02_xcom_dag.py
[2026-08-31T08:33:44.082+0000] {processor.py:914} INFO - Processing file /opt/airflow/dags/02_xcom_dag.py for tasks to queue
[2026-08-31T08:33:44.084+0000] {logging_mixin.py:190} INFO - [2026-08-31T08:33:44.084+0000] {dagbag.py:588} INFO - Filling up the DagBag from /opt/airflow/dags/02_xcom_dag.py
[2026-08-31T08:33:44.102+0000] {processor.py:925} INFO - DAG(s) 'xcom_dag' retrieved from /opt/airflow/dags/02_xcom_dag.py
[2026-08-31T08:33:44.123+0000] {logging_mixin.py:190} INFO - [2026-08-31T08:33:44.123+0000] {dag.py:3239} INFO - Sync 1 DAGs
[2026-08-31T08:33:44.134+0000] {logging_mixin.py:190} INFO - [2026-08-31T08:33:44.134+0000] {dag.py:4180} INFO - Setting next_dagrun for xcom_dag to None, run_after=None
[2026-08-31T08:33:44.148+0000] {processor.py:208} INFO - Processing /opt/airflow/dags/02_xcom_dag.py took 0.071 seconds
[2026-08-31T08:34:14.523+0000] {processor.py:186} INFO - Started process (PID=1157) to work on /opt/airflow/dags/02_xcom_dag.py
[2026-08-31T08:34:14.524+0000] {processor.py:914} INFO - Processing file /opt/airflow/dags/02_xcom_dag.py for tasks to queue
[2026-08-31T08:34:14.526+0000] {logging_mixin.py:190} INFO - [2026-08-31T08:34:14.525+0000] {dagbag.py:588} INFO - Filling up the DagBag from /opt/airflow/dags/02_xcom_dag.py
[2026-08-31T08:34:14.561+0000] {processor.py:925} INFO - DAG(s) 'xcom_dag' retrieved from /opt/airflow/dags/02_xcom_dag.py
[2026-08-31T08:34:14.587+0000] {logging_mixin.py:190} INFO - [2026-08-31T08:34:14.586+0000] {dag.py:3239} INFO - Sync 1 DAGs
[2026-08-31T08:34:14.598+0000] {logging_mixin.py:190} INFO - [2026-08-31T08:34:14.597+0000] {dag.py:4180} INFO - Setting next_dagrun for xcom_dag to None, run_after=None
[2026-08-31T08:34:14.617+0000] {processor.py:208} INFO - Processing /opt/airflow/dags/02_xcom_dag.py took 0.099 seconds
[2026-08-31T08:34:44.826+0000] {processor.py:186} INFO - Started process (PID=1171) to work on /opt/airflow/dags/02_xcom_dag.py
[2026-08-31T08:34:44.827+0000] {processor.py:914} INFO - Processing file /opt/airflow/dags/02_xcom_dag.py for tasks to queue
[2026-08-31T08:34:44.830+0000] {logging_mixin.py:190} INFO - [2026-08-31T08:34:44.829+0000] {dagbag.py:588} INFO - Filling up the DagBag from /opt/airflow/dags/02_xcom_dag.py
[2026-08-31T08:34:44.849+0000] {processor.py:925} INFO - DAG(s) 'xcom_dag' retrieved from /opt/airflow/dags/02_xcom_dag.py
[2026-08-31T08:34:44.871+0000] {logging_mixin.py:190} INFO - [2026-08-31T08:34:44.871+0000] {dag.py:3239} INFO - Sync 1 DAGs
[2026-08-31T08:34:44.883+0000] {logging_mixin.py:190} INFO - [2026-08-31T08:34:44.883+0000] {dag.py:4180} INFO - Setting next_dagrun for xcom_dag to None, run_after=None
[2026-08-31T08:34:44.898+0000] {processor.py:208} INFO - Processing /opt/airflow/dags/02_xcom_dag.py took 0.077 seconds
[2026-08-31T08:35:15.240+0000] {processor.py:186} INFO - Started process (PID=1185) to work on /opt/airflow/dags/02_xcom_dag.py
[2026-08-31T08:35:15.241+0000] {processor.py:914} INFO - Processing file /opt/airflow/dags/02_xcom_dag.py for tasks to queue
[2026-08-31T08:35:15.243+0000] {logging_mixin.py:190} INFO - [2026-08-31T08:35:15.243+0000] {dagbag.py:588} INFO - Filling up the DagBag from /opt/airflow/dags/02_xcom_dag.py
[2026-08-31T08:35:15.258+0000] {processor.py:925} INFO - DAG(s) 'xcom_dag' retrieved from /opt/airflow/dags/02_xcom_dag.py
[2026-08-31T08:35:15.280+0000] {logging_mixin.py:190} INFO - [2026-08-31T08:35:15.280+0000] {dag.py:3239} INFO - Sync 1 DAGs
[2026-08-31T08:35:15.293+0000] {logging_mixin.py:190} INFO - [2026-08-31T08:35:15.293+0000] {dag.py:4180} INFO - Setting next_dagrun for xcom_dag to None, run_after=None
[2026-08-31T08:35:15.307+0000] {processor.py:208} INFO - Processing /opt/airflow/dags/02_xcom_dag.py took 0.072 seconds
[2026-08-31T08:35:45.494+0000] {processor.py:186} INFO - Started process (PID=1199) to work on /opt/airflow/dags/02_xcom_dag.py
[2026-08-31T08:35:45.497+0000] {processor.py:914} INFO - Processing file /opt/airflow/dags/02_xcom_dag.py for tasks to queue
[2026-08-31T08:35:45.501+0000] {logging_mixin.py:190} INFO - [2026-08-31T08:35:45.500+0000] {dagbag.py:588} INFO - Filling up the DagBag from /opt/airflow/dags/02_xcom_dag.py
[2026-08-31T08:35:45.534+0000] {processor.py:925} INFO - DAG(s) 'xcom_dag' retrieved from /opt/airflow/dags/02_xcom_dag.py
[2026-08-31T08:35:45.566+0000] {logging_mixin.py:190} INFO - [2026-08-31T08:35:45.566+0000] {dag.py:3239} INFO - Sync 1 DAGs
[2026-08-31T08:35:45.579+0000] {logging_mixin.py:190} INFO - [2026-08-31T08:35:45.578+0000] {dag.py:4180} INFO - Setting next_dagrun for xcom_dag to None, run_after=None
[2026-08-31T08:35:45.599+0000] {processor.py:208} INFO - Processing /opt/airflow/dags/02_xcom_dag.py took 0.114 seconds
[2026-08-31T08:36:16.158+0000] {processor.py:186} INFO - Started process (PID=1213) to work on /opt/airflow/dags/02_xcom_dag.py
[2026-08-31T08:36:16.159+0000] {processor.py:914} INFO - Processing file /opt/airflow/dags/02_xcom_dag.py for tasks to queue
[2026-08-31T08:36:16.166+0000] {logging_mixin.py:190} INFO - [2026-08-31T08:36:16.165+0000] {dagbag.py:588} INFO - Filling up the DagBag from /opt/airflow/dags/02_xcom_dag.py
[2026-08-31T08:36:16.196+0000] {processor.py:925} INFO - DAG(s) 'xcom_dag' retrieved from /opt/airflow/dags/02_xcom_dag.py
[2026-08-31T08:36:16.221+0000] {logging_mixin.py:190} INFO - [2026-08-31T08:36:16.220+0000] {dag.py:3239} INFO - Sync 1 DAGs
[2026-08-31T08:36:16.232+0000] {logging_mixin.py:190} INFO - [2026-08-31T08:36:16.232+0000] {dag.py:4180} INFO - Setting next_dagrun for xcom_dag to None, run_after=None
[2026-08-31T08:36:16.253+0000] {processor.py:208} INFO - Processing /opt/airflow/dags/02_xcom_dag.py took 0.103 seconds
[2026-08-31T08:36:46.399+0000] {processor.py:186} INFO - Started process (PID=1227) to work on /opt/airflow/dags/02_xcom_dag.py
[2026-08-31T08:36:46.400+0000] {processor.py:914} INFO - Processing file /opt/airflow/dags/02_xcom_dag.py for tasks to queue
[2026-08-31T08:36:46.402+0000] {logging_mixin.py:190} INFO - [2026-08-31T08:36:46.402+0000] {dagbag.py:588} INFO - Filling up the DagBag from /opt/airflow/dags/02_xcom_dag.py
[2026-08-31T08:36:46.426+0000] {processor.py:925} INFO - DAG(s) 'xcom_dag' retrieved from /opt/airflow/dags/02_xcom_dag.py
[2026-08-31T08:36:46.446+0000] {logging_mixin.py:190} INFO - [2026-08-31T08:36:46.446+0000] {dag.py:3239} INFO - Sync 1 DAGs
[2026-08-31T08:36:46.456+0000] {logging_mixin.py:190} INFO - [2026-08-31T08:36:46.456+0000] {dag.py:4180} INFO - Setting next_dagrun for xcom_dag to None, run_after=None
[2026-08-31T08:36:46.475+0000] {processor.py:208} INFO - Processing /opt/airflow/dags/02_xcom_dag.py took 0.081 seconds
[2026-08-31T08:37:16.599+0000] {processor.py:186} INFO - Started process (PID=1241) to work on /opt/airflow/dags/02_xcom_dag.py
[2026-08-31T08:37:16.601+0000] {processor.py:914} INFO - Processing file /opt/airflow/dags/02_xcom_dag.py for tasks to queue
[2026-08-31T08:37:16.603+0000] {logging_mixin.py:190} INFO - [2026-08-31T08:37:16.603+0000] {dagbag.py:588} INFO - Filling up the DagBag from /opt/airflow/dags/02_xcom_dag.py
[2026-08-31T08:37:16.617+0000] {processor.py:925} INFO - DAG(s) 'xcom_dag' retrieved from /opt/airflow/dags/02_xcom_dag.py
[2026-08-31T08:37:16.635+0000] {logging_mixin.py:190} INFO - [2026-08-31T08:37:16.635+0000] {dag.py:3239} INFO - Sync 1 DAGs
[2026-08-31T08:37:16.646+0000] {logging_mixin.py:190} INFO - [2026-08-31T08:37:16.646+0000] {dag.py:4180} INFO - Setting next_dagrun for xcom_dag to None, run_after=None
[2026-08-31T08:37:16.668+0000] {processor.py:208} INFO - Processing /opt/airflow/dags/02_xcom_dag.py took 0.075 seconds
[2026-08-31T08:37:47.680+0000] {processor.py:186} INFO - Started process (PID=1255) to work on /opt/airflow/dags/02_xcom_dag.py
[2026-08-31T08:37:47.681+0000] {processor.py:914} INFO - Processing file /opt/airflow/dags/02_xcom_dag.py for tasks to queue
[2026-08-31T08:37:47.683+0000] {logging_mixin.py:190} INFO - [2026-08-31T08:37:47.683+0000] {dagbag.py:588} INFO - Filling up the DagBag from /opt/airflow/dags/02_xcom_dag.py
[2026-08-31T08:37:47.715+0000] {processor.py:925} INFO - DAG(s) 'xcom_dag' retrieved from /opt/airflow/dags/02_xcom_dag.py
[2026-08-31T08:37:47.738+0000] {logging_mixin.py:190} INFO - [2026-08-31T08:37:47.738+0000] {dag.py:3239} INFO - Sync 1 DAGs
[2026-08-31T08:37:47.749+0000] {logging_mixin.py:190} INFO - [2026-08-31T08:37:47.748+0000] {dag.py:4180} INFO - Setting next_dagrun for xcom_dag to None, run_after=None
[2026-08-31T08:37:47.768+0000] {processor.py:208} INFO - Processing /opt/airflow/dags/02_xcom_dag.py took 0.094 seconds
[2026-08-31T08:38:17.889+0000] {processor.py:186} INFO - Started process (PID=1269) to work on /opt/airflow/dags/02_xcom_dag.py
[2026-08-31T08:38:17.891+0000] {processor.py:914} INFO - Processing file /opt/airflow/dags/02_xcom_dag.py for tasks to queue
[2026-08-31T08:38:17.893+0000] {logging_mixin.py:190} INFO - [2026-08-31T08:38:17.893+0000] {dagbag.py:588} INFO - Filling up the DagBag from /opt/airflow/dags/02_xcom_dag.py
[2026-08-31T08:38:17.916+0000] {processor.py:925} INFO - DAG(s) 'xcom_dag' retrieved from /opt/airflow/dags/02_xcom_dag.py
[2026-08-31T08:38:17.937+0000] {logging_mixin.py:190} INFO - [2026-08-31T08:38:17.936+0000] {dag.py:3239} INFO - Sync 1 DAGs
[2026-08-31T08:38:17.947+0000] {logging_mixin.py:190} INFO - [2026-08-31T08:38:17.947+0000] {dag.py:4180} INFO - Setting next_dagrun for xcom_dag to None, run_after=None
[2026-08-31T08:38:17.961+0000] {processor.py:208} INFO - Processing /opt/airflow/dags/02_xcom_dag.py took 0.081 seconds
[2026-08-31T08:38:48.160+0000] {processor.py:186} INFO - Started process (PID=1283) to work on /opt/airflow/dags/02_xcom_dag.py
[2026-08-31T08:38:48.164+0000] {processor.py:914} INFO - Processing file /opt/airflow/dags/02_xcom_dag.py for tasks to queue
[2026-08-31T08:38:48.166+0000] {logging_mixin.py:190} INFO - [2026-08-31T08:38:48.166+0000] {dagbag.py:588} INFO - Filling up the DagBag from /opt/airflow/dags/02_xcom_dag.py
[2026-08-31T08:38:48.195+0000] {processor.py:925} INFO - DAG(s) 'xcom_dag' retrieved from /opt/airflow/dags/02_xcom_dag.py
[2026-08-31T08:38:48.219+0000] {logging_mixin.py:190} INFO - [2026-08-31T08:38:48.219+0000] {dag.py:3239} INFO - Sync 1 DAGs
[2026-08-31T08:38:48.230+0000] {logging_mixin.py:190} INFO - [2026-08-31T08:38:48.230+0000] {dag.py:4180} INFO - Setting next_dagrun for xcom_dag to None, run_after=None
[2026-08-31T08:38:48.249+0000] {processor.py:208} INFO - Processing /opt/airflow/dags/02_xcom_dag.py took 0.094 seconds
[2026-08-31T08:39:18.366+0000] {processor.py:186} INFO - Started process (PID=1298) to work on /opt/airflow/dags/02_xcom_dag.py
[2026-08-31T08:39:18.367+0000] {processor.py:914} INFO - Processing file /opt/airflow/dags/02_xcom_dag.py for tasks to queue
[2026-08-31T08:39:18.371+0000] {logging_mixin.py:190} INFO - [2026-08-31T08:39:18.371+0000] {dagbag.py:588} INFO - Filling up the DagBag from /opt/airflow/dags/02_xcom_dag.py
[2026-08-31T08:39:18.388+0000] {processor.py:925} INFO - DAG(s) 'xcom_dag' retrieved from /opt/airflow/dags/02_xcom_dag.py
[2026-08-31T08:39:18.411+0000] {logging_mixin.py:190} INFO - [2026-08-31T08:39:18.411+0000] {dag.py:3239} INFO - Sync 1 DAGs
[2026-08-31T08:39:18.423+0000] {logging_mixin.py:190} INFO - [2026-08-31T08:39:18.423+0000] {dag.py:4180} INFO - Setting next_dagrun for xcom_dag to None, run_after=None
[2026-08-31T08:39:18.443+0000] {processor.py:208} INFO - Processing /opt/airflow/dags/02_xcom_dag.py took 0.083 seconds
[2026-08-31T08:39:49.154+0000] {processor.py:186} INFO - Started process (PID=1312) to work on /opt/airflow/dags/02_xcom_dag.py
[2026-08-31T08:39:49.155+0000] {processor.py:914} INFO - Processing file /opt/airflow/dags/02_xcom_dag.py for tasks to queue
[2026-08-31T08:39:49.157+0000] {logging_mixin.py:190} INFO - [2026-08-31T08:39:49.156+0000] {dagbag.py:588} INFO - Filling up the DagBag from /opt/airflow/dags/02_xcom_dag.py
[2026-08-31T08:39:49.173+0000] {processor.py:925} INFO - DAG(s) 'xcom_dag' retrieved from /opt/airflow/dags/02_xcom_dag.py
[2026-08-31T08:39:49.196+0000] {logging_mixin.py:190} INFO - [2026-08-31T08:39:49.196+0000] {dag.py:3239} INFO - Sync 1 DAGs
[2026-08-31T08:39:49.206+0000] {logging_mixin.py:190} INFO - [2026-08-31T08:39:49.205+0000] {dag.py:4180} INFO - Setting next_dagrun for xcom_dag to None, run_after=None
[2026-08-31T08:39:49.219+0000] {processor.py:208} INFO - Processing /opt/airflow/dags/02_xcom_dag.py took 0.070 seconds
[2026-08-31T08:40:19.435+0000] {processor.py:186} INFO - Started process (PID=1326) to work on /opt/airflow/dags/02_xcom_dag.py
[2026-08-31T08:40:19.436+0000] {processor.py:914} INFO - Processing file /opt/airflow/dags/02_xcom_dag.py for tasks to queue
[2026-08-31T08:40:19.438+0000] {logging_mixin.py:190} INFO - [2026-08-31T08:40:19.438+0000] {dagbag.py:588} INFO - Filling up the DagBag from /opt/airflow/dags/02_xcom_dag.py
[2026-08-31T08:40:19.452+0000] {processor.py:925} INFO - DAG(s) 'xcom_dag' retrieved from /opt/airflow/dags/02_xcom_dag.py
[2026-08-31T08:40:19.475+0000] {logging_mixin.py:190} INFO - [2026-08-31T08:40:19.475+0000] {dag.py:3239} INFO - Sync 1 DAGs
[2026-08-31T08:40:19.488+0000] {logging_mixin.py:190} INFO - [2026-08-31T08:40:19.488+0000] {dag.py:4180} INFO - Setting next_dagrun for xcom_dag to None, run_after=None
[2026-08-31T08:40:19.504+0000] {processor.py:208} INFO - Processing /opt/airflow/dags/02_xcom_dag.py took 0.073 seconds
[2026-08-31T08:40:50.574+0000] {processor.py:186} INFO - Started process (PID=1340) to work on /opt/airflow/dags/02_xcom_dag.py
[2026-08-31T08:40:50.575+0000] {processor.py:914} INFO - Processing file /opt/airflow/dags/02_xcom_dag.py for tasks to queue
[2026-08-31T08:40:50.577+0000] {logging_mixin.py:190} INFO - [2026-08-31T08:40:50.577+0000] {dagbag.py:588} INFO - Filling up the DagBag from /opt/airflow/dags/02_xcom_dag.py
[2026-08-31T08:40:50.597+0000] {processor.py:925} INFO - DAG(s) 'xcom_dag' retrieved from /opt/airflow/dags/02_xcom_dag.py
[2026-08-31T08:40:50.618+0000] {logging_mixin.py:190} INFO - [2026-08-31T08:40:50.618+0000] {dag.py:3239} INFO - Sync 1 DAGs
[2026-08-31T08:40:50.630+0000] {logging_mixin.py:190} INFO - [2026-08-31T08:40:50.630+0000] {dag.py:4180} INFO - Setting next_dagrun for xcom_dag to None, run_after=None
[2026-08-31T08:40:50.648+0000] {processor.py:208} INFO - Processing /opt/airflow/dags/02_xcom_dag.py took 0.079 seconds
[2026-08-31T08:41:21.043+0000] {processor.py:186} INFO - Started process (PID=1354) to work on /opt/airflow/dags/02_xcom_dag.py
[2026-08-31T08:41:21.045+0000] {processor.py:914} INFO - Processing file /opt/airflow/dags/02_xcom_dag.py for tasks to queue
[2026-08-31T08:41:21.047+0000] {logging_mixin.py:190} INFO - [2026-08-31T08:41:21.047+0000] {dagbag.py:588} INFO - Filling up the DagBag from /opt/airflow/dags/02_xcom_dag.py
[2026-08-31T08:41:21.071+0000] {processor.py:925} INFO - DAG(s) 'xcom_dag' retrieved from /opt/airflow/dags/02_xcom_dag.py
[2026-08-31T08:41:21.094+0000] {logging_mixin.py:190} INFO - [2026-08-31T08:41:21.094+0000] {dag.py:3239} INFO - Sync 1 DAGs
[2026-08-31T08:41:21.106+0000] {logging_mixin.py:190} INFO - [2026-08-31T08:41:21.106+0000] {dag.py:4180} INFO - Setting next_dagrun for xcom_dag to None, run_after=None
[2026-08-31T08:41:21.128+0000] {processor.py:208} INFO - Processing /opt/airflow/dags/02_xcom_dag.py took 0.089 seconds
[2026-08-31T08:41:51.916+0000] {processor.py:186} INFO - Started process (PID=1368) to work on /opt/airflow/dags/02_xcom_dag.py
[2026-08-31T08:41:51.916+0000] {processor.py:914} INFO - Processing file /opt/airflow/dags/02_xcom_dag.py for tasks to queue
[2026-08-31T08:41:51.919+0000] {logging_mixin.py:190} INFO - [2026-08-31T08:41:51.918+0000] {dagbag.py:588} INFO - Filling up the DagBag from /opt/airflow/dags/02_xcom_dag.py
[2026-08-31T08:41:51.941+0000] {processor.py:925} INFO - DAG(s) 'xcom_dag' retrieved from /opt/airflow/dags/02_xcom_dag.py
[2026-08-31T08:41:51.964+0000] {logging_mixin.py:190} INFO - [2026-08-31T08:41:51.964+0000] {dag.py:3239} INFO - Sync 1 DAGs
[2026-08-31T08:41:51.976+0000] {logging_mixin.py:190} INFO - [2026-08-31T08:41:51.976+0000] {dag.py:4180} INFO - Setting next_dagrun for xcom_dag to None, run_after=None
[2026-08-31T08:41:52.007+0000] {processor.py:208} INFO - Processing /opt/airflow/dags/02_xcom_dag.py took 0.097 seconds
[2026-08-31T08:42:22.281+0000] {processor.py:186} INFO - Started process (PID=1382) to work on /opt/airflow/dags/02_xcom_dag.py
[2026-08-31T08:42:22.283+0000] {processor.py:914} INFO - Processing file /opt/airflow/dags/02_xcom_dag.py for tasks to queue
[2026-08-31T08:42:22.286+0000] {logging_mixin.py:190} INFO - [2026-08-31T08:42:22.286+0000] {dagbag.py:588} INFO - Filling up the DagBag from /opt/airflow/dags/02_xcom_dag.py
[2026-08-31T08:42:22.324+0000] {processor.py:925} INFO - DAG(s) 'xcom_dag' retrieved from /opt/airflow/dags/02_xcom_dag.py
[2026-08-31T08:42:22.366+0000] {logging_mixin.py:190} INFO - [2026-08-31T08:42:22.365+0000] {dag.py:3239} INFO - Sync 1 DAGs
[2026-08-31T08:42:22.376+0000] {logging_mixin.py:190} INFO - [2026-08-31T08:42:22.376+0000] {dag.py:4180} INFO - Setting next_dagrun for xcom_dag to None, run_after=None
[2026-08-31T08:42:22.405+0000] {processor.py:208} INFO - Processing /opt/airflow/dags/02_xcom_dag.py took 0.138 seconds
[2026-08-31T08:42:53.333+0000] {processor.py:186} INFO - Started process (PID=1396) to work on /opt/airflow/dags/02_xcom_dag.py
[2026-08-31T08:42:53.334+0000] {processor.py:914} INFO - Processing file /opt/airflow/dags/02_xcom_dag.py for tasks to queue
[2026-08-31T08:42:53.337+0000] {logging_mixin.py:190} INFO - [2026-08-31T08:42:53.337+0000] {dagbag.py:588} INFO - Filling up the DagBag from /opt/airflow/dags/02_xcom_dag.py
[2026-08-31T08:42:53.374+0000] {processor.py:925} INFO - DAG(s) 'xcom_dag' retrieved from /opt/airflow/dags/02_xcom_dag.py
[2026-08-31T08:42:53.410+0000] {logging_mixin.py:190} INFO - [2026-08-31T08:42:53.410+0000] {dag.py:3239} INFO - Sync 1 DAGs
[2026-08-31T08:42:53.432+0000] {logging_mixin.py:190} INFO - [2026-08-31T08:42:53.431+0000] {dag.py:4180} INFO - Setting next_dagrun for xcom_dag to None, run_after=None
[2026-08-31T08:42:53.459+0000] {processor.py:208} INFO - Processing /opt/airflow/dags/02_xcom_dag.py took 0.134 seconds
[2026-08-31T08:43:24.108+0000] {processor.py:186} INFO - Started process (PID=1410) to work on /opt/airflow/dags/02_xcom_dag.py
[2026-08-31T08:43:24.109+0000] {processor.py:914} INFO - Processing file /opt/airflow/dags/02_xcom_dag.py for tasks to queue
[2026-08-31T08:43:24.112+0000] {logging_mixin.py:190} INFO - [2026-08-31T08:43:24.112+0000] {dagbag.py:588} INFO - Filling up the DagBag from /opt/airflow/dags/02_xcom_dag.py
[2026-08-31T08:43:24.128+0000] {processor.py:925} INFO - DAG(s) 'xcom_dag' retrieved from /opt/airflow/dags/02_xcom_dag.py
[2026-08-31T08:43:24.149+0000] {logging_mixin.py:190} INFO - [2026-08-31T08:43:24.149+0000] {dag.py:3239} INFO - Sync 1 DAGs
[2026-08-31T08:43:24.159+0000] {logging_mixin.py:190} INFO - [2026-08-31T08:43:24.159+0000] {dag.py:4180} INFO - Setting next_dagrun for xcom_dag to None, run_after=None
[2026-08-31T08:43:24.178+0000] {processor.py:208} INFO - Processing /opt/airflow/dags/02_xcom_dag.py took 0.075 seconds
[2026-08-31T08:43:54.282+0000] {processor.py:186} INFO - Started process (PID=1424) to work on /opt/airflow/dags/02_xcom_dag.py
[2026-08-31T08:43:54.283+0000] {processor.py:914} INFO - Processing file /opt/airflow/dags/02_xcom_dag.py for tasks to queue
[2026-08-31T08:43:54.285+0000] {logging_mixin.py:190} INFO - [2026-08-31T08:43:54.284+0000] {dagbag.py:588} INFO - Filling up the DagBag from /opt/airflow/dags/02_xcom_dag.py
[2026-08-31T08:43:54.298+0000] {processor.py:925} INFO - DAG(s) 'xcom_dag' retrieved from /opt/airflow/dags/02_xcom_dag.py
[2026-08-31T08:43:54.317+0000] {logging_mixin.py:190} INFO - [2026-08-31T08:43:54.317+0000] {dag.py:3239} INFO - Sync 1 DAGs
[2026-08-31T08:43:54.328+0000] {logging_mixin.py:190} INFO - [2026-08-31T08:43:54.327+0000] {dag.py:4180} INFO - Setting next_dagrun for xcom_dag to None, run_after=None
[2026-08-31T08:43:54.347+0000] {processor.py:208} INFO - Processing /opt/airflow/dags/02_xcom_dag.py took 0.071 seconds
[2026-08-31T08:44:24.548+0000] {processor.py:186} INFO - Started process (PID=1438) to work on /opt/airflow/dags/02_xcom_dag.py
[2026-08-31T08:44:24.549+0000] {processor.py:914} INFO - Processing file /opt/airflow/dags/02_xcom_dag.py for tasks to queue
[2026-08-31T08:44:24.551+0000] {logging_mixin.py:190} INFO - [2026-08-31T08:44:24.551+0000] {dagbag.py:588} INFO - Filling up the DagBag from /opt/airflow/dags/02_xcom_dag.py
[2026-08-31T08:44:24.571+0000] {processor.py:925} INFO - DAG(s) 'xcom_dag' retrieved from /opt/airflow/dags/02_xcom_dag.py
[2026-08-31T08:44:24.591+0000] {logging_mixin.py:190} INFO - [2026-08-31T08:44:24.591+0000] {dag.py:3239} INFO - Sync 1 DAGs
[2026-08-31T08:44:24.601+0000] {logging_mixin.py:190} INFO - [2026-08-31T08:44:24.601+0000] {dag.py:4180} INFO - Setting next_dagrun for xcom_dag to None, run_after=None
[2026-08-31T08:44:24.615+0000] {processor.py:208} INFO - Processing /opt/airflow/dags/02_xcom_dag.py took 0.072 seconds
[2026-08-31T08:44:54.881+0000] {processor.py:186} INFO - Started process (PID=1452) to work on /opt/airflow/dags/02_xcom_dag.py
[2026-08-31T08:44:54.882+0000] {processor.py:914} INFO - Processing file /opt/airflow/dags/02_xcom_dag.py for tasks to queue
[2026-08-31T08:44:54.884+0000] {logging_mixin.py:190} INFO - [2026-08-31T08:44:54.884+0000] {dagbag.py:588} INFO - Filling up the DagBag from /opt/airflow/dags/02_xcom_dag.py
[2026-08-31T08:44:54.896+0000] {processor.py:925} INFO - DAG(s) 'xcom_dag' retrieved from /opt/airflow/dags/02_xcom_dag.py
[2026-08-31T08:44:54.917+0000] {logging_mixin.py:190} INFO - [2026-08-31T08:44:54.917+0000] {dag.py:3239} INFO - Sync 1 DAGs
[2026-08-31T08:44:54.928+0000] {logging_mixin.py:190} INFO - [2026-08-31T08:44:54.927+0000] {dag.py:4180} INFO - Setting next_dagrun for xcom_dag to None, run_after=None
[2026-08-31T08:44:54.946+0000] {processor.py:208} INFO - Processing /opt/airflow/dags/02_xcom_dag.py took 0.069 seconds
[2026-08-31T08:45:25.189+0000] {processor.py:186} INFO - Started process (PID=1466) to work on /opt/airflow/dags/02_xcom_dag.py
[2026-08-31T08:45:25.191+0000] {processor.py:914} INFO - Processing file /opt/airflow/dags/02_xcom_dag.py for tasks to queue
[2026-08-31T08:45:25.193+0000] {logging_mixin.py:190} INFO - [2026-08-31T08:45:25.193+0000] {dagbag.py:588} INFO - Filling up the DagBag from /opt/airflow/dags/02_xcom_dag.py
[2026-08-31T08:45:25.216+0000] {processor.py:925} INFO - DAG(s) 'xcom_dag' retrieved from /opt/airflow/dags/02_xcom_dag.py
[2026-08-31T08:45:25.243+0000] {logging_mixin.py:190} INFO - [2026-08-31T08:45:25.243+0000] {dag.py:3239} INFO - Sync 1 DAGs
[2026-08-31T08:45:25.255+0000] {logging_mixin.py:190} INFO - [2026-08-31T08:45:25.255+0000] {dag.py:4180} INFO - Setting next_dagrun for xcom_dag to None, run_after=None
[2026-08-31T08:45:25.273+0000] {processor.py:208} INFO - Processing /opt/airflow/dags/02_xcom_dag.py took 0.088 seconds
