[2026-08-31T07:56:11.910+0000] {processor.py:186} INFO - Started process (PID=101) to work on /opt/airflow/dags/03_branching_dag.py
[2026-08-31T07:56:11.911+0000] {processor.py:914} INFO - Processing file /opt/airflow/dags/03_branching_dag.py for tasks to queue
[2026-08-31T07:56:11.915+0000] {logging_mixin.py:190} INFO - [2026-08-31T07:56:11.914+0000] {dagbag.py:588} INFO - Filling up the DagBag from /opt/airflow/dags/03_branching_dag.py
[2026-08-31T07:56:11.958+0000] {processor.py:925} INFO - DAG(s) 'branching_dag' retrieved from /opt/airflow/dags/03_branching_dag.py
[2026-08-31T07:56:12.006+0000] {logging_mixin.py:190} INFO - [2026-08-31T07:56:12.006+0000] {dag.py:3239} INFO - Sync 1 DAGs
[2026-08-31T07:56:12.030+0000] {logging_mixin.py:190} INFO - [2026-08-31T07:56:12.029+0000] {dag.py:4180} INFO - Setting next_dagrun for branching_dag to None, run_after=None
[2026-08-31T07:56:12.066+0000] {processor.py:208} INFO - Processing /opt/airflow/dags/03_branching_dag.py took 0.163 seconds
[2026-08-31T07:56:42.213+0000] {processor.py:186} INFO - Started process (PID=113) to work on /opt/airflow/dags/03_branching_dag.py
[2026-08-31T07:56:42.214+0000] {processor.py:914} INFO - Processing file /opt/airflow/dags/03_branching_dag.py for tasks to queue
[2026-08-31T07:56:42.216+0000] {logging_mixin.py:190} INFO - [2026-08-31T07:56:42.216+0000] {dagbag.py:588} INFO - Filling up the DagBag from /opt/airflow/dags/03_branching_dag.py
[2026-08-31T07:56:42.236+0000] {processor.py:925} INFO - DAG(s) 'branching_dag' retrieved from /opt/airflow/dags/03_branching_dag.py
[2026-08-31T07:56:42.258+0000] {logging_mixin.py:190} INFO - [2026-08-31T07:56:42.258+0000] {dag.py:3239} INFO - Sync 1 DAGs
[2026-08-31T07:56:42.269+0000] {logging_mixin.py:190} INFO - [2026-08-31T07:56:42.269+0000] {dag.py:4180} INFO - Setting next_dagrun for branching_dag to None, run_after=None
[2026-08-31T07:56:42.308+0000] {processor.py:208} INFO - Processing /opt/airflow/dags/03_branching_dag.py took 0.101 seconds
[2026-08-31T07:57:13.072+0000] {processor.py:186} INFO - Started process (PID=127) to work on /opt/airflow/dags/03_branching_dag.py
[2026-08-31T07:57:13.074+0000] {processor.py:914} INFO - Processing file /opt/airflow/dags/03_branching_dag.py for tasks to queue
[2026-08-31T07:57:13.081+0000] {logging_mixin.py:190} INFO - [2026-08-31T07:57:13.080+0000] {dagbag.py:588} INFO - Filling up the DagBag from /opt/airflow/dags/03_branching_dag.py
[2026-08-31T07:57:13.147+0000] {processor.py:925} INFO - DAG(s) 'branching_dag' retrieved from /opt/airflow/dags/03_branching_dag.py
[2026-08-31T07:57:13.172+0000] {logging_mixin.py:190} INFO - [2026-08-31T07:57:13.171+0000] {dag.py:3239} INFO - Sync 1 DAGs
[2026-08-31T07:57:13.184+0000] {logging_mixin.py:190} INFO - [2026-08-31T07:57:13.184+0000] {dag.py:4180} INFO - Setting next_dagrun for branching_dag to None, run_after=None
[2026-08-31T07:57:13.203+0000] {processor.py:208} INFO - Processing /opt/airflow/dags/03_branching_dag.py took 0.136 seconds
[2026-08-31T07:57:43.609+0000] {processor.py:186} INFO - Started process (PID=141) to work on /opt/airflow/dags/03_branching_dag.py
[2026-08-31T07:57:43.610+0000] {processor.py:914} INFO - Processing file /opt/airflow/dags/03_branching_dag.py for tasks to queue
[2026-08-31T07:57:43.612+0000] {logging_mixin.py:190} INFO - [2026-08-31T07:57:43.611+0000] {dagbag.py:588} INFO - Filling up the DagBag from /opt/airflow/dags/03_branching_dag.py
[2026-08-31T07:57:43.627+0000] {processor.py:925} INFO - DAG(s) 'branching_dag' retrieved from /opt/airflow/dags/03_branching_dag.py
[2026-08-31T07:57:43.656+0000] {logging_mixin.py:190} INFO - [2026-08-31T07:57:43.656+0000] {dag.py:3239} INFO - Sync 1 DAGs
[2026-08-31T07:57:43.671+0000] {logging_mixin.py:190} INFO - [2026-08-31T07:57:43.671+0000] {dag.py:4180} INFO - Setting next_dagrun for branching_dag to None, run_after=None
[2026-08-31T07:57:43.689+0000] {processor.py:208} INFO - Processing /opt/airflow/dags/03_branching_dag.py took 0.085 seconds
[2026-08-31T07:58:14.223+0000] {processor.py:186} INFO - Started process (PID=155) to work on /opt/airflow/dags/03_branching_dag.py
[2026-08-31T07:58:14.225+0000] {processor.py:914} INFO - Processing file /opt/airflow/dags/03_branching_dag.py for tasks to queue
[2026-08-31T07:58:14.229+0000] {logging_mixin.py:190} INFO - [2026-08-31T07:58:14.228+0000] {dagbag.py:588} INFO - Filling up the DagBag from /opt/airflow/dags/03_branching_dag.py
[2026-08-31T07:58:14.261+0000] {processor.py:925} INFO - DAG(s) 'branching_dag' retrieved from /opt/airflow/dags/03_branching_dag.py
[2026-08-31T07:58:14.295+0000] {logging_mixin.py:190} INFO - [2026-08-31T07:58:14.295+0000] {dag.py:3239} INFO - Sync 1 DAGs
[2026-08-31T07:58:14.312+0000] {logging_mixin.py:190} INFO - [2026-08-31T07:58:14.311+0000] {dag.py:4180} INFO - Setting next_dagrun for branching_dag to None, run_after=None
[2026-08-31T07:58:14.337+0000] {processor.py:208} INFO - Processing /opt/airflow/dags/03_branching_dag.py took 0.127 seconds
[2026-08-31T07:58:44.491+0000] {processor.py:186} INFO - Started process (PID=169) to work on /opt/airflow/dags/03_branching_dag.py
[2026-08-31T07:58:44.493+0000] {processor.py:914} INFO - Processing file /opt/airflow/dags/03_branching_dag.py for tasks to queue
[2026-08-31T07:58:44.498+0000] {logging_mixin.py:190} INFO - [2026-08-31T07:58:44.497+0000] {dagbag.py:588} INFO - Filling up the DagBag from /opt/airflow/dags/03_branching_dag.py
[2026-08-31T07:58:44.541+0000] {processor.py:925} INFO - DAG(s) 'branching_dag' retrieved from /opt/airflow/dags/03_branching_dag.py
[2026-08-31T07:58:44.572+0000] {logging_mixin.py:190} INFO - [2026-08-31T07:58:44.572+0000] {dag.py:3239} INFO - Sync 1 DAGs
[2026-08-31T07:58:44.780+0000] {logging_mixin.py:190} INFO - [2026-08-31T07:58:44.780+0000] {dag.py:4180} INFO - Setting next_dagrun for branching_dag to None, run_after=None
[2026-08-31T07:58:44.849+0000] {processor.py:208} INFO - Processing /opt/airflow/dags/03_branching_dag.py took 0.368 seconds
[2026-08-31T07:59:15.825+0000] {processor.py:186} INFO - Started process (PID=183) to work on /opt/airflow/dags/03_branching_dag.py
[2026-08-31T07:59:15.826+0000] {processor.py:914} INFO - Processing file /opt/airflow/dags/03_branching_dag.py for tasks to queue
[2026-08-31T07:59:15.829+0000] {logging_mixin.py:190} INFO - [2026-08-31T07:59:15.828+0000] {dagbag.py:588} INFO - Filling up the DagBag from /opt/airflow/dags/03_branching_dag.py
[2026-08-31T07:59:15.848+0000] {processor.py:925} INFO - DAG(s) 'branching_dag' retrieved from /opt/airflow/dags/03_branching_dag.py
[2026-08-31T07:59:15.872+0000] {logging_mixin.py:190} INFO - [2026-08-31T07:59:15.872+0000] {dag.py:3239} INFO - Sync 1 DAGs
[2026-08-31T07:59:15.883+0000] {logging_mixin.py:190} INFO - [2026-08-31T07:59:15.883+0000] {dag.py:4180} INFO - Setting next_dagrun for branching_dag to None, run_after=None
[2026-08-31T07:59:15.900+0000] {processor.py:208} INFO - Processing /opt/airflow/dags/03_branching_dag.py took 0.081 seconds
[2026-08-31T07:59:45.997+0000] {processor.py:186} INFO - Started process (PID=197) to work on /opt/airflow/dags/03_branching_dag.py
[2026-08-31T07:59:45.999+0000] {processor.py:914} INFO - Processing file /opt/airflow/dags/03_branching_dag.py for tasks to queue
[2026-08-31T07:59:46.001+0000] {logging_mixin.py:190} INFO - [2026-08-31T07:59:46.001+0000] {dagbag.py:588} INFO - Filling up the DagBag from /opt/airflow/dags/03_branching_dag.py
[2026-08-31T07:59:46.028+0000] {processor.py:925} INFO - DAG(s) 'branching_dag' retrieved from /opt/airflow/dags/03_branching_dag.py
[2026-08-31T07:59:46.053+0000] {logging_mixin.py:190} INFO - [2026-08-31T07:59:46.053+0000] {dag.py:3239} INFO - Sync 1 DAGs
[2026-08-31T07:59:46.066+0000] {logging_mixin.py:190} INFO - [2026-08-31T07:59:46.066+0000] {dag.py:4180} INFO - Setting next_dagrun for branching_dag to None, run_after=None
[2026-08-31T07:59:46.085+0000] {processor.py:208} INFO - Processing /opt/airflow/dags/03_branching_dag.py took 0.093 seconds
[2026-08-31T08:00:16.246+0000] {processor.py:186} INFO - Started process (PID=211) to work on /opt/airflow/dags/03_branching_dag.py
[2026-08-31T08:00:16.249+0000] {processor.py:914} INFO - Processing file /opt/airflow/dags/03_branching_dag.py for tasks to queue
[2026-08-31T08:00:16.253+0000] {logging_mixin.py:190} INFO - [2026-08-31T08:00:16.253+0000] {dagbag.py:588} INFO - Filling up the DagBag from /opt/airflow/dags/03_branching_dag.py
[2026-08-31T08:00:16.276+0000] {processor.py:925} INFO - DAG(s) 'branching_dag' retrieved from /opt/airflow/dags/03_branching_dag.py
[2026-08-31T08:00:16.298+0000] {logging_mixin.py:190} INFO - [2026-08-31T08:00:16.298+0000] {dag.py:3239} INFO - Sync 1 DAGs
[2026-08-31T08:00:16.311+0000] {logging_mixin.py:190} INFO - [2026-08-31T08:00:16.311+0000] {dag.py:4180} INFO - Setting next_dagrun for branching_dag to None, run_after=None
[2026-08-31T08:00:16.327+0000] {processor.py:208} INFO - Processing /opt/airflow/dags/03_branching_dag.py took 0.094 seconds
[2026-08-31T08:00:46.691+0000] {processor.py:186} INFO - Started process (PID=225) to work on /opt/airflow/dags/03_branching_dag.py
[2026-08-31T08:00:46.693+0000] {processor.py:914} INFO - Processing file /opt/airflow/dags/03_branching_dag.py for tasks to queue
[2026-08-31T08:00:46.699+0000] {logging_mixin.py:190} INFO - [2026-08-31T08:00:46.698+0000] {dagbag.py:588} INFO - Filling up the DagBag from /opt/airflow/dags/03_branching_dag.py
[2026-08-31T08:00:46.735+0000] {processor.py:925} INFO - DAG(s) 'branching_dag' retrieved from /opt/airflow/dags/03_branching_dag.py
[2026-08-31T08:00:46.775+0000] {logging_mixin.py:190} INFO - [2026-08-31T08:00:46.775+0000] {dag.py:3239} INFO - Sync 1 DAGs
[2026-08-31T08:00:46.788+0000] {logging_mixin.py:190} INFO - [2026-08-31T08:00:46.788+0000] {dag.py:4180} INFO - Setting next_dagrun for branching_dag to None, run_after=None
[2026-08-31T08:00:46.833+0000] {processor.py:208} INFO - Processing /opt/airflow/dags/03_branching_dag.py took 0.157 seconds
[2026-08-31T08:01:17.083+0000] {processor.py:186} INFO - Started process (PID=239) to work on /opt/airflow/dags/03_branching_dag.py
[2026-08-31T08:01:17.084+0000] {processor.py:914} INFO - Processing file /opt/airflow/dags/03_branching_dag.py for tasks to queue
[2026-08-31T08:01:17.088+0000] {logging_mixin.py:190} INFO - [2026-08-31T08:01:17.087+0000] {dagbag.py:588} INFO - Filling up the DagBag from /opt/airflow/dags/03_branching_dag.py
[2026-08-31T08:01:17.119+0000] {processor.py:925} INFO - DAG(s) 'branching_dag' retrieved from /opt/airflow/dags/03_branching_dag.py
[2026-08-31T08:01:17.142+0000] {logging_mixin.py:190} INFO - [2026-08-31T08:01:17.142+0000] {dag.py:3239} INFO - Sync 1 DAGs
[2026-08-31T08:01:17.153+0000] {logging_mixin.py:190} INFO - [2026-08-31T08:01:17.153+0000] {dag.py:4180} INFO - Setting next_dagrun for branching_dag to None, run_after=None
[2026-08-31T08:01:17.168+0000] {processor.py:208} INFO - Processing /opt/airflow/dags/03_branching_dag.py took 0.091 seconds
[2026-08-31T08:01:47.337+0000] {processor.py:186} INFO - Started process (PID=253) to work on /opt/airflow/dags/03_branching_dag.py
[2026-08-31T08:01:47.340+0000] {processor.py:914} INFO - Processing file /opt/airflow/dags/03_branching_dag.py for tasks to queue
[2026-08-31T08:01:47.346+0000] {logging_mixin.py:190} INFO - [2026-08-31T08:01:47.345+0000] {dagbag.py:588} INFO - Filling up the DagBag from /opt/airflow/dags/03_branching_dag.py
[2026-08-31T08:01:47.368+0000] {processor.py:925} INFO - DAG(s) 'branching_dag' retrieved from /opt/airflow/dags/03_branching_dag.py
[2026-08-31T08:01:47.393+0000] {logging_mixin.py:190} INFO - [2026-08-31T08:01:47.393+0000] {dag.py:3239} INFO - Sync 1 DAGs
[2026-08-31T08:01:47.405+0000] {logging_mixin.py:190} INFO - [2026-08-31T08:01:47.405+0000] {dag.py:4180} INFO - Setting next_dagrun for branching_dag to None, run_after=None
[2026-08-31T08:01:47.425+0000] {processor.py:208} INFO - Processing /opt/airflow/dags/03_branching_dag.py took 0.097 seconds
[2026-08-31T08:02:17.542+0000] {processor.py:186} INFO - Started process (PID=267) to work on /opt/airflow/dags/03_branching_dag.py
[2026-08-31T08:02:17.543+0000] {processor.py:914} INFO - Processing file /opt/airflow/dags/03_branching_dag.py for tasks to queue
[2026-08-31T08:02:17.545+0000] {logging_mixin.py:190} INFO - [2026-08-31T08:02:17.545+0000] {dagbag.py:588} INFO - Filling up the DagBag from /opt/airflow/dags/03_branching_dag.py
[2026-08-31T08:02:17.558+0000] {processor.py:925} INFO - DAG(s) 'branching_dag' retrieved from /opt/airflow/dags/03_branching_dag.py
[2026-08-31T08:02:17.580+0000] {logging_mixin.py:190} INFO - [2026-08-31T08:02:17.579+0000] {dag.py:3239} INFO - Sync 1 DAGs
[2026-08-31T08:02:17.591+0000] {logging_mixin.py:190} INFO - [2026-08-31T08:02:17.590+0000] {dag.py:4180} INFO - Setting next_dagrun for branching_dag to None, run_after=None
[2026-08-31T08:02:17.609+0000] {processor.py:208} INFO - Processing /opt/airflow/dags/03_branching_dag.py took 0.072 seconds
[2026-08-31T08:02:48.392+0000] {processor.py:186} INFO - Started process (PID=281) to work on /opt/airflow/dags/03_branching_dag.py
[2026-08-31T08:02:48.393+0000] {processor.py:914} INFO - Processing file /opt/airflow/dags/03_branching_dag.py for tasks to queue
[2026-08-31T08:02:48.395+0000] {logging_mixin.py:190} INFO - [2026-08-31T08:02:48.395+0000] {dagbag.py:588} INFO - Filling up the DagBag from /opt/airflow/dags/03_branching_dag.py
[2026-08-31T08:02:48.419+0000] {processor.py:925} INFO - DAG(s) 'branching_dag' retrieved from /opt/airflow/dags/03_branching_dag.py
[2026-08-31T08:02:48.441+0000] {logging_mixin.py:190} INFO - [2026-08-31T08:02:48.440+0000] {dag.py:3239} INFO - Sync 1 DAGs
[2026-08-31T08:02:48.453+0000] {logging_mixin.py:190} INFO - [2026-08-31T08:02:48.452+0000] {dag.py:4180} INFO - Setting next_dagrun for branching_dag to None, run_after=None
[2026-08-31T08:02:48.476+0000] {processor.py:208} INFO - Processing /opt/airflow/dags/03_branching_dag.py took 0.089 seconds
[2026-08-31T08:03:18.684+0000] {processor.py:186} INFO - Started process (PID=295) to work on /opt/airflow/dags/03_branching_dag.py
[2026-08-31T08:03:18.686+0000] {processor.py:914} INFO - Processing file /opt/airflow/dags/03_branching_dag.py for tasks to queue
[2026-08-31T08:03:18.688+0000] {logging_mixin.py:190} INFO - [2026-08-31T08:03:18.687+0000] {dagbag.py:588} INFO - Filling up the DagBag from /opt/airflow/dags/03_branching_dag.py
[2026-08-31T08:03:18.706+0000] {processor.py:925} INFO - DAG(s) 'branching_dag' retrieved from /opt/airflow/dags/03_branching_dag.py
[2026-08-31T08:03:18.727+0000] {logging_mixin.py:190} INFO - [2026-08-31T08:03:18.727+0000] {dag.py:3239} INFO - Sync 1 DAGs
[2026-08-31T08:03:18.738+0000] {logging_mixin.py:190} INFO - [2026-08-31T08:03:18.738+0000] {dag.py:4180} INFO - Setting next_dagrun for branching_dag to None, run_after=None
[2026-08-31T08:03:18.762+0000] {processor.py:208} INFO - Processing /opt/airflow/dags/03_branching_dag.py took 0.082 seconds
[2026-08-31T08:03:48.866+0000] {processor.py:186} INFO - Started process (PID=309) to work on /opt/airflow/dags/03_branching_dag.py
[2026-08-31T08:03:48.868+0000] {processor.py:914} INFO - Processing file /opt/airflow/dags/03_branching_dag.py for tasks to queue
[2026-08-31T08:03:48.871+0000] {logging_mixin.py:190} INFO - [2026-08-31T08:03:48.870+0000] {dagbag.py:588} INFO - Filling up the DagBag from /opt/airflow/dags/03_branching_dag.py
[2026-08-31T08:03:48.893+0000] {processor.py:925} INFO - DAG(s) 'branching_dag' retrieved from /opt/airflow/dags/03_branching_dag.py
[2026-08-31T08:03:48.916+0000] {logging_mixin.py:190} INFO - [2026-08-31T08:03:48.916+0000] {dag.py:3239} INFO - Sync 1 DAGs
[2026-08-31T08:03:48.927+0000] {logging_mixin.py:190} INFO - [2026-08-31T08:03:48.927+0000] {dag.py:4180} INFO - Setting next_dagrun for branching_dag to None, run_after=None
[2026-08-31T08:03:48.949+0000] {processor.py:208} INFO - Processing /opt/airflow/dags/03_branching_dag.py took 0.088 seconds
[2026-08-31T08:04:19.158+0000] {processor.py:186} INFO - Started process (PID=323) to work on /opt/airflow/dags/03_branching_dag.py
[2026-08-31T08:04:19.160+0000] {processor.py:914} INFO - Processing file /opt/airflow/dags/03_branching_dag.py for tasks to queue
[2026-08-31T08:04:19.162+0000] {logging_mixin.py:190} INFO - [2026-08-31T08:04:19.162+0000] {dagbag.py:588} INFO - Filling up the DagBag from /opt/airflow/dags/03_branching_dag.py
[2026-08-31T08:04:19.200+0000] {processor.py:925} INFO - DAG(s) 'branching_dag' retrieved from /opt/airflow/dags/03_branching_dag.py
[2026-08-31T08:04:19.250+0000] {logging_mixin.py:190} INFO - [2026-08-31T08:04:19.250+0000] {dag.py:3239} INFO - Sync 1 DAGs
[2026-08-31T08:04:19.262+0000] {logging_mixin.py:190} INFO - [2026-08-31T08:04:19.262+0000] {dag.py:4180} INFO - Setting next_dagrun for branching_dag to None, run_after=None
[2026-08-31T08:04:19.283+0000] {processor.py:208} INFO - Processing /opt/airflow/dags/03_branching_dag.py took 0.133 seconds
[2026-08-31T08:04:49.442+0000] {processor.py:186} INFO - Started process (PID=337) to work on /opt/airflow/dags/03_branching_dag.py
[2026-08-31T08:04:49.448+0000] {processor.py:914} INFO - Processing file /opt/airflow/dags/03_branching_dag.py for tasks to queue
[2026-08-31T08:04:49.457+0000] {logging_mixin.py:190} INFO - [2026-08-31T08:04:49.455+0000] {dagbag.py:588} INFO - Filling up the DagBag from /opt/airflow/dags/03_branching_dag.py
[2026-08-31T08:04:49.495+0000] {processor.py:925} INFO - DAG(s) 'branching_dag' retrieved from /opt/airflow/dags/03_branching_dag.py
[2026-08-31T08:04:49.526+0000] {logging_mixin.py:190} INFO - [2026-08-31T08:04:49.525+0000] {dag.py:3239} INFO - Sync 1 DAGs
[2026-08-31T08:04:49.539+0000] {logging_mixin.py:190} INFO - [2026-08-31T08:04:49.538+0000] {dag.py:4180} INFO - Setting next_dagrun for branching_dag to None, run_after=None
[2026-08-31T08:04:49.562+0000] {processor.py:208} INFO - Processing /opt/airflow/dags/03_branching_dag.py took 0.141 seconds
[2026-08-31T08:05:19.884+0000] {processor.py:186} INFO - Started process (PID=351) to work on /opt/airflow/dags/03_branching_dag.py
[2026-08-31T08:05:19.885+0000] {processor.py:914} INFO - Processing file /opt/airflow/dags/03_branching_dag.py for tasks to queue
[2026-08-31T08:05:19.888+0000] {logging_mixin.py:190} INFO - [2026-08-31T08:05:19.888+0000] {dagbag.py:588} INFO - Filling up the DagBag from /opt/airflow/dags/03_branching_dag.py
[2026-08-31T08:05:19.908+0000] {processor.py:925} INFO - DAG(s) 'branching_dag' retrieved from /opt/airflow/dags/03_branching_dag.py
[2026-08-31T08:05:19.929+0000] {logging_mixin.py:190} INFO - [2026-08-31T08:05:19.929+0000] {dag.py:3239} INFO - Sync 1 DAGs
[2026-08-31T08:05:19.941+0000] {logging_mixin.py:190} INFO - [2026-08-31T08:05:19.941+0000] {dag.py:4180} INFO - Setting next_dagrun for branching_dag to None, run_after=None
[2026-08-31T08:05:19.962+0000] {processor.py:208} INFO - Processing /opt/airflow/dags/03_branching_dag.py took 0.085 seconds
[2026-08-31T08:05:50.765+0000] {processor.py:186} INFO - Started process (PID=365) to work on /opt/airflow/dags/03_branching_dag.py
[2026-08-31T08:05:50.766+0000] {processor.py:914} INFO - Processing file /opt/airflow/dags/03_branching_dag.py for tasks to queue
[2026-08-31T08:05:50.769+0000] {logging_mixin.py:190} INFO - [2026-08-31T08:05:50.768+0000] {dagbag.py:588} INFO - Filling up the DagBag from /opt/airflow/dags/03_branching_dag.py
[2026-08-31T08:05:50.796+0000] {processor.py:925} INFO - DAG(s) 'branching_dag' retrieved from /opt/airflow/dags/03_branching_dag.py
[2026-08-31T08:05:50.821+0000] {logging_mixin.py:190} INFO - [2026-08-31T08:05:50.821+0000] {dag.py:3239} INFO - Sync 1 DAGs
[2026-08-31T08:05:50.834+0000] {logging_mixin.py:190} INFO - [2026-08-31T08:05:50.833+0000] {dag.py:4180} INFO - Setting next_dagrun for branching_dag to None, run_after=None
[2026-08-31T08:05:50.855+0000] {processor.py:208} INFO - Processing /opt/airflow/dags/03_branching_dag.py took 0.095 seconds
[2026-08-31T08:06:21.022+0000] {processor.py:186} INFO - Started process (PID=380) to work on /opt/airflow/dags/03_branching_dag.py
[2026-08-31T08:06:21.023+0000] {processor.py:914} INFO - Processing file /opt/airflow/dags/03_branching_dag.py for tasks to queue
[2026-08-31T08:06:21.026+0000] {logging_mixin.py:190} INFO - [2026-08-31T08:06:21.025+0000] {dagbag.py:588} INFO - Filling up the DagBag from /opt/airflow/dags/03_branching_dag.py
[2026-08-31T08:06:21.044+0000] {processor.py:925} INFO - DAG(s) 'branching_dag' retrieved from /opt/airflow/dags/03_branching_dag.py
[2026-08-31T08:06:21.071+0000] {logging_mixin.py:190} INFO - [2026-08-31T08:06:21.071+0000] {dag.py:3239} INFO - Sync 1 DAGs
[2026-08-31T08:06:21.082+0000] {logging_mixin.py:190} INFO - [2026-08-31T08:06:21.082+0000] {dag.py:4180} INFO - Setting next_dagrun for branching_dag to None, run_after=None
[2026-08-31T08:06:21.105+0000] {processor.py:208} INFO - Processing /opt/airflow/dags/03_branching_dag.py took 0.089 seconds
[2026-08-31T08:06:51.251+0000] {processor.py:186} INFO - Started process (PID=394) to work on /opt/airflow/dags/03_branching_dag.py
[2026-08-31T08:06:51.252+0000] {processor.py:914} INFO - Processing file /opt/airflow/dags/03_branching_dag.py for tasks to queue
[2026-08-31T08:06:51.254+0000] {logging_mixin.py:190} INFO - [2026-08-31T08:06:51.254+0000] {dagbag.py:588} INFO - Filling up the DagBag from /opt/airflow/dags/03_branching_dag.py
[2026-08-31T08:06:51.274+0000] {processor.py:925} INFO - DAG(s) 'branching_dag' retrieved from /opt/airflow/dags/03_branching_dag.py
[2026-08-31T08:06:51.297+0000] {logging_mixin.py:190} INFO - [2026-08-31T08:06:51.297+0000] {dag.py:3239} INFO - Sync 1 DAGs
[2026-08-31T08:06:51.308+0000] {logging_mixin.py:190} INFO - [2026-08-31T08:06:51.308+0000] {dag.py:4180} INFO - Setting next_dagrun for branching_dag to None, run_after=None
[2026-08-31T08:06:51.328+0000] {processor.py:208} INFO - Processing /opt/airflow/dags/03_branching_dag.py took 0.083 seconds
[2026-08-31T08:07:21.536+0000] {processor.py:186} INFO - Started process (PID=408) to work on /opt/airflow/dags/03_branching_dag.py
[2026-08-31T08:07:21.537+0000] {processor.py:914} INFO - Processing file /opt/airflow/dags/03_branching_dag.py for tasks to queue
[2026-08-31T08:07:21.540+0000] {logging_mixin.py:190} INFO - [2026-08-31T08:07:21.539+0000] {dagbag.py:588} INFO - Filling up the DagBag from /opt/airflow/dags/03_branching_dag.py
[2026-08-31T08:07:21.572+0000] {processor.py:925} INFO - DAG(s) 'branching_dag' retrieved from /opt/airflow/dags/03_branching_dag.py
[2026-08-31T08:07:21.626+0000] {logging_mixin.py:190} INFO - [2026-08-31T08:07:21.625+0000] {dag.py:3239} INFO - Sync 1 DAGs
[2026-08-31T08:07:21.650+0000] {logging_mixin.py:190} INFO - [2026-08-31T08:07:21.649+0000] {dag.py:4180} INFO - Setting next_dagrun for branching_dag to None, run_after=None
[2026-08-31T08:07:21.673+0000] {processor.py:208} INFO - Processing /opt/airflow/dags/03_branching_dag.py took 0.143 seconds
[2026-08-31T08:07:51.866+0000] {processor.py:186} INFO - Started process (PID=422) to work on /opt/airflow/dags/03_branching_dag.py
[2026-08-31T08:07:51.868+0000] {processor.py:914} INFO - Processing file /opt/airflow/dags/03_branching_dag.py for tasks to queue
[2026-08-31T08:07:51.871+0000] {logging_mixin.py:190} INFO - [2026-08-31T08:07:51.870+0000] {dagbag.py:588} INFO - Filling up the DagBag from /opt/airflow/dags/03_branching_dag.py
[2026-08-31T08:07:51.897+0000] {processor.py:925} INFO - DAG(s) 'branching_dag' retrieved from /opt/airflow/dags/03_branching_dag.py
[2026-08-31T08:07:51.927+0000] {logging_mixin.py:190} INFO - [2026-08-31T08:07:51.927+0000] {dag.py:3239} INFO - Sync 1 DAGs
[2026-08-31T08:07:51.944+0000] {logging_mixin.py:190} INFO - [2026-08-31T08:07:51.944+0000] {dag.py:4180} INFO - Setting next_dagrun for branching_dag to None, run_after=None
[2026-08-31T08:07:51.968+0000] {processor.py:208} INFO - Processing /opt/airflow/dags/03_branching_dag.py took 0.108 seconds
[2026-08-31T08:08:22.117+0000] {processor.py:186} INFO - Started process (PID=436) to work on /opt/airflow/dags/03_branching_dag.py
[2026-08-31T08:08:22.118+0000] {processor.py:914} INFO - Processing file /opt/airflow/dags/03_branching_dag.py for tasks to queue
[2026-08-31T08:08:22.121+0000] {logging_mixin.py:190} INFO - [2026-08-31T08:08:22.120+0000] {dagbag.py:588} INFO - Filling up the DagBag from /opt/airflow/dags/03_branching_dag.py
[2026-08-31T08:08:22.143+0000] {processor.py:925} INFO - DAG(s) 'branching_dag' retrieved from /opt/airflow/dags/03_branching_dag.py
[2026-08-31T08:08:22.169+0000] {logging_mixin.py:190} INFO - [2026-08-31T08:08:22.169+0000] {dag.py:3239} INFO - Sync 1 DAGs
[2026-08-31T08:08:22.181+0000] {logging_mixin.py:190} INFO - [2026-08-31T08:08:22.181+0000] {dag.py:4180} INFO - Setting next_dagrun for branching_dag to None, run_after=None
[2026-08-31T08:08:22.202+0000] {processor.py:208} INFO - Processing /opt/airflow/dags/03_branching_dag.py took 0.091 seconds
[2026-08-31T08:08:52.467+0000] {processor.py:186} INFO - Started process (PID=450) to work on /opt/airflow/dags/03_branching_dag.py
[2026-08-31T08:08:52.468+0000] {processor.py:914} INFO - Processing file /opt/airflow/dags/03_branching_dag.py for tasks to queue
[2026-08-31T08:08:52.470+0000] {logging_mixin.py:190} INFO - [2026-08-31T08:08:52.470+0000] {dagbag.py:588} INFO - Filling up the DagBag from /opt/airflow/dags/03_branching_dag.py
[2026-08-31T08:08:52.490+0000] {processor.py:925} INFO - DAG(s) 'branching_dag' retrieved from /opt/airflow/dags/03_branching_dag.py
[2026-08-31T08:08:52.515+0000] {logging_mixin.py:190} INFO - [2026-08-31T08:08:52.515+0000] {dag.py:3239} INFO - Sync 1 DAGs
[2026-08-31T08:08:52.526+0000] {logging_mixin.py:190} INFO - [2026-08-31T08:08:52.526+0000] {dag.py:4180} INFO - Setting next_dagrun for branching_dag to None, run_after=None
[2026-08-31T08:08:52.548+0000] {processor.py:208} INFO - Processing /opt/airflow/dags/03_branching_dag.py took 0.087 seconds
[2026-08-31T08:09:22.651+0000] {processor.py:186} INFO - Started process (PID=464) to work on /opt/airflow/dags/03_branching_dag.py
[2026-08-31T08:09:22.653+0000] {processor.py:914} INFO - Processing file /opt/airflow/dags/03_branching_dag.py for tasks to queue
[2026-08-31T08:09:22.656+0000] {logging_mixin.py:190} INFO - [2026-08-31T08:09:22.656+0000] {dagbag.py:588} INFO - Filling up the DagBag from /opt/airflow/dags/03_branching_dag.py
[2026-08-31T08:09:22.685+0000] {processor.py:925} INFO - DAG(s) 'branching_dag' retrieved from /opt/airflow/dags/03_branching_dag.py
[2026-08-31T08:09:22.708+0000] {logging_mixin.py:190} INFO - [2026-08-31T08:09:22.708+0000] {dag.py:3239} INFO - Sync 1 DAGs
[2026-08-31T08:09:22.720+0000] {logging_mixin.py:190} INFO - [2026-08-31T08:09:22.720+0000] {dag.py:4180} INFO - Setting next_dagrun for branching_dag to None, run_after=None
[2026-08-31T08:09:22.741+0000] {processor.py:208} INFO - Processing /opt/airflow/dags/03_branching_dag.py took 0.099 seconds
[2026-08-31T08:09:52.846+0000] {processor.py:186} INFO - Started process (PID=478) to work on /opt/airflow/dags/03_branching_dag.py
[2026-08-31T08:09:52.847+0000] {processor.py:914} INFO - Processing file /opt/airflow/dags/03_branching_dag.py for tasks to queue
[2026-08-31T08:09:52.849+0000] {logging_mixin.py:190} INFO - [2026-08-31T08:09:52.849+0000] {dagbag.py:588} INFO - Filling up the DagBag from /opt/airflow/dags/03_branching_dag.py
[2026-08-31T08:09:52.867+0000] {processor.py:925} INFO - DAG(s) 'branching_dag' retrieved from /opt/airflow/dags/03_branching_dag.py
[2026-08-31T08:09:52.888+0000] {logging_mixin.py:190} INFO - [2026-08-31T08:09:52.888+0000] {dag.py:3239} INFO - Sync 1 DAGs
[2026-08-31T08:09:52.899+0000] {logging_mixin.py:190} INFO - [2026-08-31T08:09:52.899+0000] {dag.py:4180} INFO - Setting next_dagrun for branching_dag to None, run_after=None
[2026-08-31T08:09:52.919+0000] {processor.py:208} INFO - Processing /opt/airflow/dags/03_branching_dag.py took 0.078 seconds
[2026-08-31T08:10:23.664+0000] {processor.py:186} INFO - Started process (PID=492) to work on /opt/airflow/dags/03_branching_dag.py
[2026-08-31T08:10:23.665+0000] {processor.py:914} INFO - Processing file /opt/airflow/dags/03_branching_dag.py for tasks to queue
[2026-08-31T08:10:23.667+0000] {logging_mixin.py:190} INFO - [2026-08-31T08:10:23.667+0000] {dagbag.py:588} INFO - Filling up the DagBag from /opt/airflow/dags/03_branching_dag.py
[2026-08-31T08:10:23.685+0000] {processor.py:925} INFO - DAG(s) 'branching_dag' retrieved from /opt/airflow/dags/03_branching_dag.py
[2026-08-31T08:10:23.707+0000] {logging_mixin.py:190} INFO - [2026-08-31T08:10:23.707+0000] {dag.py:3239} INFO - Sync 1 DAGs
[2026-08-31T08:10:23.718+0000] {logging_mixin.py:190} INFO - [2026-08-31T08:10:23.718+0000] {dag.py:4180} INFO - Setting next_dagrun for branching_dag to None, run_after=None
[2026-08-31T08:10:23.741+0000] {processor.py:208} INFO - Processing /opt/airflow/dags/03_branching_dag.py took 0.085 seconds
[2026-08-31T08:10:54.094+0000] {processor.py:186} INFO - Started process (PID=506) to work on /opt/airflow/dags/03_branching_dag.py
[2026-08-31T08:10:54.096+0000] {processor.py:914} INFO - Processing file /opt/airflow/dags/03_branching_dag.py for tasks to queue
[2026-08-31T08:10:54.099+0000] {logging_mixin.py:190} INFO - [2026-08-31T08:10:54.099+0000] {dagbag.py:588} INFO - Filling up the DagBag from /opt/airflow/dags/03_branching_dag.py
[2026-08-31T08:10:54.122+0000] {processor.py:925} INFO - DAG(s) 'branching_dag' retrieved from /opt/airflow/dags/03_branching_dag.py
[2026-08-31T08:10:54.143+0000] {logging_mixin.py:190} INFO - [2026-08-31T08:10:54.142+0000] {dag.py:3239} INFO - Sync 1 DAGs
[2026-08-31T08:10:54.154+0000] {logging_mixin.py:190} INFO - [2026-08-31T08:10:54.154+0000] {dag.py:4180} INFO - Setting next_dagrun for branching_dag to None, run_after=None
[2026-08-31T08:10:54.174+0000] {processor.py:208} INFO - Processing /opt/airflow/dags/03_branching_dag.py took 0.090 seconds
[2026-08-31T08:11:25.145+0000] {processor.py:186} INFO - Started process (PID=520) to work on /opt/airflow/dags/03_branching_dag.py
[2026-08-31T08:11:25.146+0000] {processor.py:914} INFO - Processing file /opt/airflow/dags/03_branching_dag.py for tasks to queue
[2026-08-31T08:11:25.148+0000] {logging_mixin.py:190} INFO - [2026-08-31T08:11:25.148+0000] {dagbag.py:588} INFO - Filling up the DagBag from /opt/airflow/dags/03_branching_dag.py
[2026-08-31T08:11:25.168+0000] {processor.py:925} INFO - DAG(s) 'branching_dag' retrieved from /opt/airflow/dags/03_branching_dag.py
[2026-08-31T08:11:25.193+0000] {logging_mixin.py:190} INFO - [2026-08-31T08:11:25.192+0000] {dag.py:3239} INFO - Sync 1 DAGs
[2026-08-31T08:11:25.204+0000] {logging_mixin.py:190} INFO - [2026-08-31T08:11:25.203+0000] {dag.py:4180} INFO - Setting next_dagrun for branching_dag to None, run_after=None
[2026-08-31T08:11:25.224+0000] {processor.py:208} INFO - Processing /opt/airflow/dags/03_branching_dag.py took 0.084 seconds
[2026-08-31T08:11:55.433+0000] {processor.py:186} INFO - Started process (PID=534) to work on /opt/airflow/dags/03_branching_dag.py
[2026-08-31T08:11:55.435+0000] {processor.py:914} INFO - Processing file /opt/airflow/dags/03_branching_dag.py for tasks to queue
[2026-08-31T08:11:55.437+0000] {logging_mixin.py:190} INFO - [2026-08-31T08:11:55.437+0000] {dagbag.py:588} INFO - Filling up the DagBag from /opt/airflow/dags/03_branching_dag.py
[2026-08-31T08:11:55.459+0000] {processor.py:925} INFO - DAG(s) 'branching_dag' retrieved from /opt/airflow/dags/03_branching_dag.py
[2026-08-31T08:11:55.480+0000] {logging_mixin.py:190} INFO - [2026-08-31T08:11:55.480+0000] {dag.py:3239} INFO - Sync 1 DAGs
[2026-08-31T08:11:55.491+0000] {logging_mixin.py:190} INFO - [2026-08-31T08:11:55.491+0000] {dag.py:4180} INFO - Setting next_dagrun for branching_dag to None, run_after=None
[2026-08-31T08:11:55.512+0000] {processor.py:208} INFO - Processing /opt/airflow/dags/03_branching_dag.py took 0.085 seconds
[2026-08-31T08:12:25.698+0000] {processor.py:186} INFO - Started process (PID=548) to work on /opt/airflow/dags/03_branching_dag.py
[2026-08-31T08:12:25.699+0000] {processor.py:914} INFO - Processing file /opt/airflow/dags/03_branching_dag.py for tasks to queue
[2026-08-31T08:12:25.701+0000] {logging_mixin.py:190} INFO - [2026-08-31T08:12:25.701+0000] {dagbag.py:588} INFO - Filling up the DagBag from /opt/airflow/dags/03_branching_dag.py
[2026-08-31T08:12:25.717+0000] {processor.py:925} INFO - DAG(s) 'branching_dag' retrieved from /opt/airflow/dags/03_branching_dag.py
[2026-08-31T08:12:25.739+0000] {logging_mixin.py:190} INFO - [2026-08-31T08:12:25.738+0000] {dag.py:3239} INFO - Sync 1 DAGs
[2026-08-31T08:12:25.750+0000] {logging_mixin.py:190} INFO - [2026-08-31T08:12:25.750+0000] {dag.py:4180} INFO - Setting next_dagrun for branching_dag to None, run_after=None
[2026-08-31T08:12:25.770+0000] {processor.py:208} INFO - Processing /opt/airflow/dags/03_branching_dag.py took 0.077 seconds
[2026-08-31T08:12:55.928+0000] {processor.py:186} INFO - Started process (PID=562) to work on /opt/airflow/dags/03_branching_dag.py
[2026-08-31T08:12:55.929+0000] {processor.py:914} INFO - Processing file /opt/airflow/dags/03_branching_dag.py for tasks to queue
[2026-08-31T08:12:55.931+0000] {logging_mixin.py:190} INFO - [2026-08-31T08:12:55.931+0000] {dagbag.py:588} INFO - Filling up the DagBag from /opt/airflow/dags/03_branching_dag.py
[2026-08-31T08:12:55.951+0000] {processor.py:925} INFO - DAG(s) 'branching_dag' retrieved from /opt/airflow/dags/03_branching_dag.py
[2026-08-31T08:12:55.974+0000] {logging_mixin.py:190} INFO - [2026-08-31T08:12:55.973+0000] {dag.py:3239} INFO - Sync 1 DAGs
[2026-08-31T08:12:55.985+0000] {logging_mixin.py:190} INFO - [2026-08-31T08:12:55.985+0000] {dag.py:4180} INFO - Setting next_dagrun for branching_dag to None, run_after=None
[2026-08-31T08:12:56.002+0000] {processor.py:208} INFO - Processing /opt/airflow/dags/03_branching_dag.py took 0.078 seconds
[2026-08-31T08:13:26.185+0000] {processor.py:186} INFO - Started process (PID=576) to work on /opt/airflow/dags/03_branching_dag.py
[2026-08-31T08:13:26.186+0000] {processor.py:914} INFO - Processing file /opt/airflow/dags/03_branching_dag.py for tasks to queue
[2026-08-31T08:13:26.188+0000] {logging_mixin.py:190} INFO - [2026-08-31T08:13:26.188+0000] {dagbag.py:588} INFO - Filling up the DagBag from /opt/airflow/dags/03_branching_dag.py
[2026-08-31T08:13:26.204+0000] {processor.py:925} INFO - DAG(s) 'branching_dag' retrieved from /opt/airflow/dags/03_branching_dag.py
[2026-08-31T08:13:26.228+0000] {logging_mixin.py:190} INFO - [2026-08-31T08:13:26.227+0000] {dag.py:3239} INFO - Sync 1 DAGs
[2026-08-31T08:13:26.240+0000] {logging_mixin.py:190} INFO - [2026-08-31T08:13:26.239+0000] {dag.py:4180} INFO - Setting next_dagrun for branching_dag to None, run_after=None
[2026-08-31T08:13:26.258+0000] {processor.py:208} INFO - Processing /opt/airflow/dags/03_branching_dag.py took 0.078 seconds
[2026-08-31T08:13:56.935+0000] {processor.py:186} INFO - Started process (PID=590) to work on /opt/airflow/dags/03_branching_dag.py
[2026-08-31T08:13:56.936+0000] {processor.py:914} INFO - Processing file /opt/airflow/dags/03_branching_dag.py for tasks to queue
[2026-08-31T08:13:56.938+0000] {logging_mixin.py:190} INFO - [2026-08-31T08:13:56.938+0000] {dagbag.py:588} INFO - Filling up the DagBag from /opt/airflow/dags/03_branching_dag.py
[2026-08-31T08:13:56.951+0000] {processor.py:925} INFO - DAG(s) 'branching_dag' retrieved from /opt/airflow/dags/03_branching_dag.py
[2026-08-31T08:13:56.988+0000] {logging_mixin.py:190} INFO - [2026-08-31T08:13:56.988+0000] {dag.py:3239} INFO - Sync 1 DAGs
[2026-08-31T08:13:57.000+0000] {logging_mixin.py:190} INFO - [2026-08-31T08:13:57.000+0000] {dag.py:4180} INFO - Setting next_dagrun for branching_dag to None, run_after=None
[2026-08-31T08:13:57.018+0000] {processor.py:208} INFO - Processing /opt/airflow/dags/03_branching_dag.py took 0.087 seconds
[2026-08-31T08:14:27.679+0000] {processor.py:186} INFO - Started process (PID=604) to work on /opt/airflow/dags/03_branching_dag.py
[2026-08-31T08:14:27.682+0000] {processor.py:914} INFO - Processing file /opt/airflow/dags/03_branching_dag.py for tasks to queue
[2026-08-31T08:14:27.686+0000] {logging_mixin.py:190} INFO - [2026-08-31T08:14:27.685+0000] {dagbag.py:588} INFO - Filling up the DagBag from /opt/airflow/dags/03_branching_dag.py
[2026-08-31T08:14:27.721+0000] {processor.py:925} INFO - DAG(s) 'branching_dag' retrieved from /opt/airflow/dags/03_branching_dag.py
[2026-08-31T08:14:27.754+0000] {logging_mixin.py:190} INFO - [2026-08-31T08:14:27.754+0000] {dag.py:3239} INFO - Sync 1 DAGs
[2026-08-31T08:14:27.766+0000] {logging_mixin.py:190} INFO - [2026-08-31T08:14:27.766+0000] {dag.py:4180} INFO - Setting next_dagrun for branching_dag to None, run_after=None
[2026-08-31T08:14:27.783+0000] {processor.py:208} INFO - Processing /opt/airflow/dags/03_branching_dag.py took 0.116 seconds
[2026-08-31T08:14:58.152+0000] {processor.py:186} INFO - Started process (PID=618) to work on /opt/airflow/dags/03_branching_dag.py
[2026-08-31T08:14:58.153+0000] {processor.py:914} INFO - Processing file /opt/airflow/dags/03_branching_dag.py for tasks to queue
[2026-08-31T08:14:58.158+0000] {logging_mixin.py:190} INFO - [2026-08-31T08:14:58.158+0000] {dagbag.py:588} INFO - Filling up the DagBag from /opt/airflow/dags/03_branching_dag.py
[2026-08-31T08:14:58.179+0000] {processor.py:925} INFO - DAG(s) 'branching_dag' retrieved from /opt/airflow/dags/03_branching_dag.py
[2026-08-31T08:14:58.208+0000] {logging_mixin.py:190} INFO - [2026-08-31T08:14:58.208+0000] {dag.py:3239} INFO - Sync 1 DAGs
[2026-08-31T08:14:58.227+0000] {logging_mixin.py:190} INFO - [2026-08-31T08:14:58.227+0000] {dag.py:4180} INFO - Setting next_dagrun for branching_dag to None, run_after=None
[2026-08-31T08:14:58.253+0000] {processor.py:208} INFO - Processing /opt/airflow/dags/03_branching_dag.py took 0.108 seconds
[2026-08-31T08:15:29.067+0000] {processor.py:186} INFO - Started process (PID=632) to work on /opt/airflow/dags/03_branching_dag.py
[2026-08-31T08:15:29.068+0000] {processor.py:914} INFO - Processing file /opt/airflow/dags/03_branching_dag.py for tasks to queue
[2026-08-31T08:15:29.070+0000] {logging_mixin.py:190} INFO - [2026-08-31T08:15:29.069+0000] {dagbag.py:588} INFO - Filling up the DagBag from /opt/airflow/dags/03_branching_dag.py
[2026-08-31T08:15:29.083+0000] {processor.py:925} INFO - DAG(s) 'branching_dag' retrieved from /opt/airflow/dags/03_branching_dag.py
[2026-08-31T08:15:29.108+0000] {logging_mixin.py:190} INFO - [2026-08-31T08:15:29.108+0000] {dag.py:3239} INFO - Sync 1 DAGs
[2026-08-31T08:15:29.120+0000] {logging_mixin.py:190} INFO - [2026-08-31T08:15:29.119+0000] {dag.py:4180} INFO - Setting next_dagrun for branching_dag to None, run_after=None
[2026-08-31T08:15:29.141+0000] {processor.py:208} INFO - Processing /opt/airflow/dags/03_branching_dag.py took 0.079 seconds
[2026-08-31T08:15:59.263+0000] {processor.py:186} INFO - Started process (PID=646) to work on /opt/airflow/dags/03_branching_dag.py
[2026-08-31T08:15:59.264+0000] {processor.py:914} INFO - Processing file /opt/airflow/dags/03_branching_dag.py for tasks to queue
[2026-08-31T08:15:59.266+0000] {logging_mixin.py:190} INFO - [2026-08-31T08:15:59.266+0000] {dagbag.py:588} INFO - Filling up the DagBag from /opt/airflow/dags/03_branching_dag.py
[2026-08-31T08:15:59.281+0000] {processor.py:925} INFO - DAG(s) 'branching_dag' retrieved from /opt/airflow/dags/03_branching_dag.py
[2026-08-31T08:15:59.302+0000] {logging_mixin.py:190} INFO - [2026-08-31T08:15:59.302+0000] {dag.py:3239} INFO - Sync 1 DAGs
[2026-08-31T08:15:59.311+0000] {logging_mixin.py:190} INFO - [2026-08-31T08:15:59.311+0000] {dag.py:4180} INFO - Setting next_dagrun for branching_dag to None, run_after=None
[2026-08-31T08:15:59.331+0000] {processor.py:208} INFO - Processing /opt/airflow/dags/03_branching_dag.py took 0.075 seconds
[2026-08-31T08:16:30.113+0000] {processor.py:186} INFO - Started process (PID=660) to work on /opt/airflow/dags/03_branching_dag.py
[2026-08-31T08:16:30.114+0000] {processor.py:914} INFO - Processing file /opt/airflow/dags/03_branching_dag.py for tasks to queue
[2026-08-31T08:16:30.117+0000] {logging_mixin.py:190} INFO - [2026-08-31T08:16:30.116+0000] {dagbag.py:588} INFO - Filling up the DagBag from /opt/airflow/dags/03_branching_dag.py
[2026-08-31T08:16:30.137+0000] {processor.py:925} INFO - DAG(s) 'branching_dag' retrieved from /opt/airflow/dags/03_branching_dag.py
[2026-08-31T08:16:30.156+0000] {logging_mixin.py:190} INFO - [2026-08-31T08:16:30.156+0000] {dag.py:3239} INFO - Sync 1 DAGs
[2026-08-31T08:16:30.167+0000] {logging_mixin.py:190} INFO - [2026-08-31T08:16:30.167+0000] {dag.py:4180} INFO - Setting next_dagrun for branching_dag to None, run_after=None
[2026-08-31T08:16:30.186+0000] {processor.py:208} INFO - Processing /opt/airflow/dags/03_branching_dag.py took 0.078 seconds
[2026-08-31T08:17:00.355+0000] {processor.py:186} INFO - Started process (PID=674) to work on /opt/airflow/dags/03_branching_dag.py
[2026-08-31T08:17:00.360+0000] {processor.py:914} INFO - Processing file /opt/airflow/dags/03_branching_dag.py for tasks to queue
[2026-08-31T08:17:00.369+0000] {logging_mixin.py:190} INFO - [2026-08-31T08:17:00.368+0000] {dagbag.py:588} INFO - Filling up the DagBag from /opt/airflow/dags/03_branching_dag.py
[2026-08-31T08:17:00.395+0000] {processor.py:925} INFO - DAG(s) 'branching_dag' retrieved from /opt/airflow/dags/03_branching_dag.py
[2026-08-31T08:17:00.425+0000] {logging_mixin.py:190} INFO - [2026-08-31T08:17:00.425+0000] {dag.py:3239} INFO - Sync 1 DAGs
[2026-08-31T08:17:00.437+0000] {logging_mixin.py:190} INFO - [2026-08-31T08:17:00.437+0000] {dag.py:4180} INFO - Setting next_dagrun for branching_dag to None, run_after=None
[2026-08-31T08:17:00.455+0000] {processor.py:208} INFO - Processing /opt/airflow/dags/03_branching_dag.py took 0.106 seconds
[2026-08-31T08:17:30.695+0000] {processor.py:186} INFO - Started process (PID=688) to work on /opt/airflow/dags/03_branching_dag.py
[2026-08-31T08:17:30.696+0000] {processor.py:914} INFO - Processing file /opt/airflow/dags/03_branching_dag.py for tasks to queue
[2026-08-31T08:17:30.699+0000] {logging_mixin.py:190} INFO - [2026-08-31T08:17:30.699+0000] {dagbag.py:588} INFO - Filling up the DagBag from /opt/airflow/dags/03_branching_dag.py
[2026-08-31T08:17:30.731+0000] {processor.py:925} INFO - DAG(s) 'branching_dag' retrieved from /opt/airflow/dags/03_branching_dag.py
[2026-08-31T08:17:30.755+0000] {logging_mixin.py:190} INFO - [2026-08-31T08:17:30.754+0000] {dag.py:3239} INFO - Sync 1 DAGs
[2026-08-31T08:17:30.766+0000] {logging_mixin.py:190} INFO - [2026-08-31T08:17:30.766+0000] {dag.py:4180} INFO - Setting next_dagrun for branching_dag to None, run_after=None
[2026-08-31T08:17:30.783+0000] {processor.py:208} INFO - Processing /opt/airflow/dags/03_branching_dag.py took 0.102 seconds
[2026-08-31T08:18:00.901+0000] {processor.py:186} INFO - Started process (PID=702) to work on /opt/airflow/dags/03_branching_dag.py
[2026-08-31T08:18:00.903+0000] {processor.py:914} INFO - Processing file /opt/airflow/dags/03_branching_dag.py for tasks to queue
[2026-08-31T08:18:00.906+0000] {logging_mixin.py:190} INFO - [2026-08-31T08:18:00.905+0000] {dagbag.py:588} INFO - Filling up the DagBag from /opt/airflow/dags/03_branching_dag.py
[2026-08-31T08:18:00.928+0000] {processor.py:925} INFO - DAG(s) 'branching_dag' retrieved from /opt/airflow/dags/03_branching_dag.py
[2026-08-31T08:18:00.950+0000] {logging_mixin.py:190} INFO - [2026-08-31T08:18:00.950+0000] {dag.py:3239} INFO - Sync 1 DAGs
[2026-08-31T08:18:00.961+0000] {logging_mixin.py:190} INFO - [2026-08-31T08:18:00.960+0000] {dag.py:4180} INFO - Setting next_dagrun for branching_dag to None, run_after=None
[2026-08-31T08:18:00.980+0000] {processor.py:208} INFO - Processing /opt/airflow/dags/03_branching_dag.py took 0.085 seconds
[2026-08-31T08:18:31.154+0000] {processor.py:186} INFO - Started process (PID=716) to work on /opt/airflow/dags/03_branching_dag.py
[2026-08-31T08:18:31.155+0000] {processor.py:914} INFO - Processing file /opt/airflow/dags/03_branching_dag.py for tasks to queue
[2026-08-31T08:18:31.159+0000] {logging_mixin.py:190} INFO - [2026-08-31T08:18:31.158+0000] {dagbag.py:588} INFO - Filling up the DagBag from /opt/airflow/dags/03_branching_dag.py
[2026-08-31T08:18:31.179+0000] {processor.py:925} INFO - DAG(s) 'branching_dag' retrieved from /opt/airflow/dags/03_branching_dag.py
[2026-08-31T08:18:31.204+0000] {logging_mixin.py:190} INFO - [2026-08-31T08:18:31.204+0000] {dag.py:3239} INFO - Sync 1 DAGs
[2026-08-31T08:18:31.216+0000] {logging_mixin.py:190} INFO - [2026-08-31T08:18:31.216+0000] {dag.py:4180} INFO - Setting next_dagrun for branching_dag to None, run_after=None
[2026-08-31T08:18:31.238+0000] {processor.py:208} INFO - Processing /opt/airflow/dags/03_branching_dag.py took 0.093 seconds
[2026-08-31T08:19:01.292+0000] {processor.py:186} INFO - Started process (PID=730) to work on /opt/airflow/dags/03_branching_dag.py
[2026-08-31T08:19:01.295+0000] {processor.py:914} INFO - Processing file /opt/airflow/dags/03_branching_dag.py for tasks to queue
[2026-08-31T08:19:01.297+0000] {logging_mixin.py:190} INFO - [2026-08-31T08:19:01.297+0000] {dagbag.py:588} INFO - Filling up the DagBag from /opt/airflow/dags/03_branching_dag.py
[2026-08-31T08:19:01.310+0000] {processor.py:925} INFO - DAG(s) 'branching_dag' retrieved from /opt/airflow/dags/03_branching_dag.py
[2026-08-31T08:19:01.331+0000] {logging_mixin.py:190} INFO - [2026-08-31T08:19:01.331+0000] {dag.py:3239} INFO - Sync 1 DAGs
[2026-08-31T08:19:01.344+0000] {logging_mixin.py:190} INFO - [2026-08-31T08:19:01.344+0000] {dag.py:4180} INFO - Setting next_dagrun for branching_dag to None, run_after=None
[2026-08-31T08:19:01.360+0000] {processor.py:208} INFO - Processing /opt/airflow/dags/03_branching_dag.py took 0.072 seconds
[2026-08-31T08:19:31.569+0000] {processor.py:186} INFO - Started process (PID=744) to work on /opt/airflow/dags/03_branching_dag.py
[2026-08-31T08:19:31.570+0000] {processor.py:914} INFO - Processing file /opt/airflow/dags/03_branching_dag.py for tasks to queue
[2026-08-31T08:19:31.572+0000] {logging_mixin.py:190} INFO - [2026-08-31T08:19:31.571+0000] {dagbag.py:588} INFO - Filling up the DagBag from /opt/airflow/dags/03_branching_dag.py
[2026-08-31T08:19:31.586+0000] {processor.py:925} INFO - DAG(s) 'branching_dag' retrieved from /opt/airflow/dags/03_branching_dag.py
[2026-08-31T08:19:31.607+0000] {logging_mixin.py:190} INFO - [2026-08-31T08:19:31.607+0000] {dag.py:3239} INFO - Sync 1 DAGs
[2026-08-31T08:19:31.618+0000] {logging_mixin.py:190} INFO - [2026-08-31T08:19:31.618+0000] {dag.py:4180} INFO - Setting next_dagrun for branching_dag to None, run_after=None
[2026-08-31T08:19:31.635+0000] {processor.py:208} INFO - Processing /opt/airflow/dags/03_branching_dag.py took 0.072 seconds
[2026-08-31T08:20:01.811+0000] {processor.py:186} INFO - Started process (PID=759) to work on /opt/airflow/dags/03_branching_dag.py
[2026-08-31T08:20:01.812+0000] {processor.py:914} INFO - Processing file /opt/airflow/dags/03_branching_dag.py for tasks to queue
[2026-08-31T08:20:01.814+0000] {logging_mixin.py:190} INFO - [2026-08-31T08:20:01.814+0000] {dagbag.py:588} INFO - Filling up the DagBag from /opt/airflow/dags/03_branching_dag.py
[2026-08-31T08:20:01.827+0000] {processor.py:925} INFO - DAG(s) 'branching_dag' retrieved from /opt/airflow/dags/03_branching_dag.py
[2026-08-31T08:20:01.849+0000] {logging_mixin.py:190} INFO - [2026-08-31T08:20:01.849+0000] {dag.py:3239} INFO - Sync 1 DAGs
[2026-08-31T08:20:01.861+0000] {logging_mixin.py:190} INFO - [2026-08-31T08:20:01.861+0000] {dag.py:4180} INFO - Setting next_dagrun for branching_dag to None, run_after=None
[2026-08-31T08:20:01.901+0000] {processor.py:208} INFO - Processing /opt/airflow/dags/03_branching_dag.py took 0.096 seconds
[2026-08-31T08:20:32.319+0000] {processor.py:186} INFO - Started process (PID=772) to work on /opt/airflow/dags/03_branching_dag.py
[2026-08-31T08:20:32.320+0000] {processor.py:914} INFO - Processing file /opt/airflow/dags/03_branching_dag.py for tasks to queue
[2026-08-31T08:20:32.325+0000] {logging_mixin.py:190} INFO - [2026-08-31T08:20:32.324+0000] {dagbag.py:588} INFO - Filling up the DagBag from /opt/airflow/dags/03_branching_dag.py
[2026-08-31T08:20:32.353+0000] {processor.py:925} INFO - DAG(s) 'branching_dag' retrieved from /opt/airflow/dags/03_branching_dag.py
[2026-08-31T08:20:32.381+0000] {logging_mixin.py:190} INFO - [2026-08-31T08:20:32.381+0000] {dag.py:3239} INFO - Sync 1 DAGs
[2026-08-31T08:20:32.397+0000] {logging_mixin.py:190} INFO - [2026-08-31T08:20:32.397+0000] {dag.py:4180} INFO - Setting next_dagrun for branching_dag to None, run_after=None
[2026-08-31T08:20:32.420+0000] {processor.py:208} INFO - Processing /opt/airflow/dags/03_branching_dag.py took 0.107 seconds
[2026-08-31T08:21:02.489+0000] {processor.py:186} INFO - Started process (PID=786) to work on /opt/airflow/dags/03_branching_dag.py
[2026-08-31T08:21:02.490+0000] {processor.py:914} INFO - Processing file /opt/airflow/dags/03_branching_dag.py for tasks to queue
[2026-08-31T08:21:02.493+0000] {logging_mixin.py:190} INFO - [2026-08-31T08:21:02.492+0000] {dagbag.py:588} INFO - Filling up the DagBag from /opt/airflow/dags/03_branching_dag.py
[2026-08-31T08:21:02.512+0000] {processor.py:925} INFO - DAG(s) 'branching_dag' retrieved from /opt/airflow/dags/03_branching_dag.py
[2026-08-31T08:21:02.541+0000] {logging_mixin.py:190} INFO - [2026-08-31T08:21:02.541+0000] {dag.py:3239} INFO - Sync 1 DAGs
[2026-08-31T08:21:02.553+0000] {logging_mixin.py:190} INFO - [2026-08-31T08:21:02.552+0000] {dag.py:4180} INFO - Setting next_dagrun for branching_dag to None, run_after=None
[2026-08-31T08:21:02.577+0000] {processor.py:208} INFO - Processing /opt/airflow/dags/03_branching_dag.py took 0.093 seconds
[2026-08-31T08:21:32.705+0000] {processor.py:186} INFO - Started process (PID=801) to work on /opt/airflow/dags/03_branching_dag.py
[2026-08-31T08:21:32.706+0000] {processor.py:914} INFO - Processing file /opt/airflow/dags/03_branching_dag.py for tasks to queue
[2026-08-31T08:21:32.709+0000] {logging_mixin.py:190} INFO - [2026-08-31T08:21:32.708+0000] {dagbag.py:588} INFO - Filling up the DagBag from /opt/airflow/dags/03_branching_dag.py
[2026-08-31T08:21:32.736+0000] {processor.py:925} INFO - DAG(s) 'branching_dag' retrieved from /opt/airflow/dags/03_branching_dag.py
[2026-08-31T08:21:32.762+0000] {logging_mixin.py:190} INFO - [2026-08-31T08:21:32.761+0000] {dag.py:3239} INFO - Sync 1 DAGs
[2026-08-31T08:21:32.776+0000] {logging_mixin.py:190} INFO - [2026-08-31T08:21:32.775+0000] {dag.py:4180} INFO - Setting next_dagrun for branching_dag to None, run_after=None
[2026-08-31T08:21:32.814+0000] {processor.py:208} INFO - Processing /opt/airflow/dags/03_branching_dag.py took 0.117 seconds
[2026-08-31T08:22:03.033+0000] {processor.py:186} INFO - Started process (PID=815) to work on /opt/airflow/dags/03_branching_dag.py
[2026-08-31T08:22:03.034+0000] {processor.py:914} INFO - Processing file /opt/airflow/dags/03_branching_dag.py for tasks to queue
[2026-08-31T08:22:03.036+0000] {logging_mixin.py:190} INFO - [2026-08-31T08:22:03.036+0000] {dagbag.py:588} INFO - Filling up the DagBag from /opt/airflow/dags/03_branching_dag.py
[2026-08-31T08:22:03.050+0000] {processor.py:925} INFO - DAG(s) 'branching_dag' retrieved from /opt/airflow/dags/03_branching_dag.py
[2026-08-31T08:22:03.074+0000] {logging_mixin.py:190} INFO - [2026-08-31T08:22:03.074+0000] {dag.py:3239} INFO - Sync 1 DAGs
[2026-08-31T08:22:03.085+0000] {logging_mixin.py:190} INFO - [2026-08-31T08:22:03.085+0000] {dag.py:4180} INFO - Setting next_dagrun for branching_dag to None, run_after=None
[2026-08-31T08:22:03.104+0000] {processor.py:208} INFO - Processing /opt/airflow/dags/03_branching_dag.py took 0.077 seconds
[2026-08-31T08:22:33.462+0000] {processor.py:186} INFO - Started process (PID=829) to work on /opt/airflow/dags/03_branching_dag.py
[2026-08-31T08:22:33.463+0000] {processor.py:914} INFO - Processing file /opt/airflow/dags/03_branching_dag.py for tasks to queue
[2026-08-31T08:22:33.465+0000] {logging_mixin.py:190} INFO - [2026-08-31T08:22:33.465+0000] {dagbag.py:588} INFO - Filling up the DagBag from /opt/airflow/dags/03_branching_dag.py
[2026-08-31T08:22:33.482+0000] {processor.py:925} INFO - DAG(s) 'branching_dag' retrieved from /opt/airflow/dags/03_branching_dag.py
[2026-08-31T08:22:33.503+0000] {logging_mixin.py:190} INFO - [2026-08-31T08:22:33.503+0000] {dag.py:3239} INFO - Sync 1 DAGs
[2026-08-31T08:22:33.514+0000] {logging_mixin.py:190} INFO - [2026-08-31T08:22:33.514+0000] {dag.py:4180} INFO - Setting next_dagrun for branching_dag to None, run_after=None
[2026-08-31T08:22:33.531+0000] {processor.py:208} INFO - Processing /opt/airflow/dags/03_branching_dag.py took 0.075 seconds
[2026-08-31T08:23:03.931+0000] {processor.py:186} INFO - Started process (PID=843) to work on /opt/airflow/dags/03_branching_dag.py
[2026-08-31T08:23:03.932+0000] {processor.py:914} INFO - Processing file /opt/airflow/dags/03_branching_dag.py for tasks to queue
[2026-08-31T08:23:03.934+0000] {logging_mixin.py:190} INFO - [2026-08-31T08:23:03.934+0000] {dagbag.py:588} INFO - Filling up the DagBag from /opt/airflow/dags/03_branching_dag.py
[2026-08-31T08:23:03.947+0000] {processor.py:925} INFO - DAG(s) 'branching_dag' retrieved from /opt/airflow/dags/03_branching_dag.py
[2026-08-31T08:23:03.971+0000] {logging_mixin.py:190} INFO - [2026-08-31T08:23:03.971+0000] {dag.py:3239} INFO - Sync 1 DAGs
[2026-08-31T08:23:03.982+0000] {logging_mixin.py:190} INFO - [2026-08-31T08:23:03.981+0000] {dag.py:4180} INFO - Setting next_dagrun for branching_dag to None, run_after=None
[2026-08-31T08:23:03.999+0000] {processor.py:208} INFO - Processing /opt/airflow/dags/03_branching_dag.py took 0.073 seconds
[2026-08-31T08:23:34.751+0000] {processor.py:186} INFO - Started process (PID=864) to work on /opt/airflow/dags/03_branching_dag.py
[2026-08-31T08:23:34.752+0000] {processor.py:914} INFO - Processing file /opt/airflow/dags/03_branching_dag.py for tasks to queue
[2026-08-31T08:23:34.754+0000] {logging_mixin.py:190} INFO - [2026-08-31T08:23:34.754+0000] {dagbag.py:588} INFO - Filling up the DagBag from /opt/airflow/dags/03_branching_dag.py
[2026-08-31T08:23:34.785+0000] {processor.py:925} INFO - DAG(s) 'branching_dag' retrieved from /opt/airflow/dags/03_branching_dag.py
[2026-08-31T08:23:34.808+0000] {logging_mixin.py:190} INFO - [2026-08-31T08:23:34.808+0000] {dag.py:3239} INFO - Sync 1 DAGs
[2026-08-31T08:23:34.819+0000] {logging_mixin.py:190} INFO - [2026-08-31T08:23:34.818+0000] {dag.py:4180} INFO - Setting next_dagrun for branching_dag to None, run_after=None
[2026-08-31T08:23:34.840+0000] {processor.py:208} INFO - Processing /opt/airflow/dags/03_branching_dag.py took 0.096 seconds
[2026-08-31T08:24:05.049+0000] {processor.py:186} INFO - Started process (PID=878) to work on /opt/airflow/dags/03_branching_dag.py
[2026-08-31T08:24:05.052+0000] {processor.py:914} INFO - Processing file /opt/airflow/dags/03_branching_dag.py for tasks to queue
[2026-08-31T08:24:05.058+0000] {logging_mixin.py:190} INFO - [2026-08-31T08:24:05.057+0000] {dagbag.py:588} INFO - Filling up the DagBag from /opt/airflow/dags/03_branching_dag.py
[2026-08-31T08:24:05.112+0000] {processor.py:925} INFO - DAG(s) 'branching_dag' retrieved from /opt/airflow/dags/03_branching_dag.py
[2026-08-31T08:24:05.154+0000] {logging_mixin.py:190} INFO - [2026-08-31T08:24:05.154+0000] {dag.py:3239} INFO - Sync 1 DAGs
[2026-08-31T08:24:05.185+0000] {logging_mixin.py:190} INFO - [2026-08-31T08:24:05.185+0000] {dag.py:4180} INFO - Setting next_dagrun for branching_dag to None, run_after=None
[2026-08-31T08:24:05.214+0000] {processor.py:208} INFO - Processing /opt/airflow/dags/03_branching_dag.py took 0.178 seconds
[2026-08-31T08:24:35.739+0000] {processor.py:186} INFO - Started process (PID=892) to work on /opt/airflow/dags/03_branching_dag.py
[2026-08-31T08:24:35.740+0000] {processor.py:914} INFO - Processing file /opt/airflow/dags/03_branching_dag.py for tasks to queue
[2026-08-31T08:24:35.742+0000] {logging_mixin.py:190} INFO - [2026-08-31T08:24:35.742+0000] {dagbag.py:588} INFO - Filling up the DagBag from /opt/airflow/dags/03_branching_dag.py
[2026-08-31T08:24:35.768+0000] {processor.py:925} INFO - DAG(s) 'branching_dag' retrieved from /opt/airflow/dags/03_branching_dag.py
[2026-08-31T08:24:35.793+0000] {logging_mixin.py:190} INFO - [2026-08-31T08:24:35.792+0000] {dag.py:3239} INFO - Sync 1 DAGs
[2026-08-31T08:24:35.804+0000] {logging_mixin.py:190} INFO - [2026-08-31T08:24:35.804+0000] {dag.py:4180} INFO - Setting next_dagrun for branching_dag to None, run_after=None
[2026-08-31T08:24:35.832+0000] {processor.py:208} INFO - Processing /opt/airflow/dags/03_branching_dag.py took 0.099 seconds
[2026-08-31T08:25:06.491+0000] {processor.py:186} INFO - Started process (PID=905) to work on /opt/airflow/dags/03_branching_dag.py
[2026-08-31T08:25:06.492+0000] {processor.py:914} INFO - Processing file /opt/airflow/dags/03_branching_dag.py for tasks to queue
[2026-08-31T08:25:06.495+0000] {logging_mixin.py:190} INFO - [2026-08-31T08:25:06.495+0000] {dagbag.py:588} INFO - Filling up the DagBag from /opt/airflow/dags/03_branching_dag.py
[2026-08-31T08:25:06.522+0000] {processor.py:925} INFO - DAG(s) 'branching_dag' retrieved from /opt/airflow/dags/03_branching_dag.py
[2026-08-31T08:25:06.553+0000] {logging_mixin.py:190} INFO - [2026-08-31T08:25:06.553+0000] {dag.py:3239} INFO - Sync 1 DAGs
[2026-08-31T08:25:06.565+0000] {logging_mixin.py:190} INFO - [2026-08-31T08:25:06.565+0000] {dag.py:4180} INFO - Setting next_dagrun for branching_dag to None, run_after=None
[2026-08-31T08:25:06.584+0000] {processor.py:208} INFO - Processing /opt/airflow/dags/03_branching_dag.py took 0.101 seconds
[2026-08-31T08:25:36.806+0000] {processor.py:186} INFO - Started process (PID=918) to work on /opt/airflow/dags/03_branching_dag.py
[2026-08-31T08:25:36.806+0000] {processor.py:914} INFO - Processing file /opt/airflow/dags/03_branching_dag.py for tasks to queue
[2026-08-31T08:25:36.809+0000] {logging_mixin.py:190} INFO - [2026-08-31T08:25:36.808+0000] {dagbag.py:588} INFO - Filling up the DagBag from /opt/airflow/dags/03_branching_dag.py
[2026-08-31T08:25:36.823+0000] {processor.py:925} INFO - DAG(s) 'branching_dag' retrieved from /opt/airflow/dags/03_branching_dag.py
[2026-08-31T08:25:36.846+0000] {logging_mixin.py:190} INFO - [2026-08-31T08:25:36.846+0000] {dag.py:3239} INFO - Sync 1 DAGs
[2026-08-31T08:25:36.856+0000] {logging_mixin.py:190} INFO - [2026-08-31T08:25:36.856+0000] {dag.py:4180} INFO - Setting next_dagrun for branching_dag to None, run_after=None
[2026-08-31T08:25:36.878+0000] {processor.py:208} INFO - Processing /opt/airflow/dags/03_branching_dag.py took 0.077 seconds
[2026-08-31T08:26:07.146+0000] {processor.py:186} INFO - Started process (PID=932) to work on /opt/airflow/dags/03_branching_dag.py
[2026-08-31T08:26:07.147+0000] {processor.py:914} INFO - Processing file /opt/airflow/dags/03_branching_dag.py for tasks to queue
[2026-08-31T08:26:07.150+0000] {logging_mixin.py:190} INFO - [2026-08-31T08:26:07.150+0000] {dagbag.py:588} INFO - Filling up the DagBag from /opt/airflow/dags/03_branching_dag.py
[2026-08-31T08:26:07.175+0000] {processor.py:925} INFO - DAG(s) 'branching_dag' retrieved from /opt/airflow/dags/03_branching_dag.py
[2026-08-31T08:26:07.198+0000] {logging_mixin.py:190} INFO - [2026-08-31T08:26:07.198+0000] {dag.py:3239} INFO - Sync 1 DAGs
[2026-08-31T08:26:07.211+0000] {logging_mixin.py:190} INFO - [2026-08-31T08:26:07.211+0000] {dag.py:4180} INFO - Setting next_dagrun for branching_dag to None, run_after=None
[2026-08-31T08:26:07.231+0000] {processor.py:208} INFO - Processing /opt/airflow/dags/03_branching_dag.py took 0.104 seconds
[2026-08-31T08:26:37.310+0000] {processor.py:186} INFO - Started process (PID=946) to work on /opt/airflow/dags/03_branching_dag.py
[2026-08-31T08:26:37.311+0000] {processor.py:914} INFO - Processing file /opt/airflow/dags/03_branching_dag.py for tasks to queue
[2026-08-31T08:26:37.314+0000] {logging_mixin.py:190} INFO - [2026-08-31T08:26:37.313+0000] {dagbag.py:588} INFO - Filling up the DagBag from /opt/airflow/dags/03_branching_dag.py
[2026-08-31T08:26:37.336+0000] {processor.py:925} INFO - DAG(s) 'branching_dag' retrieved from /opt/airflow/dags/03_branching_dag.py
[2026-08-31T08:26:37.357+0000] {logging_mixin.py:190} INFO - [2026-08-31T08:26:37.357+0000] {dag.py:3239} INFO - Sync 1 DAGs
[2026-08-31T08:26:37.367+0000] {logging_mixin.py:190} INFO - [2026-08-31T08:26:37.367+0000] {dag.py:4180} INFO - Setting next_dagrun for branching_dag to None, run_after=None
[2026-08-31T08:26:37.389+0000] {processor.py:208} INFO - Processing /opt/airflow/dags/03_branching_dag.py took 0.086 seconds
[2026-08-31T08:27:07.690+0000] {processor.py:186} INFO - Started process (PID=960) to work on /opt/airflow/dags/03_branching_dag.py
[2026-08-31T08:27:07.693+0000] {processor.py:914} INFO - Processing file /opt/airflow/dags/03_branching_dag.py for tasks to queue
[2026-08-31T08:27:07.698+0000] {logging_mixin.py:190} INFO - [2026-08-31T08:27:07.697+0000] {dagbag.py:588} INFO - Filling up the DagBag from /opt/airflow/dags/03_branching_dag.py
[2026-08-31T08:27:07.741+0000] {processor.py:925} INFO - DAG(s) 'branching_dag' retrieved from /opt/airflow/dags/03_branching_dag.py
[2026-08-31T08:27:07.761+0000] {logging_mixin.py:190} INFO - [2026-08-31T08:27:07.761+0000] {dag.py:3239} INFO - Sync 1 DAGs
[2026-08-31T08:27:07.771+0000] {logging_mixin.py:190} INFO - [2026-08-31T08:27:07.771+0000] {dag.py:4180} INFO - Setting next_dagrun for branching_dag to None, run_after=None
[2026-08-31T08:27:07.808+0000] {processor.py:208} INFO - Processing /opt/airflow/dags/03_branching_dag.py took 0.126 seconds
[2026-08-31T08:27:38.820+0000] {processor.py:186} INFO - Started process (PID=974) to work on /opt/airflow/dags/03_branching_dag.py
[2026-08-31T08:27:38.821+0000] {processor.py:914} INFO - Processing file /opt/airflow/dags/03_branching_dag.py for tasks to queue
[2026-08-31T08:27:38.823+0000] {logging_mixin.py:190} INFO - [2026-08-31T08:27:38.822+0000] {dagbag.py:588} INFO - Filling up the DagBag from /opt/airflow/dags/03_branching_dag.py
[2026-08-31T08:27:38.840+0000] {processor.py:925} INFO - DAG(s) 'branching_dag' retrieved from /opt/airflow/dags/03_branching_dag.py
[2026-08-31T08:27:38.865+0000] {logging_mixin.py:190} INFO - [2026-08-31T08:27:38.865+0000] {dag.py:3239} INFO - Sync 1 DAGs
[2026-08-31T08:27:38.877+0000] {logging_mixin.py:190} INFO - [2026-08-31T08:27:38.877+0000] {dag.py:4180} INFO - Setting next_dagrun for branching_dag to None, run_after=None
[2026-08-31T08:27:38.905+0000] {processor.py:208} INFO - Processing /opt/airflow/dags/03_branching_dag.py took 0.091 seconds
[2026-08-31T08:28:09.811+0000] {processor.py:186} INFO - Started process (PID=988) to work on /opt/airflow/dags/03_branching_dag.py
[2026-08-31T08:28:09.813+0000] {processor.py:914} INFO - Processing file /opt/airflow/dags/03_branching_dag.py for tasks to queue
[2026-08-31T08:28:09.821+0000] {logging_mixin.py:190} INFO - [2026-08-31T08:28:09.820+0000] {dagbag.py:588} INFO - Filling up the DagBag from /opt/airflow/dags/03_branching_dag.py
[2026-08-31T08:28:09.845+0000] {processor.py:925} INFO - DAG(s) 'branching_dag' retrieved from /opt/airflow/dags/03_branching_dag.py
[2026-08-31T08:28:09.902+0000] {logging_mixin.py:190} INFO - [2026-08-31T08:28:09.901+0000] {dag.py:3239} INFO - Sync 1 DAGs
[2026-08-31T08:28:09.935+0000] {logging_mixin.py:190} INFO - [2026-08-31T08:28:09.935+0000] {dag.py:4180} INFO - Setting next_dagrun for branching_dag to None, run_after=None
[2026-08-31T08:28:09.986+0000] {processor.py:208} INFO - Processing /opt/airflow/dags/03_branching_dag.py took 0.186 seconds
[2026-08-31T08:28:40.040+0000] {processor.py:186} INFO - Started process (PID=1002) to work on /opt/airflow/dags/03_branching_dag.py
[2026-08-31T08:28:40.042+0000] {processor.py:914} INFO - Processing file /opt/airflow/dags/03_branching_dag.py for tasks to queue
[2026-08-31T08:28:40.045+0000] {logging_mixin.py:190} INFO - [2026-08-31T08:28:40.044+0000] {dagbag.py:588} INFO - Filling up the DagBag from /opt/airflow/dags/03_branching_dag.py
[2026-08-31T08:28:40.066+0000] {processor.py:925} INFO - DAG(s) 'branching_dag' retrieved from /opt/airflow/dags/03_branching_dag.py
[2026-08-31T08:28:40.088+0000] {logging_mixin.py:190} INFO - [2026-08-31T08:28:40.088+0000] {dag.py:3239} INFO - Sync 1 DAGs
[2026-08-31T08:28:40.101+0000] {logging_mixin.py:190} INFO - [2026-08-31T08:28:40.101+0000] {dag.py:4180} INFO - Setting next_dagrun for branching_dag to None, run_after=None
[2026-08-31T08:28:40.123+0000] {processor.py:208} INFO - Processing /opt/airflow/dags/03_branching_dag.py took 0.089 seconds
[2026-08-31T08:29:10.276+0000] {processor.py:186} INFO - Started process (PID=1016) to work on /opt/airflow/dags/03_branching_dag.py
[2026-08-31T08:29:10.277+0000] {processor.py:914} INFO - Processing file /opt/airflow/dags/03_branching_dag.py for tasks to queue
[2026-08-31T08:29:10.279+0000] {logging_mixin.py:190} INFO - [2026-08-31T08:29:10.279+0000] {dagbag.py:588} INFO - Filling up the DagBag from /opt/airflow/dags/03_branching_dag.py
[2026-08-31T08:29:10.294+0000] {processor.py:925} INFO - DAG(s) 'branching_dag' retrieved from /opt/airflow/dags/03_branching_dag.py
[2026-08-31T08:29:10.322+0000] {logging_mixin.py:190} INFO - [2026-08-31T08:29:10.322+0000] {dag.py:3239} INFO - Sync 1 DAGs
[2026-08-31T08:29:10.334+0000] {logging_mixin.py:190} INFO - [2026-08-31T08:29:10.334+0000] {dag.py:4180} INFO - Setting next_dagrun for branching_dag to None, run_after=None
[2026-08-31T08:29:10.355+0000] {processor.py:208} INFO - Processing /opt/airflow/dags/03_branching_dag.py took 0.084 seconds
[2026-08-31T08:29:40.851+0000] {processor.py:186} INFO - Started process (PID=1030) to work on /opt/airflow/dags/03_branching_dag.py
[2026-08-31T08:29:40.853+0000] {processor.py:914} INFO - Processing file /opt/airflow/dags/03_branching_dag.py for tasks to queue
[2026-08-31T08:29:40.854+0000] {logging_mixin.py:190} INFO - [2026-08-31T08:29:40.854+0000] {dagbag.py:588} INFO - Filling up the DagBag from /opt/airflow/dags/03_branching_dag.py
[2026-08-31T08:29:40.870+0000] {processor.py:925} INFO - DAG(s) 'branching_dag' retrieved from /opt/airflow/dags/03_branching_dag.py
[2026-08-31T08:29:40.896+0000] {logging_mixin.py:190} INFO - [2026-08-31T08:29:40.896+0000] {dag.py:3239} INFO - Sync 1 DAGs
[2026-08-31T08:29:40.908+0000] {logging_mixin.py:190} INFO - [2026-08-31T08:29:40.908+0000] {dag.py:4180} INFO - Setting next_dagrun for branching_dag to None, run_after=None
[2026-08-31T08:29:40.931+0000] {processor.py:208} INFO - Processing /opt/airflow/dags/03_branching_dag.py took 0.085 seconds
[2026-08-31T08:30:11.701+0000] {processor.py:186} INFO - Started process (PID=1044) to work on /opt/airflow/dags/03_branching_dag.py
[2026-08-31T08:30:11.702+0000] {processor.py:914} INFO - Processing file /opt/airflow/dags/03_branching_dag.py for tasks to queue
[2026-08-31T08:30:11.704+0000] {logging_mixin.py:190} INFO - [2026-08-31T08:30:11.704+0000] {dagbag.py:588} INFO - Filling up the DagBag from /opt/airflow/dags/03_branching_dag.py
[2026-08-31T08:30:11.719+0000] {processor.py:925} INFO - DAG(s) 'branching_dag' retrieved from /opt/airflow/dags/03_branching_dag.py
[2026-08-31T08:30:11.745+0000] {logging_mixin.py:190} INFO - [2026-08-31T08:30:11.744+0000] {dag.py:3239} INFO - Sync 1 DAGs
[2026-08-31T08:30:11.758+0000] {logging_mixin.py:190} INFO - [2026-08-31T08:30:11.757+0000] {dag.py:4180} INFO - Setting next_dagrun for branching_dag to None, run_after=None
[2026-08-31T08:30:11.775+0000] {processor.py:208} INFO - Processing /opt/airflow/dags/03_branching_dag.py took 0.078 seconds
[2026-08-31T08:30:41.949+0000] {processor.py:186} INFO - Started process (PID=1058) to work on /opt/airflow/dags/03_branching_dag.py
[2026-08-31T08:30:41.950+0000] {processor.py:914} INFO - Processing file /opt/airflow/dags/03_branching_dag.py for tasks to queue
[2026-08-31T08:30:41.952+0000] {logging_mixin.py:190} INFO - [2026-08-31T08:30:41.952+0000] {dagbag.py:588} INFO - Filling up the DagBag from /opt/airflow/dags/03_branching_dag.py
[2026-08-31T08:30:41.966+0000] {processor.py:925} INFO - DAG(s) 'branching_dag' retrieved from /opt/airflow/dags/03_branching_dag.py
[2026-08-31T08:30:41.988+0000] {logging_mixin.py:190} INFO - [2026-08-31T08:30:41.988+0000] {dag.py:3239} INFO - Sync 1 DAGs
[2026-08-31T08:30:41.999+0000] {logging_mixin.py:190} INFO - [2026-08-31T08:30:41.999+0000] {dag.py:4180} INFO - Setting next_dagrun for branching_dag to None, run_after=None
[2026-08-31T08:30:42.020+0000] {processor.py:208} INFO - Processing /opt/airflow/dags/03_branching_dag.py took 0.076 seconds
[2026-08-31T08:31:12.160+0000] {processor.py:186} INFO - Started process (PID=1072) to work on /opt/airflow/dags/03_branching_dag.py
[2026-08-31T08:31:12.162+0000] {processor.py:914} INFO - Processing file /opt/airflow/dags/03_branching_dag.py for tasks to queue
[2026-08-31T08:31:12.165+0000] {logging_mixin.py:190} INFO - [2026-08-31T08:31:12.164+0000] {dagbag.py:588} INFO - Filling up the DagBag from /opt/airflow/dags/03_branching_dag.py
[2026-08-31T08:31:12.184+0000] {processor.py:925} INFO - DAG(s) 'branching_dag' retrieved from /opt/airflow/dags/03_branching_dag.py
[2026-08-31T08:31:12.210+0000] {logging_mixin.py:190} INFO - [2026-08-31T08:31:12.209+0000] {dag.py:3239} INFO - Sync 1 DAGs
[2026-08-31T08:31:12.235+0000] {logging_mixin.py:190} INFO - [2026-08-31T08:31:12.234+0000] {dag.py:4180} INFO - Setting next_dagrun for branching_dag to None, run_after=None
[2026-08-31T08:31:12.270+0000] {processor.py:208} INFO - Processing /opt/airflow/dags/03_branching_dag.py took 0.119 seconds
[2026-08-31T08:31:42.326+0000] {processor.py:186} INFO - Started process (PID=1086) to work on /opt/airflow/dags/03_branching_dag.py
[2026-08-31T08:31:42.327+0000] {processor.py:914} INFO - Processing file /opt/airflow/dags/03_branching_dag.py for tasks to queue
[2026-08-31T08:31:42.329+0000] {logging_mixin.py:190} INFO - [2026-08-31T08:31:42.329+0000] {dagbag.py:588} INFO - Filling up the DagBag from /opt/airflow/dags/03_branching_dag.py
[2026-08-31T08:31:42.357+0000] {processor.py:925} INFO - DAG(s) 'branching_dag' retrieved from /opt/airflow/dags/03_branching_dag.py
[2026-08-31T08:31:42.380+0000] {logging_mixin.py:190} INFO - [2026-08-31T08:31:42.380+0000] {dag.py:3239} INFO - Sync 1 DAGs
[2026-08-31T08:31:42.392+0000] {logging_mixin.py:190} INFO - [2026-08-31T08:31:42.392+0000] {dag.py:4180} INFO - Setting next_dagrun for branching_dag to None, run_after=None
[2026-08-31T08:31:42.414+0000] {processor.py:208} INFO - Processing /opt/airflow/dags/03_branching_dag.py took 0.092 seconds
[2026-08-31T08:32:13.267+0000] {processor.py:186} INFO - Started process (PID=1100) to work on /opt/airflow/dags/03_branching_dag.py
[2026-08-31T08:32:13.268+0000] {processor.py:914} INFO - Processing file /opt/airflow/dags/03_branching_dag.py for tasks to queue
[2026-08-31T08:32:13.271+0000] {logging_mixin.py:190} INFO - [2026-08-31T08:32:13.270+0000] {dagbag.py:588} INFO - Filling up the DagBag from /opt/airflow/dags/03_branching_dag.py
[2026-08-31T08:32:13.318+0000] {processor.py:925} INFO - DAG(s) 'branching_dag' retrieved from /opt/airflow/dags/03_branching_dag.py
[2026-08-31T08:32:13.344+0000] {logging_mixin.py:190} INFO - [2026-08-31T08:32:13.344+0000] {dag.py:3239} INFO - Sync 1 DAGs
[2026-08-31T08:32:13.356+0000] {logging_mixin.py:190} INFO - [2026-08-31T08:32:13.356+0000] {dag.py:4180} INFO - Setting next_dagrun for branching_dag to None, run_after=None
[2026-08-31T08:32:13.377+0000] {processor.py:208} INFO - Processing /opt/airflow/dags/03_branching_dag.py took 0.115 seconds
[2026-08-31T08:32:43.634+0000] {processor.py:186} INFO - Started process (PID=1114) to work on /opt/airflow/dags/03_branching_dag.py
[2026-08-31T08:32:43.635+0000] {processor.py:914} INFO - Processing file /opt/airflow/dags/03_branching_dag.py for tasks to queue
[2026-08-31T08:32:43.638+0000] {logging_mixin.py:190} INFO - [2026-08-31T08:32:43.637+0000] {dagbag.py:588} INFO - Filling up the DagBag from /opt/airflow/dags/03_branching_dag.py
[2026-08-31T08:32:43.654+0000] {processor.py:925} INFO - DAG(s) 'branching_dag' retrieved from /opt/airflow/dags/03_branching_dag.py
[2026-08-31T08:32:43.678+0000] {logging_mixin.py:190} INFO - [2026-08-31T08:32:43.678+0000] {dag.py:3239} INFO - Sync 1 DAGs
[2026-08-31T08:32:43.690+0000] {logging_mixin.py:190} INFO - [2026-08-31T08:32:43.690+0000] {dag.py:4180} INFO - Setting next_dagrun for branching_dag to None, run_after=None
[2026-08-31T08:32:43.710+0000] {processor.py:208} INFO - Processing /opt/airflow/dags/03_branching_dag.py took 0.080 seconds
[2026-08-31T08:33:13.867+0000] {processor.py:186} INFO - Started process (PID=1128) to work on /opt/airflow/dags/03_branching_dag.py
[2026-08-31T08:33:13.868+0000] {processor.py:914} INFO - Processing file /opt/airflow/dags/03_branching_dag.py for tasks to queue
[2026-08-31T08:33:13.870+0000] {logging_mixin.py:190} INFO - [2026-08-31T08:33:13.869+0000] {dagbag.py:588} INFO - Filling up the DagBag from /opt/airflow/dags/03_branching_dag.py
[2026-08-31T08:33:13.885+0000] {processor.py:925} INFO - DAG(s) 'branching_dag' retrieved from /opt/airflow/dags/03_branching_dag.py
[2026-08-31T08:33:13.908+0000] {logging_mixin.py:190} INFO - [2026-08-31T08:33:13.908+0000] {dag.py:3239} INFO - Sync 1 DAGs
[2026-08-31T08:33:13.920+0000] {logging_mixin.py:190} INFO - [2026-08-31T08:33:13.919+0000] {dag.py:4180} INFO - Setting next_dagrun for branching_dag to None, run_after=None
[2026-08-31T08:33:13.944+0000] {processor.py:208} INFO - Processing /opt/airflow/dags/03_branching_dag.py took 0.084 seconds
[2026-08-31T08:33:44.074+0000] {processor.py:186} INFO - Started process (PID=1142) to work on /opt/airflow/dags/03_branching_dag.py
[2026-08-31T08:33:44.076+0000] {processor.py:914} INFO - Processing file /opt/airflow/dags/03_branching_dag.py for tasks to queue
[2026-08-31T08:33:44.078+0000] {logging_mixin.py:190} INFO - [2026-08-31T08:33:44.078+0000] {dagbag.py:588} INFO - Filling up the DagBag from /opt/airflow/dags/03_branching_dag.py
[2026-08-31T08:33:44.092+0000] {processor.py:925} INFO - DAG(s) 'branching_dag' retrieved from /opt/airflow/dags/03_branching_dag.py
[2026-08-31T08:33:44.116+0000] {logging_mixin.py:190} INFO - [2026-08-31T08:33:44.115+0000] {dag.py:3239} INFO - Sync 1 DAGs
[2026-08-31T08:33:44.127+0000] {logging_mixin.py:190} INFO - [2026-08-31T08:33:44.126+0000] {dag.py:4180} INFO - Setting next_dagrun for branching_dag to None, run_after=None
[2026-08-31T08:33:44.142+0000] {processor.py:208} INFO - Processing /opt/airflow/dags/03_branching_dag.py took 0.073 seconds
[2026-08-31T08:34:14.518+0000] {processor.py:186} INFO - Started process (PID=1156) to work on /opt/airflow/dags/03_branching_dag.py
[2026-08-31T08:34:14.520+0000] {processor.py:914} INFO - Processing file /opt/airflow/dags/03_branching_dag.py for tasks to queue
[2026-08-31T08:34:14.522+0000] {logging_mixin.py:190} INFO - [2026-08-31T08:34:14.521+0000] {dagbag.py:588} INFO - Filling up the DagBag from /opt/airflow/dags/03_branching_dag.py
[2026-08-31T08:34:14.555+0000] {processor.py:925} INFO - DAG(s) 'branching_dag' retrieved from /opt/airflow/dags/03_branching_dag.py
[2026-08-31T08:34:14.584+0000] {logging_mixin.py:190} INFO - [2026-08-31T08:34:14.584+0000] {dag.py:3239} INFO - Sync 1 DAGs
[2026-08-31T08:34:14.595+0000] {logging_mixin.py:190} INFO - [2026-08-31T08:34:14.595+0000] {dag.py:4180} INFO - Setting next_dagrun for branching_dag to None, run_after=None
[2026-08-31T08:34:14.617+0000] {processor.py:208} INFO - Processing /opt/airflow/dags/03_branching_dag.py took 0.103 seconds
[2026-08-31T08:34:44.820+0000] {processor.py:186} INFO - Started process (PID=1170) to work on /opt/airflow/dags/03_branching_dag.py
[2026-08-31T08:34:44.821+0000] {processor.py:914} INFO - Processing file /opt/airflow/dags/03_branching_dag.py for tasks to queue
[2026-08-31T08:34:44.823+0000] {logging_mixin.py:190} INFO - [2026-08-31T08:34:44.823+0000] {dagbag.py:588} INFO - Filling up the DagBag from /opt/airflow/dags/03_branching_dag.py
[2026-08-31T08:34:44.842+0000] {processor.py:925} INFO - DAG(s) 'branching_dag' retrieved from /opt/airflow/dags/03_branching_dag.py
[2026-08-31T08:34:44.866+0000] {logging_mixin.py:190} INFO - [2026-08-31T08:34:44.866+0000] {dag.py:3239} INFO - Sync 1 DAGs
[2026-08-31T08:34:44.877+0000] {logging_mixin.py:190} INFO - [2026-08-31T08:34:44.877+0000] {dag.py:4180} INFO - Setting next_dagrun for branching_dag to None, run_after=None
[2026-08-31T08:34:44.897+0000] {processor.py:208} INFO - Processing /opt/airflow/dags/03_branching_dag.py took 0.082 seconds
[2026-08-31T08:35:15.210+0000] {processor.py:186} INFO - Started process (PID=1184) to work on /opt/airflow/dags/03_branching_dag.py
[2026-08-31T08:35:15.212+0000] {processor.py:914} INFO - Processing file /opt/airflow/dags/03_branching_dag.py for tasks to queue
[2026-08-31T08:35:15.214+0000] {logging_mixin.py:190} INFO - [2026-08-31T08:35:15.214+0000] {dagbag.py:588} INFO - Filling up the DagBag from /opt/airflow/dags/03_branching_dag.py
[2026-08-31T08:35:15.251+0000] {processor.py:925} INFO - DAG(s) 'branching_dag' retrieved from /opt/airflow/dags/03_branching_dag.py
[2026-08-31T08:35:15.274+0000] {logging_mixin.py:190} INFO - [2026-08-31T08:35:15.274+0000] {dag.py:3239} INFO - Sync 1 DAGs
[2026-08-31T08:35:15.286+0000] {logging_mixin.py:190} INFO - [2026-08-31T08:35:15.286+0000] {dag.py:4180} INFO - Setting next_dagrun for branching_dag to None, run_after=None
[2026-08-31T08:35:15.307+0000] {processor.py:208} INFO - Processing /opt/airflow/dags/03_branching_dag.py took 0.106 seconds
[2026-08-31T08:35:45.484+0000] {processor.py:186} INFO - Started process (PID=1198) to work on /opt/airflow/dags/03_branching_dag.py
[2026-08-31T08:35:45.485+0000] {processor.py:914} INFO - Processing file /opt/airflow/dags/03_branching_dag.py for tasks to queue
[2026-08-31T08:35:45.490+0000] {logging_mixin.py:190} INFO - [2026-08-31T08:35:45.489+0000] {dagbag.py:588} INFO - Filling up the DagBag from /opt/airflow/dags/03_branching_dag.py
[2026-08-31T08:35:45.526+0000] {processor.py:925} INFO - DAG(s) 'branching_dag' retrieved from /opt/airflow/dags/03_branching_dag.py
[2026-08-31T08:35:45.562+0000] {logging_mixin.py:190} INFO - [2026-08-31T08:35:45.562+0000] {dag.py:3239} INFO - Sync 1 DAGs
[2026-08-31T08:35:45.575+0000] {logging_mixin.py:190} INFO - [2026-08-31T08:35:45.575+0000] {dag.py:4180} INFO - Setting next_dagrun for branching_dag to None, run_after=None
[2026-08-31T08:35:45.596+0000] {processor.py:208} INFO - Processing /opt/airflow/dags/03_branching_dag.py took 0.119 seconds
[2026-08-31T08:36:16.150+0000] {processor.py:186} INFO - Started process (PID=1212) to work on /opt/airflow/dags/03_branching_dag.py
[2026-08-31T08:36:16.151+0000] {processor.py:914} INFO - Processing file /opt/airflow/dags/03_branching_dag.py for tasks to queue
[2026-08-31T08:36:16.156+0000] {logging_mixin.py:190} INFO - [2026-08-31T08:36:16.155+0000] {dagbag.py:588} INFO - Filling up the DagBag from /opt/airflow/dags/03_branching_dag.py
[2026-08-31T08:36:16.192+0000] {processor.py:925} INFO - DAG(s) 'branching_dag' retrieved from /opt/airflow/dags/03_branching_dag.py
[2026-08-31T08:36:16.219+0000] {logging_mixin.py:190} INFO - [2026-08-31T08:36:16.219+0000] {dag.py:3239} INFO - Sync 1 DAGs
[2026-08-31T08:36:16.232+0000] {logging_mixin.py:190} INFO - [2026-08-31T08:36:16.232+0000] {dag.py:4180} INFO - Setting next_dagrun for branching_dag to None, run_after=None
[2026-08-31T08:36:16.254+0000] {processor.py:208} INFO - Processing /opt/airflow/dags/03_branching_dag.py took 0.113 seconds
[2026-08-31T08:36:46.392+0000] {processor.py:186} INFO - Started process (PID=1226) to work on /opt/airflow/dags/03_branching_dag.py
[2026-08-31T08:36:46.393+0000] {processor.py:914} INFO - Processing file /opt/airflow/dags/03_branching_dag.py for tasks to queue
[2026-08-31T08:36:46.396+0000] {logging_mixin.py:190} INFO - [2026-08-31T08:36:46.395+0000] {dagbag.py:588} INFO - Filling up the DagBag from /opt/airflow/dags/03_branching_dag.py
[2026-08-31T08:36:46.420+0000] {processor.py:925} INFO - DAG(s) 'branching_dag' retrieved from /opt/airflow/dags/03_branching_dag.py
[2026-08-31T08:36:46.442+0000] {logging_mixin.py:190} INFO - [2026-08-31T08:36:46.442+0000] {dag.py:3239} INFO - Sync 1 DAGs
[2026-08-31T08:36:46.452+0000] {logging_mixin.py:190} INFO - [2026-08-31T08:36:46.452+0000] {dag.py:4180} INFO - Setting next_dagrun for branching_dag to None, run_after=None
[2026-08-31T08:36:46.475+0000] {processor.py:208} INFO - Processing /opt/airflow/dags/03_branching_dag.py took 0.091 seconds
[2026-08-31T08:37:16.595+0000] {processor.py:186} INFO - Started process (PID=1240) to work on /opt/airflow/dags/03_branching_dag.py
[2026-08-31T08:37:16.596+0000] {processor.py:914} INFO - Processing file /opt/airflow/dags/03_branching_dag.py for tasks to queue
[2026-08-31T08:37:16.598+0000] {logging_mixin.py:190} INFO - [2026-08-31T08:37:16.598+0000] {dagbag.py:588} INFO - Filling up the DagBag from /opt/airflow/dags/03_branching_dag.py
[2026-08-31T08:37:16.615+0000] {processor.py:925} INFO - DAG(s) 'branching_dag' retrieved from /opt/airflow/dags/03_branching_dag.py
[2026-08-31T08:37:16.635+0000] {logging_mixin.py:190} INFO - [2026-08-31T08:37:16.635+0000] {dag.py:3239} INFO - Sync 1 DAGs
[2026-08-31T08:37:16.646+0000] {logging_mixin.py:190} INFO - [2026-08-31T08:37:16.646+0000] {dag.py:4180} INFO - Setting next_dagrun for branching_dag to None, run_after=None
[2026-08-31T08:37:16.668+0000] {processor.py:208} INFO - Processing /opt/airflow/dags/03_branching_dag.py took 0.079 seconds
[2026-08-31T08:37:47.679+0000] {processor.py:186} INFO - Started process (PID=1254) to work on /opt/airflow/dags/03_branching_dag.py
[2026-08-31T08:37:47.680+0000] {processor.py:914} INFO - Processing file /opt/airflow/dags/03_branching_dag.py for tasks to queue
[2026-08-31T08:37:47.683+0000] {logging_mixin.py:190} INFO - [2026-08-31T08:37:47.682+0000] {dagbag.py:588} INFO - Filling up the DagBag from /opt/airflow/dags/03_branching_dag.py
[2026-08-31T08:37:47.715+0000] {processor.py:925} INFO - DAG(s) 'branching_dag' retrieved from /opt/airflow/dags/03_branching_dag.py
[2026-08-31T08:37:47.739+0000] {logging_mixin.py:190} INFO - [2026-08-31T08:37:47.738+0000] {dag.py:3239} INFO - Sync 1 DAGs
[2026-08-31T08:37:47.749+0000] {logging_mixin.py:190} INFO - [2026-08-31T08:37:47.748+0000] {dag.py:4180} INFO - Setting next_dagrun for branching_dag to None, run_after=None
[2026-08-31T08:37:47.768+0000] {processor.py:208} INFO - Processing /opt/airflow/dags/03_branching_dag.py took 0.097 seconds
[2026-08-31T08:38:17.880+0000] {processor.py:186} INFO - Started process (PID=1268) to work on /opt/airflow/dags/03_branching_dag.py
[2026-08-31T08:38:17.882+0000] {processor.py:914} INFO - Processing file /opt/airflow/dags/03_branching_dag.py for tasks to queue
[2026-08-31T08:38:17.885+0000] {logging_mixin.py:190} INFO - [2026-08-31T08:38:17.884+0000] {dagbag.py:588} INFO - Filling up the DagBag from /opt/airflow/dags/03_branching_dag.py
[2026-08-31T08:38:17.908+0000] {processor.py:925} INFO - DAG(s) 'branching_dag' retrieved from /opt/airflow/dags/03_branching_dag.py
[2026-08-31T08:38:17.930+0000] {logging_mixin.py:190} INFO - [2026-08-31T08:38:17.930+0000] {dag.py:3239} INFO - Sync 1 DAGs
[2026-08-31T08:38:17.940+0000] {logging_mixin.py:190} INFO - [2026-08-31T08:38:17.940+0000] {dag.py:4180} INFO - Setting next_dagrun for branching_dag to None, run_after=None
[2026-08-31T08:38:17.957+0000] {processor.py:208} INFO - Processing /opt/airflow/dags/03_branching_dag.py took 0.083 seconds
[2026-08-31T08:38:48.089+0000] {processor.py:186} INFO - Started process (PID=1282) to work on /opt/airflow/dags/03_branching_dag.py
[2026-08-31T08:38:48.090+0000] {processor.py:914} INFO - Processing file /opt/airflow/dags/03_branching_dag.py for tasks to queue
[2026-08-31T08:38:48.092+0000] {logging_mixin.py:190} INFO - [2026-08-31T08:38:48.092+0000] {dagbag.py:588} INFO - Filling up the DagBag from /opt/airflow/dags/03_branching_dag.py
[2026-08-31T08:38:48.114+0000] {processor.py:925} INFO - DAG(s) 'branching_dag' retrieved from /opt/airflow/dags/03_branching_dag.py
[2026-08-31T08:38:48.137+0000] {logging_mixin.py:190} INFO - [2026-08-31T08:38:48.137+0000] {dag.py:3239} INFO - Sync 1 DAGs
[2026-08-31T08:38:48.149+0000] {logging_mixin.py:190} INFO - [2026-08-31T08:38:48.149+0000] {dag.py:4180} INFO - Setting next_dagrun for branching_dag to None, run_after=None
[2026-08-31T08:38:48.168+0000] {processor.py:208} INFO - Processing /opt/airflow/dags/03_branching_dag.py took 0.086 seconds
[2026-08-31T08:39:18.362+0000] {processor.py:186} INFO - Started process (PID=1297) to work on /opt/airflow/dags/03_branching_dag.py
[2026-08-31T08:39:18.363+0000] {processor.py:914} INFO - Processing file /opt/airflow/dags/03_branching_dag.py for tasks to queue
[2026-08-31T08:39:18.366+0000] {logging_mixin.py:190} INFO - [2026-08-31T08:39:18.366+0000] {dagbag.py:588} INFO - Filling up the DagBag from /opt/airflow/dags/03_branching_dag.py
[2026-08-31T08:39:18.388+0000] {processor.py:925} INFO - DAG(s) 'branching_dag' retrieved from /opt/airflow/dags/03_branching_dag.py
[2026-08-31T08:39:18.411+0000] {logging_mixin.py:190} INFO - [2026-08-31T08:39:18.411+0000] {dag.py:3239} INFO - Sync 1 DAGs
[2026-08-31T08:39:18.423+0000] {logging_mixin.py:190} INFO - [2026-08-31T08:39:18.423+0000] {dag.py:4180} INFO - Setting next_dagrun for branching_dag to None, run_after=None
[2026-08-31T08:39:18.443+0000] {processor.py:208} INFO - Processing /opt/airflow/dags/03_branching_dag.py took 0.086 seconds
[2026-08-31T08:39:49.148+0000] {processor.py:186} INFO - Started process (PID=1311) to work on /opt/airflow/dags/03_branching_dag.py
[2026-08-31T08:39:49.149+0000] {processor.py:914} INFO - Processing file /opt/airflow/dags/03_branching_dag.py for tasks to queue
[2026-08-31T08:39:49.151+0000] {logging_mixin.py:190} INFO - [2026-08-31T08:39:49.151+0000] {dagbag.py:588} INFO - Filling up the DagBag from /opt/airflow/dags/03_branching_dag.py
[2026-08-31T08:39:49.166+0000] {processor.py:925} INFO - DAG(s) 'branching_dag' retrieved from /opt/airflow/dags/03_branching_dag.py
[2026-08-31T08:39:49.189+0000] {logging_mixin.py:190} INFO - [2026-08-31T08:39:49.189+0000] {dag.py:3239} INFO - Sync 1 DAGs
[2026-08-31T08:39:49.200+0000] {logging_mixin.py:190} INFO - [2026-08-31T08:39:49.200+0000] {dag.py:4180} INFO - Setting next_dagrun for branching_dag to None, run_after=None
[2026-08-31T08:39:49.216+0000] {processor.py:208} INFO - Processing /opt/airflow/dags/03_branching_dag.py took 0.073 seconds
[2026-08-31T08:40:19.429+0000] {processor.py:186} INFO - Started process (PID=1325) to work on /opt/airflow/dags/03_branching_dag.py
[2026-08-31T08:40:19.429+0000] {processor.py:914} INFO - Processing file /opt/airflow/dags/03_branching_dag.py for tasks to queue
[2026-08-31T08:40:19.432+0000] {logging_mixin.py:190} INFO - [2026-08-31T08:40:19.431+0000] {dagbag.py:588} INFO - Filling up the DagBag from /opt/airflow/dags/03_branching_dag.py
[2026-08-31T08:40:19.446+0000] {processor.py:925} INFO - DAG(s) 'branching_dag' retrieved from /opt/airflow/dags/03_branching_dag.py
[2026-08-31T08:40:19.470+0000] {logging_mixin.py:190} INFO - [2026-08-31T08:40:19.470+0000] {dag.py:3239} INFO - Sync 1 DAGs
[2026-08-31T08:40:19.483+0000] {logging_mixin.py:190} INFO - [2026-08-31T08:40:19.482+0000] {dag.py:4180} INFO - Setting next_dagrun for branching_dag to None, run_after=None
[2026-08-31T08:40:19.502+0000] {processor.py:208} INFO - Processing /opt/airflow/dags/03_branching_dag.py took 0.078 seconds
[2026-08-31T08:40:50.569+0000] {processor.py:186} INFO - Started process (PID=1339) to work on /opt/airflow/dags/03_branching_dag.py
[2026-08-31T08:40:50.570+0000] {processor.py:914} INFO - Processing file /opt/airflow/dags/03_branching_dag.py for tasks to queue
[2026-08-31T08:40:50.572+0000] {logging_mixin.py:190} INFO - [2026-08-31T08:40:50.572+0000] {dagbag.py:588} INFO - Filling up the DagBag from /opt/airflow/dags/03_branching_dag.py
[2026-08-31T08:40:50.593+0000] {processor.py:925} INFO - DAG(s) 'branching_dag' retrieved from /opt/airflow/dags/03_branching_dag.py
[2026-08-31T08:40:50.618+0000] {logging_mixin.py:190} INFO - [2026-08-31T08:40:50.617+0000] {dag.py:3239} INFO - Sync 1 DAGs
[2026-08-31T08:40:50.630+0000] {logging_mixin.py:190} INFO - [2026-08-31T08:40:50.629+0000] {dag.py:4180} INFO - Setting next_dagrun for branching_dag to None, run_after=None
[2026-08-31T08:40:50.648+0000] {processor.py:208} INFO - Processing /opt/airflow/dags/03_branching_dag.py took 0.084 seconds
[2026-08-31T08:41:21.033+0000] {processor.py:186} INFO - Started process (PID=1353) to work on /opt/airflow/dags/03_branching_dag.py
[2026-08-31T08:41:21.034+0000] {processor.py:914} INFO - Processing file /opt/airflow/dags/03_branching_dag.py for tasks to queue
[2026-08-31T08:41:21.036+0000] {logging_mixin.py:190} INFO - [2026-08-31T08:41:21.036+0000] {dagbag.py:588} INFO - Filling up the DagBag from /opt/airflow/dags/03_branching_dag.py
[2026-08-31T08:41:21.078+0000] {processor.py:925} INFO - DAG(s) 'branching_dag' retrieved from /opt/airflow/dags/03_branching_dag.py
[2026-08-31T08:41:21.101+0000] {logging_mixin.py:190} INFO - [2026-08-31T08:41:21.101+0000] {dag.py:3239} INFO - Sync 1 DAGs
[2026-08-31T08:41:21.113+0000] {logging_mixin.py:190} INFO - [2026-08-31T08:41:21.112+0000] {dag.py:4180} INFO - Setting next_dagrun for branching_dag to None, run_after=None
[2026-08-31T08:41:21.128+0000] {processor.py:208} INFO - Processing /opt/airflow/dags/03_branching_dag.py took 0.102 seconds
[2026-08-31T08:41:51.904+0000] {processor.py:186} INFO - Started process (PID=1367) to work on /opt/airflow/dags/03_branching_dag.py
[2026-08-31T08:41:51.906+0000] {processor.py:914} INFO - Processing file /opt/airflow/dags/03_branching_dag.py for tasks to queue
[2026-08-31T08:41:51.908+0000] {logging_mixin.py:190} INFO - [2026-08-31T08:41:51.908+0000] {dagbag.py:588} INFO - Filling up the DagBag from /opt/airflow/dags/03_branching_dag.py
[2026-08-31T08:41:51.927+0000] {processor.py:925} INFO - DAG(s) 'branching_dag' retrieved from /opt/airflow/dags/03_branching_dag.py
[2026-08-31T08:41:51.951+0000] {logging_mixin.py:190} INFO - [2026-08-31T08:41:51.951+0000] {dag.py:3239} INFO - Sync 1 DAGs
[2026-08-31T08:41:51.965+0000] {logging_mixin.py:190} INFO - [2026-08-31T08:41:51.964+0000] {dag.py:4180} INFO - Setting next_dagrun for branching_dag to None, run_after=None
[2026-08-31T08:41:51.993+0000] {processor.py:208} INFO - Processing /opt/airflow/dags/03_branching_dag.py took 0.094 seconds
[2026-08-31T08:42:22.264+0000] {processor.py:186} INFO - Started process (PID=1381) to work on /opt/airflow/dags/03_branching_dag.py
[2026-08-31T08:42:22.268+0000] {processor.py:914} INFO - Processing file /opt/airflow/dags/03_branching_dag.py for tasks to queue
[2026-08-31T08:42:22.276+0000] {logging_mixin.py:190} INFO - [2026-08-31T08:42:22.275+0000] {dagbag.py:588} INFO - Filling up the DagBag from /opt/airflow/dags/03_branching_dag.py
[2026-08-31T08:42:22.313+0000] {processor.py:925} INFO - DAG(s) 'branching_dag' retrieved from /opt/airflow/dags/03_branching_dag.py
[2026-08-31T08:42:22.364+0000] {logging_mixin.py:190} INFO - [2026-08-31T08:42:22.363+0000] {dag.py:3239} INFO - Sync 1 DAGs
[2026-08-31T08:42:22.375+0000] {logging_mixin.py:190} INFO - [2026-08-31T08:42:22.374+0000] {dag.py:4180} INFO - Setting next_dagrun for branching_dag to None, run_after=None
[2026-08-31T08:42:22.405+0000] {processor.py:208} INFO - Processing /opt/airflow/dags/03_branching_dag.py took 0.161 seconds
[2026-08-31T08:42:53.328+0000] {processor.py:186} INFO - Started process (PID=1395) to work on /opt/airflow/dags/03_branching_dag.py
[2026-08-31T08:42:53.329+0000] {processor.py:914} INFO - Processing file /opt/airflow/dags/03_branching_dag.py for tasks to queue
[2026-08-31T08:42:53.333+0000] {logging_mixin.py:190} INFO - [2026-08-31T08:42:53.332+0000] {dagbag.py:588} INFO - Filling up the DagBag from /opt/airflow/dags/03_branching_dag.py
[2026-08-31T08:42:53.365+0000] {processor.py:925} INFO - DAG(s) 'branching_dag' retrieved from /opt/airflow/dags/03_branching_dag.py
[2026-08-31T08:42:53.408+0000] {logging_mixin.py:190} INFO - [2026-08-31T08:42:53.407+0000] {dag.py:3239} INFO - Sync 1 DAGs
[2026-08-31T08:42:53.431+0000] {logging_mixin.py:190} INFO - [2026-08-31T08:42:53.431+0000] {dag.py:4180} INFO - Setting next_dagrun for branching_dag to None, run_after=None
[2026-08-31T08:42:53.459+0000] {processor.py:208} INFO - Processing /opt/airflow/dags/03_branching_dag.py took 0.139 seconds
[2026-08-31T08:43:24.104+0000] {processor.py:186} INFO - Started process (PID=1409) to work on /opt/airflow/dags/03_branching_dag.py
[2026-08-31T08:43:24.105+0000] {processor.py:914} INFO - Processing file /opt/airflow/dags/03_branching_dag.py for tasks to queue
[2026-08-31T08:43:24.108+0000] {logging_mixin.py:190} INFO - [2026-08-31T08:43:24.107+0000] {dagbag.py:588} INFO - Filling up the DagBag from /opt/airflow/dags/03_branching_dag.py
[2026-08-31T08:43:24.124+0000] {processor.py:925} INFO - DAG(s) 'branching_dag' retrieved from /opt/airflow/dags/03_branching_dag.py
[2026-08-31T08:43:24.148+0000] {logging_mixin.py:190} INFO - [2026-08-31T08:43:24.148+0000] {dag.py:3239} INFO - Sync 1 DAGs
[2026-08-31T08:43:24.159+0000] {logging_mixin.py:190} INFO - [2026-08-31T08:43:24.159+0000] {dag.py:4180} INFO - Setting next_dagrun for branching_dag to None, run_after=None
[2026-08-31T08:43:24.178+0000] {processor.py:208} INFO - Processing /opt/airflow/dags/03_branching_dag.py took 0.079 seconds
[2026-08-31T08:43:54.277+0000] {processor.py:186} INFO - Started process (PID=1423) to work on /opt/airflow/dags/03_branching_dag.py
[2026-08-31T08:43:54.278+0000] {processor.py:914} INFO - Processing file /opt/airflow/dags/03_branching_dag.py for tasks to queue
[2026-08-31T08:43:54.280+0000] {logging_mixin.py:190} INFO - [2026-08-31T08:43:54.280+0000] {dagbag.py:588} INFO - Filling up the DagBag from /opt/airflow/dags/03_branching_dag.py
[2026-08-31T08:43:54.295+0000] {processor.py:925} INFO - DAG(s) 'branching_dag' retrieved from /opt/airflow/dags/03_branching_dag.py
[2026-08-31T08:43:54.316+0000] {logging_mixin.py:190} INFO - [2026-08-31T08:43:54.316+0000] {dag.py:3239} INFO - Sync 1 DAGs
[2026-08-31T08:43:54.326+0000] {logging_mixin.py:190} INFO - [2026-08-31T08:43:54.326+0000] {dag.py:4180} INFO - Setting next_dagrun for branching_dag to None, run_after=None
[2026-08-31T08:43:54.347+0000] {processor.py:208} INFO - Processing /opt/airflow/dags/03_branching_dag.py took 0.077 seconds
[2026-08-31T08:44:24.538+0000] {processor.py:186} INFO - Started process (PID=1437) to work on /opt/airflow/dags/03_branching_dag.py
[2026-08-31T08:44:24.540+0000] {processor.py:914} INFO - Processing file /opt/airflow/dags/03_branching_dag.py for tasks to queue
[2026-08-31T08:44:24.546+0000] {logging_mixin.py:190} INFO - [2026-08-31T08:44:24.545+0000] {dagbag.py:588} INFO - Filling up the DagBag from /opt/airflow/dags/03_branching_dag.py
[2026-08-31T08:44:24.562+0000] {processor.py:925} INFO - DAG(s) 'branching_dag' retrieved from /opt/airflow/dags/03_branching_dag.py
[2026-08-31T08:44:24.583+0000] {logging_mixin.py:190} INFO - [2026-08-31T08:44:24.583+0000] {dag.py:3239} INFO - Sync 1 DAGs
[2026-08-31T08:44:24.594+0000] {logging_mixin.py:190} INFO - [2026-08-31T08:44:24.593+0000] {dag.py:4180} INFO - Setting next_dagrun for branching_dag to None, run_after=None
[2026-08-31T08:44:24.613+0000] {processor.py:208} INFO - Processing /opt/airflow/dags/03_branching_dag.py took 0.083 seconds
[2026-08-31T08:44:54.874+0000] {processor.py:186} INFO - Started process (PID=1451) to work on /opt/airflow/dags/03_branching_dag.py
[2026-08-31T08:44:54.875+0000] {processor.py:914} INFO - Processing file /opt/airflow/dags/03_branching_dag.py for tasks to queue
[2026-08-31T08:44:54.878+0000] {logging_mixin.py:190} INFO - [2026-08-31T08:44:54.877+0000] {dagbag.py:588} INFO - Filling up the DagBag from /opt/airflow/dags/03_branching_dag.py
[2026-08-31T08:44:54.891+0000] {processor.py:925} INFO - DAG(s) 'branching_dag' retrieved from /opt/airflow/dags/03_branching_dag.py
[2026-08-31T08:44:54.913+0000] {logging_mixin.py:190} INFO - [2026-08-31T08:44:54.913+0000] {dag.py:3239} INFO - Sync 1 DAGs
[2026-08-31T08:44:54.924+0000] {logging_mixin.py:190} INFO - [2026-08-31T08:44:54.924+0000] {dag.py:4180} INFO - Setting next_dagrun for branching_dag to None, run_after=None
[2026-08-31T08:44:54.946+0000] {processor.py:208} INFO - Processing /opt/airflow/dags/03_branching_dag.py took 0.076 seconds
[2026-08-31T08:45:25.183+0000] {processor.py:186} INFO - Started process (PID=1465) to work on /opt/airflow/dags/03_branching_dag.py
[2026-08-31T08:45:25.183+0000] {processor.py:914} INFO - Processing file /opt/airflow/dags/03_branching_dag.py for tasks to queue
[2026-08-31T08:45:25.185+0000] {logging_mixin.py:190} INFO - [2026-08-31T08:45:25.185+0000] {dagbag.py:588} INFO - Filling up the DagBag from /opt/airflow/dags/03_branching_dag.py
[2026-08-31T08:45:25.206+0000] {processor.py:925} INFO - DAG(s) 'branching_dag' retrieved from /opt/airflow/dags/03_branching_dag.py
[2026-08-31T08:45:25.231+0000] {logging_mixin.py:190} INFO - [2026-08-31T08:45:25.230+0000] {dag.py:3239} INFO - Sync 1 DAGs
[2026-08-31T08:45:25.243+0000] {logging_mixin.py:190} INFO - [2026-08-31T08:45:25.243+0000] {dag.py:4180} INFO - Setting next_dagrun for branching_dag to None, run_after=None
[2026-08-31T08:45:25.266+0000] {processor.py:208} INFO - Processing /opt/airflow/dags/03_branching_dag.py took 0.088 seconds
