[2026-08-24T07:32:57.167+0000] {local_task_job_runner.py:123} INFO - ::group::Pre task execution logs
[2026-08-24T07:32:57.202+0000] {taskinstance.py:2613} INFO - Dependencies all met for dep_context=non-requeueable deps ti=<TaskInstance: branching_dag.high_branch_task manual__2026-08-24T07:32:55.092476+00:00 [queued]>
[2026-08-24T07:32:57.218+0000] {taskinstance.py:2613} INFO - Dependencies all met for dep_context=requeueable deps ti=<TaskInstance: branching_dag.high_branch_task manual__2026-08-24T07:32:55.092476+00:00 [queued]>
[2026-08-24T07:32:57.219+0000] {taskinstance.py:2866} INFO - Starting attempt 1 of 2
[2026-08-24T07:32:57.232+0000] {taskinstance.py:2889} INFO - Executing <Task(PythonOperator): high_branch_task> on 2026-08-24 07:32:55.092476+00:00
[2026-08-24T07:32:57.238+0000] {warnings.py:112} WARNING - /home/***/.local/lib/python3.12/site-packages/***/task/task_runner/standard_task_runner.py:70: DeprecationWarning: This process (pid=535) is multi-threaded, use of fork() may lead to deadlocks in the child.
  pid = os.fork()

[2026-08-24T07:32:57.242+0000] {standard_task_runner.py:72} INFO - Started process 536 to run task
[2026-08-24T07:32:57.242+0000] {standard_task_runner.py:104} INFO - Running: ['***', 'tasks', 'run', 'branching_dag', 'high_branch_task', 'manual__2026-08-24T07:32:55.092476+00:00', '--job-id', '11', '--raw', '--subdir', 'DAGS_FOLDER/03_branching_dag.py', '--cfg-path', '/tmp/tmpbh7jtxsx']
[2026-08-24T07:32:57.244+0000] {standard_task_runner.py:105} INFO - Job 11: Subtask high_branch_task
[2026-08-24T07:32:57.360+0000] {task_command.py:467} INFO - Running <TaskInstance: branching_dag.high_branch_task manual__2026-08-24T07:32:55.092476+00:00 [running]> on host 68db78767e9c
[2026-08-24T07:32:57.453+0000] {taskinstance.py:3132} INFO - Exporting env vars: AIRFLOW_CTX_DAG_OWNER='workshop' AIRFLOW_CTX_DAG_ID='branching_dag' AIRFLOW_CTX_TASK_ID='high_branch_task' AIRFLOW_CTX_EXECUTION_DATE='2026-08-24T07:32:55.092476+00:00' AIRFLOW_CTX_TRY_NUMBER='1' AIRFLOW_CTX_DAG_RUN_ID='manual__2026-08-24T07:32:55.092476+00:00'
[2026-08-24T07:32:57.454+0000] {taskinstance.py:731} INFO - ::endgroup::
[2026-08-24T07:32:57.473+0000] {logging_mixin.py:190} INFO - เข้าสู่เส้นทาง HIGH: ตัวเลขที่สุ่มได้คือ 97 (>= 50)
[2026-08-24T07:32:57.478+0000] {logging_mixin.py:190} INFO - จำลองการประมวลผลสำหรับกรณีค่าสูง...
[2026-08-24T07:32:57.479+0000] {python.py:240} INFO - Done. Returned value was: high
[2026-08-24T07:32:57.503+0000] {taskinstance.py:340} INFO - ::group::Post task execution logs
[2026-08-24T07:32:57.504+0000] {taskinstance.py:352} INFO - Marking task as SUCCESS. dag_id=branching_dag, task_id=high_branch_task, run_id=manual__2026-08-24T07:32:55.092476+00:00, execution_date=20260824T073255, start_date=20260824T073257, end_date=20260824T073257
[2026-08-24T07:32:57.539+0000] {local_task_job_runner.py:266} INFO - Task exited with return code 0
[2026-08-24T07:32:57.558+0000] {taskinstance.py:3895} INFO - 1 downstream tasks scheduled from follow-on schedule check
[2026-08-24T07:32:57.562+0000] {local_task_job_runner.py:245} INFO - ::endgroup::
