[2026-08-24T07:29:18.891+0000] {local_task_job_runner.py:123} INFO - ::group::Pre task execution logs
[2026-08-24T07:29:18.905+0000] {taskinstance.py:2613} INFO - Dependencies all met for dep_context=non-requeueable deps ti=<TaskInstance: xcom_dag.transform_task manual__2026-08-24T07:29:16.938429+00:00 [queued]>
[2026-08-24T07:29:18.913+0000] {taskinstance.py:2613} INFO - Dependencies all met for dep_context=requeueable deps ti=<TaskInstance: xcom_dag.transform_task manual__2026-08-24T07:29:16.938429+00:00 [queued]>
[2026-08-24T07:29:18.918+0000] {taskinstance.py:2866} INFO - Starting attempt 1 of 2
[2026-08-24T07:29:18.931+0000] {taskinstance.py:2889} INFO - Executing <Task(PythonOperator): transform_task> on 2026-08-24 07:29:16.938429+00:00
[2026-08-24T07:29:18.935+0000] {warnings.py:112} WARNING - /home/***/.local/lib/python3.12/site-packages/***/task/task_runner/standard_task_runner.py:70: DeprecationWarning: This process (pid=477) is multi-threaded, use of fork() may lead to deadlocks in the child.
  pid = os.fork()

[2026-08-24T07:29:18.937+0000] {standard_task_runner.py:72} INFO - Started process 478 to run task
[2026-08-24T07:29:18.936+0000] {standard_task_runner.py:104} INFO - Running: ['***', 'tasks', 'run', 'xcom_dag', 'transform_task', 'manual__2026-08-24T07:29:16.938429+00:00', '--job-id', '8', '--raw', '--subdir', 'DAGS_FOLDER/02_xcom_dag.py', '--cfg-path', '/tmp/tmp_9_degxk']
[2026-08-24T07:29:18.938+0000] {standard_task_runner.py:105} INFO - Job 8: Subtask transform_task
[2026-08-24T07:29:18.996+0000] {task_command.py:467} INFO - Running <TaskInstance: xcom_dag.transform_task manual__2026-08-24T07:29:16.938429+00:00 [running]> on host 68db78767e9c
[2026-08-24T07:29:19.075+0000] {taskinstance.py:3132} INFO - Exporting env vars: AIRFLOW_CTX_DAG_OWNER='workshop' AIRFLOW_CTX_DAG_ID='xcom_dag' AIRFLOW_CTX_TASK_ID='transform_task' AIRFLOW_CTX_EXECUTION_DATE='2026-08-24T07:29:16.938429+00:00' AIRFLOW_CTX_TRY_NUMBER='1' AIRFLOW_CTX_DAG_RUN_ID='manual__2026-08-24T07:29:16.938429+00:00'
[2026-08-24T07:29:19.076+0000] {taskinstance.py:731} INFO - ::endgroup::
[2026-08-24T07:29:19.096+0000] {logging_mixin.py:190} INFO - ดึงค่าจาก extract_task มาได้: [15, 42, 8]
[2026-08-24T07:29:19.097+0000] {logging_mixin.py:190} INFO - แปลงข้อมูล (คูณ 2 ทีละตัว): [30, 84, 16]
[2026-08-24T07:29:19.097+0000] {logging_mixin.py:190} INFO - รวมผลลัพธ์ทั้งหมด: 130
[2026-08-24T07:29:19.118+0000] {logging_mixin.py:190} INFO - push ค่า doubled_numbers และ total เข้า XCom เรียบร้อย
[2026-08-24T07:29:19.119+0000] {python.py:240} INFO - Done. Returned value was: None
[2026-08-24T07:29:19.127+0000] {taskinstance.py:340} INFO - ::group::Post task execution logs
[2026-08-24T07:29:19.128+0000] {taskinstance.py:352} INFO - Marking task as SUCCESS. dag_id=xcom_dag, task_id=transform_task, run_id=manual__2026-08-24T07:29:16.938429+00:00, execution_date=20260824T072916, start_date=20260824T072918, end_date=20260824T072919
[2026-08-24T07:29:19.152+0000] {local_task_job_runner.py:266} INFO - Task exited with return code 0
[2026-08-24T07:29:19.175+0000] {taskinstance.py:3895} INFO - 1 downstream tasks scheduled from follow-on schedule check
[2026-08-24T07:29:19.179+0000] {local_task_job_runner.py:245} INFO - ::endgroup::
