[2026-08-24T07:26:16.080+0000] {local_task_job_runner.py:123} INFO - ::group::Pre task execution logs
[2026-08-24T07:26:16.096+0000] {taskinstance.py:2613} INFO - Dependencies all met for dep_context=non-requeueable deps ti=<TaskInstance: hello_dag.print_date manual__2026-08-24T07:26:15.247958+00:00 [queued]>
[2026-08-24T07:26:16.104+0000] {taskinstance.py:2613} INFO - Dependencies all met for dep_context=requeueable deps ti=<TaskInstance: hello_dag.print_date manual__2026-08-24T07:26:15.247958+00:00 [queued]>
[2026-08-24T07:26:16.107+0000] {taskinstance.py:2866} INFO - Starting attempt 1 of 2
[2026-08-24T07:26:16.119+0000] {taskinstance.py:2889} INFO - Executing <Task(BashOperator): print_date> on 2026-08-24 07:26:15.247958+00:00
[2026-08-24T07:26:16.124+0000] {warnings.py:112} WARNING - /home/***/.local/lib/python3.12/site-packages/***/task/task_runner/standard_task_runner.py:70: DeprecationWarning: This process (pid=425) is multi-threaded, use of fork() may lead to deadlocks in the child.
  pid = os.fork()

[2026-08-24T07:26:16.126+0000] {standard_task_runner.py:72} INFO - Started process 426 to run task
[2026-08-24T07:26:16.125+0000] {standard_task_runner.py:104} INFO - Running: ['***', 'tasks', 'run', 'hello_dag', 'print_date', 'manual__2026-08-24T07:26:15.247958+00:00', '--job-id', '5', '--raw', '--subdir', 'DAGS_FOLDER/01_hello_dag.py', '--cfg-path', '/tmp/tmpay7uv4pb']
[2026-08-24T07:26:16.126+0000] {standard_task_runner.py:105} INFO - Job 5: Subtask print_date
[2026-08-24T07:26:16.213+0000] {task_command.py:467} INFO - Running <TaskInstance: hello_dag.print_date manual__2026-08-24T07:26:15.247958+00:00 [running]> on host 68db78767e9c
[2026-08-24T07:26:16.312+0000] {taskinstance.py:3132} INFO - Exporting env vars: AIRFLOW_CTX_DAG_OWNER='workshop' AIRFLOW_CTX_DAG_ID='hello_dag' AIRFLOW_CTX_TASK_ID='print_date' AIRFLOW_CTX_EXECUTION_DATE='2026-08-24T07:26:15.247958+00:00' AIRFLOW_CTX_TRY_NUMBER='1' AIRFLOW_CTX_DAG_RUN_ID='manual__2026-08-24T07:26:15.247958+00:00'
[2026-08-24T07:26:16.313+0000] {taskinstance.py:731} INFO - ::endgroup::
[2026-08-24T07:26:16.325+0000] {subprocess.py:78} INFO - Tmp dir root location: /tmp
[2026-08-24T07:26:16.327+0000] {subprocess.py:88} INFO - Running command: ['/usr/bin/bash', '-c', 'date']
[2026-08-24T07:26:16.337+0000] {subprocess.py:99} INFO - Output:
[2026-08-24T07:26:16.340+0000] {subprocess.py:106} INFO - Mon Aug 24 07:26:16 UTC 2026
[2026-08-24T07:26:16.341+0000] {subprocess.py:110} INFO - Command exited with return code 0
[2026-08-24T07:26:16.364+0000] {taskinstance.py:340} INFO - ::group::Post task execution logs
[2026-08-24T07:26:16.365+0000] {taskinstance.py:352} INFO - Marking task as SUCCESS. dag_id=hello_dag, task_id=print_date, run_id=manual__2026-08-24T07:26:15.247958+00:00, execution_date=20260824T072615, start_date=20260824T072616, end_date=20260824T072616
[2026-08-24T07:26:16.382+0000] {local_task_job_runner.py:266} INFO - Task exited with return code 0
[2026-08-24T07:26:16.400+0000] {taskinstance.py:3895} INFO - 1 downstream tasks scheduled from follow-on schedule check
[2026-08-24T07:26:16.403+0000] {local_task_job_runner.py:245} INFO - ::endgroup::
